 ConEmuTh.x64

 Timestamp is 564923d5 (Mon Nov 16 03:31:17 2015)

 Preferred load address is 0000000180000000

 Start         Length     Name                   Class
 0001:00000000 000179f2H .text                   CODE
 0001:00017a00 0000005eH .text$00                CODE
 0001:00017a5e 000003dfH .text$x                 CODE
 0002:00000000 00000620H .idata$5                DATA
 0002:00000620 00000008H .CRT$XCA                DATA
 0002:00000628 00000008H .CRT$XCZ                DATA
 0002:00000630 00000008H .CRT$XIA                DATA
 0002:00000638 00000008H .CRT$XIC                DATA
 0002:00000640 00000008H .CRT$XIZ                DATA
 0002:00000648 00000008H .CRT$XPA                DATA
 0002:00000650 00000008H .CRT$XPZ                DATA
 0002:00000658 00000008H .CRT$XTA                DATA
 0002:00000660 00000008H .CRT$XTZ                DATA
 0002:00000670 0000281dH .rdata                  DATA
 0002:00002e90 00000e04H .xdata                  DATA
 0002:00003c94 0000008cH .idata$2                DATA
 0002:00003d20 00000014H .idata$3                DATA
 0002:00003d38 00000620H .idata$4                DATA
 0002:00004358 00000d6aH .idata$6                DATA
 0002:000050d0 0000016cH .edata                  DATA
 0003:00000000 0000130cH .data                   DATA
 0003:00001320 0002afd0H .bss                    DATA
 0004:00000000 00001164H .pdata                  DATA
 0005:00000000 000000e8H .rsrc$01                DATA
 0005:000000f0 000013a8H .rsrc$02                DATA

  Address         Publics by Value              Rva+Base               Lib:Object

 0000:00000000       ___safe_se_handler_count   0000000000000000     <absolute>
 0000:00000000       ___safe_se_handler_table   0000000000000000     <absolute>
 0000:00000000       __ImageBase                0000000180000000     <linker-defined>
 0001:00000000       ??BCmdArg@@QEBAPEB_WXZ     0000000180001000 f   CmdArg.obj
 0001:00000004       ?GetBuffer@CmdArg@@QEAAPEA_W_J@Z 0000000180001004 f   CmdArg.obj
 0001:000000b4       ?Empty@CmdArg@@QEAAXXZ     00000001800010b4 f   CmdArg.obj
 0001:000000d4       ?StringCchCopyNW@@YAJPEA_W_KPEB_W1@Z 00000001800010d4 f i CmdArg.obj
 0001:0000014c       ??0CmdArg@@QEAA@XZ         000000018000114c f   CmdArg.obj
 0001:0000016c       ??1CmdArg@@QEAA@XZ         000000018000116c f   CmdArg.obj
 0001:000001b8       ?AttachInt@CmdArg@@AEAAPEB_WAEAPEA_W@Z 00000001800011b8 f   CmdArg.obj
 0001:00000230       ?Set@CmdArg@@QEAAPEB_WPEB_W_J@Z 0000000180001230 f   CmdArg.obj
 0001:000002dc       ?SavePathVar@CmdArg@@QEAAXPEB_W@Z 00000001800012dc f   CmdArg.obj
 0001:00000314       ?Attach@CmdArg@@QEAAPEB_WPEA_W@Z 0000000180001314 f   CmdArg.obj
 0001:0000032c       ?PointToName@@YAPEB_WPEB_W@Z 000000018000132c f   CmdLine.obj
 0001:00000388       ?PointToExt@@YAPEB_WPEB_W@Z 0000000180001388 f   CmdLine.obj
 0001:000003a8       ?Unquote@@YAPEB_WPEA_W_N@Z 00000001800013a8 f   CmdLine.obj
 0001:00000414       ?CommonShutdown@@YAXXZ     0000000180001414 f   Common.obj
 0001:0000043c       ?ExecutePrepareCmd@@YAXPEAUCESERVER_REQ_HDR@@K_K@Z 000000018000143c f   ConEmuCheck.obj
 0001:000004ac       ?ExecuteFreeResult@@YAXAEAPEAUCESERVER_REQ@@@Z 00000001800014ac f   ConEmuCheck.obj
 0001:000004cc       ?StringCchCopyW@@YAJPEA_W_KPEB_W@Z 00000001800014cc f i ConEmuCheck.obj
 0001:00000538       ?ExecutePrepareCmd@@YAXPEAUCESERVER_REQ@@K_K@Z 0000000180001538 f   ConEmuCheck.obj
 0001:00000574       ?ExecuteNewCmd@@YAPEAUCESERVER_REQ@@K_K@Z 0000000180001574 f   ConEmuCheck.obj
 0001:000005d8       ??$wcscpy_c@$0CA@@@YAHAEAY0CA@_WPEB_W@Z 00000001800015d8 f i ConEmuCheck.obj
 0001:00000624       ??$wcscpy_c@$0CAI@@@YAHAEAY0CAI@_WPEB_W@Z 0000000180001624 f i ConEmuCheck.obj
 0001:00000670       ?ModuleName@@YAPEB_WPEB_W@Z 0000000180001670 f   ConEmuCheck.obj
 0001:0000070c       ?ExecuteOpenPipe@@YAPEAXPEB_WAEAY0CAI@_W0KKHPEAXH@Z 000000018000170c f   ConEmuCheck.obj
 0001:000008c0       ?ExecuteCmd@@YAPEAUCESERVER_REQ@@PEB_WPEAU1@KPEAUHWND__@@HKH@Z 00000001800018c0 f   ConEmuCheck.obj
 0001:00000ab4       ?ExecuteGuiCmd@@YAPEAUCESERVER_REQ@@PEAUHWND__@@PEAU1@0H@Z 0000000180001ab4 f   ConEmuCheck.obj
 0001:00000b60       GetMinFarVersionW          0000000180001b60 f   ConEmuTh.obj
 0001:00000b68       ?GetPluginInfoWcmn@@YAXPEAX@Z 0000000180001b68 f   ConEmuTh.obj
 0001:00000b98       ?GetMainThreadId@@YAKXZ    0000000180001b98 f   ConEmuTh.obj
 0001:00000d94       ?OpenW@@YAPEAXPEBUOpenInfo@@@Z 0000000180001d94 f   ConEmuTh.obj
 0001:00000dc4       ?ShowMessage@@YAHHH@Z      0000000180001dc4 f   ConEmuTh.obj
 0001:00000e10       ?GetMsgW@@YAPEB_WH@Z       0000000180001e10 f   ConEmuTh.obj
 0001:00000e5c       ?PostMacro@@YAXPEA_W@Z     0000000180001e5c f   ConEmuTh.obj
 0001:00000fec       ?ShowPluginMenu@@YAHXZ     0000000180001fec f   ConEmuTh.obj
 0001:00001038       ?CheckPanelSettings@@YAHH@Z 0000000180002038 f   ConEmuTh.obj
 0001:00001084       ?LoadPanelItemInfo@@YAXPEAUCeFullPanelInfo@@_J@Z 0000000180002084 f   ConEmuTh.obj
 0001:000010d0       ?GetActivePanel@@YAPEAUCeFullPanelInfo@@XZ 00000001800020d0 f   ConEmuTh.obj
 0001:00001114       ?ResetUngetBuffer@@YAXXZ   0000000180002114 f   ConEmuTh.obj
 0001:00001124       ?OnPreReadConsole@@YAHPEAXPEAU_INPUT_RECORD@@KPEAKPEAH@Z 0000000180002124 f   ConEmuTh.obj
 0001:00001140       ?ShowLastError@@YAHXZ      0000000180002140 f   ConEmuTh.obj
 0001:000011bc       ?GetFocusedThumbnails@@YAPEAUCeFullPanelInfo@@XZ 00000001800021bc f   ConEmuTh.obj
 0001:00001218       ?CheckWindows@@YA_NXZ      0000000180002218 f   ConEmuTh.obj
 0001:000012b8       ?CheckVarsInitialized@@YAXXZ 00000001800022b8 f   ConEmuTh.obj
 0001:00001404       ?ExecuteInMainThread@@YAXPEAUConEmuThSynchroArg@@@Z 0000000180002404 f   ConEmuTh.obj
 0001:00001488       ?GetFarRect@@YAHPEAU_SMALL_RECT@@@Z 0000000180002488 f   ConEmuTh.obj
 0001:00001504       ?SettingsLoad@@YAHPEB_WPEAK@Z 0000000180002504 f   ConEmuTh.obj
 0001:00001550       ?SettingsLoadReg@@YAHPEB_W0PEAK@Z 0000000180002550 f   ConEmuTh.obj
 0001:000015f0       ?SettingsSave@@YAXPEB_WPEAK@Z 00000001800025f0 f   ConEmuTh.obj
 0001:0000163c       ?SettingsSaveReg@@YAXPEB_W0PEAK@Z 000000018000263c f   ConEmuTh.obj
 0001:000016c4       ?SavePanelViewState@@YAXHK@Z 00000001800026c4 f   ConEmuTh.obj
 0001:00001704       ?isPreloadByDefault@@YA_NXZ 0000000180002704 f   ConEmuTh.obj
 0001:0000172c       ?FreeUserData@CePluginPanelItem@@QEAAXXZ 000000018000272c f   ConEmuTh.obj
 0001:00001780       ?FreeItem@CePluginPanelItem@@QEAAXXZ 0000000180002780 f   ConEmuTh.obj
 0001:000017a0       ?StringCchCatW@@YAJPEA_W_KPEB_W@Z 00000001800027a0 f i ConEmuTh.obj
 0001:00001a60       ?LoadFarVersion@@YAHXZ     0000000180002a60 f   ConEmuTh.obj
 0001:00001b7c       ?ReloadResourcesW@@YAXXZ   0000000180002b7c f   ConEmuTh.obj
 0001:00001c18       ?ReloadPanelsInfo@@YAXXZ   0000000180002c18 f   ConEmuTh.obj
 0001:00001ddc       ?OnPreWriteConsoleOutput@@YAHPEAXPEBU_CHAR_INFO@@U_COORD@@2PEAU_SMALL_RECT@@@Z 0000000180002ddc f   ConEmuTh.obj
 0001:00001f58       ?IsThumbnailsActive@@YAPEAUCeFullPanelInfo@@H@Z 0000000180002f58 f   ConEmuTh.obj
 0001:00002144       ?SettingsLoadOther@@YAXPEB_W@Z 0000000180003144 f   ConEmuTh.obj
 0001:000022a4       DllMain                    00000001800032a4 f   ConEmuTh.obj
 0001:00002358       ?ProcessConsoleInput@@YAHHPEAU_INPUT_RECORD@@KPEAK@Z 0000000180003358 f   ConEmuTh.obj
 0001:00002680       ?UpdateEnvVar@@YAXH@Z      0000000180003680 f   ConEmuTh.obj
 0001:000026b0       ?InitName@?$MFileMapping@Utag_DetectedDialog@@@@QEAAPEB_WPEB_WKK@Z 00000001800036b0 f i ConEmuTh.obj
 0001:000026b0       ?InitName@?$MFileMapping@UPanelViewSetMapping@@@@QEAAPEB_WPEB_WKK@Z 00000001800036b0 f i ConEmuTh.obj
 0001:00002748       ?InternalOpenCreate@?$MFileMapping@Utag_DetectedDialog@@@@IEAAPEAUtag_DetectedDialog@@HHH@Z 0000000180003748 f i ConEmuTh.obj
 0001:000028f8       ?InternalOpenCreate@?$MFileMapping@UPanelViewSetMapping@@@@IEAAPEAUPanelViewSetMapping@@HHH@Z 00000001800038f8 f i ConEmuTh.obj
 0001:00002aa8       ?OnPostPeekConsole@@YAHPEAXPEAU_INPUT_RECORD@@KPEAKPEAH@Z 0000000180003aa8 f   ConEmuTh.obj
 0001:00002ae8       ?OnPostReadConsole@@YAHPEAXPEAU_INPUT_RECORD@@KPEAKPEAH@Z 0000000180003ae8 f   ConEmuTh.obj
 0001:00002b2c       ?ExitPlugin@@YAXXZ         0000000180003b2c f   ConEmuTh.obj
 0001:00002c98       ?ExitFARW3@@YAXPEAX@Z      0000000180003c98 f   ConEmuTh.obj
 0001:00002c98       ExitFARW                   0000000180003c98 f   ConEmuTh.obj
 0001:00002cd4       ?OnReadyForPanelsReload@@YAXXZ 0000000180003cd4 f   ConEmuTh.obj
 0001:00002e44       ?ProcessSynchroEventCommon@@YAHHPEAX@Z 0000000180003e44 f   ConEmuTh.obj
 0001:00002fb0       ProcessSynchroEventW       0000000180003fb0 f   ConEmuTh.obj
 0001:00002fb8       ?LoadThSet@@YAHK@Z         0000000180003fb8 f   ConEmuTh.obj
 0001:000031d4       ?CheckConEmu@@YAHH@Z       00000001800041d4 f   ConEmuTh.obj
 0001:000032dc       ?StartPlugin@@YAXH@Z       00000001800042dc f   ConEmuTh.obj
 0001:00003440       ?OnPrePeekConsole@@YAHPEAXPEAU_INPUT_RECORD@@KPEAKPEAH@Z 0000000180004440 f   ConEmuTh.obj
 0001:00003504       ?EntryPoint@@YAXH_J_N@Z    0000000180004504 f   ConEmuTh.obj
 0001:000036d8       SetStartupInfoW            00000001800046d8 f   ConEmuTh.obj
 0001:00003738       ?OpenPluginWcmn@@YAPEAXH_J_N@Z 0000000180004738 f   ConEmuTh.obj
 0001:000037a4       ?Color2FgIndex@Far3Color@@SAXKAEAGPEBK@Z 00000001800047a4 f i ConEmuTh1900.obj
 0001:00003894       ?Color2BgIndex@Far3Color@@SAXKHAEAGPEBK@Z 0000000180004894 f i ConEmuTh1900.obj
 0001:000039a8       ?FarColor_3_2@@YAEAEBUFarColor@@@Z 00000001800049a8 f i ConEmuTh1900.obj
 0001:00003a54       ?GetPluginInfoW1900@@YAXPEAX@Z 0000000180004a54 f   ConEmuTh1900.obj
 0001:00003ac4       ?SetStartupInfoW1900@@YAXPEAX@Z 0000000180004ac4 f   ConEmuTh1900.obj
 0001:00003c00       ?OpenW1900@@YAPEAXPEBX@Z   0000000180004c00 f   ConEmuTh1900.obj
 0001:00003c6c       ?ExitFARW1900@@YAXXZ       0000000180004c6c f   ConEmuTh1900.obj
 0001:00003ca8       ?ShowMessageW1900@@YAHPEB_WH@Z 0000000180004ca8 f   ConEmuTh1900.obj
 0001:00003d38       ?ShowMessageW1900@@YAHHH@Z 0000000180004d38 f   ConEmuTh1900.obj
 0001:00003d7c       ?GetMsgW1900@@YAPEB_WH@Z   0000000180004d7c f   ConEmuTh1900.obj
 0001:00003db0       ?PostMacroW1900@@YAXPEA_W@Z 0000000180004db0 f   ConEmuTh1900.obj
 0001:00003e3c       ?ShowPluginMenuW1900@@YAHXZ 0000000180004e3c f   ConEmuTh1900.obj
 0001:000040b8       ?LoadPanelItemInfoW1900@@YAXPEAUCeFullPanelInfo@@_J@Z 00000001800050b8 f   ConEmuTh1900.obj
 0001:0000447c       ?LoadPanelInfoW1900@@YAHH@Z 000000018000547c f   ConEmuTh1900.obj
 0001:000048e0       ?ReloadPanelsInfoW1900@@YAXXZ 00000001800058e0 f   ConEmuTh1900.obj
 0001:00004904       ?SetCurrentPanelItemW1900@@YAXH_J0@Z 0000000180005904 f   ConEmuTh1900.obj
 0001:00004a38       ?CheckPanelSettingsW1900@@YAHH@Z 0000000180005a38 f   ConEmuTh1900.obj
 0001:00004b08       ?ExecuteInMainThreadW1900@@YAXPEAUConEmuThSynchroArg@@@Z 0000000180005b08 f   ConEmuTh1900.obj
 0001:00004b34       ?GetFarRectW1900@@YAXPEAU_SMALL_RECT@@@Z 0000000180005b34 f   ConEmuTh1900.obj
 0001:00004b84       ?CheckFarPanelsW1900@@YA_NXZ 0000000180005b84 f   ConEmuTh1900.obj
 0001:00004be0       ?SettingsLoadW1900@@YAHPEB_WPEAK@Z 0000000180005be0 f   ConEmuTh1900.obj
 0001:00004cac       ?SettingsSaveW1900@@YAXPEB_WPEAK@Z 0000000180005cac f   ConEmuTh1900.obj
 0001:00004d8c       GetGlobalInfoW             0000000180005d8c f   ConEmuTh2800.obj
 0001:00004e40       ?GetPluginInfoW2800@@YAXPEAX@Z 0000000180005e40 f   ConEmuTh2800.obj
 0001:00004eb0       ?SetStartupInfoW2800@@YAXPEAX@Z 0000000180005eb0 f   ConEmuTh2800.obj
 0001:00004fec       ?ProcessSynchroEventW3@@YA_JPEAX@Z 0000000180005fec f   ConEmuTh2800.obj
 0001:00005004       ?ExitFARW2800@@YAXXZ       0000000180006004 f   ConEmuTh2800.obj
 0001:00005040       ?ShowMessageW2800@@YAHPEB_WH@Z 0000000180006040 f   ConEmuTh2800.obj
 0001:000050d0       ?ShowMessageW2800@@YAHHH@Z 00000001800060d0 f   ConEmuTh2800.obj
 0001:00005114       ?GetMsgW2800@@YAPEB_WH@Z   0000000180006114 f   ConEmuTh2800.obj
 0001:00005148       ?PostMacroW2800@@YAXPEA_W@Z 0000000180006148 f   ConEmuTh2800.obj
 0001:000051d8       ?ShowPluginMenuW2800@@YAHXZ 00000001800061d8 f   ConEmuTh2800.obj
 0001:00005448       ?FreePanelItemUserData2800@@YAXPEAX_KP6A_JXZ@Z 0000000180006448 f   ConEmuTh2800.obj
 0001:0000547c       ?LoadPanelItemInfoW2800@@YAXPEAUCeFullPanelInfo@@_J@Z 000000018000647c f   ConEmuTh2800.obj
 0001:000058a0       ?LoadPanelInfoW2800@@YAHH@Z 00000001800068a0 f   ConEmuTh2800.obj
 0001:00005d08       ?ReloadPanelsInfoW2800@@YAXXZ 0000000180006d08 f   ConEmuTh2800.obj
 0001:00005d2c       ?SetCurrentPanelItemW2800@@YAXH_J0@Z 0000000180006d2c f   ConEmuTh2800.obj
 0001:00005e5c       ?SetCurrentPanelItemW2800Int@@YAXH_J0@Z 0000000180006e5c f   ConEmuTh2800.obj
 0001:00005f84       ?CheckPanelSettingsW2800@@YAHH@Z 0000000180006f84 f   ConEmuTh2800.obj
 0001:00006054       ?ExecuteInMainThreadW2800@@YAXPEAUConEmuThSynchroArg@@@Z 0000000180007054 f   ConEmuTh2800.obj
 0001:00006080       ?GetFarRectW2800@@YAXPEAU_SMALL_RECT@@@Z 0000000180007080 f   ConEmuTh2800.obj
 0001:000060d0       ?CheckFarPanelsW2800@@YA_NXZ 00000001800070d0 f   ConEmuTh2800.obj
 0001:00006144       ?SettingsLoadW2800@@YAHPEB_WPEAK@Z 0000000180007144 f   ConEmuTh2800.obj
 0001:00006214       ?SettingsSaveW2800@@YAXPEB_WPEAK@Z 0000000180007214 f   ConEmuTh2800.obj
 0001:000062fc       ?OpenW2800@@YAPEAXPEBX@Z   00000001800072fc f   ConEmuTh2800.obj
 0001:000063bc       ?GetPluginInfoW995@@YAXPEAX@Z 00000001800073bc f   ConEmuTh995.obj
 0001:00006434       ?SetStartupInfoW995@@YAXPEAX@Z 0000000180007434 f   ConEmuTh995.obj
 0001:000065d4       OpenPluginW                00000001800075d4 f   ConEmuTh995.obj
 0001:000065fc       ?ExitFARW995@@YAXXZ        00000001800075fc f   ConEmuTh995.obj
 0001:00006650       ?ShowMessageW995@@YAHPEB_WH@Z 0000000180007650 f   ConEmuTh995.obj
 0001:0000668c       ?ShowMessageW995@@YAHHH@Z  000000018000768c f   ConEmuTh995.obj
 0001:000066cc       ?GetMsgW995@@YAPEB_WH@Z    00000001800076cc f   ConEmuTh995.obj
 0001:000066fc       ?PostMacroW995@@YAXPEA_W@Z 00000001800076fc f   ConEmuTh995.obj
 0001:00006764       ?ShowPluginMenuW995@@YAHXZ 0000000180007764 f   ConEmuTh995.obj
 0001:00006920       ?LoadPanelItemInfoW995@@YAXPEAUCeFullPanelInfo@@_J@Z 0000000180007920 f   ConEmuTh995.obj
 0001:00006b10       ?LoadPanelInfo995@@YAHH@Z  0000000180007b10 f   ConEmuTh995.obj
 0001:00006e30       ?ReloadPanelsInfoW995@@YAXXZ 0000000180007e30 f   ConEmuTh995.obj
 0001:00006e54       ?SetCurrentPanelItemW995@@YAXH_J0@Z 0000000180007e54 f   ConEmuTh995.obj
 0001:00006f60       ?CheckPanelSettingsW995@@YAHH@Z 0000000180007f60 f   ConEmuTh995.obj
 0001:00006fdc       ?ExecuteInMainThreadW995@@YAXPEAUConEmuThSynchroArg@@@Z 0000000180007fdc f   ConEmuTh995.obj
 0001:00007004       ?GetFarRectW995@@YAXPEAU_SMALL_RECT@@@Z 0000000180008004 f   ConEmuTh995.obj
 0001:00007050       ?CheckFarPanelsW995@@YA_NXZ 0000000180008050 f   ConEmuTh995.obj
 0001:000070b0       ?SettingsLoadW995@@YAHPEB_WPEAK@Z 00000001800080b0 f   ConEmuTh995.obj
 0001:000070c4       ?SettingsSaveW995@@YAXPEB_WPEAK@Z 00000001800080c4 f   ConEmuTh995.obj
 0001:000070d8       ?SettingsLoadOtherW995@@YAXXZ 00000001800080d8 f   ConEmuTh995.obj
 0001:000070e4       GetMinFarVersion           00000001800080e4 f   ConEmuThA.obj
 0001:0000711c       GetPluginInfo              000000018000811c f   ConEmuThA.obj
 0001:0000719c       ExitFAR                    000000018000819c f   ConEmuThA.obj
 0001:000071f8       ?ShowMessageA@@YAHPEBDH@Z  00000001800081f8 f   ConEmuThA.obj
 0001:00007240       ?ShowMessageA@@YAHHH@Z     0000000180008240 f   ConEmuThA.obj
 0001:0000728c       ?PostMacroA@@YAXPEAD@Z     000000018000828c f   ConEmuThA.obj
 0001:000072f4       ?ShowPluginMenuA@@YAHXZ    00000001800082f4 f   ConEmuThA.obj
 0001:000074d4       ?GetMsgA@@YAPEB_WHPEA_W@Z  00000001800084d4 f   ConEmuThA.obj
 0001:000075d0       ?LoadPanelInfoA@@YAHH@Z    00000001800085d0 f   ConEmuThA.obj
 0001:000079e4       ?ReloadPanelsInfoA@@YAXXZ  00000001800089e4 f   ConEmuThA.obj
 0001:00007a08       ?SetCurrentPanelItemA@@YAXH_J0@Z 0000000180008a08 f   ConEmuThA.obj
 0001:00007b28       ?CheckPanelSettingsA@@YAHH@Z 0000000180008b28 f   ConEmuThA.obj
 0001:00007bb0       ?CheckFarPanelsA@@YA_NXZ   0000000180008bb0 f   ConEmuThA.obj
 0001:00007c18       ?SettingsLoadA@@YAHPEB_WPEAK@Z 0000000180008c18 f   ConEmuThA.obj
 0001:00007c2c       ?SettingsSaveA@@YAXPEB_WPEAK@Z 0000000180008c2c f   ConEmuThA.obj
 0001:00007c40       ?SettingsLoadOtherA@@YAXXZ 0000000180008c40 f   ConEmuThA.obj
 0001:00007c4c       ?ReloadResourcesA@@YAXXZ   0000000180008c4c f   ConEmuThA.obj
 0001:00007d08       SetStartupInfo             0000000180008d08 f   ConEmuThA.obj
 0001:00007ed0       OpenPlugin                 0000000180008ed0 f   ConEmuThA.obj
 0001:00007f0c       ?GetIndexFromWndCoord@CeFullPanelInfo@@QEAAHHHAEA_J@Z 0000000180008f0c f   Display.obj
 0001:00007fa4       ?GetConCoordFromIndex@CeFullPanelInfo@@QEAAH_JAEAU_COORD@@@Z 0000000180008fa4 f   Display.obj
 0001:00008064       ?LoadItemColors@CeFullPanelInfo@@QEAAX_JPEAUCePluginPanelItem@@PEAUCePluginPanelItemColor@@HH@Z 0000000180009064 f   Display.obj
 0001:000082dc       ?GetItemColors@CeFullPanelInfo@@QEAAPEAUHBRUSH__@@_JPEAUCePluginPanelItem@@PEAUCePluginPanelItemColor@@HAEAK3@Z 00000001800092dc f   Display.obj
 0001:0000834c       ?CalcTopPanelItem@CeFullPanelInfo@@QEAA_J_J0@Z 000000018000934c f   Display.obj
 0001:00008420       ?DisplayReloadPanel@CeFullPanelInfo@@QEAAXXZ 0000000180009420 f   Display.obj
 0001:0000845c       ?UnregisterPanelView@CeFullPanelInfo@@QEAAH_N@Z 000000018000945c f   Display.obj
 0001:00008578       ?RequestSetPos@CeFullPanelInfo@@QEAAX_J0H@Z 0000000180009578 f   Display.obj
 0001:00008660       ?ReallocItems@CeFullPanelInfo@@QEAAH_J@Z 0000000180009660 f   Display.obj
 0001:000087c8       ?FarItem2CeItem@CeFullPanelInfo@@QEAAH_JPEB_W1KU_FILETIME@@_KHPEAX3P6A_JXZ3K@Z 00000001800097c8 f   Display.obj
 0001:00008b28       ?BisItem2CeItem@CeFullPanelInfo@@QEAAH_JH_KKKHH@Z 0000000180009b28 f   Display.obj
 0001:00008bcc       ?DrawItemText@CeFullPanelInfo@@QEAAHPEAUHDC__@@PEAUtagRECT@@1PEAUCePluginPanelItem@@PEB_WPEAUHBRUSH__@@H@Z 0000000180009bcc f   Display.obj
 0001:000091fc       ?Close@CeFullPanelInfo@@QEAAXXZ 000000018000a1fc f   Display.obj
 0001:00009244       ?FinalRelease@CeFullPanelInfo@@QEAAXXZ 000000018000a244 f   Display.obj
 0001:00009358       ?PaintItem@CeFullPanelInfo@@QEAAHPEAUHDC__@@_JHHPEAUCePluginPanelItem@@PEAUCePluginPanelItemColor@@HHPEAUHBRUSH__@@4K@Z 000000018000a358 f   Display.obj
 0001:000098c8       ?Invalidate@CeFullPanelInfo@@QEAAXXZ 000000018000a8c8 f   Display.obj
 0001:0000991c       ?Paint@CeFullPanelInfo@@QEAAXPEAUHWND__@@AEAUtagPAINTSTRUCT@@AEAUtagRECT@@@Z 000000018000a91c f   Display.obj
 0001:0000a364       ?OnSettingsChanged@CeFullPanelInfo@@QEAAHH@Z 000000018000b364 f   Display.obj
 0001:0000a428       ?DisplayWndProc@CeFullPanelInfo@@SA_JPEAUHWND__@@I_K_J@Z 000000018000b428 f   Display.obj
 0001:0000a9d4       ?InvalidateAll@CeFullPanelInfo@@SAXXZ 000000018000b9d4 f   Display.obj
 0001:0000aa24       ?RegisterPanelView@CeFullPanelInfo@@QEAAHXZ 000000018000ba24 f   Display.obj
 0001:0000acf4       ?CreateView@CeFullPanelInfo@@QEAAPEAUHWND__@@XZ 000000018000bcf4 f   Display.obj
 0001:0000b09c       ?DisplayThread@CeFullPanelInfo@@SAKPEAX@Z 000000018000c09c f   Display.obj
 0001:0000b1bc       ?LoadModules@CImgCache@@IEAAXXZ 000000018000c1bc f   ImgCache.obj
 0001:0000b480       ?FreeModules@CImgCache@@IEAAXXZ 000000018000c480 f   ImgCache.obj
 0001:0000b554       ?SetCacheLocation@CImgCache@@QEAAXPEB_W@Z 000000018000c554 f   ImgCache.obj
 0001:0000b5cc       ?CheckLoadDibCreated@CImgCache@@IEAAHXZ 000000018000c5cc f   ImgCache.obj
 0001:0000b72c       ?CheckDrawDibCreated@CImgCache@@IEAAHXZ 000000018000c72c f   ImgCache.obj
 0001:0000b88c       ?FindInCache@CImgCache@@IEAAHPEAUCePluginPanelItem@@PEAHI@Z 000000018000c88c f   ImgCache.obj
 0001:0000ba94       ?CopyBits@CImgCache@@IEAAXU_COORD@@PEAEK01@Z 000000018000ca94 f   ImgCache.obj
 0001:0000bb1c       ?LoadShellIcon@CImgCache@@QEAAHPEAUIMAGE_CACHE_INFO@@H@Z 000000018000cb1c f   ImgCache.obj
 0001:0000be68       ?LoadThumbnail@CImgCache@@QEAAHPEAUIMAGE_CACHE_INFO@@@Z 000000018000ce68 f   ImgCache.obj
 0001:0000c580       ??0?$CQueueProcessor@PEAUIMAGE_CACHE_INFO@@@@QEAA@XZ 000000018000d580 f i ImgCache.obj
 0001:0000c5f4       ?IsStopRequested@?$CQueueProcessor@PEAUIMAGE_CACHE_INFO@@@@UEAA_NAEBQEAUIMAGE_CACHE_INFO@@@Z 000000018000d5f4 f i ImgCache.obj
 0001:0000c604       ?ProcessItem@?$CQueueProcessor@PEAUIMAGE_CACHE_INFO@@@@MEAAJAEAPEAUIMAGE_CACHE_INFO@@_J@Z 000000018000d604 f i ImgCache.obj
 0001:0000c60c       ?OnThreadStarted@?$CQueueProcessor@PEAUIMAGE_CACHE_INFO@@@@MEAAJXZ 000000018000d60c f i ImgCache.obj
 0001:0000c610       ?CopyItem@?$CQueueProcessor@PEAUIMAGE_CACHE_INFO@@@@MEAAXPEBQEAUIMAGE_CACHE_INFO@@PEAPEAU2@@Z 000000018000d610 f i ImgCache.obj
 0001:0000c630       ?IsEqual@?$CQueueProcessor@PEAUIMAGE_CACHE_INFO@@@@MEAA_NAEBQEAUIMAGE_CACHE_INFO@@_J01@Z 000000018000d630 f i ImgCache.obj
 0001:0000c650       ?CheckHighPriority@?$CQueueProcessor@PEAUIMAGE_CACHE_INFO@@@@MEAA_NAEBQEAUIMAGE_CACHE_INFO@@@Z 000000018000d650 f i ImgCache.obj
 0001:0000c650       ?CheckHighPriority@CImgLoader@@UEAA_NAEAPEBUIMAGE_CACHE_INFO@@@Z 000000018000d650 f i ImgCache.obj
 0001:0000c654       ?ClearQueue@?$CQueueProcessor@PEAUIMAGE_CACHE_INFO@@@@AEAAXXZ 000000018000d654 f i ImgCache.obj
 0001:0000c6dc       ?InitializeQueue@?$CQueueProcessor@PEAUIMAGE_CACHE_INFO@@@@AEAAXH@Z 000000018000d6dc f i ImgCache.obj
 0001:0000c780       ?ProcessItem@?$CQueueProcessor@PEAUIMAGE_CACHE_INFO@@@@IEAAJPEAUProcessingItem@1@@Z 000000018000d780 f i ImgCache.obj
 0001:0000c7ac       ??0CImgCache@@QEAA@PEAUHINSTANCE__@@@Z 000000018000d7ac f   ImgCache.obj
 0001:0000c8e8       ?PaintItem@CImgCache@@QEAAHPEAUHDC__@@HHHPEAUCePluginPanelItem@@PEAPEB_WPEAH@Z 000000018000d8e8 f   ImgCache.obj
 0001:0000ce4c       ?FindOrCreate@?$CQueueProcessor@PEAUIMAGE_CACHE_INFO@@@@AEAAPEAUProcessingItem@1@AEBQEAUIMAGE_CACHE_INFO@@_J_NW4ProcessingPriority@@@Z 000000018000de4c f i ImgCache.obj
 0001:0000d09c       ?ProcessingStep@?$CQueueProcessor@PEAUIMAGE_CACHE_INFO@@@@IEAA_NXZ 000000018000e09c f i ImgCache.obj
 0001:0000d2ac       ??$SafeDelete@UMSectionSimple@@@@YAXAEAPEAUMSectionSimple@@@Z 000000018000e2ac f i ImgCache.obj
 0001:0000d2dc       ?Reset@CImgCache@@QEAAXXZ  000000018000e2dc f   ImgCache.obj
 0001:0000d4b0       ?Init@CImgCache@@QEAAXK@Z  000000018000e4b0 f   ImgCache.obj
 0001:0000d510       ??1?$CQueueProcessor@PEAUIMAGE_CACHE_INFO@@@@UEAA@XZ 000000018000e510 f i ImgCache.obj
 0001:0000d5c4       ??_GCImgLoader@@UEAAPEAXI@Z 000000018000e5c4 f i ImgCache.obj
 0001:0000d5c4       ??_E?$CQueueProcessor@PEAUIMAGE_CACHE_INFO@@@@UEAAPEAXI@Z 000000018000e5c4 f i ImgCache.obj
 0001:0000d5c4       ??_ECImgLoader@@UEAAPEAXI@Z 000000018000e5c4 f i ImgCache.obj
 0001:0000d5c4       ??_G?$CQueueProcessor@PEAUIMAGE_CACHE_INFO@@@@UEAAPEAXI@Z 000000018000e5c4 f i ImgCache.obj
 0001:0000d5f4       ?ProcessingThread@?$CQueueProcessor@PEAUIMAGE_CACHE_INFO@@@@KAKPEAX@Z 000000018000e5f4 f i ImgCache.obj
 0001:0000d624       ??1CImgCache@@QEAA@XZ      000000018000e624 f   ImgCache.obj
 0001:0000d6dc       ?OnThreadStarted@CImgLoader@@UEAAJXZ 000000018000e6dc f i ImgCache.obj
 0001:0000d6f0       ?OnThreadStopped@CImgLoader@@UEAAXXZ 000000018000e6f0 f i ImgCache.obj
 0001:0000d6f8       ?IsEqual@CImgLoader@@UEAA_NAEAPEBUIMAGE_CACHE_INFO@@_JAEAPEAU2@1@Z 000000018000e6f8 f i ImgCache.obj
 0001:0000d710       ?ProcessItem@CImgLoader@@UEAAJAEAPEAUIMAGE_CACHE_INFO@@_J@Z 000000018000e710 f i ImgCache.obj
 0001:0000d768       ?IsTerminationRequested@?$CQueueProcessor@PEAUIMAGE_CACHE_INFO@@@@MEAA_NXZ 000000018000e768 f i ImgCache.obj
 0001:0000d768       ?IsTerminationRequested@CImgLoader@@UEAA_NXZ 000000018000e768 f i ImgCache.obj
 0001:0000d76c       ?CheckThread@?$CQueueProcessor@PEAUIMAGE_CACHE_INFO@@@@IEAAJXZ 000000018000e76c f i ImgCache.obj
 0001:0000d82c       ?RequestItem@CImgCache@@QEAAHPEAUCePluginPanelItem@@I@Z 000000018000e82c f   ImgCache.obj
 0001:0000d928       ?HeapInitialize@@YA_NXZ    000000018000e928 f   Memory.obj
 0001:0000d960       ?HeapDeinitialize@@YAXXZ   000000018000e960 f   Memory.obj
 0001:0000d984       ??2@YAPEAX_K@Z             000000018000e984 f   Memory.obj
 0001:0000d984       ?xf_malloc@@YAPEAX_K@Z     000000018000e984 f   Memory.obj
 0001:0000d984       ??_U@YAPEAX_K@Z            000000018000e984 f   Memory.obj
 0001:0000d998       ?xf_calloc@@YAPEAX_K0@Z    000000018000e998 f   Memory.obj
 0001:0000d9b4       ?xf_realloc@@YAPEAXPEAX_K@Z 000000018000e9b4 f   Memory.obj
 0001:0000d9f0       ?xf_free@@YAXPEAX@Z        000000018000e9f0 f   Memory.obj
 0001:0000da18       ??_V@YAXPEAX@Z             000000018000ea18 f   Memory.obj
 0001:0000da18       ??3@YAXPEAX@Z              000000018000ea18 f   Memory.obj
 0001:0000da20       ?lstrdup@@YAPEA_WPEB_W_K@Z 000000018000ea20 f   Memory.obj
 0001:0000da9c       ?lstrmerge@@YAPEA_WPEB_W0000@Z 000000018000ea9c f   Memory.obj
 0001:0000db94       ??0MSection@@QEAA@XZ       000000018000eb94 f   MSection.obj
 0001:0000dc2c       ??1MSection@@QEAA@XZ       000000018000ec2c f   MSection.obj
 0001:0000dca4       ?AddRef@MSection@@IEAAXK@Z 000000018000eca4 f   MSection.obj
 0001:0000dd44       ?ReleaseRef@MSection@@IEAAHK@Z 000000018000ed44 f   MSection.obj
 0001:0000dde8       ?WaitUnlocked@MSection@@IEAAXKK@Z 000000018000ede8 f   MSection.obj
 0001:0000de7c       ?MyEnterCriticalSection@MSection@@IEAA_NK@Z 000000018000ee7c f   MSection.obj
 0001:0000dfb0       ?Lock@MSection@@IEAAHHK@Z  000000018000efb0 f   MSection.obj
 0001:0000e0b4       ?Unlock@MSection@@IEAAXH@Z 000000018000f0b4 f   MSection.obj
 0001:0000e10c       ??0MSectionLock@@QEAA@XZ   000000018000f10c f   MSection.obj
 0001:0000e11c       ?Lock@MSectionLock@@QEAAHPEAVMSection@@HK@Z 000000018000f11c f   MSection.obj
 0001:0000e170       ?Unlock@MSectionLock@@QEAAXXZ 000000018000f170 f   MSection.obj
 0001:0000e19c       ??1MSectionLock@@QEAA@XZ   000000018000f19c f   MSection.obj
 0001:0000e1c0       ?Init@MSectionSimple@@QEAAXXZ 000000018000f1c0 f   MSectionSimple.obj
 0001:0000e1e0       ??1MSectionSimple@@QEAA@XZ 000000018000f1e0 f   MSectionSimple.obj
 0001:0000e1e0       ?Close@MSectionSimple@@QEAAXXZ 000000018000f1e0 f   MSectionSimple.obj
 0001:0000e200       ?Enter@MSectionSimple@@QEAAXXZ 000000018000f200 f   MSectionSimple.obj
 0001:0000e208       ?Leave@MSectionSimple@@QEAAXXZ 000000018000f208 f   MSectionSimple.obj
 0001:0000e210       ?TryEnter@MSectionSimple@@QEAA_NXZ 000000018000f210 f   MSectionSimple.obj
 0001:0000e238       ?RecreateAndLock@MSectionSimple@@QEAA_NXZ 000000018000f238 f   MSectionSimple.obj
 0001:0000e2a8       ??0MSectionLockSimple@@QEAA@XZ 000000018000f2a8 f   MSectionSimple.obj
 0001:0000e2b4       ?Unlock@MSectionLockSimple@@QEAAXXZ 000000018000f2b4 f   MSectionSimple.obj
 0001:0000e2dc       ??0MSectionSimple@@QEAA@_N@Z 000000018000f2dc f   MSectionSimple.obj
 0001:0000e314       ??1MSectionLockSimple@@QEAA@XZ 000000018000f314 f   MSectionSimple.obj
 0001:0000e328       ?Lock@MSectionLockSimple@@QEAAHPEAUMSectionSimple@@K@Z 000000018000f328 f   MSectionSimple.obj
 0001:0000e3c0       ??_GMNullDesc@@QEAAPEAXI@Z 000000018000f3c0 f i MSecurity.obj
 0001:0000e434       ?LoadAdvApi@MNullDesc@@IEAAHXZ 000000018000f434 f i MSecurity.obj
 0001:0000e5cc       ?LocalSecurity@MNullDesc@@QEAAPEAU_SECURITY_ATTRIBUTES@@XZ 000000018000f5cc f i MSecurity.obj
 0001:0000e780       ?LocalSecurity@@YAPEAU_SECURITY_ATTRIBUTES@@XZ 000000018000f780 f   MSecurity.obj
 0001:0000e7e0       ?ShutdownSecurity@@YAXXZ   000000018000f7e0 f   MSecurity.obj
 0001:0000e808       ?msprintf@@YAPEB_WPEA_W_KPEB_WZZ 000000018000f808 f   MStrSafe.obj
 0001:0000ebf4       ??0CRgnDetect@@QEAA@XZ     000000018000fbf4 f   RgnDetect.obj
 0001:0000eccc       ??1CRgnDetect@@QEAA@XZ     000000018000fccc f   RgnDetect.obj
 0001:0000ed28       ?GetDetectedDialogsPtr@CRgnDetect@@QEBAPEBUtag_DetectedDialog@@XZ 000000018000fd28 f   RgnDetect.obj
 0001:0000ed30       ?GetFlags@CRgnDetect@@QEBAKXZ 000000018000fd30 f   RgnDetect.obj
 0001:0000ed38       ?FindFrameRight_ByBottom@CRgnDetect@@IEAA_NPEA_WPEAUtag_CharAttr@@HHAEAH22@Z 000000018000fd38 f   RgnDetect.obj
 0001:0000ee10       ?FindFrameLeft_ByBottom@CRgnDetect@@IEAA_NPEA_WPEAUtag_CharAttr@@HHAEAH22@Z 000000018000fe10 f   RgnDetect.obj
 0001:0000eedc       ?FindFrameTop_ByLeft@CRgnDetect@@IEAA_NPEA_WPEAUtag_CharAttr@@HHAEAH22@Z 000000018000fedc f   RgnDetect.obj
 0001:0000ef8c       ?FindFrameTop_ByRight@CRgnDetect@@IEAA_NPEA_WPEAUtag_CharAttr@@HHAEAH22@Z 000000018000ff8c f   RgnDetect.obj
 0001:0000f074       ?FindFrameBottom_ByRight@CRgnDetect@@IEAA_NPEA_WPEAUtag_CharAttr@@HHAEAH22@Z 0000000180010074 f   RgnDetect.obj
 0001:0000f150       ?FindFrameBottom_ByLeft@CRgnDetect@@IEAA_NPEA_WPEAUtag_CharAttr@@HHAEAH22@Z 0000000180010150 f   RgnDetect.obj
 0001:0000f204       ?FindDialog_Inner@CRgnDetect@@IEAA_NPEA_WPEAUtag_CharAttr@@HHAEAH2@Z 0000000180010204 f   RgnDetect.obj
 0001:0000f370       ?FindFrame_TopLeft@CRgnDetect@@IEAA_NPEA_WPEAUtag_CharAttr@@HHAEAH222@Z 0000000180010370 f   RgnDetect.obj
 0001:0000f470       ?ExpandDialogFrame@CRgnDetect@@IEAA_NPEA_WPEAUtag_CharAttr@@HHAEAH2HH22@Z 0000000180010470 f   RgnDetect.obj
 0001:0000f748       ?FindByBackground@CRgnDetect@@IEAA_NPEA_WPEAUtag_CharAttr@@HHAEAH222AEA_N@Z 0000000180010748 f   RgnDetect.obj
 0001:0000f864       ?MarkDialog@CRgnDetect@@IEAAHPEA_WPEAUtag_CharAttr@@HHHHHH_N2K@Z 0000000180010864 f   RgnDetect.obj
 0001:00010238       ?OnWindowSizeChanged@CRgnDetect@@QEAAXXZ 0000000180011238 f   RgnDetect.obj
 0001:00010240       ?OnWriteConsoleOutput@CRgnDetect@@QEAAXPEBU_CHAR_INFO@@U_COORD@@1PEAU_SMALL_RECT@@PEBK@Z 0000000180011240 f   RgnDetect.obj
 0001:000104ec       ?SetFarRect@CRgnDetect@@QEAAXPEAU_SMALL_RECT@@@Z 00000001800114ec f   RgnDetect.obj
 0001:00010570       ?TextWidth@CRgnDetect@@QEAAHXZ 0000000180011570 f   RgnDetect.obj
 0001:0001059c       ?TextHeight@CRgnDetect@@QEAAHXZ 000000018001159c f   RgnDetect.obj
 0001:000105c8       ?GetCharAttr@CRgnDetect@@QEAAHHHAEA_WAEAUtag_CharAttr@@@Z 00000001800115c8 f   RgnDetect.obj
 0001:00010658       ?FindFrameRight_ByTop@CRgnDetect@@IEAA_NPEA_WPEAUtag_CharAttr@@HHAEAH22@Z 0000000180011658 f   RgnDetect.obj
 0001:00010794       ?FindFrameLeft_ByTop@CRgnDetect@@IEAA_NPEA_WPEAUtag_CharAttr@@HHAEAH22@Z 0000000180011794 f   RgnDetect.obj
 0001:000108fc       ?FindDialog_TopLeft@CRgnDetect@@IEAA_NPEA_WPEAUtag_CharAttr@@HHAEAH222AEA_N@Z 00000001800118fc f   RgnDetect.obj
 0001:00010a0c       ?FindDialog_TopRight@CRgnDetect@@IEAA_NPEA_WPEAUtag_CharAttr@@HHAEAH222AEA_N@Z 0000000180011a0c f   RgnDetect.obj
 0001:00010b24       ?FindDialog_Left@CRgnDetect@@IEAA_NPEA_WPEAUtag_CharAttr@@HHAEAH222AEA_N@Z 0000000180011b24 f   RgnDetect.obj
 0001:00010d34       ?FindDialog_Right@CRgnDetect@@IEAA_NPEA_WPEAUtag_CharAttr@@HHAEAH222AEA_N@Z 0000000180011d34 f   RgnDetect.obj
 0001:00010e9c       ?FindDialog_Any@CRgnDetect@@IEAA_NPEA_WPEAUtag_CharAttr@@HHAEAH222AEA_N@Z 0000000180011e9c f   RgnDetect.obj
 0001:00011130       ?DetectDialog@CRgnDetect@@IEAA_NPEA_WPEAUtag_CharAttr@@HHHHPEAH2@Z 0000000180012130 f   RgnDetect.obj
 0001:00011598       ?InitializeSBI@CRgnDetect@@QEAAHPEBK@Z 0000000180012598 f   RgnDetect.obj
 0001:000119e0       ?PrepareTransparent@CRgnDetect@@QEAAXPEBUCEFAR_INFO_MAPPING@@PEBKPEBU_CONSOLE_SCREEN_BUFFER_INFO@@PEA_WPEAUtag_CharAttr@@HH@Z 00000001800129e0 f   RgnDetect.obj
 0001:00012268       ?PrepareTransparent@CRgnDetect@@QEAAXPEBUCEFAR_INFO_MAPPING@@PEBK@Z 0000000180013268 f   RgnDetect.obj
 0001:0001233c       ?SearchAppPaths@@YA_NPEB_WAEAUCmdArg@@_NPEAU1@@Z 000000018001333c f   WFiles.obj
 0001:0001273c       ?FileExists@@YA_NPEB_WPEAK@Z 000000018001373c f   WObjects.obj
 0001:000128c0       ?IsWindows64@@YA_NXZ       00000001800138c0 f   WObjects.obj
 0001:000128e4       ?isTerminalMode@@YA_NXZ    00000001800138e4 f   WObjects.obj
 0001:00012b1c       ?ExpandEnvStr@@YAPEA_WPEB_W@Z 0000000180013b1c f   WObjects.obj
 0001:00012bc4       ?GetEnvVar@@YAPEA_WPEB_W@Z 0000000180013bc4 f   WObjects.obj
 0001:00012c68       ?apiTerminateThreadEx@@YAHPEAXKPEBDH@Z 0000000180013c68 f   WThreads.obj
 0001:00012d70       ?SetThreadName@@YAXKPEAD@Z 0000000180013d70 f   WThreads.obj
 0001:00012da8       ?apiThreadHelper@@YAKPEAX@Z 0000000180013da8 f   WThreads.obj
 0001:00012f98       ?apiCreateThread@@YAPEAXP6AKPEAX@Z0PEAKPEBDH@Z 0000000180013f98 f   WThreads.obj
 0001:000130e4       ?apiShowWindow@@YA_NPEAUHWND__@@H@Z 00000001800140e4 f   WUser.obj
 0001:00013100       wcschr                     0000000180014100 f   libCRT64:strchr.obj
 0001:00013120       wcsrchr                    0000000180014120 f   libCRT64:strrchr.obj
 0001:00013150       wcspbrk                    0000000180014150 f   libCRT64:strpbrk.obj
 0001:000131a0       strrchr                    00000001800141a0 f   libCRT64:strrchr.obj
 0001:000131d0       memset                     00000001800141d0 f   libCRT64:memset.obj
 0001:00013200       memcpy                     0000000180014200 f   libCRT64:memcpy.obj
 0001:00013230       memmove                    0000000180014230 f   libCRT64:memmove.obj
 0001:00013290       strchr                     0000000180014290 f   libCRT64:strchr.obj
 0001:000132a8       VerQueryValueW             00000001800142a8 f   version:VERSION.dll
 0001:000132ae       GetFileVersionInfoW        00000001800142ae f   version:VERSION.dll
 0001:000132b4       GetFileVersionInfoSizeW    00000001800142b4 f   version:VERSION.dll
 0001:000132bc       __C_specific_handler       00000001800142bc f   libcmt:chandler.obj
 0001:00013470       __CRT_INIT                 0000000180014470 f   libcmt:dllcrt0.obj
 0001:00013628       _CRT_INIT                  0000000180014628 f   libcmt:dllcrt0.obj
 0001:00013838       _DllMainCRTStartup         0000000180014838 f   libcmt:dllcrt0.obj
 0001:00013890       _NLG_Notify                0000000180014890 f   libcmt:notify.obj
 0001:000138b0       __NLG_Dispatch2            00000001800148b0 f   libcmt:notify.obj
 0001:000138c0       __NLG_Return2              00000001800148c0 f   libcmt:notify.obj
 0001:000138d0       _ValidateImageBase         00000001800148d0 f   libcmt:pesect.obj
 0001:00013900       _FindPESection             0000000180014900 f   libcmt:pesect.obj
 0001:00013948       _IsNonwritableInCurrentImage 0000000180014948 f   libcmt:pesect.obj
 0001:0001398c       _XcptFilter                000000018001498c f   libcmt:winxfltr.obj
 0001:00013b5c       _amsg_exit                 0000000180014b5c f   libcmt:crt0dat.obj
 0001:00013b8c       __crtCorExitProcess        0000000180014b8c f   libcmt:crt0dat.obj
 0001:00013bc8       __crtExitProcess           0000000180014bc8 f   libcmt:crt0dat.obj
 0001:00013c14       _get_osplatform            0000000180014c14 f   libcmt:crt0dat.obj
 0001:00013c58       _get_winmajor              0000000180014c58 f   libcmt:crt0dat.obj
 0001:00013ca0       _cinit                     0000000180014ca0 f   libcmt:crt0dat.obj
 0001:00013e70       _exit                      0000000180014e70 f   libcmt:crt0dat.obj
 0001:00013e7c       _cexit                     0000000180014e7c f   libcmt:crt0dat.obj
 0001:00013e8c       _init_pointers             0000000180014e8c f   libcmt:crt0dat.obj
 0001:00013ee4       __GSHandlerCheckCommon     0000000180014ee4 f   libcmt:gshandler.obj
 0001:00013f48       __GSHandlerCheck           0000000180014f48 f   libcmt:gshandler.obj
 0001:00013f68       _encode_pointer            0000000180014f68 f   libcmt:tidtable.obj
 0001:00013f70       _encoded_null              0000000180014f70 f   libcmt:tidtable.obj
 0001:00013f7c       _decode_pointer            0000000180014f7c f   libcmt:tidtable.obj
 0001:00013f84       _mtterm                    0000000180014f84 f   libcmt:tidtable.obj
 0001:00013fac       _initptd                   0000000180014fac f   libcmt:tidtable.obj
 0001:00014060       _getptd_noexit             0000000180015060 f   libcmt:tidtable.obj
 0001:000140dc       _getptd                    00000001800150dc f   libcmt:tidtable.obj
 0001:00014100       _freefls                   0000000180015100 f   libcmt:tidtable.obj
 0001:00014254       _freeptd                   0000000180015254 f   libcmt:tidtable.obj
 0001:00014294       _mtinit                    0000000180015294 f   libcmt:tidtable.obj
 0001:00014314       free                       0000000180015314 f   libcmt:free.obj
 0001:00014354       _calloc_impl               0000000180015354 f   libcmt:calloc.obj
 0001:00014404       calloc                     0000000180015404 f   libcmt:calloc.obj
 0001:0001444c       _ioinit                    000000018001544c f   libcmt:ioinit.obj
 0001:00014708       _ioterm                    0000000180015708 f   libcmt:ioinit.obj
 0001:00014774       _setenvp                   0000000180015774 f   libcmt:stdenvp.obj
 0001:00014ad0       _setargv                   0000000180015ad0 f   libcmt:stdargv.obj
 0001:00014bc8       __crtGetEnvironmentStringsA 0000000180015bc8 f   libcmt:a_env.obj
 0001:00014cc0       _heap_init                 0000000180015cc0 f   libcmt:heapinit.obj
 0001:00014d30       _heap_term                 0000000180015d30 f   libcmt:heapinit.obj
 0001:00014d60       __security_check_cookie    0000000180015d60 f   libcmt:amdsecgs.obj
 0001:00014d80       __security_init_cookie     0000000180015d80 f   libcmt:gs_support.obj
 0001:00014e34       _NMSG_WRITE                0000000180015e34 f   libcmt:crt0msg.obj
 0001:0001502c       _FF_MSGBANNER              000000018001602c f   libcmt:crt0msg.obj
 0001:00015070       _mtinitlocks               0000000180016070 f   libcmt:mlock.obj
 0001:00015100       _mtdeletelocks             0000000180016100 f   libcmt:mlock.obj
 0001:00015184       _unlock                    0000000180016184 f   libcmt:mlock.obj
 0001:0001519c       _mtinitlocknum             000000018001619c f   libcmt:mlock.obj
 0001:00015284       _lock                      0000000180016284 f   libcmt:mlock.obj
 0001:000152c8       _invoke_watson             00000001800162c8 f   libcmt:invarg.obj
 0001:0001536c       _invalid_parameter         000000018001636c f   libcmt:invarg.obj
 0001:00015384       _get_errno_from_oserr      0000000180016384 f   libcmt:dosmap.obj
 0001:000153cc       _errno                     00000001800163cc f   libcmt:dosmap.obj
 0001:000153ec       _initp_misc_cfltcvt_tab    00000001800163ec f   libcmt:cmiscdat.obj
 0001:00015424       ?terminate@@YAXXZ          0000000180016424 f   libcmt:hooks.obj
 0001:00015448       _initp_eh_hooks            0000000180016448 f   libcmt:hooks.obj
 0001:00015464       _initp_misc_winsig         0000000180016464 f   libcmt:winsig.obj
 0001:00015484       __get_sigabrt              0000000180016484 f   libcmt:winsig.obj
 0001:00015490       raise                      0000000180016490 f   libcmt:winsig.obj
 0001:00015704       _initp_misc_rand_s         0000000180016704 f   libcmt:rand_s.obj
 0001:0001570c       ?OnThreadStopped@?$CQueueProcessor@PEAUIMAGE_CACHE_INFO@@@@MEAAXXZ 000000018001670c f   ImgCache.obj
 0001:0001570c       ?LoadPanelItemInfoA@@YAXPEAUCeFullPanelInfo@@_J@Z 000000018001670c f   ConEmuThA.obj
 0001:0001570c       ?SettingsLoadOtherW1900@@YAXXZ 000000018001670c f   ConEmuTh1900.obj
 0001:0001570c       __set_flsgetvalue          000000018001670c f   libcmt:tidtable.obj
 0001:0001570c       ?SettingsLoadOtherW2800@@YAXXZ 000000018001670c f   ConEmuTh2800.obj
 0001:0001570c       ?OnItemReady@?$CQueueProcessor@PEAUIMAGE_CACHE_INFO@@@@MEAAXAEAPEAUIMAGE_CACHE_INFO@@_J@Z 000000018001670c f   ImgCache.obj
 0001:0001570c       ?OnItemFailed@?$CQueueProcessor@PEAUIMAGE_CACHE_INFO@@@@MEAAXAEAPEAUIMAGE_CACHE_INFO@@_J@Z 000000018001670c f   ImgCache.obj
 0001:0001570c       ?ApplyChanges@?$CQueueProcessor@PEAUIMAGE_CACHE_INFO@@@@MEAAXAEAPEAUIMAGE_CACHE_INFO@@AEBQEAU2@@Z 000000018001670c f   ImgCache.obj
 0001:0001570c       ?FreeItem@?$CQueueProcessor@PEAUIMAGE_CACHE_INFO@@@@MEAAXAEBQEAUIMAGE_CACHE_INFO@@@Z 000000018001670c f   ImgCache.obj
 0001:0001570c       _initp_misc_initcrit       000000018001670c f   libcmt:initcrit.obj
 0001:0001570c       _initp_misc_winxfltr       000000018001670c f   libcmt:winxfltr.obj
 0001:00015710       __crtInitCritSecAndSpinCount 0000000180016710 f   libcmt:initcrit.obj
 0001:00015710       __crtInitCritSecAndSpinCountEx 0000000180016710 f   libcmt:initcrit.obj
 0001:00015718       _initp_heap_handler        0000000180016718 f   libcmt:handler.obj
 0001:00015720       _callnewh                  0000000180016720 f   libcmt:handler.obj
 0001:00015754       __freetlocinfo             0000000180016754 f   libcmt:setlocal.obj
 0001:000158d0       __addlocaleref             00000001800168d0 f   libcmt:setlocal.obj
 0001:00015968       __removelocaleref          0000000180016968 f   libcmt:setlocal.obj
 0001:00015a68       __updatetlocinfo           0000000180016a68 f   libcmt:setlocal.obj
 0001:00015d5c       __updatetmbcinfo           0000000180016d5c f   libcmt:mbctype.obj
 0001:00015e1c       ??0_LocaleUpdate@@QEAA@PEAUlocaleinfo_struct@@@Z 0000000180016e1c f i libcmt:mbctype.obj
 0001:00015f80       _setmbcp_nolock            0000000180016f80 f   libcmt:mbctype.obj
 0001:000161d0       _setmbcp                   00000001800171d0 f   libcmt:mbctype.obj
 0001:000163c8       __initmbctable             00000001800173c8 f   libcmt:mbctype.obj
 0001:000163f0       _calloc_crt                00000001800173f0 f   libcmt:crtheap.obj
 0001:00016474       strcpy_s                   0000000180017474 f   libcmt:strcpy_s.obj
 0001:00016564       _ismbblead                 0000000180017564 f   libcmt:ismbbyte.obj
 0001:00016578       malloc                     0000000180017578 f   libcmt:malloc.obj
 0001:00016630       __report_gsfailure         0000000180017630 f   libcmt:gs_report.obj
 0001:00016754       __crtMessageBoxA           0000000180017754 f   libcmt:crtmbox.obj
 0001:00016988       strcat_s                   0000000180017988 f   libcmt:strcat_s.obj
 0001:00016a14       _set_error_mode            0000000180017a14 f   libcmt:errmode.obj
 0001:00016a64       _fptrap                    0000000180017a64 f   libcmt:crt0fp.obj
 0001:00016a70       abort                      0000000180017a70 f   libcmt:abort.obj
 0001:00016b14       __free_lc_time             0000000180017b14 f   libcmt:inittime.obj
 0001:00016f04       __free_lconv_num           0000000180017f04 f   libcmt:initnum.obj
 0001:00016f70       __free_lconv_mon           0000000180017f70 f   libcmt:initmon.obj
 0001:000171dc       __crtGetStringTypeA        00000001800181dc f   libcmt:_a_str.obj
 0001:00017280       strncmp                    0000000180018280 f   libcmt:strncmp.obj
 0001:00017760       __crtLCMapStringA          0000000180018760 f   libcmt:_a_map.obj
 0001:00017800       __GSHandlerCheck_SEH       0000000180018800 f   libcmt:gshandlerseh.obj
 0001:00017894       _resetstkoflw              0000000180018894 f   libcmt:resetstk.obj
 0001:000179c8       Thread32Next               00000001800189c8 f   kernel32:KERNEL32.dll
 0001:000179ce       Thread32First              00000001800189ce f   kernel32:KERNEL32.dll
 0001:000179d4       CreateToolhelp32Snapshot   00000001800189d4 f   kernel32:KERNEL32.dll
 0001:000179da       Process32NextW             00000001800189da f   kernel32:KERNEL32.dll
 0001:000179e0       Process32FirstW            00000001800189e0 f   kernel32:KERNEL32.dll
 0001:000179e6       RtlVirtualUnwind           00000001800189e6 f   kernel32:KERNEL32.dll
 0001:000179ec       RtlLookupFunctionEntry     00000001800189ec f   kernel32:KERNEL32.dll
 0001:00017a10       _alloca_probe              0000000180018a10     libcmt:chkstk.obj
 0001:00017a10       __chkstk                   0000000180018a10 f   libcmt:chkstk.obj
 0002:00000000       __imp_RegCreateKeyExW      0000000180019000     advapi32:ADVAPI32.dll
 0002:00000008       __imp_RegSetValueExW       0000000180019008     advapi32:ADVAPI32.dll
 0002:00000010       __imp_RegOpenKeyExW        0000000180019010     advapi32:ADVAPI32.dll
 0002:00000018       __imp_RegQueryValueExW     0000000180019018     advapi32:ADVAPI32.dll
 0002:00000020       __imp_RegCloseKey          0000000180019020     advapi32:ADVAPI32.dll
 0002:00000028       \177ADVAPI32_NULL_THUNK_DATA 0000000180019028     advapi32:ADVAPI32.dll
 0002:00000030       __imp_CreateCompatibleBitmap 0000000180019030     gdi32:GDI32.dll
 0002:00000038       __imp_CreateCompatibleDC   0000000180019038     gdi32:GDI32.dll
 0002:00000040       __imp_CreateFontW          0000000180019040     gdi32:GDI32.dll
 0002:00000048       __imp_BitBlt               0000000180019048     gdi32:GDI32.dll
 0002:00000050       __imp_CreateDIBSection     0000000180019050     gdi32:GDI32.dll
 0002:00000058       __imp_GdiFlush             0000000180019058     gdi32:GDI32.dll
 0002:00000060       __imp_GetObjectW           0000000180019060     gdi32:GDI32.dll
 0002:00000068       __imp_StretchBlt           0000000180019068     gdi32:GDI32.dll
 0002:00000070       __imp_GdiAlphaBlend        0000000180019070     gdi32:GDI32.dll
 0002:00000078       __imp_SetStretchBltMode    0000000180019078     gdi32:GDI32.dll
 0002:00000080       __imp_DeleteDC             0000000180019080     gdi32:GDI32.dll
 0002:00000088       __imp_SelectObject         0000000180019088     gdi32:GDI32.dll
 0002:00000090       __imp_Rectangle            0000000180019090     gdi32:GDI32.dll
 0002:00000098       __imp_SetTextColor         0000000180019098     gdi32:GDI32.dll
 0002:000000a0       __imp_SetBkColor           00000001800190a0     gdi32:GDI32.dll
 0002:000000a8       __imp_CreatePen            00000001800190a8     gdi32:GDI32.dll
 0002:000000b0       __imp_MoveToEx             00000001800190b0     gdi32:GDI32.dll
 0002:000000b8       __imp_LineTo               00000001800190b8     gdi32:GDI32.dll
 0002:000000c0       __imp_GetStockObject       00000001800190c0     gdi32:GDI32.dll
 0002:000000c8       __imp_CreateSolidBrush     00000001800190c8     gdi32:GDI32.dll
 0002:000000d0       __imp_DeleteObject         00000001800190d0     gdi32:GDI32.dll
 0002:000000d8       \177GDI32_NULL_THUNK_DATA  00000001800190d8     gdi32:GDI32.dll
 0002:000000e0       __imp_Thread32Next         00000001800190e0     kernel32:KERNEL32.dll
 0002:000000e8       __imp_Thread32First        00000001800190e8     kernel32:KERNEL32.dll
 0002:000000f0       __imp_CreateToolhelp32Snapshot 00000001800190f0     kernel32:KERNEL32.dll
 0002:000000f8       __imp_VirtualProtect       00000001800190f8     kernel32:KERNEL32.dll
 0002:00000100       __imp_WriteConsoleInputW   0000000180019100     kernel32:KERNEL32.dll
 0002:00000108       __imp_GetStdHandle         0000000180019108     kernel32:KERNEL32.dll
 0002:00000110       __imp_WideCharToMultiByte  0000000180019110     kernel32:KERNEL32.dll
 0002:00000118       __imp_LocalFree            0000000180019118     kernel32:KERNEL32.dll
 0002:00000120       __imp_lstrcpyW             0000000180019120     kernel32:KERNEL32.dll
 0002:00000128       __imp_ReadConsoleInputW    0000000180019128     kernel32:KERNEL32.dll
 0002:00000130       __imp_lstrcpynA            0000000180019130     kernel32:KERNEL32.dll
 0002:00000138       __imp_MultiByteToWideChar  0000000180019138     kernel32:KERNEL32.dll
 0002:00000140       __imp_lstrlenA             0000000180019140     kernel32:KERNEL32.dll
 0002:00000148       __imp_LocalAlloc           0000000180019148     kernel32:KERNEL32.dll
 0002:00000150       __imp_FileTimeToSystemTime 0000000180019150     kernel32:KERNEL32.dll
 0002:00000158       __imp_GetExitCodeThread    0000000180019158     kernel32:KERNEL32.dll
 0002:00000160       __imp_WaitForMultipleObjects 0000000180019160     kernel32:KERNEL32.dll
 0002:00000168       __imp_CreateEventW         0000000180019168     kernel32:KERNEL32.dll
 0002:00000170       __imp_SetEvent             0000000180019170     kernel32:KERNEL32.dll
 0002:00000178       __imp_VirtualAlloc         0000000180019178     kernel32:KERNEL32.dll
 0002:00000180       __imp_FindClose            0000000180019180     kernel32:KERNEL32.dll
 0002:00000188       __imp_FindNextFileW        0000000180019188     kernel32:KERNEL32.dll
 0002:00000190       __imp_FreeLibrary          0000000180019190     kernel32:KERNEL32.dll
 0002:00000198       __imp_FindFirstFileW       0000000180019198     kernel32:KERNEL32.dll
 0002:000001a0       __imp_GetTempPathW         00000001800191a0     kernel32:KERNEL32.dll
 0002:000001a8       __imp_IsBadReadPtr         00000001800191a8     kernel32:KERNEL32.dll
 0002:000001b0       __imp_ResetEvent           00000001800191b0     kernel32:KERNEL32.dll
 0002:000001b8       __imp_HeapCreate           00000001800191b8     kernel32:KERNEL32.dll
 0002:000001c0       __imp_HeapDestroy          00000001800191c0     kernel32:KERNEL32.dll
 0002:000001c8       __imp_HeapAlloc            00000001800191c8     kernel32:KERNEL32.dll
 0002:000001d0       __imp_HeapReAlloc          00000001800191d0     kernel32:KERNEL32.dll
 0002:000001d8       __imp_HeapFree             00000001800191d8     kernel32:KERNEL32.dll
 0002:000001e0       __imp_OpenThread           00000001800191e0     kernel32:KERNEL32.dll
 0002:000001e8       __imp_InitializeCriticalSection 00000001800191e8     kernel32:KERNEL32.dll
 0002:000001f0       __imp_DeleteCriticalSection 00000001800191f0     kernel32:KERNEL32.dll
 0002:000001f8       __imp_EnterCriticalSection 00000001800191f8     kernel32:KERNEL32.dll
 0002:00000200       __imp_LeaveCriticalSection 0000000180019200     kernel32:KERNEL32.dll
 0002:00000208       __imp_TryEnterCriticalSection 0000000180019208     kernel32:KERNEL32.dll
 0002:00000210       __imp_VerifyVersionInfoW   0000000180019210     kernel32:KERNEL32.dll
 0002:00000218       __imp_VerSetConditionMask  0000000180019218     kernel32:KERNEL32.dll
 0002:00000220       __imp_ReadConsoleOutputW   0000000180019220     kernel32:KERNEL32.dll
 0002:00000228       __imp_GetConsoleScreenBufferInfo 0000000180019228     kernel32:KERNEL32.dll
 0002:00000230       __imp_GetFileInformationByHandle 0000000180019230     kernel32:KERNEL32.dll
 0002:00000238       __imp_GetVersionExW        0000000180019238     kernel32:KERNEL32.dll
 0002:00000240       __imp_Process32NextW       0000000180019240     kernel32:KERNEL32.dll
 0002:00000248       __imp_CreateFileMappingW   0000000180019248     kernel32:KERNEL32.dll
 0002:00000250       __imp_GetSystemInfo        0000000180019250     kernel32:KERNEL32.dll
 0002:00000258       __imp_ExpandEnvironmentStringsW 0000000180019258     kernel32:KERNEL32.dll
 0002:00000260       __imp_GetEnvironmentVariableW 0000000180019260     kernel32:KERNEL32.dll
 0002:00000268       __imp_TerminateThread      0000000180019268     kernel32:KERNEL32.dll
 0002:00000270       __imp_RaiseException       0000000180019270     kernel32:KERNEL32.dll
 0002:00000278       __imp_ResumeThread         0000000180019278     kernel32:KERNEL32.dll
 0002:00000280       __imp_CreateThread         0000000180019280     kernel32:KERNEL32.dll
 0002:00000288       __imp_GetCurrentProcess    0000000180019288     kernel32:KERNEL32.dll
 0002:00000290       __imp_RtlUnwindEx          0000000180019290     kernel32:KERNEL32.dll
 0002:00000298       __imp_FlsSetValue          0000000180019298     kernel32:KERNEL32.dll
 0002:000002a0       __imp_GetCommandLineA      00000001800192a0     kernel32:KERNEL32.dll
 0002:000002a8       __imp_ExitProcess          00000001800192a8     kernel32:KERNEL32.dll
 0002:000002b0       __imp_EncodePointer        00000001800192b0     kernel32:KERNEL32.dll
 0002:000002b8       __imp_DecodePointer        00000001800192b8     kernel32:KERNEL32.dll
 0002:000002c0       __imp_FlsFree              00000001800192c0     kernel32:KERNEL32.dll
 0002:000002c8       __imp_FlsGetValue          00000001800192c8     kernel32:KERNEL32.dll
 0002:000002d0       __imp_FlsAlloc             00000001800192d0     kernel32:KERNEL32.dll
 0002:000002d8       __imp_SetHandleCount       00000001800192d8     kernel32:KERNEL32.dll
 0002:000002e0       __imp_GetFileType          00000001800192e0     kernel32:KERNEL32.dll
 0002:000002e8       __imp_GetStartupInfoW      00000001800192e8     kernel32:KERNEL32.dll
 0002:000002f0       __imp_GetModuleFileNameA   00000001800192f0     kernel32:KERNEL32.dll
 0002:000002f8       __imp_FreeEnvironmentStringsW 00000001800192f8     kernel32:KERNEL32.dll
 0002:00000300       __imp_LoadLibraryW         0000000180019300     kernel32:KERNEL32.dll
 0002:00000308       __imp_HeapSetInformation   0000000180019308     kernel32:KERNEL32.dll
 0002:00000310       __imp_QueryPerformanceCounter 0000000180019310     kernel32:KERNEL32.dll
 0002:00000318       __imp_GetSystemTimeAsFileTime 0000000180019318     kernel32:KERNEL32.dll
 0002:00000320       __imp_OutputDebugStringA   0000000180019320     kernel32:KERNEL32.dll
 0002:00000328       __imp_RtlVirtualUnwind     0000000180019328     kernel32:KERNEL32.dll
 0002:00000330       __imp_RtlLookupFunctionEntry 0000000180019330     kernel32:KERNEL32.dll
 0002:00000338       __imp_RtlCaptureContext    0000000180019338     kernel32:KERNEL32.dll
 0002:00000340       __imp_InitializeCriticalSectionAndSpinCount 0000000180019340     kernel32:KERNEL32.dll
 0002:00000348       __imp_GetCPInfo            0000000180019348     kernel32:KERNEL32.dll
 0002:00000350       __imp_GetACP               0000000180019350     kernel32:KERNEL32.dll
 0002:00000358       __imp_GetOEMCP             0000000180019358     kernel32:KERNEL32.dll
 0002:00000360       __imp_TerminateProcess     0000000180019360     kernel32:KERNEL32.dll
 0002:00000368       __imp_UnhandledExceptionFilter 0000000180019368     kernel32:KERNEL32.dll
 0002:00000370       __imp_SetUnhandledExceptionFilter 0000000180019370     kernel32:KERNEL32.dll
 0002:00000378       __imp_LoadLibraryExW       0000000180019378     kernel32:KERNEL32.dll
 0002:00000380       __imp_GetStringTypeW       0000000180019380     kernel32:KERNEL32.dll
 0002:00000388       __imp_LCMapStringW         0000000180019388     kernel32:KERNEL32.dll
 0002:00000390       __imp_SetThreadStackGuarantee 0000000180019390     kernel32:KERNEL32.dll
 0002:00000398       __imp_VirtualQuery         0000000180019398     kernel32:KERNEL32.dll
 0002:000003a0       __imp_WriteFile            00000001800193a0     kernel32:KERNEL32.dll
 0002:000003a8       __imp_TransactNamedPipe    00000001800193a8     kernel32:KERNEL32.dll
 0002:000003b0       __imp_ReadFile             00000001800193b0     kernel32:KERNEL32.dll
 0002:000003b8       __imp_CreateFileW          00000001800193b8     kernel32:KERNEL32.dll
 0002:000003c0       __imp_WaitForSingleObject  00000001800193c0     kernel32:KERNEL32.dll
 0002:000003c8       __imp_WaitNamedPipeW       00000001800193c8     kernel32:KERNEL32.dll
 0002:000003d0       __imp_Sleep                00000001800193d0     kernel32:KERNEL32.dll
 0002:000003d8       __imp_SetNamedPipeHandleState 00000001800193d8     kernel32:KERNEL32.dll
 0002:000003e0       __imp_GetModuleFileNameW   00000001800193e0     kernel32:KERNEL32.dll
 0002:000003e8       __imp_OpenFileMappingW     00000001800193e8     kernel32:KERNEL32.dll
 0002:000003f0       __imp_MapViewOfFile        00000001800193f0     kernel32:KERNEL32.dll
 0002:000003f8       __imp_UnmapViewOfFile      00000001800193f8     kernel32:KERNEL32.dll
 0002:00000400       __imp_CloseHandle          0000000180019400     kernel32:KERNEL32.dll
 0002:00000408       __imp_SetLastError         0000000180019408     kernel32:KERNEL32.dll
 0002:00000410       __imp_GetCurrentThreadId   0000000180019410     kernel32:KERNEL32.dll
 0002:00000418       __imp_GetCurrentProcessId  0000000180019418     kernel32:KERNEL32.dll
 0002:00000420       __imp_GetTickCount         0000000180019420     kernel32:KERNEL32.dll
 0002:00000428       __imp_GetLastError         0000000180019428     kernel32:KERNEL32.dll
 0002:00000430       __imp_IsDebuggerPresent    0000000180019430     kernel32:KERNEL32.dll
 0002:00000438       __imp_lstrcmpiW            0000000180019438     kernel32:KERNEL32.dll
 0002:00000440       __imp_lstrcmpW             0000000180019440     kernel32:KERNEL32.dll
 0002:00000448       __imp_GetModuleHandleW     0000000180019448     kernel32:KERNEL32.dll
 0002:00000450       __imp_GetProcAddress       0000000180019450     kernel32:KERNEL32.dll
 0002:00000458       __imp_lstrcpynW            0000000180019458     kernel32:KERNEL32.dll
 0002:00000460       __imp_SetEnvironmentVariableW 0000000180019460     kernel32:KERNEL32.dll
 0002:00000468       __imp_lstrlenW             0000000180019468     kernel32:KERNEL32.dll
 0002:00000470       __imp_Process32FirstW      0000000180019470     kernel32:KERNEL32.dll
 0002:00000478       __imp_GetEnvironmentStringsW 0000000180019478     kernel32:KERNEL32.dll
 0002:00000480       \177KERNEL32_NULL_THUNK_DATA 0000000180019480     kernel32:KERNEL32.dll
 0002:00000488       __imp_SHGetFileInfoW       0000000180019488     shell32:SHELL32.dll
 0002:00000490       \177SHELL32_NULL_THUNK_DATA 0000000180019490     shell32:SHELL32.dll
 0002:00000498       __imp_DispatchMessageW     0000000180019498     user32:USER32.dll
 0002:000004a0       __imp_RegisterWindowMessageW 00000001800194a0     user32:USER32.dll
 0002:000004a8       __imp_ReleaseDC            00000001800194a8     user32:USER32.dll
 0002:000004b0       __imp_GetDC                00000001800194b0     user32:USER32.dll
 0002:000004b8       __imp_DestroyIcon          00000001800194b8     user32:USER32.dll
 0002:000004c0       __imp_DrawIconEx           00000001800194c0     user32:USER32.dll
 0002:000004c8       __imp_GetIconInfo          00000001800194c8     user32:USER32.dll
 0002:000004d0       __imp_LoadIconW            00000001800194d0     user32:USER32.dll
 0002:000004d8       __imp_wsprintfA            00000001800194d8     user32:USER32.dll
 0002:000004e0       __imp_ShowWindow           00000001800194e0     user32:USER32.dll
 0002:000004e8       __imp_LoadCursorW          00000001800194e8     user32:USER32.dll
 0002:000004f0       __imp_RegisterClassW       00000001800194f0     user32:USER32.dll
 0002:000004f8       __imp_CreateWindowExW      00000001800194f8     user32:USER32.dll
 0002:00000500       __imp_SetWindowLongW       0000000180019500     user32:USER32.dll
 0002:00000508       __imp_DefWindowProcW       0000000180019508     user32:USER32.dll
 0002:00000510       __imp_DestroyWindow        0000000180019510     user32:USER32.dll
 0002:00000518       __imp_PostThreadMessageW   0000000180019518     user32:USER32.dll
 0002:00000520       __imp_BeginPaint           0000000180019520     user32:USER32.dll
 0002:00000528       __imp_GetMessageW          0000000180019528     user32:USER32.dll
 0002:00000530       __imp_SetWindowLongPtrW    0000000180019530     user32:USER32.dll
 0002:00000538       __imp_InvalidateRect       0000000180019538     user32:USER32.dll
 0002:00000540       __imp_DrawTextW            0000000180019540     user32:USER32.dll
 0002:00000548       __imp_FillRect             0000000180019548     user32:USER32.dll
 0002:00000550       __imp_ShowWindowAsync      0000000180019550     user32:USER32.dll
 0002:00000558       __imp_PostMessageW         0000000180019558     user32:USER32.dll
 0002:00000560       __imp_GetWindowThreadProcessId 0000000180019560     user32:USER32.dll
 0002:00000568       __imp_MessageBoxW          0000000180019568     user32:USER32.dll
 0002:00000570       __imp_IsWindowVisible      0000000180019570     user32:USER32.dll
 0002:00000578       __imp_GetClientRect        0000000180019578     user32:USER32.dll
 0002:00000580       __imp_MapWindowPoints      0000000180019580     user32:USER32.dll
 0002:00000588       __imp_ChildWindowFromPointEx 0000000180019588     user32:USER32.dll
 0002:00000590       __imp_WindowFromPoint      0000000180019590     user32:USER32.dll
 0002:00000598       __imp_IntersectRect        0000000180019598     user32:USER32.dll
 0002:000005a0       __imp_wsprintfW            00000001800195a0     user32:USER32.dll
 0002:000005a8       __imp_GetKeyState          00000001800195a8     user32:USER32.dll
 0002:000005b0       __imp_GetClassNameW        00000001800195b0     user32:USER32.dll
 0002:000005b8       __imp_GetWindowLongPtrW    00000001800195b8     user32:USER32.dll
 0002:000005c0       __imp_IsWindow             00000001800195c0     user32:USER32.dll
 0002:000005c8       __imp_MapVirtualKeyW       00000001800195c8     user32:USER32.dll
 0002:000005d0       __imp_EndPaint             00000001800195d0     user32:USER32.dll
 0002:000005d8       __imp_UnregisterClassW     00000001800195d8     user32:USER32.dll
 0002:000005e0       \177USER32_NULL_THUNK_DATA 00000001800195e0     user32:USER32.dll
 0002:000005e8       __imp_GetFileVersionInfoW  00000001800195e8     version:VERSION.dll
 0002:000005f0       __imp_VerQueryValueW       00000001800195f0     version:VERSION.dll
 0002:000005f8       __imp_GetFileVersionInfoSizeW 00000001800195f8     version:VERSION.dll
 0002:00000600       \177VERSION_NULL_THUNK_DATA 0000000180019600     version:VERSION.dll
 0002:00000608       __imp_CoInitialize         0000000180019608     ole32:ole32.dll
 0002:00000610       __imp_CoUninitialize       0000000180019610     ole32:ole32.dll
 0002:00000618       \177ole32_NULL_THUNK_DATA  0000000180019618     ole32:ole32.dll
 0002:00000620       __xc_a                     0000000180019620     libcmt:crt0init.obj
 0002:00000628       __xc_z                     0000000180019628     libcmt:crt0init.obj
 0002:00000630       __xi_a                     0000000180019630     libcmt:crt0init.obj
 0002:00000640       __xi_z                     0000000180019640     libcmt:crt0init.obj
 0002:00000648       __xp_a                     0000000180019648     libcmt:crt0init.obj
 0002:00000650       __xp_z                     0000000180019650     libcmt:crt0init.obj
 0002:00000658       __xt_a                     0000000180019658     libcmt:crt0init.obj
 0002:00000660       __xt_z                     0000000180019660     libcmt:crt0init.obj
 0002:00000670       ??_C@_19IJOJOJIB@?$AAP?$AAA?$AAT?$AAH?$AA?$AA@ 0000000180019670     CmdArg.obj
 0002:00000680       ??_C@_1EHK@JMHPNAMN@?$AAA?$AAC?$AAT?$AAI?$AAV?$AAA?$AAT?$AAE?$AA?$AA?$AAA?$AAL?$AAI?$AAA?$AAS?$AA?$AA?$AAA?$AAS?$AAS?$AAO?$AAC?$AA?$AA?$AAA?$AAT?$AAT?$AAR?$AAI?$AAB?$AA?$AA?$AAB?$AAE?$AAE?$AAP@ 0000000180019680     CmdLine.obj
 0002:00000afc       ??_C@_11LOCGONAA@?$AA?$AA@ 0000000180019afc     CmdLine.obj
 0002:00000b00       ??_C@_13FPGAJAPJ@?$AA?2?$AA?$AA@ 0000000180019b00     CmdLine.obj
 0002:00000b08       ??_C@_19DOGDICKI@?$AA?4?$AAe?$AAx?$AAe?$AA?$AA@ 0000000180019b08     CmdLine.obj
 0002:00000b18       ??_C@_1BA@LEPJIIOK@?$AAU?$AAn?$AAk?$AAn?$AAo?$AAw?$AAn?$AA?$AA@ 0000000180019b18     ConEmuCheck.obj
 0002:00000b30       ??_C@_1EM@INHGIPLC@?$AA?$CF?$AAs?$AA?4?$AA?$CF?$AAu?$AA?3?$AA?5?$AAC?$AAr?$AAe?$AAa?$AAt?$AAe?$AAF?$AAi?$AAl?$AAe?$AA?$CI?$AA?$CF?$AAs?$AA?$CJ?$AA?5?$AAf?$AAa?$AAi?$AAl?$AAe?$AAd?$AA?0?$AA?5?$AAc?$AAo@ 0000000180019b30     ConEmuCheck.obj
 0002:00000b80       ??_C@_1DC@MJLCOFMA@?$AA?2?$AA?2?$AA?$CF?$AAs?$AA?2?$AAp?$AAi?$AAp?$AAe?$AA?2?$AAC?$AAo?$AAn?$AAE?$AAm?$AAu?$AAG?$AAu?$AAi?$AA?4?$AA?$CF?$AA0?$AA8?$AAX?$AA?$AA@ 0000000180019b80     ConEmuCheck.obj
 0002:00000bb4       ??_C@_13JOFGPIOO@?$AA?4?$AA?$AA@ 0000000180019bb4     ConEmuCheck.obj
 0002:00000bc0       ??_C@_1FO@BGAPBIGG@?$AAC?$AAa?$AAn?$AA?8?$AAt?$AA?5?$AAm?$AAa?$AAp?$AA?5?$AAc?$AAo?$AAn?$AAs?$AAo?$AAl?$AAe?$AA?5?$AAi?$AAn?$AAf?$AAo?$AA?5?$AA?$CI?$AA?$CF?$AAs?$AA?$CJ?$AA?4?$AA?5?$AAE?$AAr?$AAr@ 0000000180019bc0     ConEmuCheck.obj
 0002:00000c20       ??_C@_19EOHDNDII@?$AAR?$AAe?$AAa?$AAd?$AA?$AA@ 0000000180019c20     ConEmuCheck.obj
 0002:00000c30       ??_C@_1BE@HADLJAO@?$AAR?$AAe?$AAa?$AAd?$AAW?$AAr?$AAi?$AAt?$AAe?$AA?$AA@ 0000000180019c30     ConEmuCheck.obj
 0002:00000c50       ??_C@_1GM@LGOLGABE@?$AAC?$AAa?$AAn?$AA?8?$AAt?$AA?5?$AA?$CF?$AAs?$AA?5?$AAc?$AAo?$AAn?$AAs?$AAo?$AAl?$AAe?$AA?5?$AAd?$AAa?$AAt?$AAa?$AA?5?$AAf?$AAi?$AAl?$AAe?$AA?5?$AAm?$AAa?$AAp?$AAp?$AAi@ 0000000180019c50     ConEmuCheck.obj
 0002:00000cc0       ??_C@_19BDAJEHDN@?$AAo?$AAp?$AAe?$AAn?$AA?$AA@ 0000000180019cc0     ConEmuCheck.obj
 0002:00000cd0       ??_C@_1O@KBENBEFG@?$AAc?$AAr?$AAe?$AAa?$AAt?$AAe?$AA?$AA@ 0000000180019cd0     ConEmuCheck.obj
 0002:00000ce0       ??_C@_1GK@OGACKIKJ@?$AAI?$AAn?$AAt?$AAe?$AAr?$AAn?$AAa?$AAl?$AA?5?$AAe?$AAr?$AAr?$AAo?$AAr?$AA?4?$AA?5?$AAM?$AAa?$AAp?$AAp?$AAi?$AAn?$AAg?$AA?5?$AAf?$AAi?$AAl?$AAe?$AA?5?$AAn?$AAa?$AAm@ 0000000180019ce0     ConEmuCheck.obj
 0002:00000d50       ??_C@_0BF@NLPJFAHE@ProcessSynchroEventW?$AA@ 0000000180019d50     ConEmuTh.obj
 0002:00000d68       ??_C@_08BCACMCCB@ExitFARW?$AA@ 0000000180019d68     ConEmuTh.obj
 0002:00000d78       ??_C@_1BO@KCLMEFLE@?$AAR?$AAi?$AAg?$AAh?$AAt?$AAP?$AAa?$AAn?$AAe?$AAl?$AAV?$AAi?$AAe?$AAw?$AA?$AA@ 0000000180019d78     ConEmuTh.obj
 0002:00000d98       ??_C@_1BM@HEIDIPPL@?$AAL?$AAe?$AAf?$AAt?$AAP?$AAa?$AAn?$AAe?$AAl?$AAV?$AAi?$AAe?$AAw?$AA?$AA@ 0000000180019d98     ConEmuTh.obj
 0002:00000db8       ??_C@_1CA@GGFPMHLH@?$AA?6?$AAE?$AAr?$AAr?$AAC?$AAo?$AAd?$AAe?$AA?$DN?$AA0?$AAx?$AA?$CF?$AA0?$AA8?$AAX?$AA?$AA@ 0000000180019db8     ConEmuTh.obj
 0002:00000de0       ??_C@_1EG@IINOBDEG@?$AAI?$AAn?$AAv?$AAa?$AAl?$AAi?$AAd?$AA?5?$AAa?$AAs?$AAM?$AAo?$AAd?$AAu?$AAl?$AAe?$AAP?$AAa?$AAt?$AAh?$AA?5?$AAw?$AAa?$AAs?$AA?5?$AAs?$AAp?$AAe?$AAc?$AAi?$AAf?$AAi@ 0000000180019de0     ConEmuTh.obj
 0002:00000e30       ??_C@_1GC@CPPHDKJK@?$AAL?$AAo?$AAa?$AAd?$AAA?$AAp?$AAp?$AAV?$AAe?$AAr?$AAs?$AAi?$AAo?$AAn?$AA?4?$AAG?$AAe?$AAt?$AAF?$AAi?$AAl?$AAe?$AAV?$AAe?$AAr?$AAs?$AAi?$AAo?$AAn?$AAI?$AAn?$AAf@ 0000000180019e30     ConEmuTh.obj
 0002:00000ea0       ??_C@_1GC@BINFLBDC@?$AAL?$AAo?$AAa?$AAd?$AAA?$AAp?$AAp?$AAV?$AAe?$AAr?$AAs?$AAi?$AAo?$AAn?$AA?5?$AAf?$AAa?$AAi?$AAl?$AAe?$AAd?$AA?$CB?$AA?5?$AAC?$AAa?$AAn?$AA?8?$AAt?$AA?5?$AAa?$AAl?$AAl@ 0000000180019ea0     ConEmuTh.obj
 0002:00000f10       ??_C@_1FK@HILEEFML@?$AAL?$AAo?$AAa?$AAd?$AAA?$AAp?$AAp?$AAV?$AAe?$AAr?$AAs?$AAi?$AAo?$AAn?$AA?4?$AAG?$AAe?$AAt?$AAF?$AAi?$AAl?$AAe?$AAV?$AAe?$AAr?$AAs?$AAi?$AAo?$AAn?$AAI?$AAn?$AAf@ 0000000180019f10     ConEmuTh.obj
 0002:00000f70       ??_C@_1FG@DPPGENBC@?$AAL?$AAo?$AAa?$AAd?$AAA?$AAp?$AAp?$AAV?$AAe?$AAr?$AAs?$AAi?$AAo?$AAn?$AA?4?$AAV?$AAe?$AAr?$AAQ?$AAu?$AAe?$AAr?$AAy?$AAV?$AAa?$AAl?$AAu?$AAe?$AA?$CI?$AA?$CC?$AA?2?$AA?$CC@ 0000000180019f70     ConEmuTh.obj
 0002:00000fd0       ??_C@_1FG@LNADFPCE@?$AAL?$AAo?$AAa?$AAd?$AAF?$AAa?$AAr?$AAV?$AAe?$AAr?$AAs?$AAi?$AAo?$AAn?$AA?4?$AAG?$AAe?$AAt?$AAM?$AAo?$AAd?$AAu?$AAl?$AAe?$AAF?$AAi?$AAl?$AAe?$AAN?$AAa?$AAm?$AAe@ 0000000180019fd0     ConEmuTh.obj
 0002:00001028       ??_C@_1DC@FOGHAECG@?$AAF?$AAa?$AAr?$AAM?$AAu?$AAl?$AAt?$AAi?$AAV?$AAi?$AAe?$AAw?$AAC?$AAo?$AAn?$AAt?$AAr?$AAo?$AAl?$AAC?$AAl?$AAa?$AAs?$AAs?$AA?$AA@ 000000018001a028     ConEmuTh.obj
 0002:00001060       ??_C@_1DG@DBEAEOKG@?$AAF?$AAa?$AAr?$AAP?$AAi?$AAc?$AAt?$AAu?$AAr?$AAe?$AAV?$AAi?$AAe?$AAw?$AAC?$AAo?$AAn?$AAt?$AAr?$AAo?$AAl?$AAC?$AAl?$AAa?$AAs?$AAs?$AA?$AA@ 000000018001a060     ConEmuTh.obj
 0002:00001098       ??_C@_1BI@GILFJGEK@?$AAB?$AAu?$AAt?$AAt?$AAo?$AAn?$AAC?$AAo?$AAl?$AAo?$AAr?$AA?$AA@ 000000018001a098     ConEmuTh.obj
 0002:000010b0       ??_C@_1BK@NFAPLMGI@?$AAS?$AAe?$AAp?$AAa?$AAr?$AAa?$AAt?$AAe?$AAT?$AAa?$AAb?$AAs?$AA?$AA@ 000000018001a0b0     ConEmuTh.obj
 0002:000010d0       ??_C@_1CG@HOMCPCN@?$AA?2?$AAP?$AAl?$AAu?$AAg?$AAi?$AAn?$AAs?$AA?2?$AAP?$AAa?$AAn?$AAe?$AAl?$AAT?$AAa?$AAb?$AAs?$AA?$AA@ 000000018001a0d0     ConEmuTh.obj
 0002:000010f8       ??_C@_1O@EMLLFJNI@?$AAA?$AAc?$AAt?$AAi?$AAv?$AAe?$AA?$AA@ 000000018001a0f8     ConEmuTh.obj
 0002:00001108       ??_C@_1BM@OLHABKH@?$AAF?$AAa?$AAr?$AAT?$AAh?$AAu?$AAm?$AAb?$AAn?$AAa?$AAi?$AAl?$AAs?$AA?$AA@ 000000018001a108     ConEmuTh.obj
 0002:00001128       ??_C@_0N@IGDGKHAB@ConEmuTh?4cpp?$AA@ 000000018001a128     ConEmuTh.obj
 0002:00001138       ??_C@_1DM@JLCDNDHD@?$AAC?$AAo?$AAn?$AAE?$AAm?$AAu?$AAP?$AAa?$AAn?$AAe?$AAl?$AAV?$AAi?$AAe?$AAw?$AAD?$AAl?$AAg?$AAs?$AAM?$AAa?$AAp?$AAp?$AAi?$AAn?$AAg?$AA?4?$AA?$CF?$AAu?$AA?$AA@ 000000018001a138     ConEmuTh.obj
 0002:00001178       ??_C@_1BC@DJOGOIHN@?$AAC?$AAo?$AAn?$AAE?$AAm?$AAu?$AAT?$AAh?$AA?$AA@ 000000018001a178     ConEmuTh.obj
 0002:00001190       ??_C@_1DM@OLPDHEPA@?$AAF?$AAa?$AAi?$AAl?$AAe?$AAd?$AA?5?$AAt?$AAo?$AA?5?$AAg?$AAe?$AAt?$AA?5?$AAC?$AAo?$AAn?$AAE?$AAm?$AAu?$AA?5?$AAp?$AAa?$AAl?$AAe?$AAt?$AAt?$AAe?$AA?$CB?$AA?$AA@ 000000018001a190     ConEmuTh.obj
 0002:000011d0       ??_C@_1DA@BMIFHIMF@?$AAC?$AAo?$AAn?$AAE?$AAm?$AAu?$AAV?$AAi?$AAe?$AAw?$AAS?$AAe?$AAt?$AAM?$AAa?$AAp?$AAp?$AAi?$AAn?$AAg?$AA?4?$AA?$CF?$AAu?$AA?$AA@ 000000018001a1d0     ConEmuTh.obj
 0002:00001200       ??_C@_0M@FMNOKGGE@GetFarHWND2?$AA@ 000000018001a200     ConEmuTh.obj
 0002:00001210       ??_C@_0BC@MKJHPCEO@RegisterPanelView?$AA@ 000000018001a210     ConEmuTh.obj
 0002:00001228       ??_C@_1BO@ONHPLONP@?$AAC?$AAo?$AAn?$AAE?$AAm?$AAu?$AA?4?$AAx?$AA6?$AA4?$AA?4?$AAd?$AAl?$AAl?$AA?$AA@ 000000018001a228     ConEmuTh.obj
 0002:00001248       ??_C@_17JLFEDMMI@?$AA?$DP?$AA?$DP?$AA?$DP?$AA?$AA@ 000000018001a248     ConEmuTh1900.obj
 0002:00001250       ??_C@_1BC@IALIJCAM@?$AAS?$AAo?$AAr?$AAt?$AAM?$AAo?$AAd?$AAe?$AA?$AA@ 000000018001a250     ConEmuTh1900.obj
 0002:00001268       ??_C@_1BG@MHMKAABO@?$AAS?$AAt?$AAa?$AAt?$AAu?$AAs?$AAL?$AAi?$AAn?$AAe?$AA?$AA@ 000000018001a268     ConEmuTh1900.obj
 0002:00001280       ??_C@_1BK@MBFACEDG@?$AAC?$AAo?$AAl?$AAu?$AAm?$AAn?$AAT?$AAi?$AAt?$AAl?$AAe?$AAs?$AA?$AA@ 000000018001a280     ConEmuTh1900.obj
 0002:000012a0       ??_C@_1O@PDEOIOBG@?$AAK?$AAe?$AAy?$AAB?$AAa?$AAr?$AA?$AA@ 000000018001a2a0     ConEmuTh1900.obj
 0002:000012b0       ??_C@_1BI@EKLHEFDO@?$AAS?$AAh?$AAo?$AAw?$AAM?$AAe?$AAn?$AAu?$AAB?$AAa?$AAr?$AA?$AA@ 000000018001a2b0     ConEmuTh1900.obj
 0002:000012c8       ??_C@_1DE@DJEAMLPH@?$AAC?$AAo?$AAn?$AAE?$AAm?$AAu?$AA?4?$AAM?$AAa?$AAx?$AAi?$AAm?$AAu?$AAs?$AA5?$AA?$EA?$AAg?$AAm?$AAa?$AAi?$AAl?$AA?4?$AAc?$AAo?$AAm?$AA?$AA@ 000000018001a2c8     ConEmuTh2800.obj
 0002:00001300       ??_C@_1EM@OOFEGLCO@?$AAT?$AAh?$AAu?$AAm?$AAb?$AAn?$AAa?$AAi?$AAl?$AAs?$AA?5?$AAa?$AAn?$AAd?$AA?5?$AAT?$AAi?$AAl?$AAe?$AAs?$AA?5?$AAi?$AAn?$AA?5?$AAC?$AAo?$AAn?$AAE?$AAm?$AAu?$AA?5?$AAw@ 000000018001a300     ConEmuTh2800.obj
 0002:00001350       ??_C@_1CG@DMGPLFKD@?$AAC?$AAo?$AAn?$AAE?$AAm?$AAu?$AA?5?$AAP?$AAa?$AAn?$AAe?$AAl?$AA?5?$AAV?$AAi?$AAe?$AAw?$AAs?$AA?$AA@ 000000018001a350     ConEmuTh2800.obj
 0002:00001378       ??_C@_1BG@LBJCGLOJ@?$AAS?$AAe?$AAt?$AAC?$AAu?$AAr?$AAI?$AAt?$AAe?$AAm?$AA?$AA@ 000000018001a378     ConEmuTh2800.obj
 0002:00001390       ??_C@_1HI@BNDPAPFP@?$AA?$CF?$AAs?$AA?5?$AA?$CF?$AAs?$AA?$CI?$AA?$CC?$AAb?$AAd?$AA4?$AA5?$AA4?$AAd?$AA4?$AA8?$AA?9?$AA4?$AA4?$AA8?$AAe?$AA?9?$AA4?$AA6?$AAc?$AAc?$AA?9?$AA9?$AA0?$AA9?$AAd?$AA?9?$AAb@ 000000018001a390     ConEmuTh2800.obj
 0002:00001408       ??_C@_1CA@GIGEMLLA@?$AAP?$AAl?$AAu?$AAg?$AAi?$AAn?$AA?4?$AAS?$AAy?$AAn?$AAc?$AAC?$AAa?$AAl?$AAl?$AA?$AA@ 000000018001a408     ConEmuTh2800.obj
 0002:00001430       ??_C@_1EI@PNMHLKGC@?$AAi?$AAf?$AA?5?$AAA?$AAr?$AAe?$AAa?$AA?4?$AAS?$AAe?$AAa?$AAr?$AAc?$AAh?$AA?5?$AAt?$AAh?$AAe?$AAn?$AA?5?$AAK?$AAe?$AAy?$AAs?$AA?$CI?$AA?$CC?$AAE?$AAs?$AAc?$AA?$CC?$AA?$CJ?$AA?5@ 000000018001a430     ConEmuTh2800.obj
 0002:00001478       ??_C@_1BG@PKDGNNAF@?$AAc?$AAa?$AAl?$AAl?$AAp?$AAl?$AAu?$AAg?$AAi?$AAn?$AA?$AA@ 000000018001a478     ConEmuTh2800.obj
 0002:00001490       ??_C@_1CM@IICFOBPI@?$AA$?$AAi?$AAf?$AA?5?$AA?$CI?$AAS?$AAe?$AAa?$AAr?$AAc?$AAh?$AA?$CJ?$AA?5?$AAE?$AAs?$AAc?$AA?5?$AA$?$AAe?$AAn?$AAd?$AA?$AA@ 000000018001a490     ConEmuTh2800.obj
 0002:000014c0       ??_C@_1BE@LFJLOEAN@?$AAC?$AAo?$AAn?$AAE?$AAm?$AAu?$AAT?$AAh?$AA?2?$AA?$AA@ 000000018001a4c0     ConEmuTh995.obj
 0002:00001500       ??_C@_1EK@NOCLDABL@?$AAi?$AAf?$AA?5?$AA?$CF?$AAc?$AAP?$AAa?$AAn?$AAe?$AAl?$AA?4?$AAL?$AAe?$AAf?$AAt?$AA?5?$AAt?$AAh?$AAe?$AAn?$AA?5?$AAK?$AAe?$AAy?$AAs?$AA?$CI?$AA?$CC?$AAT?$AAa?$AAb?$AA?$CC?$AA?$CJ@ 000000018001a500     Display.obj
 0002:00001550       ??_C@_1DI@DLGGKEIH@?$AA$?$AAI?$AAf?$AA?5?$AA?$CI?$AA?$CF?$AAc?$AAP?$AAa?$AAn?$AAe?$AAl?$AA?4?$AAL?$AAe?$AAf?$AAt?$AA?$CJ?$AA?5?$AAT?$AAa?$AAb?$AA?5?$AA$?$AAE?$AAn?$AAd?$AA?$AA@ 000000018001a550     Display.obj
 0002:00001588       ??_C@_1M@KOMOBEPM@?$AA?$CF?$AAi?$AA?5?$AA?$CF?$AAc?$AA?$AA@ 000000018001a588     Display.obj
 0002:00001598       ??_C@_1BG@NLGHAGA@?$AA?$CF?$AAi?$AA?0?$AA?$CF?$AA0?$AA3?$AAi?$AA?5?$AA?$CF?$AAc?$AA?$AA@ 000000018001a598     Display.obj
 0002:000015b0       ??_C@_1O@NLGMKEDN@?$AAB?$AAK?$AAM?$AAG?$AAT?$AAP?$AA?$AA@ 000000018001a5b0     Display.obj
 0002:000015c0       ??_C@_1CO@LEOKLKOD@?$AA?$CF?$AA0?$AA2?$AAi?$AA?4?$AA?$CF?$AA0?$AA2?$AAi?$AA?4?$AA?$CF?$AA0?$AA2?$AAi?$AA?5?$AA?$CF?$AAi?$AA?3?$AA?$CF?$AA0?$AA2?$AAi?$AA?$AA@ 000000018001a5c0     Display.obj
 0002:000015f0       ??_C@_1CM@MJKKOLFD@?$AAC?$AAo?$AAn?$AAE?$AAm?$AAu?$AA?4?$AA?$CF?$AAs?$AAP?$AAa?$AAn?$AAe?$AAl?$AAV?$AAi?$AAe?$AAw?$AA?4?$AA?$CF?$AAi?$AA?$AA@ 000000018001a5f0     Display.obj
 0002:00001620       ??_C@_1M@KDEMMBOH@?$AAR?$AAi?$AAg?$AAh?$AAt?$AA?$AA@ 000000018001a620     Display.obj
 0002:00001630       ??_C@_19DKAIAFPE@?$AAL?$AAe?$AAf?$AAt?$AA?$AA@ 000000018001a630     Display.obj
 0002:00001640       ??_C@_0BG@FGMCOIHO@Thumbs?3?3DisplayThread?$AA@ 000000018001a640     Display.obj
 0002:00001658       ??_C@_1CI@GNBJKMME@?$AAC?$AAo?$AAn?$AAE?$AAm?$AAu?$AAT?$AAh?$AA?3?$AA?3?$AAM?$AAa?$AAp?$AAC?$AAo?$AAo?$AAr?$AAd?$AAs?$AA?$AA@ 000000018001a658     Display.obj
 0002:00001680       ??_C@_1CG@OILEFJJN@?$AAC?$AAo?$AAn?$AAE?$AAm?$AAu?$AAT?$AAh?$AA?3?$AA?3?$AAS?$AAe?$AAt?$AAt?$AAi?$AAn?$AAg?$AAs?$AA?$AA@ 000000018001a680     Display.obj
 0002:000016a8       ??_C@_1BO@IPKBELC@?$AAC?$AAo?$AAn?$AAE?$AAm?$AAu?$AAT?$AAh?$AA?3?$AA?3?$AAF?$AAa?$AAd?$AAe?$AA?$AA@ 000000018001a6a8     Display.obj
 0002:000016c8       ??_C@_0L@DOHHADLD@CET_Cancel?$AA@ 000000018001a6c8     ImgCache.obj
 0002:000016d8       ??_C@_08PFMFDMEL@CET_Free?$AA@ 000000018001a6d8     ImgCache.obj
 0002:000016e8       ??_C@_08DBEDCDF@CET_Load?$AA@ 000000018001a6e8     ImgCache.obj
 0002:000016f8       ??_C@_08CBCDAPII@CET_Done?$AA@ 000000018001a6f8     ImgCache.obj
 0002:00001708       ??_C@_08DHJJJJMJ@CET_Init?$AA@ 000000018001a708     ImgCache.obj
 0002:00001718       ??_C@_1M@KCMICNEG@?$AA?$CK?$AA?4?$AAt?$AA6?$AA4?$AA?$AA@ 000000018001a718     ImgCache.obj
 0002:00001728       ??_C@_1BO@EOFABIPH@?$AAC?$AAo?$AAn?$AAE?$AAm?$AAu?$AAT?$AAh?$AA?4?$AAc?$AAa?$AAc?$AAh?$AAe?$AA?$AA@ 000000018001a728     ImgCache.obj
 0002:00001748       ??_C@_15DDHGOCBH@?$AA?4?$AA?4?$AA?$AA@ 000000018001a748     ImgCache.obj
 0002:00001750       ??_C@_19DDLLJDOO@?$AAF?$AAi?$AAl?$AAe?$AA?$AA@ 000000018001a750     ImgCache.obj
 0002:00001760       ??_C@_0N@DDFPJHDO@_GetFileData?$AA@ 000000018001a760     ImgCache.obj
 0002:00001770       ??_C@_1BE@DFPCIADA@?$AAP?$AAB?$AAF?$AAa?$AAr?$AA?4?$AAd?$AAl?$AAl?$AA?$AA@ 000000018001a770     ImgCache.obj
 0002:00001788       ??_C@_19EBFDIIDI@?$AA?4?$AAw?$AAm?$AAf?$AA?$AA@ 000000018001a788     ImgCache.obj
 0002:00001798       ??_C@_19HFLOJEOK@?$AA?4?$AAp?$AAn?$AAg?$AA?$AA@ 000000018001a798     ImgCache.obj
 0002:000017a8       ??_C@_19GPGAIFNL@?$AA?4?$AAi?$AAc?$AAo?$AA?$AA@ 000000018001a7a8     ImgCache.obj
 0002:000017b8       ??_C@_19KGHJPLAF@?$AA?4?$AAg?$AAi?$AAf?$AA?$AA@ 000000018001a7b8     ImgCache.obj
 0002:000017c8       ??_C@_19HKLPDE@?$AA?4?$AAb?$AAm?$AAp?$AA?$AA@ 000000018001a7c8     ImgCache.obj
 0002:000017e0       ??_7?$CQueueProcessor@PEAUIMAGE_CACHE_INFO@@@@6B@ 000000018001a7e0     ImgCache.obj
 0002:00001848       ??_C@_0DL@DGFCHJEK@t?3?2vcproject?2maximus5?2conemu?2src@ 000000018001a848     ImgCache.obj
 0002:00001890       ??_7CImgLoader@@6B@        000000018001a890     ImgCache.obj
 0002:00001908       ??_C@_0BJ@KDNBOADC@Thumbs?3?3ProcessingThread?$AA@ 000000018001a908     ImgCache.obj
 0002:00001928       ??_C@_0BK@DNNLOFO@SetSecurityDescriptorDacl?$AA@ 000000018001a928     MSecurity.obj
 0002:00001948       ??_C@_0BN@FNLANPJJ@InitializeSecurityDescriptor?$AA@ 000000018001a948     MSecurity.obj
 0002:00001968       ??_C@_0O@GKCEJBAA@InitializeAcl?$AA@ 000000018001a968     MSecurity.obj
 0002:00001978       ??_C@_0N@HBKDHKNL@GetLengthSid?$AA@ 000000018001a978     MSecurity.obj
 0002:00001988       ??_C@_0BJ@ECIKFEOL@AllocateAndInitializeSid?$AA@ 000000018001a988     MSecurity.obj
 0002:000019a8       ??_C@_0BD@EIGAJLOG@AddAccessDeniedAce?$AA@ 000000018001a9a8     MSecurity.obj
 0002:000019c0       ??_C@_0BE@IPKPLIM@AddAccessAllowedAce?$AA@ 000000018001a9c0     MSecurity.obj
 0002:000019d8       ??_C@_1BK@BIGILECK@?$AAA?$AAd?$AAv?$AAa?$AAp?$AAi?$AA3?$AA2?$AA?4?$AAd?$AAl?$AAl?$AA?$AA@ 000000018001a9d8     MSecurity.obj
 0002:000019f8       ??_C@_1BO@HJHEFHMO@?$AAK?$AAe?$AAr?$AAn?$AAe?$AAl?$AAB?$AAa?$AAs?$AAe?$AA?4?$AAd?$AAl?$AAl?$AA?$AA@ 000000018001a9f8     MSecurity.obj
 0002:00001a18       ??_C@_15LKGMKBFA@?$AA0?$AA0?$AA?$AA@ 000000018001aa18     MStrSafe.obj
 0002:00001a20       ??_C@_1BC@LMIJMNIA@?$AA0?$AA0?$AA0?$AA0?$AA0?$AA0?$AA0?$AA0?$AA?$AA@ 000000018001aa20     MStrSafe.obj
 0002:00001a38       ??_C@_1CA@DHOHMJCG@?$AAU?$AAn?$AAi?$AAc?$AAo?$AAd?$AAe?$AA?5?$AAC?$AAh?$AAa?$AAr?$AAM?$AAa?$AAp?$AA?$AA@ 000000018001aa38     RgnDetect.obj
 0002:00001a58       ??_C@_13PJJBFPED@?$AA?$DL?$AA?$AA@ 000000018001aa58     WFiles.obj
 0002:00001a60       ??_C@_1GK@PPEHOOAL@?$AAS?$AAO?$AAF?$AAT?$AAW?$AAA?$AAR?$AAE?$AA?2?$AAM?$AAi?$AAc?$AAr?$AAo?$AAs?$AAo?$AAf?$AAt?$AA?2?$AAW?$AAi?$AAn?$AAd?$AAo?$AAw?$AAs?$AA?2?$AAC?$AAu?$AAr?$AAr?$AAe@ 000000018001aa60     WFiles.obj
 0002:00001ad0       ??_C@_1BI@MPDCNJBA@?$AAt?$AAl?$AAn?$AAt?$AAs?$AAv?$AAr?$AA?4?$AAe?$AAx?$AAe?$AA?$AA@ 000000018001aad0     WObjects.obj
 0002:00001ae8       ??_C@_1BK@HHKNEJDC@?$AAt?$AAl?$AAn?$AAt?$AAs?$AAe?$AAs?$AAs?$AA?4?$AAe?$AAx?$AAe?$AA?$AA@ 000000018001aae8     WObjects.obj
 0002:00001b04       ??_C@_05LCABBMOG@?$CFs?3?$CFi?$AA@ 000000018001ab04     WThreads.obj
 0002:00001b10       _pDefaultRawDllMain        000000018001ab10     libcmt:dllcrt0.obj
 0002:00001b18       ??_C@_0P@MIGLKIOC@CorExitProcess?$AA@ 000000018001ab18     libcmt:crt0dat.obj
 0002:00001b28       ??_C@_1BI@BGOHAHKC@?$AAm?$AAs?$AAc?$AAo?$AAr?$AAe?$AAe?$AA?4?$AAd?$AAl?$AAl?$AA?$AA@ 000000018001ab28     libcmt:crt0dat.obj
 0002:00001b40       ??_C@_0P@GGKDKEEG@runtime?5error?5?$AA@ 000000018001ab40     libcmt:crt0msg.obj
 0002:00001b50       ??_C@_02PCIJFNDE@?$AN?6?$AA@ 000000018001ab50     libcmt:crt0msg.obj
 0002:00001b58       ??_C@_0O@MJNIPGOH@TLOSS?5error?$AN?6?$AA@ 000000018001ab58     libcmt:crt0msg.obj
 0002:00001b68       ??_C@_0N@BONNPDHF@SING?5error?$AN?6?$AA@ 000000018001ab68     libcmt:crt0msg.obj
 0002:00001b78       ??_C@_0P@MBDAJNE@DOMAIN?5error?$AN?6?$AA@ 000000018001ab78     libcmt:crt0msg.obj
 0002:00001b90       ??_C@_0JL@DFDOOABL@R6034?$AN?6An?5application?5has?5made?5a@ 000000018001ab90     libcmt:crt0msg.obj
 0002:00001c30       ??_C@_0PH@EPAFIJ@R6033?$AN?6?9?5Attempt?5to?5use?5MSIL?5cod@ 000000018001ac30     libcmt:crt0msg.obj
 0002:00001d28       ??_C@_0DD@BKEEABMM@R6032?$AN?6?9?5not?5enough?5space?5for?5lo@ 000000018001ad28     libcmt:crt0msg.obj
 0002:00001d60       ??_C@_0GD@OFKILIED@R6031?$AN?6?9?5Attempt?5to?5initialize?5t@ 000000018001ad60     libcmt:crt0msg.obj
 0002:00001dc8       ??_C@_0BP@LPMHJOKI@R6030?$AN?6?9?5CRT?5not?5initialized?$AN?6?$AA@ 000000018001adc8     libcmt:crt0msg.obj
 0002:00001de8       ??_C@_0CF@KJDAIALP@R6028?$AN?6?9?5unable?5to?5initialize?5he@ 000000018001ade8     libcmt:crt0msg.obj
[...]
 0002:00002e34       ??_C@_03IDIOELNC@Fri?$AA@  000000018001be34     libcmt:_strftime.obj
 0002:00002e38       ??_C@_03IOFIKPDN@Thu?$AA@  000000018001be38     libcmt:_strftime.obj
 0002:00002e3c       ??_C@_03MHOMLAJA@Wed?$AA@  000000018001be3c     libcmt:_strftime.obj
 0002:00002e40       ??_C@_03NAGEINEP@Tue?$AA@  000000018001be40     libcmt:_strftime.obj
 0002:00002e44       ??_C@_03PDAGKDH@Mon?$AA@   000000018001be44     libcmt:_strftime.obj
 0002:00002e48       ??_C@_03KOEHGMDN@Sun?$AA@  000000018001be48     libcmt:_strftime.obj
 0002:00002e50       __dnames                   000000018001be50     libcmt:timeset.obj
 0002:00002e68       __mnames                   000000018001be68     libcmt:timeset.obj
 0002:00003c94       __IMPORT_DESCRIPTOR_VERSION 000000018001cc94     version:VERSION.dll
 0002:00003ca8       __IMPORT_DESCRIPTOR_KERNEL32 000000018001cca8     kernel32:KERNEL32.dll
 0002:00003cbc       __IMPORT_DESCRIPTOR_USER32 000000018001ccbc     user32:USER32.dll
 0002:00003cd0       __IMPORT_DESCRIPTOR_GDI32  000000018001ccd0     gdi32:GDI32.dll
 0002:00003ce4       __IMPORT_DESCRIPTOR_ADVAPI32 000000018001cce4     advapi32:ADVAPI32.dll
 0002:00003cf8       __IMPORT_DESCRIPTOR_SHELL32 000000018001ccf8     shell32:SHELL32.dll
 0002:00003d0c       __IMPORT_DESCRIPTOR_ole32  000000018001cd0c     ole32:ole32.dll
 0002:00003d20       __NULL_IMPORT_DESCRIPTOR   000000018001cd20     version:VERSION.dll
 0003:00000000       ?gsInternalCommands@@3PEB_WEB 000000018001f000     CmdLine.obj
 0003:00000010       ?gbPreloadByDefault@@3HA   000000018001f010     ConEmuTh.obj
 0003:00000018       ?gcrCurColors@@3PEAKEA     000000018001f018     ConEmuTh.obj
 0003:00000020       ?Far3Func@@3PAUExportFunc@@A 000000018001f020     ConEmuTh.obj
 0003:00000070       ?StdPalette@?1??GetStdPalette@Far3Color@@SAPEBKXZ@4PAKA 000000018001f070     ConEmuTh1900.obj
 0003:000000b0       ?guid_ConEmuTh@@3U_GUID@@A 000000018001f0b0     ConEmuTh2800.obj
 0003:000000c0       ?guid_ConEmuThPluginMenu@@3U_GUID@@A 000000018001f0c0     ConEmuTh2800.obj
 0003:000000d0       ?g_TerminatedThreadIdx@@3JA 000000018001f0d0     WThreads.obj
 0003:000000e0       _XcptActTab                000000018001f0e0     libcmt:winxfltr.obj
 0003:00000180       _First_FPE_Indx            000000018001f180     libcmt:winxfltr.obj
 0003:00000184       _Num_FPE                   000000018001f184     libcmt:winxfltr.obj
 0003:00000188       _XcptActTabSize            000000018001f188     libcmt:winxfltr.obj
 0003:0000018c       _XcptActTabCount           000000018001f18c     libcmt:winxfltr.obj
 0003:00000190       _aexit_rtn                 000000018001f190     libcmt:crt0dat.obj
 0003:00000198       __flsindex                 000000018001f198     libcmt:tidtable.obj
 0003:000001a0       __badioinfo                000000018001f1a0     libcmt:ioinit.obj
 0003:000001d8       _amblksiz                  000000018001f1d8     libcmt:heapinit.obj
 0003:000001e0       __security_cookie          000000018001f1e0     libcmt:gs_cookie.obj
 0003:000001e8       __security_cookie_complement 000000018001f1e8     libcmt:gs_cookie.obj
 0003:00000710       _cfltcvt_tab               000000018001f710     libcmt:cmiscdat.obj
 0003:00000770       __clocalestr               000000018001f770     libcmt:nlsdata2.obj
 0003:00000780       __initiallocinfo           000000018001f780     libcmt:nlsdata2.obj
 0003:000008e0       __ptlocinfo                000000018001f8e0     libcmt:nlsdata2.obj
 0003:000008e8       __lc_clike                 000000018001f8e8     libcmt:nlsdata2.obj
 0003:000008f0       __initiallocalestructinfo  000000018001f8f0     libcmt:nlsdata2.obj
 0003:00000900       __initialmbcinfo           000000018001f900     libcmt:mbctype.obj
 0003:00000b20       _mbctype                   000000018001fb20     libcmt:mbctype.obj
 0003:00000c30       _mbcasemap                 000000018001fc30     libcmt:mbctype.obj
 0003:00000d30       __ptmbcinfo                000000018001fd30     libcmt:mbctype.obj
 0003:00000e30       __abort_behavior           000000018001fe30     libcmt:abort.obj
 0003:00000e38       _pctype                    000000018001fe38     libcmt:ctype.obj
 0003:00000e40       _pwctype                   000000018001fe40     libcmt:ctype.obj
 0003:00000e50       __lc_time_c                000000018001fe50     libcmt:_strftime.obj
 0003:00001110       __lc_time_curr             0000000180020110     libcmt:_strftime.obj
 0003:00001120       __lconv_static_decimal     0000000180020120     libcmt:lconv.obj
 0003:00001124       __lconv_static_W_decimal   0000000180020124     libcmt:lconv.obj
 0003:00001128       __lconv                    0000000180020128     libcmt:lconv.obj
 0003:00001130       __lconv_c                  0000000180020130     libcmt:lconv.obj
 0003:000011c8       __globallocalestatus       00000001800201c8     libcmt:glstatus.obj
 0003:000011d0       __mb_cur_max               00000001800201d0     libcmt:nlsdata1.obj
 0003:000011d4       __decimal_point            00000001800201d4     libcmt:nlsdata1.obj
 0003:000011d8       __decimal_point_length     00000001800201d8     libcmt:nlsdata1.obj
 0003:000011e0       _timezone                  00000001800201e0     libcmt:timeset.obj
 0003:000011e4       _daylight                  00000001800201e4     libcmt:timeset.obj
 0003:000011e8       _dstbias                   00000001800201e8     libcmt:timeset.obj
 0003:00001270       _tzname                    0000000180020270     libcmt:timeset.obj
 0003:000012a0       _lpdays                    00000001800202a0     libcmt:days.obj
 0003:000012d8       _days                      00000001800202d8     libcmt:days.obj
 0003:00001320       ?gbInCommonShutdown@@3HA   0000000180020320     Common.obj
 0003:00001328       ?OnShutdownConsole@@3P6AXXZEA 0000000180020328     Common.obj
 0003:00001330       ?gpLocalSecurity@@3PEAU_SECURITY_ATTRIBUTES@@EA 0000000180020330     ConEmuCheck.obj
 0003:00001338       ?ghWorkingModule@@3_KA     0000000180020338     ConEmuCheck.obj
 0003:00001340       ?gfGetRealConsoleWindow@@3P6APEAUHWND__@@XZEA 0000000180020340     ConEmuCheck.obj
 0003:00001390       ?gsHardLink@@3PA_WA        0000000180020390     ConEmuTh.obj
 0003:00001410       ?gsJunction@@3PA_WA        0000000180020410     ConEmuTh.obj
 0003:00001490       ?gsSymLink@@3PA_WA         0000000180020490     ConEmuTh.obj
 0003:00001510       ?gsTitleThumbs@@3PA_WA     0000000180020510     ConEmuTh.obj
 0003:00001590       ?gsTitleTiles@@3PA_WA      0000000180020590     ConEmuTh.obj
 0003:00001610       ?gsFolder@@3PA_WA          0000000180020610     ConEmuTh.obj
 0003:00001690       ?gdwModes@@3PAKA           0000000180020690     ConEmuTh.obj
 0003:00001698       ?ghConEmuRoot@@3PEAUHWND__@@EA 0000000180020698     ConEmuTh.obj
 0003:000016a0       ?gThSet@@3UPanelViewSetMapping@@A 00000001800206a0     ConEmuTh.obj
 0003:000018b8       ?ghConEmuWnd@@3PEAUHWND__@@EA 00000001800208b8     ConEmuTh.obj
 0003:000018c0       ?ghPluginModule@@3PEAUHINSTANCE__@@EA 00000001800208c0     ConEmuTh.obj
 0003:000018c8       ?TerminalMode@@3HA         00000001800208c8     ConEmuTh.obj
 0003:000018cc       ?gnSelfPID@@3KA            00000001800208cc     ConEmuTh.obj
 0003:000018d0       ?gnMainThreadId@@3KA       00000001800208d0     ConEmuTh.obj
 0003:000018d4       ?gnMainThreadIdInitial@@3KA 00000001800208d4     ConEmuTh.obj
 0003:000018d8       ?ghDisplayThread@@3PEAXEA  00000001800208d8     ConEmuTh.obj
 0003:000018e0       ?gnDisplayThreadId@@3KA    00000001800208e0     ConEmuTh.obj
 0003:000018e4       ?gbFadeColors@@3_NA        00000001800208e4     ConEmuTh.obj
 0003:000018e5       ?gbFarPanelsReady@@3_NA    00000001800208e5     ConEmuTh.obj
 0003:000018e6       ?gbConsoleChangesSyncho@@3_NA 00000001800208e6     ConEmuTh.obj
 0003:000018e7       ?gbSynchoRedrawPanelRequested@@3_NA 00000001800208e7     ConEmuTh.obj
 0003:000018e8       ?gFarVersion@@3UFarVersion@@A 00000001800208e8     ConEmuTh.obj
 0003:000018f4       ?gnRgnDetectFlags@@3KA     00000001800208f4     ConEmuTh.obj
 0003:000018f8       ?gfRegisterPanelView@@3P6AHPEAUPanelViewInit@@@ZEA 00000001800208f8     ConEmuTh.obj
 0003:00001900       ?gfGetFarHWND2@@3P6APEAUHWND__@@H@ZEA 0000000180020900     ConEmuTh.obj
 0003:00001908       ?gpRgnDetect@@3PEAVCRgnDetect@@EA 0000000180020908     ConEmuTh.obj
 0003:00001910       ?pviLeft@@3UCeFullPanelInfo@@A 0000000180020910     ConEmuTh.obj
 0003:00001bd0       ?pviRight@@3UCeFullPanelInfo@@A 0000000180020bd0     ConEmuTh.obj
 0003:00001e90       ?gpImgCache@@3PEAVCImgCache@@EA 0000000180020e90     ConEmuTh.obj
 0003:00001e98       ?gFarPanelSettings@@3UCEFarPanelSettings@@A 0000000180020e98     ConEmuTh.obj
 0003:00001e9c       ?gFarInterfaceSettings@@3UCEFarInterfaceSettings@@A 0000000180020e9c     ConEmuTh.obj
 0003:00001ea0       ?gFarInfo@@3UCEFAR_INFO_MAPPING@@A 0000000180020ea0     ConEmuTh.obj
 0003:000221d8       ?gnWaitForKeySeqTick@@3KA  00000001800411d8     ConEmuTh.obj
 0003:000221dc       ?wScanCodeUp@@3GA          00000001800411dc     ConEmuTh.obj
 0003:000221e0       ?gThPal@@3UCESERVER_PALETTE@@A 00000001800411e0     ConEmuTh.obj
 0003:00022260       ?wScanCodeDown@@3GA        0000000180041260     ConEmuTh.obj
 0003:00022264       ?gnConsoleChanges@@3KA     0000000180041264     ConEmuTh.obj
 0003:00022268       ?gpLastSynchroArg@@3PEAUConEmuThSynchroArg@@EA 0000000180041268     ConEmuTh.obj
 0003:00022270       ?gpDbgDlg@@3PEAV?$MFileMapping@Utag_DetectedDialog@@@@EA 0000000180041270     ConEmuTh.obj
 0003:00022278       ?gbInfoW_OK@@3HA           0000000180041278     ConEmuTh.obj
 0003:00022280       ?InfoW1900@@3PEAUPluginStartupInfo@@EA 0000000180041280     ConEmuTh1900.obj
 0003:00022288       ?FSFW1900@@3PEAUFarStandardFunctions@@EA 0000000180041288     ConEmuTh1900.obj
 0003:00022290       ?LastIndex@?1??Color2FgIndex@Far3Color@@SAXKAEAGPEBK@Z@4HA 0000000180041290     ConEmuTh1900.obj
 0003:00022294       ?LastColor@?1??Color2FgIndex@Far3Color@@SAXKAEAGPEBK@Z@4KA 0000000180041294     ConEmuTh1900.obj
 0003:00022298       ?LastIndex@?1??Color2BgIndex@Far3Color@@SAXKHAEAGPEBK@Z@4HA 0000000180041298     ConEmuTh1900.obj
 0003:0002229c       ?LastColor@?1??Color2BgIndex@Far3Color@@SAXKHAEAGPEBK@Z@4KA 000000018004129c     ConEmuTh1900.obj
 0003:000224b0       ?InfoW2800@@3PEAUPluginStartupInfo@@EA 00000001800414b0     ConEmuTh2800.obj
 0003:000224b8       ?FSFW2800@@3PEAUFarStandardFunctions@@EA 00000001800414b8     ConEmuTh2800.obj
 0003:000226d0       ?InfoW995@@3PEAUPluginStartupInfo@@EA 00000001800416d0     ConEmuTh995.obj
 0003:000226d8       ?FSFW995@@3PEAUFarStandardFunctions@@EA 00000001800416d8     ConEmuTh995.obj
 0003:000228f0       ?InfoA@@3PEAUPluginStartupInfo@@EA 00000001800418f0     ConEmuThA.obj
 0003:000228f8       ?FSFA@@3PEAUFarStandardFunctions@@EA 00000001800418f8     ConEmuThA.obj
 0003:00022a18       ?ghCreateEvent@@3PEAXEA    0000000180041a18     Display.obj
 0003:00022a20       ?gnCreateViewError@@3HA    0000000180041a20     Display.obj
 0003:00022a24       ?gnWin32Error@@3KA         0000000180041a24     Display.obj
 0003:00022a28       ?gbCancelAll@@3HA          0000000180041a28     Display.obj
 0003:00022a2c       ?gnConEmuFadeMsg@@3IA      0000000180041a2c     Display.obj
 0003:00022a30       ?gnConEmuSettingsMsg@@3IA  0000000180041a30     Display.obj
 0003:00022a34       ?gnMapCoordMsg@@3IA        0000000180041a34     Display.obj
 0003:00022a40       ?hkFunc@@3UHkFunc@@A       0000000180041a40     HkFunc.obj
 0003:00022a80       ?ghUpIcon@@3PEAUHICON__@@EA 0000000180041a80     ImgCache.obj
 0003:00022a88       ?AssertMsgBox@@3P6AHPEB_WI0PEAUHWND__@@_N@ZEA 0000000180041a88     MAssert.obj
 0003:00022a90       ?ghHeap@@3PEAXEA           0000000180041a90     Memory.obj
 0003:00022a98       ?gNullDesc@@3PEAVMNullDesc@@EA 0000000180041a98     MSecurity.obj
 0003:00022aa8       ?gfnSearchAppPaths@@3P6A_NPEB_WAEAUCmdArg@@_NPEAU1@@ZEA 0000000180041aa8     WObjects.obj
 0003:0002b2c0       ?g_ThreadsIdx@@3JA         000000018004a2c0     WThreads.obj
 0003:0002b2d0       _aenvptr                   000000018004a2d0     libcmt:dllcrt0.obj
 0003:0002b2d8       _wenvptr                   000000018004a2d8     libcmt:dllcrt0.obj
 0003:0002b2e0       __error_mode               000000018004a2e0     libcmt:dllcrt0.obj
 0003:0002b2e4       __app_type                 000000018004a2e4     libcmt:dllcrt0.obj
 0003:0002b2e8       _umaskval                  000000018004a2e8     libcmt:crt0dat.obj
 0003:0002b2ec       _osplatform                000000018004a2ec     libcmt:crt0dat.obj
 0003:0002b2f0       _osver                     000000018004a2f0     libcmt:crt0dat.obj
 0003:0002b2f4       _winver                    000000018004a2f4     libcmt:crt0dat.obj
 0003:0002b2f8       _winmajor                  000000018004a2f8     libcmt:crt0dat.obj
 0003:0002b2fc       _winminor                  000000018004a2fc     libcmt:crt0dat.obj
 0003:0002b300       __argc                     000000018004a300     libcmt:crt0dat.obj
 0003:0002b304       _exitflag                  000000018004a304     libcmt:crt0dat.obj
 0003:0002b308       __argv                     000000018004a308     libcmt:crt0dat.obj
 0003:0002b310       __wargv                    000000018004a310     libcmt:crt0dat.obj
 0003:0002b318       _environ                   000000018004a318     libcmt:crt0dat.obj
 0003:0002b320       __initenv                  000000018004a320     libcmt:crt0dat.obj
 0003:0002b328       _wenviron                  000000018004a328     libcmt:crt0dat.obj
 0003:0002b330       __winitenv                 000000018004a330     libcmt:crt0dat.obj
 0003:0002b338       _pgmptr                    000000018004a338     libcmt:crt0dat.obj
 0003:0002b340       _wpgmptr                   000000018004a340     libcmt:crt0dat.obj
 0003:0002b348       _C_Termination_Done        000000018004a348     libcmt:crt0dat.obj
 0003:0002b34c       _C_Exit_Done               000000018004a34c     libcmt:crt0dat.obj
 0003:0002b458       _crtheap                   000000018004a458     libcmt:heapinit.obj
 0003:0002b9b0       ?__pInconsistency@@3P6AXXZEA 000000018004a9b0     libcmt:hooks.obj
 0003:0002b9e8       ?_pnhHeap@@3P6AH_K@ZEA     000000018004a9e8     libcmt:handler.obj
 0003:0002b9f0       __locale_changed           000000018004a9f0     libcmt:setlocal.obj
 0003:0002b9f8       __lc_handle                000000018004a9f8     libcmt:nlsdata2.obj
 0003:0002ba10       __lc_codepage              000000018004aa10     libcmt:nlsdata2.obj
 0003:0002ba14       __lc_collate_cp            000000018004aa14     libcmt:nlsdata2.obj
 0003:0002ba20       __mbulinfo                 000000018004aa20     libcmt:mbctype.obj
 0003:0002ba2c       __mbcodepage               000000018004aa2c     libcmt:mbctype.obj
 0003:0002ba30       __ismbcodepage             000000018004aa30     libcmt:mbctype.obj
 0003:0002ba34       __mblcid                   000000018004aa34     libcmt:mbctype.obj
 0003:0002ba38       _maxwait                   000000018004aa38     libcmt:crtheap.obj
 0003:0002ba3c       _newmode                   000000018004aa3c     libcmt:_newmode.obj
 0003:0002bfd8       __lconv_static_null        000000018004afd8     libcmt:lconv.obj
 0003:0002bfdc       __lconv_static_W_null      000000018004afdc     libcmt:lconv.obj
 0003:0002c09c       _nhandle                   000000018004b09c     <common>
 0003:0002c0a0       __pioinfo                  000000018004b0a0     <common>
 0003:0002c2a0       __env_initialized          000000018004b2a0     <common>
 0003:0002c2a8       __onexitend                000000018004b2a8     <common>
 0003:0002c2b0       __onexitbegin              000000018004b2b0     <common>
 0003:0002c2b8       __mbctype_initialized      000000018004b2b8     <common>
 0003:0002c2c0       _FPinit                    000000018004b2c0     <common>
 0003:0002c2c8       __initenv_end              000000018004b2c8     <common>
 0003:0002c2d0       __dyn_tls_init_callback    000000018004b2d0     <common>
 0003:0002c2d8       _acmdln                    000000018004b2d8     <common>
 0003:0002c2e0       _pRawDllMain               000000018004b2e0     <common>
 0003:0002c2e8       _pDestructExceptionObject  000000018004b2e8     <common>

 entry point at        0001:00013838

 Static symbols

 0001:00000c30       ?ChangeExports@@YA_NPEBUExportFunc@@PEAUHINSTANCE__@@@Z 0000000180001c30 f   ConEmuTh.obj
 0001:00001868       ?LoadModuleVersion@@YA_NPEB_WAEAUtagVS_FIXEDFILEINFO@@PEA_W_K@Z 0000000180002868 f   ConEmuTh.obj
 0001:000042f4       ?GetFarSetting@@YAHPEAX_KPEB_W@Z 00000001800052f4 f   ConEmuTh1900.obj
 0001:00004344       ?LoadFarSettingsW1900@@YAXPEAUCEFarInterfaceSettings@@PEAUCEFarPanelSettings@@@Z 0000000180005344 f   ConEmuTh1900.obj
 0001:00005710       ?GetFarSetting@@YAHPEAX_KPEB_W@Z 0000000180006710 f   ConEmuTh2800.obj
 0001:00005768       ?LoadFarSettingsW2800@@YAXPEAUCEFarInterfaceSettings@@PEAUCEFarPanelSettings@@@Z 0000000180006768 f   ConEmuTh2800.obj
 0001:00006ab4       ?LoadFarSettingsW995@@YAXPEAUCEFarInterfaceSettings@@PEAUCEFarPanelSettings@@@Z 0000000180007ab4 f   ConEmuTh995.obj
 0001:00007570       ?LoadFarSettingsA@@YAXPEAUCEFarInterfaceSettings@@PEAUCEFarPanelSettings@@@Z 0000000180008570 f   ConEmuThA.obj
 0001:00013668       __DllMainCRTStartup        0000000180014668 f   libcmt:dllcrt0.obj
 0001:00013be0       _initterm                  0000000180014be0 f   libcmt:crt0dat.obj
 0001:00013d70       doexit                     0000000180014d70 f   libcmt:crt0dat.obj
 0001:000148ac       parse_cmdline              00000001800158ac f   libcmt:stdargv.obj
 0001:00015a10       _updatetlocinfoEx_nolock   0000000180016a10 f   libcmt:setlocal.obj
 0001:00015ae4       ?setSBCS@@YAXPEAUthreadmbcinfostruct@@@Z 0000000180016ae4 f   libcmt:mbctype.obj
 0001:00015b78       ?setSBUpLow@@YAXPEAUthreadmbcinfostruct@@@Z 0000000180016b78 f   libcmt:mbctype.obj
 0001:00015ef0       ?getSystemCP@@YAHH@Z       0000000180016ef0 f   libcmt:mbctype.obj
 0001:000164e8       ?x_ismbbtype_l@@YAHPEAUlocaleinfo_struct@@IHH@Z 00000001800174e8 f   libcmt:ismbbyte.obj
 0001:0001707c       ?__crtGetStringTypeA_stat@@YAHPEAUlocaleinfo_struct@@KPEBDHPEAGHHH@Z 000000018001807c f   libcmt:_a_str.obj
 0001:00017338       ?__crtLCMapStringA_stat@@YAHPEAUlocaleinfo_struct@@KKPEBDHPEADHHH@Z 0000000180018338 f   libcmt:_a_map.obj
 0001:00017a5e       __DllMainCRTStartup$filt$0 0000000180018a5e f   libcmt:dllcrt0.obj
 0001:00017abe       __DllMainCRTStartup$filt$1 0000000180018abe f   libcmt:dllcrt0.obj
 0001:00017b1e       __DllMainCRTStartup$filt$2 0000000180018b1e f   libcmt:dllcrt0.obj
 0001:00017b7e       __DllMainCRTStartup$filt$3 0000000180018b7e f   libcmt:dllcrt0.obj
 0001:00017bde       __DllMainCRTStartup$filt$4 0000000180018bde f   libcmt:dllcrt0.obj
 0001:00017c3e       __DllMainCRTStartup$filt$5 0000000180018c3e f   libcmt:dllcrt0.obj
 0001:00017c9e       __DllMainCRTStartup$filt$6 0000000180018c9e f   libcmt:dllcrt0.obj
 0001:00017cfe       __DllMainCRTStartup$filt$7 0000000180018cfe f   libcmt:dllcrt0.obj
 0001:00017d5a       _IsNonwritableInCurrentImage$filt$0 0000000180018d5a f   libcmt:pesect.obj
 0001:00017d7b       doexit$fin$0               0000000180018d7b f   libcmt:crt0dat.obj
 0001:00017d9a       _freefls$fin$1             0000000180018d9a f   libcmt:tidtable.obj
 0001:00017dba       _freefls$fin$0             0000000180018dba f   libcmt:tidtable.obj
 0001:00017dd3       _mtinitlocknum$fin$0       0000000180018dd3 f   libcmt:mlock.obj
 0001:00017def       raise$fin$0                0000000180018def f   libcmt:winsig.obj
 0001:00017e0b       _initptd$fin$0             0000000180018e0b f   libcmt:setlocal.obj
 0001:00017e0b       __updatetlocinfo$fin$0     0000000180018e0b f   libcmt:setlocal.obj
 0001:00017e24       _setmbcp$fin$0             0000000180018e24 f   libcmt:mbctype.obj
 0001:00017e24       __updatetmbcinfo$fin$0     0000000180018e24 f   libcmt:mbctype.obj
