 ConEmuTh.x64

 Timestamp is 5847d8ac (Wed Dec  7 12:38:52 2016)

 Preferred load address is 0000000180000000

 Start         Length     Name                   Class
 0001:00000000 0001c810H .text$mn                CODE
 0001:0001c810 00000020H .text$mn$00             CODE
 0001:0001c830 00000270H .text$x                 CODE
 0002:00000000 00000650H .idata$5                DATA
 0002:00000650 00000010H .00cfg                  DATA
 0002:00000660 00000008H .CRT$XCA                DATA
 0002:00000668 00000008H .CRT$XCZ                DATA
 0002:00000670 00000008H .CRT$XIA                DATA
 0002:00000678 00000018H .CRT$XIC                DATA
 0002:00000690 00000008H .CRT$XIZ                DATA
 0002:00000698 00000008H .CRT$XPA                DATA
 0002:000006a0 00000010H .CRT$XPX                DATA
 0002:000006b0 00000008H .CRT$XPXA               DATA
 0002:000006b8 00000008H .CRT$XPZ                DATA
 0002:000006c0 00000008H .CRT$XTA                DATA
 0002:000006c8 00000008H .CRT$XTZ                DATA
 0002:000006d0 00008408H .rdata                  DATA
 0002:00008ad8 00000000H .rdata$r                DATA
 0002:00008ad8 000002a8H .rdata$zzzdbg           DATA
 0002:00008d80 00000008H .rtc$IAA                DATA
 0002:00008d88 00000008H .rtc$IZZ                DATA
 0002:00008d90 00000008H .rtc$TAA                DATA
 0002:00008d98 00000008H .rtc$TZZ                DATA
 0002:00008da0 000012c0H .xdata                  DATA
 0002:0000a060 0000016cH .edata                  DATA
 0002:0000a1cc 0000008cH .idata$2                DATA
 0002:0000a258 00000018H .idata$3                DATA
 0002:0000a270 00000650H .idata$4                DATA
 0002:0000a8c0 00000de2H .idata$6                DATA
 0003:00000000 000009b0H .data                   DATA
 0003:000009a8 00000000H .data$r                 DATA
 0003:000009b0 0002b128H .bss                    DATA
 0004:00000000 00001914H .pdata                  DATA
 0005:00000000 00000080H .gfids$x                DATA
 0005:00000080 00000014H .gfids$y                DATA
 0006:00000000 000000f0H .rsrc$01                DATA
 0006:000000f0 000013d8H .rsrc$02                DATA

  Address         Publics by Value              Rva+Base               Lib:Object

 0000:00000000       __dynamic_value_reloc_table 0000000000000000     <absolute>
 0000:00000000       __guard_iat_count          0000000000000000     <absolute>
 0000:00000000       __guard_iat_table          0000000000000000     <absolute>
 0000:00000000       __guard_longjmp_table      0000000000000000     <absolute>
 0000:00000000       __guard_longjmp_count      0000000000000000     <absolute>
 0000:00000000       __guard_fids_count         0000000000000000     <absolute>
 0000:00000000       ___safe_se_handler_table   0000000000000000     <absolute>
 0000:00000000       ___safe_se_handler_count   0000000000000000     <absolute>
 0000:00000000       __guard_fids_table         0000000000000000     <absolute>
 0000:00000100       __guard_flags              0000000000000100     <absolute>
 0000:00000000       __ImageBase                0000000180000000     <linker-defined>
 0001:00000000       ??0CEStr@@QEAA@PEB_W00000000@Z 0000000180001000 f   CEStr.obj
 0001:000000a8       ??1CEStr@@QEAA@XZ          00000001800010a8 f   CEStr.obj
 0001:000000f4       ??BCEStr@@QEBAPEB_WXZ      00000001800010f4 f   CEStr.obj
 0001:000000f8       ?AttachInt@CEStr@@AEAAPEB_WAEAPEA_W@Z 00000001800010f8 f   CEStr.obj
 0001:0000017c       ?Empty@CEStr@@QEAAXXZ      000000018000117c f   CEStr.obj
 0001:0000019c       ?GetBuffer@CEStr@@QEAAPEA_W_J@Z 000000018000119c f   CEStr.obj
 0001:00000250       ?GetLen@CEStr@@QEBA_JXZ    0000000180001250 f   CEStr.obj
 0001:00000278       ?GetMaxCount@CEStr@@QEAA_JXZ 0000000180001278 f   CEStr.obj
 0001:000002a4       ?SavePathVar@CEStr@@QEAAXPEB_W@Z 00000001800012a4 f   CEStr.obj
 0001:000002dc       ?Set@CEStr@@QEAAPEB_WPEB_W_J@Z 00000001800012dc f   CEStr.obj
 0001:000003d0       ?StringCchCopyNW@@YAJPEA_W_KPEB_W1@Z 00000001800013d0 f i CEStr.obj
 0001:00000454       ?PointToExt@@YAPEB_WPEB_W@Z 0000000180001454 f   CmdLine.obj
 0001:00000478       ?PointToName@@YAPEB_WPEB_W@Z 0000000180001478 f   CmdLine.obj
 0001:000004d4       ?Unquote@@YAPEB_WPEA_W_N@Z 00000001800014d4 f   CmdLine.obj
 0001:0000053c       ?CommonShutdown@@YAXXZ     000000018000153c f   Common.obj
 0001:0000054c       ?ExecuteCmd@@YAPEAUCESERVER_REQ@@PEB_WPEAU1@KPEAUHWND__@@HKH@Z 000000018000154c f   ConEmuCheck.obj
 0001:00000738       ?ExecuteFreeResult@@YAXAEAPEAUCESERVER_REQ@@@Z 0000000180001738 f   ConEmuCheck.obj
 0001:00000758       ?ExecuteGuiCmd@@YAPEAUCESERVER_REQ@@PEAUHWND__@@PEAU1@0H@Z 0000000180001758 f   ConEmuCheck.obj
 0001:00000804       ?ExecuteNewCmd@@YAPEAUCESERVER_REQ@@K_K@Z 0000000180001804 f   ConEmuCheck.obj
 0001:00000868       ?ExecuteOpenPipe@@YAPEAXPEB_WAEAY0CAI@_W0KKHPEAXH@Z 0000000180001868 f   ConEmuCheck.obj
 0001:00000a18       ?ExecutePrepareCmd@@YAXPEAUCESERVER_REQ@@K_K@Z 0000000180001a18 f   ConEmuCheck.obj
 0001:00000a54       ?ExecutePrepareCmd@@YAXPEAUCESERVER_REQ_HDR@@K_K@Z 0000000180001a54 f   ConEmuCheck.obj
 0001:00000ac4       ?ModuleName@@YAPEB_WPEB_W@Z 0000000180001ac4 f   ConEmuCheck.obj
 0001:00000b64       ?StringCchCopyW@@YAJPEA_W_KPEB_W@Z 0000000180001b64 f i ConEmuCheck.obj
 0001:00000bdc       ProcessSynchroEventW       0000000180001bdc f   ConEmuTh.obj
 0001:00000be4       ?ExitFARW3@@YAXPEAX@Z      0000000180001be4 f   ConEmuTh.obj
 0001:00000be4       ExitFARW                   0000000180001be4 f   ConEmuTh.obj
 0001:00000c1c       ??_G?$MFileMapping@Utag_DetectedDialog@@@@QEAAPEAXI@Z 0000000180001c1c f i ConEmuTh.obj
 0001:00000df4       ?CheckConEmu@@YAHH@Z       0000000180001df4 f   ConEmuTh.obj
 0001:00000efc       ?CheckPanelSettings@@YAHH@Z 0000000180001efc f   ConEmuTh.obj
 0001:00000f34       ?CheckVarsInitialized@@YAXXZ 0000000180001f34 f   ConEmuTh.obj
 0001:0000107c       ?CheckWindows@@YA_NXZ      000000018000207c f   ConEmuTh.obj
 0001:0000111c       ?EntryPoint@@YAXH_J_N@Z    000000018000211c f   ConEmuTh.obj
 0001:000012e0       ?ExecuteInMainThread@@YAXPEAUConEmuThSynchroArg@@@Z 00000001800022e0 f   ConEmuTh.obj
 0001:00001364       ?ExitPlugin@@YAXXZ         0000000180002364 f   ConEmuTh.obj
 0001:0000149c       ?FreeItem@CePluginPanelItem@@QEAAXXZ 000000018000249c f   ConEmuTh.obj
 0001:000014bc       ?FreeUserData@CePluginPanelItem@@QEAAXXZ 00000001800024bc f   ConEmuTh.obj
 0001:00001510       ?GetActivePanel@@YAPEAUCeFullPanelInfo@@XZ 0000000180002510 f   ConEmuTh.obj
 0001:00001554       ?GetFarRect@@YAHPEAU_SMALL_RECT@@@Z 0000000180002554 f   ConEmuTh.obj
 0001:000015c4       ?GetFocusedThumbnails@@YAPEAUCeFullPanelInfo@@XZ 00000001800025c4 f   ConEmuTh.obj
 0001:00001620       ?GetMainThreadId@@YAKXZ    0000000180002620 f   ConEmuTh.obj
 0001:000016b8       ?GetMsgW@@YAPEB_WH@Z       00000001800026b8 f   ConEmuTh.obj
 0001:000016f4       ?GetPluginInfoWcmn@@YAXPEAX@Z 00000001800026f4 f   ConEmuTh.obj
 0001:00001718       ?InitName@?$MFileMapping@UPanelViewSetMapping@@@@QEAAPEB_WPEB_WKK@Z 0000000180002718 f i ConEmuTh.obj
 0001:00001718       ?InitName@?$MFileMapping@Utag_DetectedDialog@@@@QEAAPEB_WPEB_WKK@Z 0000000180002718 f i ConEmuTh.obj
 0001:000017b0       ?InternalOpenCreate@?$MFileMapping@UPanelViewSetMapping@@@@IEAAPEAUPanelViewSetMapping@@HHH@Z 00000001800027b0 f i ConEmuTh.obj
 0001:0000195c       ?InternalOpenCreate@?$MFileMapping@Utag_DetectedDialog@@@@IEAAPEAUtag_DetectedDialog@@HHH@Z 000000018000295c f i ConEmuTh.obj
 0001:00001b08       ?IsThumbnailsActive@@YAPEAUCeFullPanelInfo@@H@Z 0000000180002b08 f   ConEmuTh.obj
 0001:00001cf4       ?LoadFarVersion@@YAHXZ     0000000180002cf4 f   ConEmuTh.obj
 0001:00002008       ?LoadPanelItemInfo@@YAXPEAUCeFullPanelInfo@@_J@Z 0000000180003008 f   ConEmuTh.obj
 0001:00002040       ?LoadThSet@@YAHK@Z         0000000180003040 f   ConEmuTh.obj
 0001:0000225c       ?OnPostPeekConsole@@YAHPEAXPEAU_INPUT_RECORD@@KPEAKPEAH@Z 000000018000325c f   ConEmuTh.obj
 0001:0000229c       ?OnPostReadConsole@@YAHPEAXPEAU_INPUT_RECORD@@KPEAKPEAH@Z 000000018000329c f   ConEmuTh.obj
 0001:000022e0       ?OnPrePeekConsole@@YAHPEAXPEAU_INPUT_RECORD@@KPEAKPEAH@Z 00000001800032e0 f   ConEmuTh.obj
 0001:000023a4       ?OnPreReadConsole@@YAHPEAXPEAU_INPUT_RECORD@@KPEAKPEAH@Z 00000001800033a4 f   ConEmuTh.obj
 0001:000023c0       ?OnPreWriteConsoleOutput@@YAHPEAXPEBU_CHAR_INFO@@U_COORD@@2PEAU_SMALL_RECT@@@Z 00000001800033c0 f   ConEmuTh.obj
 0001:00002524       ?OnReadyForPanelsReload@@YAXXZ 0000000180003524 f   ConEmuTh.obj
 0001:0000268c       ?OpenPluginWcmn@@YAPEAXH_J_N@Z 000000018000368c f   ConEmuTh.obj
 0001:000026f8       ?OpenW@@YAPEAXPEBUOpenInfo@@@Z 00000001800036f8 f   ConEmuTh.obj
 0001:00002728       ?PostMacro@@YAXPEA_W@Z     0000000180003728 f   ConEmuTh.obj
 0001:000028a0       ?ProcessConsoleInput@@YAHHPEAU_INPUT_RECORD@@KPEAK@Z 00000001800038a0 f   ConEmuTh.obj
 0001:00002bac       ?ProcessSynchroEventCommon@@YAHHPEAX@Z 0000000180003bac f   ConEmuTh.obj
 0001:00002d18       ?ReloadPanelsInfo@@YAXXZ   0000000180003d18 f   ConEmuTh.obj
 0001:00002ea8       ?ReloadResourcesW@@YAXXZ   0000000180003ea8 f   ConEmuTh.obj
 0001:00002f44       ?ResetUngetBuffer@@YAXXZ   0000000180003f44 f   ConEmuTh.obj
 0001:00002f54       ?SavePanelViewState@@YAXHK@Z 0000000180003f54 f   ConEmuTh.obj
 0001:00002f9c       ?SettingsLoad@@YAHPEB_WPEAK@Z 0000000180003f9c f   ConEmuTh.obj
 0001:00002fd4       ?SettingsLoadOther@@YAXPEB_W@Z 0000000180003fd4 f   ConEmuTh.obj
 0001:00003130       ?SettingsLoadReg@@YAHPEB_W0PEAK@Z 0000000180004130 f   ConEmuTh.obj
 0001:000031d0       ?SettingsSave@@YAXPEB_WPEAK@Z 00000001800041d0 f   ConEmuTh.obj
 0001:00003208       ?SettingsSaveReg@@YAXPEB_W0PEAK@Z 0000000180004208 f   ConEmuTh.obj
 0001:00003290       ?ShowLastError@@YAHXZ      0000000180004290 f   ConEmuTh.obj
 0001:00003304       ?ShowMessage@@YAHHH@Z      0000000180004304 f   ConEmuTh.obj
 0001:0000333c       ?ShowPluginMenu@@YAHXZ     000000018000433c f   ConEmuTh.obj
 0001:00003374       ?StartPlugin@@YAXH@Z       0000000180004374 f   ConEmuTh.obj
 0001:000034e0       ?StringCchCatW@@YAJPEA_W_KPEB_W@Z 00000001800044e0 f i ConEmuTh.obj
 0001:000035b0       ?UpdateEnvVar@@YAXH@Z      00000001800045b0 f   ConEmuTh.obj
 0001:000035e0       ?isPreloadByDefault@@YA_NXZ 00000001800045e0 f   ConEmuTh.obj
 0001:00003608       DllMain                    0000000180004608 f   ConEmuTh.obj
 0001:000036d4       GetMinFarVersionW          00000001800046d4 f   ConEmuTh.obj
 0001:000036dc       SetStartupInfoW            00000001800046dc f   ConEmuTh.obj
 0001:0000373c       ?CheckFarPanelsW1900@@YA_NXZ 000000018000473c f   ConEmuTh1900.obj
 0001:00003798       ?CheckPanelSettingsW1900@@YAHH@Z 0000000180004798 f   ConEmuTh1900.obj
 0001:00003848       ?Color2BgIndex@Far3Color@@SAXKHAEAGPEBK@Z 0000000180004848 f i ConEmuTh1900.obj
 0001:0000394c       ?Color2FgIndex@Far3Color@@SAXKAEAGPEBK@Z 000000018000494c f i ConEmuTh1900.obj
 0001:00003a2c       ?ExecuteInMainThreadW1900@@YAXPEAUConEmuThSynchroArg@@@Z 0000000180004a2c f   ConEmuTh1900.obj
 0001:00003a58       ?ExitFARW1900@@YAXXZ       0000000180004a58 f   ConEmuTh1900.obj
 0001:00003a94       ?FarColor_3_2@@YAEAEBUFarColor@@@Z 0000000180004a94 f i ConEmuTh1900.obj
 0001:00003b40       ?GetFarRectW1900@@YAXPEAU_SMALL_RECT@@@Z 0000000180004b40 f   ConEmuTh1900.obj
 0001:00003bd4       ?GetMsgW1900@@YAPEB_WH@Z   0000000180004bd4 f   ConEmuTh1900.obj
 0001:00003c00       ?GetPluginInfoW1900@@YAXPEAX@Z 0000000180004c00 f   ConEmuTh1900.obj
 0001:00003da0       ?LoadPanelInfoW1900@@YAHH@Z 0000000180004da0 f   ConEmuTh1900.obj
 0001:000041fc       ?LoadPanelItemInfoW1900@@YAXPEAUCeFullPanelInfo@@_J@Z 00000001800051fc f   ConEmuTh1900.obj
 0001:00004430       ?OpenW1900@@YAPEAXPEBX@Z   0000000180005430 f   ConEmuTh1900.obj
 0001:00004490       ?PostMacroW1900@@YAXPEA_W@Z 0000000180005490 f   ConEmuTh1900.obj
 0001:00004510       ?ReloadPanelsInfoW1900@@YAXXZ 0000000180005510 f   ConEmuTh1900.obj
 0001:00004534       ?SetCurrentPanelItemW1900@@YAXH_J0@Z 0000000180005534 f   ConEmuTh1900.obj
 0001:0000465c       ?SetStartupInfoW1900@@YAXPEAX@Z 000000018000565c f   ConEmuTh1900.obj
 0001:0000478c       ?SettingsLoadW1900@@YAHPEB_WPEAK@Z 000000018000578c f   ConEmuTh1900.obj
 0001:00004858       ?SettingsSaveW1900@@YAXPEB_WPEAK@Z 0000000180005858 f   ConEmuTh1900.obj
 0001:00004930       ?ShowMessageW1900@@YAHHH@Z 0000000180005930 f   ConEmuTh1900.obj
 0001:00004978       ?ShowMessageW1900@@YAHPEB_WH@Z 0000000180005978 f   ConEmuTh1900.obj
 0001:000049e4       ?ShowPluginMenuW1900@@YAHXZ 00000001800059e4 f   ConEmuTh1900.obj
 0001:00004bdc       ?CheckFarPanelsW2800@@YA_NXZ 0000000180005bdc f   ConEmuTh2800.obj
 0001:00004c50       ?CheckPanelSettingsW2800@@YAHH@Z 0000000180005c50 f   ConEmuTh2800.obj
 0001:00004d00       ?ExecuteInMainThreadW2800@@YAXPEAUConEmuThSynchroArg@@@Z 0000000180005d00 f   ConEmuTh2800.obj
 0001:00004d2c       ?ExitFARW2800@@YAXXZ       0000000180005d2c f   ConEmuTh2800.obj
 0001:00004d68       ?FreePanelItemUserData2800@@YAXPEAX_KP6A_JXZ@Z 0000000180005d68 f   ConEmuTh2800.obj
 0001:00004d9c       ?GetFarRectW2800@@YAXPEAU_SMALL_RECT@@@Z 0000000180005d9c f   ConEmuTh2800.obj
 0001:00004e38       ?GetMsgW2800@@YAPEB_WH@Z   0000000180005e38 f   ConEmuTh2800.obj
 0001:00004e64       ?GetPluginInfoW2800@@YAXPEAX@Z 0000000180005e64 f   ConEmuTh2800.obj
 0001:00005004       ?LoadPanelInfoW2800@@YAHH@Z 0000000180006004 f   ConEmuTh2800.obj
 0001:00005460       ?LoadPanelItemInfoW2800@@YAXPEAUCeFullPanelInfo@@_J@Z 0000000180006460 f   ConEmuTh2800.obj
 0001:000056c4       ?OpenW2800@@YAPEAXPEBX@Z   00000001800066c4 f   ConEmuTh2800.obj
 0001:00005784       ?PostMacroW2800@@YAXPEA_W@Z 0000000180006784 f   ConEmuTh2800.obj
 0001:00005808       ?ProcessSynchroEventW3@@YA_JPEAX@Z 0000000180006808 f   ConEmuTh2800.obj
 0001:00005820       ?ReloadPanelsInfoW2800@@YAXXZ 0000000180006820 f   ConEmuTh2800.obj
 0001:00005844       ?SetCurrentPanelItemW2800@@YAXH_J0@Z 0000000180006844 f   ConEmuTh2800.obj
 0001:00005970       ?SetCurrentPanelItemW2800Int@@YAXH_J0@Z 0000000180006970 f   ConEmuTh2800.obj
 0001:00005a98       ?SetStartupInfoW2800@@YAXPEAX@Z 0000000180006a98 f   ConEmuTh2800.obj
 0001:00005bc8       __except_validate_context_record 0000000180006bc8 f   libvcruntime:jbcxrval.obj
 0001:00005bc8       ?ApplyChanges@?$CQueueProcessor@PEAUIMAGE_CACHE_INFO@@@@MEAAXAEAPEAUIMAGE_CACHE_INFO@@AEBQEAU2@@Z 0000000180006bc8 f   ImgCache.obj
 0001:00005bc8       ?OnThreadStopped@?$CQueueProcessor@PEAUIMAGE_CACHE_INFO@@@@MEAAXXZ 0000000180006bc8 f   ImgCache.obj
 0001:00005bc8       ?SettingsLoadOtherW1900@@YAXXZ 0000000180006bc8 f   ConEmuTh1900.obj
 0001:00005bc8       ?SettingsLoadOtherW2800@@YAXXZ 0000000180006bc8 f   ConEmuTh2800.obj
 0001:00005bc8       _guard_check_icall_nop     0000000180006bc8 f   LIBCMT:guard_support.obj
 0001:00005bc8       ?LoadPanelItemInfoA@@YAXPEAUCeFullPanelInfo@@_J@Z 0000000180006bc8 f   ConEmuThA.obj
 0001:00005bc8       ?OnItemFailed@?$CQueueProcessor@PEAUIMAGE_CACHE_INFO@@@@MEAAXAEAPEAUIMAGE_CACHE_INFO@@_J@Z 0000000180006bc8 f   ImgCache.obj
 0001:00005bc8       ?OnItemReady@?$CQueueProcessor@PEAUIMAGE_CACHE_INFO@@@@MEAAXAEAPEAUIMAGE_CACHE_INFO@@_J@Z 0000000180006bc8 f   ImgCache.obj
 0001:00005bc8       ?FreeItem@?$CQueueProcessor@PEAUIMAGE_CACHE_INFO@@@@MEAAXAEBQEAUIMAGE_CACHE_INFO@@@Z 0000000180006bc8 f   ImgCache.obj
 0001:00005bcc       ?SettingsLoadW2800@@YAHPEB_WPEAK@Z 0000000180006bcc f   ConEmuTh2800.obj
 0001:00005ca0       ?SettingsSaveW2800@@YAXPEB_WPEAK@Z 0000000180006ca0 f   ConEmuTh2800.obj
 0001:00005d80       ?ShowMessageW2800@@YAHHH@Z 0000000180006d80 f   ConEmuTh2800.obj
 0001:00005dcc       ?ShowMessageW2800@@YAHPEB_WH@Z 0000000180006dcc f   ConEmuTh2800.obj
 0001:00005e3c       ?ShowPluginMenuW2800@@YAHXZ 0000000180006e3c f   ConEmuTh2800.obj
 0001:00006048       GetGlobalInfoW             0000000180007048 f   ConEmuTh2800.obj
 0001:000060e0       ?CheckFarPanelsW995@@YA_NXZ 00000001800070e0 f   ConEmuTh995.obj
 0001:0000613c       ?CheckPanelSettingsW995@@YAHH@Z 000000018000713c f   ConEmuTh995.obj
 0001:000061b8       ?ExecuteInMainThreadW995@@YAXPEAUConEmuThSynchroArg@@@Z 00000001800071b8 f   ConEmuTh995.obj
 0001:000061e0       ?ExitFARW995@@YAXXZ        00000001800071e0 f   ConEmuTh995.obj
 0001:00006234       ?GetFarRectW995@@YAXPEAU_SMALL_RECT@@@Z 0000000180007234 f   ConEmuTh995.obj
 0001:00006274       ?GetMsgW995@@YAPEB_WH@Z    0000000180007274 f   ConEmuTh995.obj
 0001:0000629c       ?GetPluginInfoW995@@YAXPEAX@Z 000000018000729c f   ConEmuTh995.obj
 0001:00006370       ?LoadPanelInfo995@@YAHH@Z  0000000180007370 f   ConEmuTh995.obj
 0001:00006674       ?LoadPanelItemInfoW995@@YAXPEAUCeFullPanelInfo@@_J@Z 0000000180007674 f   ConEmuTh995.obj
 0001:00006800       ?PostMacroW995@@YAXPEA_W@Z 0000000180007800 f   ConEmuTh995.obj
 0001:00006864       ?ReloadPanelsInfoW995@@YAXXZ 0000000180007864 f   ConEmuTh995.obj
 0001:00006888       ?SetCurrentPanelItemW995@@YAXH_J0@Z 0000000180007888 f   ConEmuTh995.obj
 0001:00006994       ?SetStartupInfoW995@@YAXPEAX@Z 0000000180007994 f   ConEmuTh995.obj
 0001:00006b30       ?SettingsLoadOtherW995@@YAXXZ 0000000180007b30 f   ConEmuTh995.obj
 0001:00006b3c       ?SettingsLoadW995@@YAHPEB_WPEAK@Z 0000000180007b3c f   ConEmuTh995.obj
 0001:00006b50       ?SettingsSaveW995@@YAXPEB_WPEAK@Z 0000000180007b50 f   ConEmuTh995.obj
 0001:00006b64       ?ShowMessageW995@@YAHHH@Z  0000000180007b64 f   ConEmuTh995.obj
 0001:00006ba8       ?ShowMessageW995@@YAHPEB_WH@Z 0000000180007ba8 f   ConEmuTh995.obj
 0001:00006be8       ?ShowPluginMenuW995@@YAHXZ 0000000180007be8 f   ConEmuTh995.obj
 0001:00006d78       OpenPluginW                0000000180007d78 f   ConEmuTh995.obj
 0001:00006d98       ?CheckFarPanelsA@@YA_NXZ   0000000180007d98 f   ConEmuThA.obj
 0001:00006e00       ?CheckPanelSettingsA@@YAHH@Z 0000000180007e00 f   ConEmuThA.obj
 0001:00006e88       ?GetMsgA@@YAPEB_WHPEA_W@Z  0000000180007e88 f   ConEmuThA.obj
 0001:00006f84       ?LoadPanelInfoA@@YAHH@Z    0000000180007f84 f   ConEmuThA.obj
 0001:00007340       ?PostMacroA@@YAXPEAD@Z     0000000180008340 f   ConEmuThA.obj
 0001:000073a0       ?ReloadPanelsInfoA@@YAXXZ  00000001800083a0 f   ConEmuThA.obj
 0001:000073c4       ?ReloadResourcesA@@YAXXZ   00000001800083c4 f   ConEmuThA.obj
 0001:00007480       ?SetCurrentPanelItemA@@YAXH_J0@Z 0000000180008480 f   ConEmuThA.obj
 0001:000075a0       ?SettingsLoadA@@YAHPEB_WPEAK@Z 00000001800085a0 f   ConEmuThA.obj
 0001:000075b4       ?SettingsLoadOtherA@@YAXXZ 00000001800085b4 f   ConEmuThA.obj
 0001:000075c0       ?SettingsSaveA@@YAXPEB_WPEAK@Z 00000001800085c0 f   ConEmuThA.obj
 0001:000075d4       ?ShowMessageA@@YAHHH@Z     00000001800085d4 f   ConEmuThA.obj
 0001:00007624       ?ShowMessageA@@YAHPEBDH@Z  0000000180008624 f   ConEmuThA.obj
 0001:00007668       ?ShowPluginMenuA@@YAHXZ    0000000180008668 f   ConEmuThA.obj
 0001:00007840       ExitFAR                    0000000180008840 f   ConEmuThA.obj
 0001:0000789c       GetMinFarVersion           000000018000889c f   ConEmuThA.obj
 0001:000078d4       GetPluginInfo              00000001800088d4 f   ConEmuThA.obj
 0001:00007954       OpenPlugin                 0000000180008954 f   ConEmuThA.obj
 0001:00007990       SetStartupInfo             0000000180008990 f   ConEmuThA.obj
 0001:00007b54       ?BisItem2CeItem@CeFullPanelInfo@@QEAAH_JH_KKKHH@Z 0000000180008b54 f   Display.obj
 0001:00007bf4       ?CalcTopPanelItem@CeFullPanelInfo@@QEAA_J_J0@Z 0000000180008bf4 f   Display.obj
 0001:00007cc8       ?Close@CeFullPanelInfo@@QEAAXXZ 0000000180008cc8 f   Display.obj
 0001:00007d0c       ?CreateView@CeFullPanelInfo@@QEAAPEAUHWND__@@XZ 0000000180008d0c f   Display.obj
 0001:00008098       ?DisplayReloadPanel@CeFullPanelInfo@@QEAAXXZ 0000000180009098 f   Display.obj
 0001:000080d4       ?DisplayThread@CeFullPanelInfo@@SAKPEAX@Z 00000001800090d4 f   Display.obj
 0001:000081f4       ?DisplayWndProc@CeFullPanelInfo@@SA_JPEAUHWND__@@I_K_J@Z 00000001800091f4 f   Display.obj
 0001:0000873c       ?DrawItemText@CeFullPanelInfo@@QEAAHPEAUHDC__@@PEAUtagRECT@@1PEAUCePluginPanelItem@@PEB_WPEAUHBRUSH__@@H@Z 000000018000973c f   Display.obj
 0001:00008d44       ?FarItem2CeItem@CeFullPanelInfo@@QEAAH_JPEB_W1KU_FILETIME@@_KHPEAX3P6A_JXZ3K@Z 0000000180009d44 f   Display.obj
 0001:000090a4       ?FinalRelease@CeFullPanelInfo@@QEAAXXZ 000000018000a0a4 f   Display.obj
 0001:000091b8       ?GetConCoordFromIndex@CeFullPanelInfo@@QEAAH_JAEAU_COORD@@@Z 000000018000a1b8 f   Display.obj
 0001:0000926c       ?GetIndexFromWndCoord@CeFullPanelInfo@@QEAAHHHAEA_J@Z 000000018000a26c f   Display.obj
 0001:00009304       ?GetItemColors@CeFullPanelInfo@@QEAAPEAUHBRUSH__@@_JPEAUCePluginPanelItem@@PEAUCePluginPanelItemColor@@HAEAK3@Z 000000018000a304 f   Display.obj
 0001:00009374       ?Invalidate@CeFullPanelInfo@@QEAAXXZ 000000018000a374 f   Display.obj
 0001:000093c8       ?InvalidateAll@CeFullPanelInfo@@SAXXZ 000000018000a3c8 f   Display.obj
 0001:00009418       ?LoadItemColors@CeFullPanelInfo@@QEAAX_JPEAUCePluginPanelItem@@PEAUCePluginPanelItemColor@@HH@Z 000000018000a418 f   Display.obj
 0001:00009690       ?OnSettingsChanged@CeFullPanelInfo@@QEAAHH@Z 000000018000a690 f   Display.obj
 0001:000097c4       ?Paint@CeFullPanelInfo@@QEAAXPEAUHWND__@@AEAUtagPAINTSTRUCT@@AEAUtagRECT@@@Z 000000018000a7c4 f   Display.obj
 0001:0000a0cc       ?PaintItem@CeFullPanelInfo@@QEAAHPEAUHDC__@@_JHHPEAUCePluginPanelItem@@PEAUCePluginPanelItemColor@@HHPEAUHBRUSH__@@4K@Z 000000018000b0cc f   Display.obj
 0001:0000a5d0       ?ReallocItems@CeFullPanelInfo@@QEAAH_J@Z 000000018000b5d0 f   Display.obj
 0001:0000a738       ?RegisterPanelView@CeFullPanelInfo@@QEAAHXZ 000000018000b738 f   Display.obj
 0001:0000a9fc       ?RequestSetPos@CeFullPanelInfo@@QEAAX_J0H@Z 000000018000b9fc f   Display.obj
 0001:0000aae0       ?UnregisterPanelView@CeFullPanelInfo@@QEAAH_N@Z 000000018000bae0 f   Display.obj
 0001:0000abf8       ?Init@HkFunc@@QEAA_NPEB_WPEAUHINSTANCE__@@@Z 000000018000bbf8 f   HkFunc.obj
 0001:0000ac98       ??$SafeDelete@UMSectionSimple@@@@YAXAEAPEAUMSectionSimple@@@Z 000000018000bc98 f i ImgCache.obj
 0001:0000ace0       ??0?$CQueueProcessor@PEAUIMAGE_CACHE_INFO@@@@QEAA@XZ 000000018000bce0 f i ImgCache.obj
 0001:0000ad54       ??0CImgCache@@QEAA@PEAUHINSTANCE__@@@Z 000000018000bd54 f   ImgCache.obj
 0001:0000ae90       ??1?$CQueueProcessor@PEAUIMAGE_CACHE_INFO@@@@UEAA@XZ 000000018000be90 f i ImgCache.obj
 0001:0000af44       ??1CImgCache@@QEAA@XZ      000000018000bf44 f   ImgCache.obj
 0001:0000affc       ??_E?$CQueueProcessor@PEAUIMAGE_CACHE_INFO@@@@UEAAPEAXI@Z 000000018000bffc f i ImgCache.obj
 0001:0000affc       ??_ECImgLoader@@UEAAPEAXI@Z 000000018000bffc f i ImgCache.obj
 0001:0000affc       ??_G?$CQueueProcessor@PEAUIMAGE_CACHE_INFO@@@@UEAAPEAXI@Z 000000018000bffc f i ImgCache.obj
 0001:0000affc       ??_GCImgLoader@@UEAAPEAXI@Z 000000018000bffc f i ImgCache.obj
 0001:0000b030       ?CheckDrawDibCreated@CImgCache@@IEAAHXZ 000000018000c030 f   ImgCache.obj
 0001:0000b184       ?CheckLoadDibCreated@CImgCache@@IEAAHXZ 000000018000c184 f   ImgCache.obj
 0001:0000b2d8       ?CheckThread@?$CQueueProcessor@PEAUIMAGE_CACHE_INFO@@@@IEAAJXZ 000000018000c2d8 f i ImgCache.obj
 0001:0000b398       ?ClearQueue@?$CQueueProcessor@PEAUIMAGE_CACHE_INFO@@@@AEAAXXZ 000000018000c398 f i ImgCache.obj
 0001:0000b418       ?CopyBits@CImgCache@@IEAAXU_COORD@@PEAEK01@Z 000000018000c418 f   ImgCache.obj
 0001:0000b4a0       ?CopyItem@?$CQueueProcessor@PEAUIMAGE_CACHE_INFO@@@@MEAAXPEBQEAUIMAGE_CACHE_INFO@@PEAPEAU2@@Z 000000018000c4a0 f i ImgCache.obj
 0001:0000b4c0       ?FindInCache@CImgCache@@IEAAHPEAUCePluginPanelItem@@PEAHI@Z 000000018000c4c0 f   ImgCache.obj
 0001:0000b6d4       ?FindOrCreate@?$CQueueProcessor@PEAUIMAGE_CACHE_INFO@@@@AEAAPEAUProcessingItem@1@AEBQEAUIMAGE_CACHE_INFO@@_J_NW4ProcessingPriority@@@Z 000000018000c6d4 f i ImgCache.obj
 0001:0000b928       ?FreeModules@CImgCache@@IEAAXXZ 000000018000c928 f   ImgCache.obj
 0001:0000b9ec       ?Init@CImgCache@@QEAAXK@Z  000000018000c9ec f   ImgCache.obj
 0001:0000ba4c       ?InitializeQueue@?$CQueueProcessor@PEAUIMAGE_CACHE_INFO@@@@AEAAXH@Z 000000018000ca4c f i ImgCache.obj
 0001:0000baf0       ?IsEqual@?$CQueueProcessor@PEAUIMAGE_CACHE_INFO@@@@MEAA_NAEBQEAUIMAGE_CACHE_INFO@@_J01@Z 000000018000caf0 f i ImgCache.obj
 0001:0000bb10       ?IsEqual@CImgLoader@@UEAA_NAEAPEBUIMAGE_CACHE_INFO@@_JAEAPEAU2@1@Z 000000018000cb10 f i ImgCache.obj
 0001:0000bb28       ?IsStopRequested@?$CQueueProcessor@PEAUIMAGE_CACHE_INFO@@@@UEAA_NAEBQEAUIMAGE_CACHE_INFO@@@Z 000000018000cb28 f i ImgCache.obj
 0001:0000bb38       ?IsTerminationRequested@CImgLoader@@UEAA_NXZ 000000018000cb38 f i ImgCache.obj
 0001:0000bb38       ?IsTerminationRequested@?$CQueueProcessor@PEAUIMAGE_CACHE_INFO@@@@MEAA_NXZ 000000018000cb38 f i ImgCache.obj
 0001:0000bb3c       ?LoadModules@CImgCache@@IEAAXXZ 000000018000cb3c f   ImgCache.obj
 0001:0000bdf8       ?LoadShellIcon@CImgCache@@QEAAHPEAUIMAGE_CACHE_INFO@@H@Z 000000018000cdf8 f   ImgCache.obj
 0001:0000c114       ?LoadThumbnail@CImgCache@@QEAAHPEAUIMAGE_CACHE_INFO@@@Z 000000018000d114 f   ImgCache.obj
 0001:0000c7fc       ?OnThreadStarted@?$CQueueProcessor@PEAUIMAGE_CACHE_INFO@@@@MEAAJXZ 000000018000d7fc f i ImgCache.obj
 0001:0000c800       ?OnThreadStarted@CImgLoader@@UEAAJXZ 000000018000d800 f i ImgCache.obj
 0001:0000c814       ?OnThreadStopped@CImgLoader@@UEAAXXZ 000000018000d814 f i ImgCache.obj
 0001:0000c81c       ?PaintItem@CImgCache@@QEAAHPEAUHDC__@@HHHPEAUCePluginPanelItem@@PEAPEB_WPEAH@Z 000000018000d81c f   ImgCache.obj
 0001:0000cd2c       ?ProcessItem@?$CQueueProcessor@PEAUIMAGE_CACHE_INFO@@@@IEAAJPEAUProcessingItem@1@@Z 000000018000dd2c f i ImgCache.obj
 0001:0000cd58       ?ProcessItem@?$CQueueProcessor@PEAUIMAGE_CACHE_INFO@@@@MEAAJAEAPEAUIMAGE_CACHE_INFO@@_J@Z 000000018000dd58 f i ImgCache.obj
 0001:0000cd60       ?ProcessItem@CImgLoader@@UEAAJAEAPEAUIMAGE_CACHE_INFO@@_J@Z 000000018000dd60 f i ImgCache.obj
 0001:0000cdb8       ?ProcessingStep@?$CQueueProcessor@PEAUIMAGE_CACHE_INFO@@@@IEAA_NXZ 000000018000ddb8 f i ImgCache.obj
 0001:0000cfc8       ?ProcessingThread@?$CQueueProcessor@PEAUIMAGE_CACHE_INFO@@@@KAKPEAX@Z 000000018000dfc8 f i ImgCache.obj
 0001:0000cff8       ?RequestItem@CImgCache@@QEAAHPEAUCePluginPanelItem@@I@Z 000000018000dff8 f   ImgCache.obj
 0001:0000d0f8       ?Reset@CImgCache@@QEAAXXZ  000000018000e0f8 f   ImgCache.obj
 0001:0000d2cc       ?SetCacheLocation@CImgCache@@QEAAXPEB_W@Z 000000018000e2cc f   ImgCache.obj
 0001:0000d34c       ??2@YAPEAX_K@Z             000000018000e34c f   Memory.obj
 0001:0000d380       ??3@YAXPEAX@Z              000000018000e380 f   Memory.obj
 0001:0000d380       ??_V@YAXPEAX@Z             000000018000e380 f   Memory.obj
 0001:0000d388       ??_U@YAPEAX_K@Z            000000018000e388 f   Memory.obj
 0001:0000d388       ?xf_malloc@@YAPEAX_K@Z     000000018000e388 f   Memory.obj
 0001:0000d39c       ?HeapDeinitialize@@YAXXZ   000000018000e39c f   Memory.obj
 0001:0000d3c0       ?HeapInitialize@@YA_NXZ    000000018000e3c0 f   Memory.obj
 0001:0000d3f8       ?xf_calloc@@YAPEAX_K0@Z    000000018000e3f8 f   Memory.obj
 0001:0000d414       ?xf_free@@YAXPEAX@Z        000000018000e414 f   Memory.obj
 0001:0000d43c       ?xf_realloc@@YAPEAXPEAX_K@Z 000000018000e43c f   Memory.obj
 0001:0000d470       ??1?$MToolHelp@UtagPROCESSENTRY32W@@$1?Process32FirstW@@YAHPEAXPEAU1@@Z$1?Process32NextW@@YAH01@Z@@UEAA@XZ 000000018000e470 f i MProcess.obj
 0001:0000d508       ??_GMToolHelpProcess@@UEAAPEAXI@Z 000000018000e508 f i MProcess.obj
 0001:0000d508       ??_E?$MToolHelp@UtagPROCESSENTRY32W@@$1?Process32FirstW@@YAHPEAXPEAU1@@Z$1?Process32NextW@@YAH01@Z@@UEAAPEAXI@Z 000000018000e508 f i MProcess.obj
 0001:0000d508       ??_G?$MToolHelp@UtagPROCESSENTRY32W@@$1?Process32FirstW@@YAHPEAXPEAU1@@Z$1?Process32NextW@@YAH01@Z@@UEAAPEAXI@Z 000000018000e508 f i MProcess.obj
 0001:0000d508       ??_EMToolHelpProcess@@UEAAPEAXI@Z 000000018000e508 f i MProcess.obj
 0001:0000d53c       ?Find@?$MToolHelp@UtagPROCESSENTRY32W@@$1?Process32FirstW@@YAHPEAXPEAU1@@Z$1?Process32NextW@@YAH01@Z@@QEAA_NP6A_NPEAUtagPROCESSENTRY32W@@_J@Z10@Z 000000018000e53c f i MProcess.obj
 0001:0000d608       ?Open@?$MToolHelp@UtagPROCESSENTRY32W@@$1?Process32FirstW@@YAHPEAXPEAU1@@Z$1?Process32NextW@@YAH01@Z@@QEAA_NXZ 000000018000e608 f i MProcess.obj
 0001:0000d69c       ?addsize@?$MArray@UtagPROCESSENTRY32W@@@@QEAAX_J@Z 000000018000e69c f i MProcess.obj
 0001:0000d734       ?getNext@?$MToolHelp@UtagPROCESSENTRY32W@@$1?Process32FirstW@@YAHPEAXPEAU1@@Z$1?Process32NextW@@YAH01@Z@@IEAA_NXZ 000000018000e734 f i MProcess.obj
 0001:0000d7d4       ?isTerminalMode@@YA_NXZ    000000018000e7d4 f   MProcess.obj
 0001:0000d938       ?push_back@?$MArray@UtagPROCESSENTRY32W@@@@QEAA_JAEBUtagPROCESSENTRY32W@@@Z 000000018000e938 f i MProcess.obj
 0001:0000d9ac       ??0MSection@@QEAA@XZ       000000018000e9ac f   MSection.obj
 0001:0000da34       ??0MSectionLock@@QEAA@XZ   000000018000ea34 f   MSection.obj
 0001:0000da44       ??1MSection@@QEAA@XZ       000000018000ea44 f   MSection.obj
 0001:0000dab8       ??1MSectionLock@@QEAA@XZ   000000018000eab8 f   MSection.obj
 0001:0000dadc       ?AddRef@MSection@@IEAAXK@Z 000000018000eadc f   MSection.obj
 0001:0000db70       ?Lock@MSection@@IEAAHHK@Z  000000018000eb70 f   MSection.obj
 0001:0000dc70       ?Lock@MSectionLock@@QEAAHPEAVMSection@@HK@Z 000000018000ec70 f   MSection.obj
 0001:0000dcc4       ?MyEnterCriticalSection@MSection@@IEAA_NK@Z 000000018000ecc4 f   MSection.obj
 0001:0000ddf4       ?ReleaseRef@MSection@@IEAAHK@Z 000000018000edf4 f   MSection.obj
 0001:0000de98       ?Unlock@MSection@@IEAAXH@Z 000000018000ee98 f   MSection.obj
 0001:0000def0       ?Unlock@MSectionLock@@QEAAXXZ 000000018000eef0 f   MSection.obj
 0001:0000df1c       ?WaitUnlocked@MSection@@IEAAXKK@Z 000000018000ef1c f   MSection.obj
 0001:0000dfb0       ??0MSectionLockSimple@@QEAA@XZ 000000018000efb0 f   MSectionSimple.obj
 0001:0000dfbc       ??0MSectionSimple@@QEAA@_N@Z 000000018000efbc f   MSectionSimple.obj
 0001:0000dff4       ??1MSectionLockSimple@@QEAA@XZ 000000018000eff4 f   MSectionSimple.obj
 0001:0000e008       ??1MSectionSimple@@QEAA@XZ 000000018000f008 f   MSectionSimple.obj
 0001:0000e008       ?Close@MSectionSimple@@QEAAXXZ 000000018000f008 f   MSectionSimple.obj
 0001:0000e028       ?Enter@MSectionSimple@@QEAAXXZ 000000018000f028 f   MSectionSimple.obj
 0001:0000e030       ?Init@MSectionSimple@@QEAAXXZ 000000018000f030 f   MSectionSimple.obj
 0001:0000e050       ?Leave@MSectionSimple@@QEAAXXZ 000000018000f050 f   MSectionSimple.obj
 0001:0000e058       ?Lock@MSectionLockSimple@@QEAAHPEAUMSectionSimple@@K@Z 000000018000f058 f   MSectionSimple.obj
 0001:0000e0f4       ?RecreateAndLock@MSectionSimple@@QEAA_NXZ 000000018000f0f4 f   MSectionSimple.obj
 0001:0000e164       ?TryEnter@MSectionSimple@@QEAA_NXZ 000000018000f164 f   MSectionSimple.obj
 0001:0000e18c       ?Unlock@MSectionLockSimple@@QEAAXXZ 000000018000f18c f   MSectionSimple.obj
 0001:0000e1b4       ??_GMNullDesc@@QEAAPEAXI@Z 000000018000f1b4 f i MSecurity.obj
 0001:0000e22c       ?LoadAdvApi@MNullDesc@@IEAAHXZ 000000018000f22c f i MSecurity.obj
 0001:0000e3c4       ?LocalSecurity@@YAPEAU_SECURITY_ATTRIBUTES@@XZ 000000018000f3c4 f   MSecurity.obj
 0001:0000e420       ?LocalSecurity@MNullDesc@@QEAAPEAU_SECURITY_ATTRIBUTES@@XZ 000000018000f420 f i MSecurity.obj
 0001:0000e58c       ?ShutdownSecurity@@YAXXZ   000000018000f58c f   MSecurity.obj
 0001:0000e5b4       ?lstrdup@@YAPEA_WPEB_W_K@Z 000000018000f5b4 f   MStrDup.obj
 0001:0000e628       ?lstrmerge@@YAPEA_WPEB_W00000000@Z 000000018000f628 f   MStrDup.obj
 0001:0000e73c       ?msprintf@@YAPEB_WPEA_W_KPEB_WZZ 000000018000f73c f   MStrSafe.obj
 0001:0000eb5c       ??0CRgnDetect@@QEAA@XZ     000000018000fb5c f   RgnDetect.obj
 0001:0000ec1c       ??1CRgnDetect@@QEAA@XZ     000000018000fc1c f   RgnDetect.obj
 0001:0000ec78       ?DetectDialog@CRgnDetect@@IEAA_NPEA_WPEAUtag_CharAttr@@HHHHPEAH2@Z 000000018000fc78 f   RgnDetect.obj
 0001:0000f020       ?ExpandDialogFrame@CRgnDetect@@IEAA_NPEA_WPEAUtag_CharAttr@@HHAEAH2HH22@Z 0000000180010020 f   RgnDetect.obj
 0001:0000f2e4       ?FindByBackground@CRgnDetect@@IEAA_NPEA_WPEAUtag_CharAttr@@HHAEAH222AEA_N@Z 00000001800102e4 f   RgnDetect.obj
 0001:0000f3e8       ?FindDialog_Any@CRgnDetect@@IEAA_NPEA_WPEAUtag_CharAttr@@HHAEAH222AEA_N@Z 00000001800103e8 f   RgnDetect.obj
 0001:0000f698       ?FindDialog_Inner@CRgnDetect@@IEAA_NPEA_WPEAUtag_CharAttr@@HHAEAH2@Z 0000000180010698 f   RgnDetect.obj
 0001:0000f7e4       ?FindDialog_Left@CRgnDetect@@IEAA_NPEA_WPEAUtag_CharAttr@@HHAEAH222AEA_N@Z 00000001800107e4 f   RgnDetect.obj
 0001:0000f9d4       ?FindDialog_Right@CRgnDetect@@IEAA_NPEA_WPEAUtag_CharAttr@@HHAEAH222AEA_N@Z 00000001800109d4 f   RgnDetect.obj
 0001:0000fb3c       ?FindDialog_TopLeft@CRgnDetect@@IEAA_NPEA_WPEAUtag_CharAttr@@HHAEAH222AEA_N@Z 0000000180010b3c f   RgnDetect.obj
 0001:0000fc48       ?FindDialog_TopRight@CRgnDetect@@IEAA_NPEA_WPEAUtag_CharAttr@@HHAEAH222AEA_N@Z 0000000180010c48 f   RgnDetect.obj
 0001:0000fd60       ?FindFrameBottom_ByLeft@CRgnDetect@@IEAA_NPEA_WPEAUtag_CharAttr@@HHAEAH22@Z 0000000180010d60 f   RgnDetect.obj
 0001:0000fdf4       ?FindFrameBottom_ByRight@CRgnDetect@@IEAA_NPEA_WPEAUtag_CharAttr@@HHAEAH22@Z 0000000180010df4 f   RgnDetect.obj
 0001:0000fea8       ?FindFrameLeft_ByBottom@CRgnDetect@@IEAA_NPEA_WPEAUtag_CharAttr@@HHAEAH22@Z 0000000180010ea8 f   RgnDetect.obj
 0001:0000ff74       ?FindFrameLeft_ByTop@CRgnDetect@@IEAA_NPEA_WPEAUtag_CharAttr@@HHAEAH22@Z 0000000180010f74 f   RgnDetect.obj
 0001:000100e0       ?FindFrameRight_ByBottom@CRgnDetect@@IEAA_NPEA_WPEAUtag_CharAttr@@HHAEAH22@Z 00000001800110e0 f   RgnDetect.obj
 0001:000101c0       ?FindFrameRight_ByTop@CRgnDetect@@IEAA_NPEA_WPEAUtag_CharAttr@@HHAEAH22@Z 00000001800111c0 f   RgnDetect.obj
 0001:000102e8       ?FindFrameTop_ByLeft@CRgnDetect@@IEAA_NPEA_WPEAUtag_CharAttr@@HHAEAH22@Z 00000001800112e8 f   RgnDetect.obj
 0001:00010370       ?FindFrameTop_ByRight@CRgnDetect@@IEAA_NPEA_WPEAUtag_CharAttr@@HHAEAH22@Z 0000000180011370 f   RgnDetect.obj
 0001:00010420       ?FindFrame_TopLeft@CRgnDetect@@IEAA_NPEA_WPEAUtag_CharAttr@@HHAEAH222@Z 0000000180011420 f   RgnDetect.obj
 0001:00010524       ?GetCharAttr@CRgnDetect@@QEAAHHHAEA_WAEAUtag_CharAttr@@@Z 0000000180011524 f   RgnDetect.obj
 0001:000105a4       ?GetDetectedDialogsPtr@CRgnDetect@@QEBAPEBUtag_DetectedDialog@@XZ 00000001800115a4 f   RgnDetect.obj
 0001:000105ac       ?GetFlags@CRgnDetect@@QEBAKXZ 00000001800115ac f   RgnDetect.obj
 0001:000105b4       ?InitializeSBI@CRgnDetect@@QEAAHPEBK@Z 00000001800115b4 f   RgnDetect.obj
 0001:000109a0       ?MarkDialog@CRgnDetect@@IEAAHPEA_WPEAUtag_CharAttr@@HHHHHHI_NK@Z 00000001800119a0 f   RgnDetect.obj
 0001:000112ac       ?OnWindowSizeChanged@CRgnDetect@@QEAAXXZ 00000001800122ac f   RgnDetect.obj
 0001:000112b4       ?OnWriteConsoleOutput@CRgnDetect@@QEAAXPEBU_CHAR_INFO@@U_COORD@@1PEAU_SMALL_RECT@@PEBK@Z 00000001800122b4 f   RgnDetect.obj
 0001:00011528       ?PrepareTransparent@CRgnDetect@@QEAAXPEBUCEFAR_INFO_MAPPING@@PEBK@Z 0000000180012528 f   RgnDetect.obj
 0001:000115fc       ?PrepareTransparent@CRgnDetect@@QEAAXPEBUCEFAR_INFO_MAPPING@@PEBKPEBU_CONSOLE_SCREEN_BUFFER_INFO@@PEA_WPEAUtag_CharAttr@@HH@Z 00000001800125fc f   RgnDetect.obj
 0001:00011df0       ?SetFarRect@CRgnDetect@@QEAAXPEAU_SMALL_RECT@@@Z 0000000180012df0 f   RgnDetect.obj
 0001:00011e70       ?TextHeight@CRgnDetect@@QEAAHXZ 0000000180012e70 f   RgnDetect.obj
 0001:00011e9c       ?TextWidth@CRgnDetect@@QEAAHXZ 0000000180012e9c f   RgnDetect.obj
 0001:00011ec8       ?SearchAppPaths@@YA_NPEB_WAEAUCEStr@@_NPEAU1@@Z 0000000180012ec8 f   WFiles.obj
 0001:0001229c       ?ExpandEnvStr@@YAPEA_WPEB_W@Z 000000018001329c f   WObjects.obj
 0001:00012344       ?FileExists@@YA_NPEB_WPEAK@Z 0000000180013344 f   WObjects.obj
 0001:000124b8       ?GetEnvVar@@YAPEA_WPEB_W@Z 00000001800134b8 f   WObjects.obj
 0001:0001255c       ?IsWindows64@@YA_NXZ       000000018001355c f   WObjects.obj
 0001:00012580       ?SetThreadName@@YAXKPEAD@Z 0000000180013580 f   WThreads.obj
 0001:000125b8       ?apiCreateThread@@YAPEAXP6AKPEAX@Z0PEAKPEBDH@Z 00000001800135b8 f   WThreads.obj
 0001:00012708       ?apiTerminateThreadEx@@YAHPEAXKPEBDH@Z 0000000180013708 f   WThreads.obj
 0001:00012814       ?apiThreadHelper@@YAKPEAX@Z 0000000180013814 f   WThreads.obj
 0001:000129fc       ?apiShowWindow@@YA_NPEAUHWND__@@H@Z 00000001800139fc f   WUser.obj
 0001:00012a10       CreateToolhelp32Snapshot   0000000180013a10 f   kernel32:KERNEL32.dll
 0001:00012a16       Thread32First              0000000180013a16 f   kernel32:KERNEL32.dll
 0001:00012a1c       Thread32Next               0000000180013a1c f   kernel32:KERNEL32.dll
 0001:00012a22       Process32FirstW            0000000180013a22 f   kernel32:KERNEL32.dll
 0001:00012a28       Process32NextW             0000000180013a28 f   kernel32:KERNEL32.dll
 0001:00012a2e       GetFileVersionInfoSizeW    0000000180013a2e f   version:VERSION.dll
 0001:00012a34       GetFileVersionInfoW        0000000180013a34 f   version:VERSION.dll
 0001:00012a3a       VerQueryValueW             0000000180013a3a f   version:VERSION.dll
 0001:00012a40       ??3@YAXPEAX_K@Z            0000000180013a40 f   LIBCMT:delete_scalar_size.obj
 0001:00012d94       _DllMainCRTStartup         0000000180013d94 f   LIBCMT:dll_dllmain.obj
 0001:00012dd4       __scrt_acquire_startup_lock 0000000180013dd4 f   LIBCMT:utility.obj
 0001:00012e10       __scrt_dllmain_after_initialize_c 0000000180013e10 f   LIBCMT:utility.obj
 0001:00012e44       __scrt_dllmain_before_initialize_c 0000000180013e44 f   LIBCMT:utility.obj
 0001:00012e5c       __scrt_dllmain_crt_thread_attach 0000000180013e5c f   LIBCMT:utility.obj
 0001:00012e84       __scrt_dllmain_crt_thread_detach 0000000180013e84 f   LIBCMT:utility.obj
 0001:00012e9c       __scrt_dllmain_exception_filter 0000000180013e9c f   LIBCMT:utility.obj
 0001:00012f00       __scrt_dllmain_uninitialize_c 0000000180013f00 f   LIBCMT:utility.obj
 0001:00012f30       __scrt_dllmain_uninitialize_critical 0000000180013f30 f   LIBCMT:utility.obj
 0001:00012f44       __scrt_initialize_crt      0000000180013f44 f   LIBCMT:utility.obj
 0001:00012f90       __scrt_initialize_onexit_tables 0000000180013f90 f   LIBCMT:utility.obj
 0001:0001305c       __scrt_is_nonwritable_in_current_image 000000018001405c f   LIBCMT:utility.obj
 0001:000130f8       __scrt_release_startup_lock 00000001800140f8 f   LIBCMT:utility.obj
 0001:0001311c       __scrt_uninitialize_crt    000000018001411c f   LIBCMT:utility.obj
 0001:00013148       _onexit                    0000000180014148 f   LIBCMT:utility.obj
 0001:00013198       atexit                     0000000180014198 f   LIBCMT:utility.obj
 0001:000131b0       __security_init_cookie     00000001800141b0 f   LIBCMT:gs_support.obj
 0001:0001325c       ?__scrt_initialize_type_info@@YAXXZ 000000018001425c f   LIBCMT:tncleanup.obj
 0001:0001326c       ?__scrt_uninitialize_type_info@@YAXXZ 000000018001426c f   LIBCMT:tncleanup.obj
 0001:00013278       __local_stdio_printf_options 0000000180014278 f i LIBCMT:default_local_stdio_options.obj
 0001:00013280       __local_stdio_scanf_options 0000000180014280 f i LIBCMT:default_local_stdio_options.obj
 0001:00013288       __scrt_initialize_default_local_stdio_options 0000000180014288 f   LIBCMT:default_local_stdio_options.obj
 0001:000132a4       __scrt_get_dyn_tls_init_callback 00000001800142a4 f   LIBCMT:dyn_tls_init.obj
 0001:000132ac       __crt_debugger_hook        00000001800142ac f   LIBCMT:utility_desktop.obj
 0001:000132b4       __scrt_fastfail            00000001800142b4 f   LIBCMT:utility_desktop.obj
 0001:000133fc       _RTC_Initialize            00000001800143fc f   LIBCMT:_initsect_.obj
 0001:00013448       _RTC_Terminate             0000000180014448 f   LIBCMT:_initsect_.obj
 0001:00013494       _guard_check_icall         0000000180014494 f i LIBCMT:checkcfg.obj
 0001:0001349c       __isa_available_init       000000018001449c f   LIBCMT:_cpu_disp_.obj
 0001:00013664       _get_startup_argv_mode     0000000180014664 f   LIBCMT:argv_mode.obj
 0001:0001366c       __scrt_is_ucrt_dll_in_use  000000018001466c f   LIBCMT:ucrt_detection.obj
 0001:00013690       memcpy                     0000000180014690 f   libvcruntime:memcpy.obj
 0001:00013690       memmove                    0000000180014690 f   libvcruntime:memcpy.obj
 0001:00013ac8       strrchr                    0000000180014ac8 f   libvcruntime:strrchr.obj
 0001:00013c08       wcschr                     0000000180014c08 f   libvcruntime:wcschr.obj
 0001:00013c9c       wcsrchr                    0000000180014c9c f   libvcruntime:wcsrchr.obj
 0001:00013d60       memset                     0000000180014d60 f   libvcruntime:memset.obj
 0001:00013f10       memcmp                     0000000180014f10 f   libvcruntime:memcmp.obj
 0001:00013fd8       __C_specific_handler       0000000180014fd8 f   libvcruntime:_chandler_.obj
 0001:000141d4       strchr                     00000001800151d4 f   libvcruntime:strchr.obj
 0001:00014260       __vcrt_initialize          0000000180015260 f   libvcruntime:initialization.obj
 0001:00014294       __vcrt_thread_attach       0000000180015294 f   libvcruntime:initialization.obj
 0001:000142a8       __vcrt_thread_detach       00000001800152a8 f   libvcruntime:initialization.obj
 0001:000142bc       __vcrt_uninitialize        00000001800152bc f   libvcruntime:initialization.obj
 0001:000142dc       __vcrt_uninitialize_critical 00000001800152dc f   libvcruntime:initialization.obj
 0001:000142ec       __std_type_info_destroy_list 00000001800152ec f   libvcruntime:std_type_info.obj
 0001:00014330       _local_unwind              0000000180015330 f   libvcruntime:_jmpuwind_.obj
 0001:00014360       _NLG_Notify                0000000180015360 f   libvcruntime:_jmpuwind_.obj
 0001:00014380       __NLG_Dispatch2            0000000180015380 f   libvcruntime:_jmpuwind_.obj
 0001:00014390       __NLG_Return2              0000000180015390 f   libvcruntime:_jmpuwind_.obj
 0001:00014394       __vcrt_freefls             0000000180015394 f   libvcruntime:per_thread_data.obj
 0001:000143b4       __vcrt_freeptd             00000001800153b4 f   libvcruntime:per_thread_data.obj
 0001:00014404       __vcrt_getptd_noexit       0000000180015404 f   libvcruntime:per_thread_data.obj
 0001:000144bc       __vcrt_initialize_ptd      00000001800154bc f   libvcruntime:per_thread_data.obj
 0001:000144fc       __vcrt_uninitialize_ptd    00000001800154fc f   libvcruntime:per_thread_data.obj
 0001:00014520       __vcrt_initialize_locks    0000000180015520 f   libvcruntime:locks.obj
 0001:00014568       __vcrt_uninitialize_locks  0000000180015568 f   libvcruntime:locks.obj
 0001:00014768       __vcrt_FlsAlloc            0000000180015768 f   libvcruntime:winapi_downlevel.obj
 0001:000147bc       __vcrt_FlsFree             00000001800157bc f   libvcruntime:winapi_downlevel.obj
 0001:00014810       __vcrt_FlsGetValue         0000000180015810 f   libvcruntime:winapi_downlevel.obj
 0001:00014864       __vcrt_FlsSetValue         0000000180015864 f   libvcruntime:winapi_downlevel.obj
 0001:000148cc       __vcrt_InitializeCriticalSectionEx 00000001800158cc f   libvcruntime:winapi_downlevel.obj
 0001:00014944       __vcrt_initialize_winapi_thunks 0000000180015944 f   libvcruntime:winapi_downlevel.obj
 0001:00014990       __vcrt_uninitialize_winapi_thunks 0000000180015990 f   libvcruntime:winapi_downlevel.obj
 0001:000149d0       __vcrt_initialize_pure_virtual_call_handler 00000001800159d0 f   libvcruntime:purevirt_data.obj
 0001:000149f4       wcspbrk                    00000001800159f4 f   libucrt:wcspbrk.obj
 0001:00014a2c       ??0_LocaleUpdate@@QEAA@QEAU__crt_locale_pointers@@@Z 0000000180015a2c f i libucrt:strtox.obj
 0001:00014abc       _initterm                  0000000180015abc f   libucrt:initterm.obj
 0001:00014b34       _initterm_e                0000000180015b34 f   libucrt:initterm.obj
 0001:00014b80       _seh_filter_dll            0000000180015b80 f   libucrt:exception_filter.obj
 0001:00014b94       _seh_filter_exe            0000000180015b94 f   libucrt:exception_filter.obj
 0001:00014f54       __acrt_initialize_thread_local_exit_callback 0000000180015f54 f   libucrt:exit.obj
 0001:00014f5c       _cexit                     0000000180015f5c f   libucrt:exit.obj
 0001:00014f6c       _exit                      0000000180015f6c f   libucrt:exit.obj
 0001:00014f78       _is_c_termination_complete 0000000180015f78 f   libucrt:exit.obj
 0001:0001513c       __acrt_allocate_buffer_for_argv 000000018001613c f   libucrt:argv_parsing.obj
 0001:000151a0       _configure_narrow_argv     00000001800161a0 f   libucrt:argv_parsing.obj
 0001:000154fc       __dcrt_uninitialize_environments_nolock 00000001800164fc f   libucrt:environment_initialization.obj
 0001:00015534       _initialize_narrow_environment 0000000180016534 f   libucrt:environment_initialization.obj
 0001:0001553c       ??$?RV<lambda_b8c45f8f788dd370798f47cfe8ac3a86>@@AEAV<lambda_4e60a939b0d047cfe11ddc22648dfba9>@@V<lambda_332c3edc96d0294ec56c57d38c1cdfd5>@@@?$__crt_seh_guarded_call@H@@QEAAH$$QEAV<lambda_b8c45f8f788dd370798f47cfe8ac3a86>@@AEAV<lambda_4e60a939b0d047cfe11ddc22648dfba9>@@$$QEAV<lambda_332c3edc96d0294ec56c57d38c1cdfd5>@@@Z 000000018001653c f i libucrt:onexit.obj
 0001:00015578       ??$?RV<lambda_e24bbb7b643b32fcea6fa61b31d4c984>@@AEAV<lambda_275893d493268fdec8709772e3fcec0e>@@V<lambda_9d71df4d7cf3f480f8d633942495c3b0>@@@?$__crt_seh_guarded_call@H@@QEAAH$$QEAV<lambda_e24bbb7b643b32fcea6fa61b31d4c984>@@AEAV<lambda_275893d493268fdec8709772e3fcec0e>@@$$QEAV<lambda_9d71df4d7cf3f480f8d633942495c3b0>@@@Z 0000000180016578 f i libucrt:onexit.obj
 0001:000158f4       _crt_atexit                00000001800168f4 f   libucrt:onexit.obj
 0001:00015904       _execute_onexit_table      0000000180016904 f   libucrt:onexit.obj
 0001:00015940       _initialize_onexit_table   0000000180016940 f   libucrt:onexit.obj
 0001:00015980       _register_onexit_function  0000000180016980 f   libucrt:onexit.obj
 0001:00015ad8       ??$uninitialize@V<lambda_30a498feb8538b5c3153c22026e33470>@@@?$dual_state_global@PEAU__crt_multibyte_data@@@__crt_state_management@@QEAAX$$QEAV<lambda_30a498feb8538b5c3153c22026e33470>@@@Z 0000000180016ad8 f i libucrt:initialization.obj
 0001:00015b58       __acrt_initialize          0000000180016b58 f   libucrt:initialization.obj
 0001:00015b6c       __acrt_thread_attach       0000000180016b6c f   libucrt:initialization.obj
 0001:00015b80       __acrt_thread_detach       0000000180016b80 f   libucrt:initialization.obj
 0001:00015b90       __acrt_uninitialize        0000000180016b90 f   libucrt:initialization.obj
 0001:00015ba4       __acrt_uninitialize_critical 0000000180016ba4 f   libucrt:initialization.obj
 0001:00015bb4       terminate                  0000000180016bb4 f   libucrt:terminate.obj
 0001:00015bdc       _free_base                 0000000180016bdc f   libucrt:free_base.obj
 0001:00015c1c       _malloc_base               0000000180016c1c f   libucrt:malloc_base.obj
 0001:00015c7c       strcpy_s                   0000000180016c7c f   libucrt:strcpy_s.obj
 0001:00015cdc       abort                      0000000180016cdc f   libucrt:abort.obj
 0001:00015d34       _calloc_base               0000000180016d34 f   libucrt:calloc_base.obj
 0001:00015dac       __acrt_call_reportfault    0000000180016dac f   libucrt:invalid_parameter.obj
 0001:00015f08       __acrt_initialize_invalid_parameter_handler 0000000180016f08 f   libucrt:invalid_parameter.obj
 0001:00015f10       _invalid_parameter         0000000180016f10 f   libucrt:invalid_parameter.obj
 0001:00015fb8       _invalid_parameter_noinfo  0000000180016fb8 f   libucrt:invalid_parameter.obj
 0001:00015fd8       _invoke_watson             0000000180016fd8 f   libucrt:invalid_parameter.obj
 0001:00016020       __acrt_errno_from_os_error 0000000180017020 f   libucrt:errno.obj
 0001:00016068       __acrt_errno_map_os_error  0000000180017068 f   libucrt:errno.obj
 0001:000160b8       __doserrno                 00000001800170b8 f   libucrt:errno.obj
 0001:000160d8       _errno                     00000001800170d8 f   libucrt:errno.obj
 0001:000160f8       __pctype_func              00000001800170f8 f   libucrt:ctype.obj
 0001:00016128       ??$?RV<lambda_46352004c1216016012b18bd6f87e700>@@AEAV<lambda_3bd07e1a1191394380780325891bf33f>@@V<lambda_334532d3f185bcaa59b5be82d7d22bff>@@@?$__crt_seh_guarded_call@X@@QEAAX$$QEAV<lambda_46352004c1216016012b18bd6f87e700>@@AEAV<lambda_3bd07e1a1191394380780325891bf33f>@@$$QEAV<lambda_334532d3f185bcaa59b5be82d7d22bff>@@@Z 0000000180017128 f i libucrt:per_thread_data.obj
 0001:00016188       ??$?RV<lambda_5e887d1dcbef67a5eb4283622ba103bf>@@AEAV<lambda_4466841279450cc726390878d4a41900>@@V<lambda_341c25c0346d94847f1f3c463c57e077>@@@?$__crt_seh_guarded_call@X@@QEAAX$$QEAV<lambda_5e887d1dcbef67a5eb4283622ba103bf>@@AEAV<lambda_4466841279450cc726390878d4a41900>@@$$QEAV<lambda_341c25c0346d94847f1f3c463c57e077>@@@Z 0000000180017188 f i libucrt:per_thread_data.obj
 0001:000161d0       ??$?RV<lambda_72d1df2b273a38828b1ce30cbf4cdab5>@@AEAV<lambda_876a65b173b8412d3a47c70a915b0cf4>@@V<lambda_41932305e351933ebe8f8be3ed8bb5dc>@@@?$__crt_seh_guarded_call@X@@QEAAX$$QEAV<lambda_72d1df2b273a38828b1ce30cbf4cdab5>@@AEAV<lambda_876a65b173b8412d3a47c70a915b0cf4>@@$$QEAV<lambda_41932305e351933ebe8f8be3ed8bb5dc>@@@Z 00000001800171d0 f i libucrt:per_thread_data.obj
 0001:00016210       ??$?RV<lambda_fb3a7dec4e47f37f22dae91bb15c9095>@@AEAV<lambda_698284760c8add0bfb0756c19673e34b>@@V<lambda_dfb8eca1e75fef3034a8fb18dd509707>@@@?$__crt_seh_guarded_call@X@@QEAAX$$QEAV<lambda_fb3a7dec4e47f37f22dae91bb15c9095>@@AEAV<lambda_698284760c8add0bfb0756c19673e34b>@@$$QEAV<lambda_dfb8eca1e75fef3034a8fb18dd509707>@@@Z 0000000180017210 f i libucrt:per_thread_data.obj
 0001:000164a0       __acrt_freeptd             00000001800174a0 f   libucrt:per_thread_data.obj
 0001:000164e4       __acrt_getptd              00000001800174e4 f   libucrt:per_thread_data.obj
 0001:00016578       __acrt_getptd_head         0000000180017578 f   libucrt:per_thread_data.obj
 0001:000165ec       __acrt_getptd_noexit       00000001800175ec f   libucrt:per_thread_data.obj
 0001:0001668c       __acrt_initialize_ptd      000000018001768c f   libucrt:per_thread_data.obj
 0001:000166c8       __acrt_uninitialize_ptd    00000001800176c8 f   libucrt:per_thread_data.obj
 0001:000166ec       __acrt_update_locale_info  00000001800176ec f   libucrt:locale_update.obj
 0001:00016720       __acrt_update_multibyte_info 0000000180017720 f   libucrt:locale_update.obj
 0001:00016754       ??$?RV<lambda_9431c60049192bb82166e0947f95a2e9>@@AEAV<lambda_85fa512c59a4d94d4a89f575eefd92a6>@@V<lambda_487febba6ca58d9ce348204d67e1dba3>@@@?$__crt_seh_guarded_call@X@@QEAAX$$QEAV<lambda_9431c60049192bb82166e0947f95a2e9>@@AEAV<lambda_85fa512c59a4d94d4a89f575eefd92a6>@@$$QEAV<lambda_487febba6ca58d9ce348204d67e1dba3>@@@Z 0000000180017754 f i libucrt:wsetlocale.obj
 0001:000167c4       __acrt_set_locale_changed  00000001800177c4 f   libucrt:wsetlocale.obj
 0001:000167d0       __acrt_uninitialize_locale 00000001800177d0 f   libucrt:wsetlocale.obj
 0001:00016800       __acrt_initialize_locks    0000000180017800 f   libucrt:locks.obj
 0001:00016848       __acrt_lock                0000000180017848 f   libucrt:locks.obj
 0001:00016864       __acrt_uninitialize_locks  0000000180017864 f   libucrt:locks.obj
 0001:0001689c       __acrt_unlock              000000018001789c f   libucrt:locks.obj
 0001:00016a58       __acrt_FlsAlloc            0000000180017a58 f   libucrt:winapi_thunks.obj
 0001:00016ab0       __acrt_FlsFree             0000000180017ab0 f   libucrt:winapi_thunks.obj
 0001:00016b08       __acrt_FlsGetValue         0000000180017b08 f   libucrt:winapi_thunks.obj
 0001:00016b60       __acrt_FlsSetValue         0000000180017b60 f   libucrt:winapi_thunks.obj
 0001:00016bc8       __acrt_InitializeCriticalSectionEx 0000000180017bc8 f   libucrt:winapi_thunks.obj
 0001:00016c40       __acrt_LCMapStringEx       0000000180017c40 f   libucrt:winapi_thunks.obj
 0001:00016d30       __acrt_LocaleNameToLCID    0000000180017d30 f   libucrt:winapi_thunks.obj
 0001:00016d98       __acrt_initialize_winapi_thunks 0000000180017d98 f   libucrt:winapi_thunks.obj
 0001:00016dd0       __acrt_is_packaged_app     0000000180017dd0 f   libucrt:winapi_thunks.obj
 0001:00016e58       __acrt_uninitialize_winapi_thunks 0000000180017e58 f   libucrt:winapi_thunks.obj
 0001:00017378       ?expand_if_necessary@?$argument_list@D@?A0x5f5c8891@@AEAAHXZ 0000000180018378 f i libucrt:argv_wildcards.obj
 0001:00017440       __acrt_expand_narrow_argv_wildcards 0000000180018440 f   libucrt:argv_wildcards.obj
 0001:00017448       ??$?RV<lambda_efb9b808e93e29b6b799d3875462c817>@@AEAV<lambda_2c5d36f8a66580c563e29092409944b2>@@V<lambda_31e551fca1567ef2425714047646aa90>@@@?$__crt_seh_guarded_call@X@@QEAAX$$QEAV<lambda_efb9b808e93e29b6b799d3875462c817>@@AEAV<lambda_2c5d36f8a66580c563e29092409944b2>@@$$QEAV<lambda_31e551fca1567ef2425714047646aa90>@@@Z 0000000180018448 f i libucrt:mbctype.obj
 0001:00017b90       __acrt_initialize_multibyte 0000000180018b90 f   libucrt:mbctype.obj
 0001:00017bf0       __acrt_update_thread_multibyte_data 0000000180018bf0 f   libucrt:mbctype.obj
 0001:00017c0c       _setmbcp_nolock            0000000180018c0c f   libucrt:mbctype.obj
 0001:00017f2c       _ismbblead                 0000000180018f2c f   libucrt:ismbbyte.obj
 0001:00017f40       __acrt_initialize_command_line 0000000180018f40 f   libucrt:argv_data.obj
 0001:00017f68       ?CheckHighPriority@?$CQueueProcessor@PEAUIMAGE_CACHE_INFO@@@@MEAA_NAEBQEAUIMAGE_CACHE_INFO@@@Z 0000000180018f68 f   ImgCache.obj
 0001:00017f68       ?CheckHighPriority@CImgLoader@@UEAA_NAEAPEBUIMAGE_CACHE_INFO@@@Z 0000000180018f68 f   ImgCache.obj
 0001:00017f68       __acrt_uninitialize_command_line 0000000180018f68 f   libucrt:argv_data.obj
 0001:00017f68       ?Filter@?$MToolHelp@UtagPROCESSENTRY32W@@$1?Process32FirstW@@YAHPEAXPEAU1@@Z$1?Process32NextW@@YAH01@Z@@MEAA_NPEAUtagPROCESSENTRY32W@@@Z 0000000180018f68 f   MProcess.obj
 0001:00017f6c       __dcrt_get_narrow_environment_from_os 0000000180018f6c f   libucrt:get_environment_from_os.obj
 0001:00018070       _recalloc                  0000000180019070 f   libucrt:recalloc.obj
 0001:00018078       _recalloc_base             0000000180019078 f   libucrt:recalloc.obj
 0001:00018110       __acrt_initialize_heap     0000000180019110 f   libucrt:heap_handle.obj
 0001:0001812c       __acrt_uninitialize_heap   000000018001912c f   libucrt:heap_handle.obj
 0001:00018320       __acrt_initialize_lowio    0000000180019320 f   libucrt:ioinit.obj
 0001:0001835c       __acrt_uninitialize_lowio  000000018001935c f   libucrt:ioinit.obj
 0001:0001839c       __acrt_execute_initializers 000000018001939c f   libucrt:shared_initialization.obj
 0001:00018430       __acrt_execute_uninitializers 0000000180019430 f   libucrt:shared_initialization.obj
 0001:00018480       __acrt_initialize_new_handler 0000000180019480 f   libucrt:new_handler.obj
 0001:00018488       _callnewh                  0000000180019488 f   libucrt:new_handler.obj
 0001:000184c8       _query_new_handler         00000001800194c8 f   libucrt:new_handler.obj
 0001:000184fc       ??$?RV<lambda_c36588078e9f5dfd39652860aa6b3aaf>@@AEAV<lambda_ec61778202f4f5fc7e7711acc23c3bca>@@V<lambda_dc9d2797ccde5d239b4a0efae8ebd7db>@@@?$__crt_seh_guarded_call@P6AXH@Z@@QEAAP6AXH@Z$$QEAV<lambda_c36588078e9f5dfd39652860aa6b3aaf>@@AEAV<lambda_ec61778202f4f5fc7e7711acc23c3bca>@@$$QEAV<lambda_dc9d2797ccde5d239b4a0efae8ebd7db>@@@Z 00000001800194fc f i libucrt:signal.obj
 0001:00018544       __acrt_get_sigabrt_handler 0000000180019544 f   libucrt:signal.obj
 0001:00018574       __acrt_initialize_signal_handlers 0000000180019574 f   libucrt:signal.obj
 0001:00018594       raise                      0000000180019594 f   libucrt:signal.obj
 0001:00018830       __acrt_has_user_matherr    0000000180019830 f   libucrt:matherr.obj
 0001:00018850       __acrt_initialize_user_matherr 0000000180019850 f   libucrt:matherr.obj
 0001:00018858       __acrt_invoke_user_matherr 0000000180019858 f   libucrt:matherr.obj
 0001:000188a0       _query_new_mode            00000001800198a0 f   libucrt:new_mode.obj
 0001:000188a8       _mbtowc_l                  00000001800198a8 f   libucrt:mbtowc.obj
 0001:000189f0       mbtowc                     00000001800199f0 f   libucrt:mbtowc.obj
 0001:000189f8       _fileno                    00000001800199f8 f   libucrt:fileno.obj
 0001:00018a20       __acrt_initialize_stdio    0000000180019a20 f   libucrt:_file.obj
 0001:00018b40       __acrt_uninitialize_stdio  0000000180019b40 f   libucrt:_file.obj
 0001:00018b9c       _lock_file                 0000000180019b9c f   libucrt:_file.obj
 0001:00018ba8       _unlock_file               0000000180019ba8 f   libucrt:_file.obj
 0001:00018bb4       _isleadbyte_l              0000000180019bb4 f i libucrt:_wctype.obj
 0001:00018bf4       __acrt_GetStringTypeA      0000000180019bf4 f   libucrt:getstringtypea.obj
 0001:00018da8       __acrt_add_locale_ref      0000000180019da8 f   libucrt:locale_refcounting.obj
 0001:00018e34       __acrt_free_locale         0000000180019e34 f   libucrt:locale_refcounting.obj
 0001:00018fac       __acrt_locale_add_lc_time_reference 0000000180019fac f   libucrt:locale_refcounting.obj
 0001:00018fd4       __acrt_locale_free_lc_time_if_unreferenced 0000000180019fd4 f   libucrt:locale_refcounting.obj
 0001:0001900c       __acrt_locale_release_lc_time_reference 000000018001a00c f   libucrt:locale_refcounting.obj
 0001:00019034       __acrt_release_locale_ref  000000018001a034 f   libucrt:locale_refcounting.obj
 0001:000190dc       __acrt_update_thread_locale_data 000000018001a0dc f   libucrt:locale_refcounting.obj
 0001:0001914c       _updatetlocinfoEx_nolock   000000018001a14c f   libucrt:locale_refcounting.obj
 0001:000191b4       __acrt_locale_free_monetary 000000018001a1b4 f   libucrt:initmon.obj
 0001:000192c0       __acrt_locale_free_numeric 000000018001a2c0 f   libucrt:initnum.obj
 0001:00019384       __acrt_locale_free_time    000000018001a384 f   libucrt:inittime.obj
 0001:00019554       __acrt_DownlevelLocaleNameToLCID 000000018001a554 f   libucrt:lcidtoname_downlevel.obj
 0001:00019660       qsort                      000000018001a660 f   libucrt:qsort.obj
 0001:00019994       strncpy_s                  000000018001a994 f   libucrt:strncpy_s.obj
 0001:00019a68       strpbrk                    000000018001aa68 f   libucrt:strpbrk.obj
 0001:00019b08       _mbsdec                    000000018001ab08 f   libucrt:mbsdec.obj
 0001:00019b10       _mbsdec_l                  000000018001ab10 f   libucrt:mbsdec.obj
 0001:00019f1c       __acrt_LCMapStringA        000000018001af1c f   libucrt:lcmapstringa.obj
 0001:00019fb4       _msize                     000000018001afb4 f   libucrt:msize.obj
 0001:00019ff0       _realloc_base              000000018001aff0 f   libucrt:realloc_base.obj
 0001:0001a074       __acrt_lowio_create_handle_array 000000018001b074 f   libucrt:osfinfo.obj
 0001:0001a10c       __acrt_lowio_destroy_handle_array 000000018001b10c f   libucrt:osfinfo.obj
 0001:0001a15c       __acrt_lowio_ensure_fh_exists 000000018001b15c f   libucrt:osfinfo.obj
 0001:0001a214       __acrt_lowio_lock_fh       000000018001b214 f   libucrt:osfinfo.obj
 0001:0001a238       __acrt_lowio_unlock_fh     000000018001b238 f   libucrt:osfinfo.obj
 0001:0001a25c       _free_osfhnd               000000018001b25c f   libucrt:osfinfo.obj
 0001:0001a318       _get_osfhandle             000000018001b318 f   libucrt:osfinfo.obj
 0001:0001a390       _isatty                    000000018001b390 f   libucrt:isatty.obj
 0001:0001a3f0       __acrt_stdio_flush_nolock  000000018001b3f0 f   libucrt:fflush.obj
 0001:0001a468       _fflush_nolock             000000018001b468 f   libucrt:fflush.obj
 0001:0001a4b4       _flushall                  000000018001b4b4 f   libucrt:fflush.obj
 0001:0001a5a4       _fcloseall                 000000018001b5a4 f   libucrt:closeall.obj
 0001:0001a658       __acrt_stdio_free_buffer_nolock 000000018001b658 f   libucrt:_freebuf.obj
 0001:0001a698       __strncnt                  000000018001b698 f   libucrt:strncnt.obj
 0001:0001a6b0       _query_app_type            000000018001b6b0 f   libucrt:report_runtime_error.obj
 0001:0001a6b8       ??$?RV<lambda_b521505b218e5242e90febf6bfebc422>@@AEAV<lambda_6978c1fb23f02e42e1d9e99668cc68aa>@@V<lambda_314360699dd331753a4119843814e9a7>@@@?$__crt_seh_guarded_call@H@@QEAAH$$QEAV<lambda_b521505b218e5242e90febf6bfebc422>@@AEAV<lambda_6978c1fb23f02e42e1d9e99668cc68aa>@@$$QEAV<lambda_314360699dd331753a4119843814e9a7>@@@Z 000000018001b6b8 f i libucrt:commit.obj
 0001:0001a744       _commit                    000000018001b744 f   libucrt:commit.obj
 0001:0001ad78       _write                     000000018001bd78 f   libucrt:write.obj
 0001:0001ae64       _write_nolock              000000018001be64 f   libucrt:write.obj
 0001:0001b150       log10                      000000018001c150 f   libucrt:log10.obj
 0001:0001b798       _lseeki64_nolock           000000018001c798 f   libucrt:lseek.obj
 0001:0001b7a0       _fclose_nolock             000000018001c7a0 f   libucrt:fclose.obj
 0001:0001b824       fclose                     000000018001c824 f   libucrt:fclose.obj
 0001:0001b890       _putwch_nolock             000000018001c890 f   libucrt:putwch.obj
 0001:0001ba10       _handle_error              000000018001ca10 f   libucrt:libm_error.obj
 0001:0001bb40       __acrt_initialize_fma3     000000018001cb40 f   libucrt:fma3_available.obj
 0001:0001bbb0       _log10_special             000000018001cbb0 f   libucrt:log_special.obj
 0001:0001bc68       ??$?RV<lambda_bfedae4ebbf01fab1bb6dcc6a9e276e0>@@AEAV<lambda_2fe9b910cf3cbf4a0ab98a02ba45b3ec>@@V<lambda_237c231691f317818eb88cc1d5d642d6>@@@?$__crt_seh_guarded_call@H@@QEAAH$$QEAV<lambda_bfedae4ebbf01fab1bb6dcc6a9e276e0>@@AEAV<lambda_2fe9b910cf3cbf4a0ab98a02ba45b3ec>@@$$QEAV<lambda_237c231691f317818eb88cc1d5d642d6>@@@Z 000000018001cc68 f i libucrt:close.obj
 0001:0001bcdc       _close                     000000018001ccdc f   libucrt:close.obj
 0001:0001bd80       _close_nolock              000000018001cd80 f   libucrt:close.obj
 0001:0001be3c       ?__acrt_stdio_free_stream@@YAXV__crt_stdio_stream@@@Z 000000018001ce3c f   libucrt:stream.obj
 0001:0001be80       __dcrt_lowio_initialize_console_output 000000018001ce80 f   libucrt:initcon.obj
 0001:0001bebc       __dcrt_terminate_console_output 000000018001cebc f   libucrt:initcon.obj
 0001:0001bef0       _get_fpsr                  000000018001cef0 f   libucrt:fpsr.obj
 0001:0001bf00       _set_fpsr                  000000018001cf00 f   libucrt:fpsr.obj
 0001:0001bf0a       _fclrf                     000000018001cf0a f   libucrt:fpsr.obj
 0001:0001bf1e       _frnd                      000000018001cf1e f   libucrt:fpsr.obj
 0001:0001bf40       _raise_exc                 000000018001cf40 f   libucrt:fpexcept.obj
 0001:0001bf68       _raise_exc_ex              000000018001cf68 f   libucrt:fpexcept.obj
 0001:0001c270       _set_errno_from_matherr    000000018001d270 f   libucrt:fpexcept.obj
 0001:0001c2a0       _clrfp                     000000018001d2a0 f   libucrt:fpctrl.obj
 0001:0001c2c0       _ctrlfp                    000000018001d2c0 f   libucrt:fpctrl.obj
 0001:0001c33c       _set_statfp                000000018001d33c f   libucrt:fpctrl.obj
 0001:0001c35c       _statfp                    000000018001d35c f   libucrt:fpctrl.obj
 0001:0001c36e       IsProcessorFeaturePresent  000000018001d36e f   kernel32:KERNEL32.dll
 0001:0001c374       RtlUnwindEx                000000018001d374 f   kernel32:KERNEL32.dll
 0001:0001c380       _FindPESection             000000018001d380 f   LIBCMT:pesect.obj
 0001:0001c3d0       _IsNonwritableInCurrentImage 000000018001d3d0 f   LIBCMT:pesect.obj
 0001:0001c420       _ValidateImageBase         000000018001d420 f   LIBCMT:pesect.obj
 0001:0001c450       __GSHandlerCheck           000000018001d450 f   LIBCMT:_gshandler_.obj
 0001:0001c470       __GSHandlerCheckCommon     000000018001d470 f   LIBCMT:_gshandler_.obj
 0001:0001c4e0       __security_check_cookie    000000018001d4e0 f   LIBCMT:_amdsecgs_.obj
 0001:0001c504       __raise_securityfailure    000000018001d504 f   LIBCMT:gs_report.obj
 0001:0001c538       __report_gsfailure         000000018001d538 f   LIBCMT:gs_report.obj
 0001:0001c60c       __report_rangecheckfailure 000000018001d60c f   LIBCMT:gs_report.obj
 0001:0001c620       __report_securityfailure   000000018001d620 f   LIBCMT:gs_report.obj
 0001:0001c7b0       __chkstk                   000000018001d7b0 f   LIBCMT:_chkstk_.obj
 0001:0001c7b0       _alloca_probe              000000018001d7b0 f   LIBCMT:_chkstk_.obj
 0001:0001c820       _guard_dispatch_icall_nop  000000018001d820 f   LIBCMT:_guard_dispatch_.obj
 0002:00000000       __imp_RegSetValueExW       000000018001e000     advapi32:ADVAPI32.dll
 0002:00000008       __imp_RegQueryValueExW     000000018001e008     advapi32:ADVAPI32.dll
 0002:00000010       __imp_RegOpenKeyExW        000000018001e010     advapi32:ADVAPI32.dll
 0002:00000018       __imp_RegCreateKeyExW      000000018001e018     advapi32:ADVAPI32.dll
 0002:00000020       __imp_RegCloseKey          000000018001e020     advapi32:ADVAPI32.dll
 0002:00000028       \177ADVAPI32_NULL_THUNK_DATA 000000018001e028     advapi32:ADVAPI32.dll
 0002:00000030       __imp_GetObjectW           000000018001e030     gdi32:GDI32.dll
 0002:00000038       __imp_CreateDIBSection     000000018001e038     gdi32:GDI32.dll
 0002:00000040       __imp_GdiAlphaBlend        000000018001e040     gdi32:GDI32.dll
 0002:00000048       __imp_SetStretchBltMode    000000018001e048     gdi32:GDI32.dll
 0002:00000050       __imp_StretchBlt           000000018001e050     gdi32:GDI32.dll
 0002:00000058       __imp_MoveToEx             000000018001e058     gdi32:GDI32.dll
 0002:00000060       __imp_SetTextColor         000000018001e060     gdi32:GDI32.dll
 0002:00000068       __imp_SetBkColor           000000018001e068     gdi32:GDI32.dll
 0002:00000070       __imp_SelectObject         000000018001e070     gdi32:GDI32.dll
 0002:00000078       __imp_Rectangle            000000018001e078     gdi32:GDI32.dll
 0002:00000080       __imp_LineTo               000000018001e080     gdi32:GDI32.dll
 0002:00000088       __imp_GetStockObject       000000018001e088     gdi32:GDI32.dll
 0002:00000090       __imp_DeleteObject         000000018001e090     gdi32:GDI32.dll
 0002:00000098       __imp_DeleteDC             000000018001e098     gdi32:GDI32.dll
 0002:000000a0       __imp_CreateSolidBrush     000000018001e0a0     gdi32:GDI32.dll
 0002:000000a8       __imp_CreatePen            000000018001e0a8     gdi32:GDI32.dll
 0002:000000b0       __imp_CreateFontW          000000018001e0b0     gdi32:GDI32.dll
 0002:000000b8       __imp_CreateCompatibleDC   000000018001e0b8     gdi32:GDI32.dll
 0002:000000c0       __imp_CreateCompatibleBitmap 000000018001e0c0     gdi32:GDI32.dll
 0002:000000c8       __imp_BitBlt               000000018001e0c8     gdi32:GDI32.dll
 0002:000000d0       __imp_GdiFlush             000000018001e0d0     gdi32:GDI32.dll
 0002:000000d8       \177GDI32_NULL_THUNK_DATA  000000018001e0d8     gdi32:GDI32.dll
 0002:000000e0       __imp_ReadConsoleInputW    000000018001e0e0     kernel32:KERNEL32.dll
 0002:000000e8       __imp_CreateToolhelp32Snapshot 000000018001e0e8     kernel32:KERNEL32.dll
 0002:000000f0       __imp_Thread32First        000000018001e0f0     kernel32:KERNEL32.dll
 0002:000000f8       __imp_Thread32Next         000000018001e0f8     kernel32:KERNEL32.dll
 0002:00000100       __imp_lstrcpynA            000000018001e100     kernel32:KERNEL32.dll
 0002:00000108       __imp_lstrlenA             000000018001e108     kernel32:KERNEL32.dll
 0002:00000110       __imp_MultiByteToWideChar  000000018001e110     kernel32:KERNEL32.dll
 0002:00000118       __imp_SetEvent             000000018001e118     kernel32:KERNEL32.dll
 0002:00000120       __imp_CreateEventW         000000018001e120     kernel32:KERNEL32.dll
 0002:00000128       __imp_GetExitCodeThread    000000018001e128     kernel32:KERNEL32.dll
 0002:00000130       __imp_LocalAlloc           000000018001e130     kernel32:KERNEL32.dll
 0002:00000138       __imp_WaitForMultipleObjects 000000018001e138     kernel32:KERNEL32.dll
 0002:00000140       __imp_FileTimeToSystemTime 000000018001e140     kernel32:KERNEL32.dll
 0002:00000148       __imp_FindClose            000000018001e148     kernel32:KERNEL32.dll
 0002:00000150       __imp_FindFirstFileW       000000018001e150     kernel32:KERNEL32.dll
 0002:00000158       __imp_FindNextFileW        000000018001e158     kernel32:KERNEL32.dll
 0002:00000160       __imp_GetTempPathW         000000018001e160     kernel32:KERNEL32.dll
 0002:00000168       __imp_ResetEvent           000000018001e168     kernel32:KERNEL32.dll
 0002:00000170       __imp_FreeLibrary          000000018001e170     kernel32:KERNEL32.dll
 0002:00000178       __imp_LoadLibraryW         000000018001e178     kernel32:KERNEL32.dll
 0002:00000180       __imp_IsBadReadPtr         000000018001e180     kernel32:KERNEL32.dll
 0002:00000188       __imp_HeapCreate           000000018001e188     kernel32:KERNEL32.dll
 0002:00000190       __imp_HeapDestroy          000000018001e190     kernel32:KERNEL32.dll
 0002:00000198       __imp_HeapAlloc            000000018001e198     kernel32:KERNEL32.dll
 0002:000001a0       __imp_HeapReAlloc          000000018001e1a0     kernel32:KERNEL32.dll
 0002:000001a8       __imp_HeapFree             000000018001e1a8     kernel32:KERNEL32.dll
 0002:000001b0       __imp_Process32FirstW      000000018001e1b0     kernel32:KERNEL32.dll
 0002:000001b8       __imp_Process32NextW       000000018001e1b8     kernel32:KERNEL32.dll
 0002:000001c0       __imp_OpenThread           000000018001e1c0     kernel32:KERNEL32.dll
 0002:000001c8       __imp_InitializeCriticalSection 000000018001e1c8     kernel32:KERNEL32.dll
 0002:000001d0       __imp_EnterCriticalSection 000000018001e1d0     kernel32:KERNEL32.dll
 0002:000001d8       __imp_LeaveCriticalSection 000000018001e1d8     kernel32:KERNEL32.dll
 0002:000001e0       __imp_TryEnterCriticalSection 000000018001e1e0     kernel32:KERNEL32.dll
 0002:000001e8       __imp_DeleteCriticalSection 000000018001e1e8     kernel32:KERNEL32.dll
 0002:000001f0       __imp_VerSetConditionMask  000000018001e1f0     kernel32:KERNEL32.dll
 0002:000001f8       __imp_VerifyVersionInfoW   000000018001e1f8     kernel32:KERNEL32.dll
 0002:00000200       __imp_ReadConsoleOutputW   000000018001e200     kernel32:KERNEL32.dll
 0002:00000208       __imp_GetConsoleScreenBufferInfo 000000018001e208     kernel32:KERNEL32.dll
 0002:00000210       __imp_GetFileInformationByHandle 000000018001e210     kernel32:KERNEL32.dll
 0002:00000218       __imp_GetEnvironmentVariableW 000000018001e218     kernel32:KERNEL32.dll
 0002:00000220       __imp_ExpandEnvironmentStringsW 000000018001e220     kernel32:KERNEL32.dll
 0002:00000228       __imp_WriteConsoleInputW   000000018001e228     kernel32:KERNEL32.dll
 0002:00000230       __imp_CreateThread         000000018001e230     kernel32:KERNEL32.dll
 0002:00000238       __imp_TerminateThread      000000018001e238     kernel32:KERNEL32.dll
 0002:00000240       __imp_ResumeThread         000000018001e240     kernel32:KERNEL32.dll
 0002:00000248       __imp_GetCurrentProcess    000000018001e248     kernel32:KERNEL32.dll
 0002:00000250       __imp_SetFilePointerEx     000000018001e250     kernel32:KERNEL32.dll
 0002:00000258       __imp_GetConsoleMode       000000018001e258     kernel32:KERNEL32.dll
 0002:00000260       __imp_GetConsoleCP         000000018001e260     kernel32:KERNEL32.dll
 0002:00000268       __imp_FlushFileBuffers     000000018001e268     kernel32:KERNEL32.dll
 0002:00000270       __imp_SetStdHandle         000000018001e270     kernel32:KERNEL32.dll
 0002:00000278       __imp_HeapSize             000000018001e278     kernel32:KERNEL32.dll
 0002:00000280       __imp_GetFileType          000000018001e280     kernel32:KERNEL32.dll
 0002:00000288       __imp_GetProcessHeap       000000018001e288     kernel32:KERNEL32.dll
 0002:00000290       __imp_FreeEnvironmentStringsW 000000018001e290     kernel32:KERNEL32.dll
 0002:00000298       __imp_GetEnvironmentStringsW 000000018001e298     kernel32:KERNEL32.dll
 0002:000002a0       __imp_GetCommandLineW      000000018001e2a0     kernel32:KERNEL32.dll
 0002:000002a8       __imp_GetCommandLineA      000000018001e2a8     kernel32:KERNEL32.dll
 0002:000002b0       __imp_GetCPInfo            000000018001e2b0     kernel32:KERNEL32.dll
 0002:000002b8       __imp_GetOEMCP             000000018001e2b8     kernel32:KERNEL32.dll
 0002:000002c0       __imp_IsValidCodePage      000000018001e2c0     kernel32:KERNEL32.dll
 0002:000002c8       __imp_FindNextFileA        000000018001e2c8     kernel32:KERNEL32.dll
 0002:000002d0       __imp_FindFirstFileExA     000000018001e2d0     kernel32:KERNEL32.dll
 0002:000002d8       __imp_WriteConsoleW        000000018001e2d8     kernel32:KERNEL32.dll
 0002:000002e0       __imp_LCMapStringW         000000018001e2e0     kernel32:KERNEL32.dll
 0002:000002e8       __imp_GetACP               000000018001e2e8     kernel32:KERNEL32.dll
 0002:000002f0       __imp_GetStringTypeW       000000018001e2f0     kernel32:KERNEL32.dll
 0002:000002f8       __imp_GetModuleFileNameA   000000018001e2f8     kernel32:KERNEL32.dll
 0002:00000300       __imp_GetModuleHandleExW   000000018001e300     kernel32:KERNEL32.dll
 0002:00000308       __imp_TerminateProcess     000000018001e308     kernel32:KERNEL32.dll
 0002:00000310       __imp_ExitProcess          000000018001e310     kernel32:KERNEL32.dll
 0002:00000318       __imp_LoadLibraryExW       000000018001e318     kernel32:KERNEL32.dll
 0002:00000320       __imp_TlsFree              000000018001e320     kernel32:KERNEL32.dll
 0002:00000328       __imp_TlsSetValue          000000018001e328     kernel32:KERNEL32.dll
 0002:00000330       __imp_TlsGetValue          000000018001e330     kernel32:KERNEL32.dll
 0002:00000338       __imp_TlsAlloc             000000018001e338     kernel32:KERNEL32.dll
 0002:00000340       __imp_InitializeCriticalSectionAndSpinCount 000000018001e340     kernel32:KERNEL32.dll
 0002:00000348       __imp_InterlockedFlushSList 000000018001e348     kernel32:KERNEL32.dll
 0002:00000350       __imp_WideCharToMultiByte  000000018001e350     kernel32:KERNEL32.dll
 0002:00000358       __imp_lstrcpyW             000000018001e358     kernel32:KERNEL32.dll
 0002:00000360       __imp_LocalFree            000000018001e360     kernel32:KERNEL32.dll
 0002:00000368       __imp_VirtualProtect       000000018001e368     kernel32:KERNEL32.dll
 0002:00000370       __imp_GetStdHandle         000000018001e370     kernel32:KERNEL32.dll
 0002:00000378       __imp_GetModuleFileNameW   000000018001e378     kernel32:KERNEL32.dll
 0002:00000380       __imp_UnmapViewOfFile      000000018001e380     kernel32:KERNEL32.dll
 0002:00000388       __imp_MapViewOfFile        000000018001e388     kernel32:KERNEL32.dll
 0002:00000390       __imp_OpenFileMappingW     000000018001e390     kernel32:KERNEL32.dll
 0002:00000398       __imp_CreateFileMappingW   000000018001e398     kernel32:KERNEL32.dll
 0002:000003a0       __imp_GetTickCount         000000018001e3a0     kernel32:KERNEL32.dll
 0002:000003a8       __imp_GetCurrentThreadId   000000018001e3a8     kernel32:KERNEL32.dll
 0002:000003b0       __imp_GetCurrentProcessId  000000018001e3b0     kernel32:KERNEL32.dll
 0002:000003b8       __imp_Sleep                000000018001e3b8     kernel32:KERNEL32.dll
 0002:000003c0       __imp_WaitForSingleObject  000000018001e3c0     kernel32:KERNEL32.dll
 0002:000003c8       __imp_WaitNamedPipeW       000000018001e3c8     kernel32:KERNEL32.dll
 0002:000003d0       __imp_TransactNamedPipe    000000018001e3d0     kernel32:KERNEL32.dll
 0002:000003d8       __imp_SetNamedPipeHandleState 000000018001e3d8     kernel32:KERNEL32.dll
 0002:000003e0       __imp_SetLastError         000000018001e3e0     kernel32:KERNEL32.dll
 0002:000003e8       __imp_CloseHandle          000000018001e3e8     kernel32:KERNEL32.dll
 0002:000003f0       __imp_GetLastError         000000018001e3f0     kernel32:KERNEL32.dll
 0002:000003f8       __imp_IsDebuggerPresent    000000018001e3f8     kernel32:KERNEL32.dll
 0002:00000400       __imp_WriteFile            000000018001e400     kernel32:KERNEL32.dll
 0002:00000408       __imp_ReadFile             000000018001e408     kernel32:KERNEL32.dll
 0002:00000410       __imp_CreateFileW          000000018001e410     kernel32:KERNEL32.dll
 0002:00000418       __imp_GetProcAddress       000000018001e418     kernel32:KERNEL32.dll
 0002:00000420       __imp_GetModuleHandleW     000000018001e420     kernel32:KERNEL32.dll
 0002:00000428       __imp_lstrlenW             000000018001e428     kernel32:KERNEL32.dll
 0002:00000430       __imp_lstrcpynW            000000018001e430     kernel32:KERNEL32.dll
 0002:00000438       __imp_lstrcmpiW            000000018001e438     kernel32:KERNEL32.dll
 0002:00000440       __imp_lstrcmpW             000000018001e440     kernel32:KERNEL32.dll
 0002:00000448       __imp_RaiseException       000000018001e448     kernel32:KERNEL32.dll
 0002:00000450       __imp_SetEnvironmentVariableW 000000018001e450     kernel32:KERNEL32.dll
 0002:00000458       __imp_RtlUnwindEx          000000018001e458     kernel32:KERNEL32.dll
 0002:00000460       __imp_IsProcessorFeaturePresent 000000018001e460     kernel32:KERNEL32.dll
 0002:00000468       __imp_GetStartupInfoW      000000018001e468     kernel32:KERNEL32.dll
 0002:00000470       __imp_SetUnhandledExceptionFilter 000000018001e470     kernel32:KERNEL32.dll
 0002:00000478       __imp_UnhandledExceptionFilter 000000018001e478     kernel32:KERNEL32.dll
 0002:00000480       __imp_RtlVirtualUnwind     000000018001e480     kernel32:KERNEL32.dll
 0002:00000488       __imp_RtlLookupFunctionEntry 000000018001e488     kernel32:KERNEL32.dll
 0002:00000490       __imp_RtlCaptureContext    000000018001e490     kernel32:KERNEL32.dll
 0002:00000498       __imp_InitializeSListHead  000000018001e498     kernel32:KERNEL32.dll
 0002:000004a0       __imp_QueryPerformanceCounter 000000018001e4a0     kernel32:KERNEL32.dll
 0002:000004a8       __imp_GetSystemTimeAsFileTime 000000018001e4a8     kernel32:KERNEL32.dll
 0002:000004b0       \177KERNEL32_NULL_THUNK_DATA 000000018001e4b0     kernel32:KERNEL32.dll
 0002:000004b8       __imp_SHGetFileInfoW       000000018001e4b8     shell32:SHELL32.dll
 0002:000004c0       \177SHELL32_NULL_THUNK_DATA 000000018001e4c0     shell32:SHELL32.dll
 0002:000004c8       __imp_MapVirtualKeyW       000000018001e4c8     user32:USER32.dll
 0002:000004d0       __imp_IsWindow             000000018001e4d0     user32:USER32.dll
 0002:000004d8       __imp_MessageBoxW          000000018001e4d8     user32:USER32.dll
 0002:000004e0       __imp_GetWindowLongPtrW    000000018001e4e0     user32:USER32.dll
 0002:000004e8       __imp_DrawTextW            000000018001e4e8     user32:USER32.dll
 0002:000004f0       __imp_ShowWindow           000000018001e4f0     user32:USER32.dll
 0002:000004f8       __imp_wsprintfA            000000018001e4f8     user32:USER32.dll
 0002:00000500       __imp_GetIconInfo          000000018001e500     user32:USER32.dll
 0002:00000508       __imp_DrawIconEx           000000018001e508     user32:USER32.dll
 0002:00000510       __imp_DestroyIcon          000000018001e510     user32:USER32.dll
[...]
 0004:000012cc       $pdata$??R<lambda_2c5d36f8a66580c563e29092409944b2>@@QEBAXXZ 00000001800572cc     libucrt:mbctype.obj
 0004:000012d8       $pdata$?getSystemCP@@YAHH@Z 00000001800572d8     libucrt:mbctype.obj
 0004:000012e4       $pdata$?setSBCS@@YAXPEAU__crt_multibyte_data@@@Z 00000001800572e4     libucrt:mbctype.obj
 0004:000012f0       $pdata$?setSBUpLow@@YAXPEAU__crt_multibyte_data@@@Z 00000001800572f0     libucrt:mbctype.obj
 0004:000012fc       $pdata$?setmbcp_internal@@YAHH_NQEAU__acrt_ptd@@QEAPEAU__crt_multibyte_data@@@Z 00000001800572fc     libucrt:mbctype.obj
 0004:00001308       $pdata$?update_thread_multibyte_data_internal@@YAPEAU__crt_multibyte_data@@QEAU__acrt_ptd@@QEAU1@@Z 0000000180057308     libucrt:mbctype.obj
 0004:00001314       $pdata$__acrt_initialize_multibyte 0000000180057314     libucrt:mbctype.obj
 0004:00001320       $pdata$__acrt_update_thread_multibyte_data 0000000180057320     libucrt:mbctype.obj
 0004:0000132c       $pdata$_setmbcp_nolock     000000018005732c     libucrt:mbctype.obj
 0004:00001338       $pdata$?x_ismbbtype_l@@YAHPEAU__crt_locale_pointers@@IHH@Z 0000000180057338     libucrt:ismbbyte.obj
 0004:00001344       $pdata$__acrt_initialize_command_line 0000000180057344     libucrt:argv_data.obj
 0004:00001350       $pdata$__dcrt_get_narrow_environment_from_os 0000000180057350     libucrt:get_environment_from_os.obj
 0004:0000135c       $pdata$_recalloc_base      000000018005735c     libucrt:recalloc.obj
 0004:00001368       $pdata$__acrt_initialize_heap 0000000180057368     libucrt:heap_handle.obj
 0004:00001374       $pdata$?initialize_inherited_file_handles_nolock@@YAXXZ 0000000180057374     libucrt:ioinit.obj
 0004:00001380       $pdata$?initialize_stdio_handles_nolock@@YAXXZ 0000000180057380     libucrt:ioinit.obj
 0004:0000138c       $pdata$__acrt_initialize_lowio 000000018005738c     libucrt:ioinit.obj
 0004:00001398       $pdata$__acrt_uninitialize_lowio 0000000180057398     libucrt:ioinit.obj
 0004:000013a4       $pdata$__acrt_execute_initializers 00000001800573a4     libucrt:shared_initialization.obj
 0004:000013b0       $pdata$__acrt_execute_uninitializers 00000001800573b0     libucrt:shared_initialization.obj
 0004:000013bc       $pdata$_callnewh           00000001800573bc     libucrt:new_handler.obj
 0004:000013c8       $pdata$_query_new_handler  00000001800573c8     libucrt:new_handler.obj
 0004:000013d4       $pdata$??$?RV<lambda_c36588078e9f5dfd39652860aa6b3aaf>@@AEAV<lambda_ec61778202f4f5fc7e7711acc23c3bca>@@V<lambda_dc9d2797ccde5d239b4a0efae8ebd7db>@@@?$__crt_seh_guarded_call@P6AXH@Z@@QEAAP6AXH@Z$$QEAV<lambda_c36588078e9f5dfd39652860aa6b3aaf>@@AEAV<lambda_ec61778202f4f5fc7e7711acc23c3bca>@@$$QEAV<lambda_dc9d2797ccde5d239b4a0efae8ebd7db>@@@Z 00000001800573d4     libucrt:signal.obj
 0004:000013e0       $pdata$__acrt_get_sigabrt_handler 00000001800573e0     libucrt:signal.obj
 0004:000013ec       $pdata$raise               00000001800573ec     libucrt:signal.obj
 0004:000013f8       $pdata$__acrt_invoke_user_matherr 00000001800573f8     libucrt:matherr.obj
 0004:00001404       $pdata$_mbtowc_l           0000000180057404     libucrt:mbtowc.obj
 0004:00001410       $pdata$_fileno             0000000180057410     libucrt:fileno.obj
 0004:0000141c       $pdata$__acrt_initialize_stdio 000000018005741c     libucrt:_file.obj
 0004:00001428       $pdata$__acrt_uninitialize_stdio 0000000180057428     libucrt:_file.obj
 0004:00001434       $pdata$_isleadbyte_l       0000000180057434     libucrt:_wctype.obj
 0004:00001440       $pdata$__acrt_GetStringTypeA 0000000180057440     libucrt:getstringtypea.obj
 0004:0000144c       $pdata$__acrt_free_locale  000000018005744c     libucrt:locale_refcounting.obj
 0004:00001458       $pdata$__acrt_locale_free_lc_time_if_unreferenced 0000000180057458     libucrt:locale_refcounting.obj
 0004:00001464       $pdata$__acrt_release_locale_ref 0000000180057464     libucrt:locale_refcounting.obj
 0004:00001470       $pdata$__acrt_update_thread_locale_data 0000000180057470     libucrt:locale_refcounting.obj
 0004:0000147c       $pdata$_updatetlocinfoEx_nolock 000000018005747c     libucrt:locale_refcounting.obj
 0004:00001488       $pdata$__acrt_locale_free_monetary 0000000180057488     libucrt:initmon.obj
 0004:00001494       $pdata$__acrt_locale_free_numeric 0000000180057494     libucrt:initnum.obj
 0004:000014a0       $pdata$?free_crt_array_internal@@YAXQEAPEBX_K@Z 00000001800574a0     libucrt:inittime.obj
 0004:000014ac       $pdata$__acrt_locale_free_time 00000001800574ac     libucrt:inittime.obj
 0004:000014b8       $pdata$?GetTableIndexFromLocaleName@@YAHPEB_W@Z 00000001800574b8     libucrt:lcidtoname_downlevel.obj
 0004:000014c4       $pdata$__acrt_DownlevelLocaleNameToLCID 00000001800574c4     libucrt:lcidtoname_downlevel.obj
 0004:000014d0       $pdata$?shortsort@@YAXPEAD0_KP6AHPEBX2@Z@Z 00000001800574d0     libucrt:qsort.obj
 0004:000014dc       $pdata$2$?shortsort@@YAXPEAD0_KP6AHPEBX2@Z@Z 00000001800574dc     libucrt:qsort.obj
 0004:000014e8       $pdata$3$?shortsort@@YAXPEAD0_KP6AHPEBX2@Z@Z 00000001800574e8     libucrt:qsort.obj
 0004:000014f4       $pdata$qsort               00000001800574f4     libucrt:qsort.obj
 0004:00001500       $pdata$4$qsort             0000000180057500     libucrt:qsort.obj
 0004:0000150c       $pdata$5$qsort             000000018005750c     libucrt:qsort.obj
 0004:00001518       $pdata$strncpy_s           0000000180057518     libucrt:strncpy_s.obj
 0004:00001524       $pdata$strpbrk             0000000180057524     libucrt:strpbrk.obj
 0004:00001530       $pdata$_mbsdec_l           0000000180057530     libucrt:mbsdec.obj
 0004:0000153c       $pdata$?initialize_multibyte@@YAHXZ 000000018005753c     libucrt:multibyte_initializer.obj
 0004:00001548       $pdata$?__acrt_LCMapStringA_stat@@YAHPEAU__crt_locale_pointers@@PEB_WKPEBDHPEADHHH@Z 0000000180057548     libucrt:lcmapstringa.obj
 0004:00001554       $pdata$__acrt_LCMapStringA 0000000180057554     libucrt:lcmapstringa.obj
 0004:00001560       $pdata$_msize              0000000180057560     libucrt:msize.obj
 0004:0000156c       $pdata$_realloc_base       000000018005756c     libucrt:realloc_base.obj
 0004:00001578       $pdata$__acrt_lowio_create_handle_array 0000000180057578     libucrt:osfinfo.obj
 0004:00001584       $pdata$__acrt_lowio_destroy_handle_array 0000000180057584     libucrt:osfinfo.obj
 0004:00001590       $pdata$__acrt_lowio_ensure_fh_exists 0000000180057590     libucrt:osfinfo.obj
 0004:0000159c       $pdata$_free_osfhnd        000000018005759c     libucrt:osfinfo.obj
 0004:000015a8       $pdata$_get_osfhandle      00000001800575a8     libucrt:osfinfo.obj
 0004:000015b4       $pdata$_isatty             00000001800575b4     libucrt:isatty.obj
 0004:000015c0       $pdata$__acrt_stdio_flush_nolock 00000001800575c0     libucrt:fflush.obj
 0004:000015cc       $pdata$_fflush_nolock      00000001800575cc     libucrt:fflush.obj
 0004:000015d8       $pdata$common_flush_all    00000001800575d8     libucrt:fflush.obj
 0004:000015e4       $pdata$_fcloseall          00000001800575e4     libucrt:closeall.obj
 0004:000015f0       $pdata$__acrt_stdio_free_buffer_nolock 00000001800575f0     libucrt:_freebuf.obj
 0004:000015fc       $pdata$??$?RV<lambda_b521505b218e5242e90febf6bfebc422>@@AEAV<lambda_6978c1fb23f02e42e1d9e99668cc68aa>@@V<lambda_314360699dd331753a4119843814e9a7>@@@?$__crt_seh_guarded_call@H@@QEAAH$$QEAV<lambda_b521505b218e5242e90febf6bfebc422>@@AEAV<lambda_6978c1fb23f02e42e1d9e99668cc68aa>@@$$QEAV<lambda_314360699dd331753a4119843814e9a7>@@@Z 00000001800575fc     libucrt:commit.obj
 0004:00001608       $pdata$_commit             0000000180057608     libucrt:commit.obj
 0004:00001614       $pdata$?write_double_translated_ansi_nolock@@YA?AUwrite_result@?A0x17268360@@HQEBDI@Z 0000000180057614     libucrt:write.obj
 0004:00001620       $pdata$?write_text_ansi_nolock@@YA?AUwrite_result@?A0x17268360@@HQEBDI@Z 0000000180057620     libucrt:write.obj
 0004:0000162c       $pdata$?write_text_utf16le_nolock@@YA?AUwrite_result@?A0x17268360@@HQEBDI@Z 000000018005762c     libucrt:write.obj
 0004:00001638       $pdata$?write_text_utf8_nolock@@YA?AUwrite_result@?A0x17268360@@HQEBDI@Z 0000000180057638     libucrt:write.obj
 0004:00001644       $pdata$_write              0000000180057644     libucrt:write.obj
 0004:00001650       $pdata$_write_nolock       0000000180057650     libucrt:write.obj
 0004:00001668       $pdata$??$common_lseek_nolock@_J@@YA_JH_JH@Z 0000000180057668     libucrt:lseek.obj
 0004:00001674       $pdata$_fclose_nolock      0000000180057674     libucrt:fclose.obj
 0004:00001680       $pdata$fclose              0000000180057680     libucrt:fclose.obj
 0004:0000168c       $pdata$_putwch_nolock      000000018005768c     libucrt:putwch.obj
 0004:00001698       $pdata$_call_matherr       0000000180057698     libucrt:libm_error.obj
 0004:000016a4       $pdata$_exception_enabled  00000001800576a4     libucrt:libm_error.obj
 0004:000016b0       $pdata$_handle_error       00000001800576b0     libucrt:libm_error.obj
 0004:000016bc       $pdata$__acrt_initialize_fma3 00000001800576bc     libucrt:fma3_available.obj
 0004:000016c8       $pdata$_log10_special      00000001800576c8     libucrt:log_special.obj
 0004:000016d4       $pdata$_log_special_common 00000001800576d4     libucrt:log_special.obj
 0004:000016e0       $pdata$??$?RV<lambda_bfedae4ebbf01fab1bb6dcc6a9e276e0>@@AEAV<lambda_2fe9b910cf3cbf4a0ab98a02ba45b3ec>@@V<lambda_237c231691f317818eb88cc1d5d642d6>@@@?$__crt_seh_guarded_call@H@@QEAAH$$QEAV<lambda_bfedae4ebbf01fab1bb6dcc6a9e276e0>@@AEAV<lambda_2fe9b910cf3cbf4a0ab98a02ba45b3ec>@@$$QEAV<lambda_237c231691f317818eb88cc1d5d642d6>@@@Z 00000001800576e0     libucrt:close.obj
 0004:000016ec       $pdata$_close              00000001800576ec     libucrt:close.obj
 0004:000016f8       $pdata$_close_nolock       00000001800576f8     libucrt:close.obj
 0004:00001704       $pdata$__dcrt_lowio_initialize_console_output 0000000180057704     libucrt:initcon.obj
 0004:00001710       $pdata$__dcrt_terminate_console_output 0000000180057710     libucrt:initcon.obj
 0004:00001728       $pdata$_raise_exc          0000000180057728     libucrt:fpexcept.obj
 0004:00001734       $pdata$_raise_exc_ex       0000000180057734     libucrt:fpexcept.obj
 0004:00001740       $pdata$_set_errno_from_matherr 0000000180057740     libucrt:fpexcept.obj
 0004:0000174c       $pdata$_clrfp              000000018005774c     libucrt:fpctrl.obj
 0004:00001758       $pdata$_ctrlfp             0000000180057758     libucrt:fpctrl.obj
 0004:00001764       $pdata$_set_statfp         0000000180057764     libucrt:fpctrl.obj
 0004:00001770       $pdata$_statfp             0000000180057770     libucrt:fpctrl.obj
 0004:0000177c       $pdata$_IsNonwritableInCurrentImage 000000018005777c     LIBCMT:pesect.obj
 0004:00001788       $pdata$__GSHandlerCheck    0000000180057788     LIBCMT:_gshandler_.obj
 0004:00001794       $pdata$__GSHandlerCheckCommon 0000000180057794     LIBCMT:_gshandler_.obj
 0004:000017ac       $pdata$__raise_securityfailure 00000001800577ac     LIBCMT:gs_report.obj
 0004:000017b8       $pdata$__report_gsfailure  00000001800577b8     LIBCMT:gs_report.obj
 0004:000017c4       $pdata$__report_rangecheckfailure 00000001800577c4     LIBCMT:gs_report.obj
 0004:000017d0       $pdata$__report_securityfailure 00000001800577d0     LIBCMT:gs_report.obj
 0004:000017dc       $pdata$capture_current_context 00000001800577dc     LIBCMT:gs_report.obj
 0004:000017e8       $pdata$capture_previous_context 00000001800577e8     LIBCMT:gs_report.obj
 0004:0000180c       $pdata$?fin$0@?0??dllmain_crt_process_attach@@YAHQEAUHINSTANCE__@@QEAX@Z@4HA 000000018005780c     LIBCMT:dll_dllmain.obj
 0004:00001818       $pdata$?fin$0@?0??dllmain_crt_process_detach@@YAH_N@Z@4HA 0000000180057818     LIBCMT:dll_dllmain.obj
 0004:00001824       $pdata$?filt$0@?0??dllmain_dispatch@@YAHQEAUHINSTANCE__@@KQEAX@Z@4HA 0000000180057824     LIBCMT:dll_dllmain.obj
 0004:00001830       $pdata$__scrt_is_nonwritable_in_current_image$filt$0 0000000180057830     LIBCMT:utility.obj
 0004:0000183c       $pdata$?filt$0@?0??common_exit@@YAXHW4_crt_exit_cleanup_mode@@W4_crt_exit_return_mode@@@Z@4HA 000000018005783c     libucrt:exit.obj
 0004:00001848       $pdata$?fin$1@?0??common_exit@@YAXHW4_crt_exit_cleanup_mode@@W4_crt_exit_return_mode@@@Z@4HA 0000000180057848     libucrt:exit.obj
 0004:00001854       $pdata$?fin$0@?0???$?RV<lambda_e24bbb7b643b32fcea6fa61b31d4c984>@@AEAV<lambda_275893d493268fdec8709772e3fcec0e>@@V<lambda_9d71df4d7cf3f480f8d633942495c3b0>@@@?$__crt_seh_guarded_call@H@@QEAAH$$QEAV<lambda_e24bbb7b643b32fcea6fa61b31d4c984>@@AEAV<lambda_275893d493268fdec8709772e3fcec0e>@@$$QEAV<lambda_9d71df4d7cf3f480f8d633942495c3b0>@@@Z@4HA 0000000180057854     libucrt:onexit.obj
 0004:00001860       $pdata$?fin$0@?0???$?RV<lambda_5e887d1dcbef67a5eb4283622ba103bf>@@AEAV<lambda_4466841279450cc726390878d4a41900>@@V<lambda_341c25c0346d94847f1f3c463c57e077>@@@?$__crt_seh_guarded_call@X@@QEAAX$$QEAV<lambda_5e887d1dcbef67a5eb4283622ba103bf>@@AEAV<lambda_4466841279450cc726390878d4a41900>@@$$QEAV<lambda_341c25c0346d94847f1f3c463c57e077>@@@Z@4HA 0000000180057860     libucrt:per_thread_data.obj
 0004:00001860       $pdata$?fin$0@?0???$?RV<lambda_72d1df2b273a38828b1ce30cbf4cdab5>@@AEAV<lambda_876a65b173b8412d3a47c70a915b0cf4>@@V<lambda_41932305e351933ebe8f8be3ed8bb5dc>@@@?$__crt_seh_guarded_call@X@@QEAAX$$QEAV<lambda_72d1df2b273a38828b1ce30cbf4cdab5>@@AEAV<lambda_876a65b173b8412d3a47c70a915b0cf4>@@$$QEAV<lambda_41932305e351933ebe8f8be3ed8bb5dc>@@@Z@4HA 0000000180057860     libucrt:per_thread_data.obj
 0004:00001860       $pdata$?fin$0@?0???$?RV<lambda_efb9b808e93e29b6b799d3875462c817>@@AEAV<lambda_2c5d36f8a66580c563e29092409944b2>@@V<lambda_31e551fca1567ef2425714047646aa90>@@@?$__crt_seh_guarded_call@X@@QEAAX$$QEAV<lambda_efb9b808e93e29b6b799d3875462c817>@@AEAV<lambda_2c5d36f8a66580c563e29092409944b2>@@$$QEAV<lambda_31e551fca1567ef2425714047646aa90>@@@Z@4HA 0000000180057860     libucrt:mbctype.obj
 0004:00001860       $pdata$?fin$0@?0???$?RV<lambda_46352004c1216016012b18bd6f87e700>@@AEAV<lambda_3bd07e1a1191394380780325891bf33f>@@V<lambda_334532d3f185bcaa59b5be82d7d22bff>@@@?$__crt_seh_guarded_call@X@@QEAAX$$QEAV<lambda_46352004c1216016012b18bd6f87e700>@@AEAV<lambda_3bd07e1a1191394380780325891bf33f>@@$$QEAV<lambda_334532d3f185bcaa59b5be82d7d22bff>@@@Z@4HA 0000000180057860     libucrt:per_thread_data.obj
 0004:00001860       $pdata$?fin$0@?0???$?RV<lambda_fb3a7dec4e47f37f22dae91bb15c9095>@@AEAV<lambda_698284760c8add0bfb0756c19673e34b>@@V<lambda_dfb8eca1e75fef3034a8fb18dd509707>@@@?$__crt_seh_guarded_call@X@@QEAAX$$QEAV<lambda_fb3a7dec4e47f37f22dae91bb15c9095>@@AEAV<lambda_698284760c8add0bfb0756c19673e34b>@@$$QEAV<lambda_dfb8eca1e75fef3034a8fb18dd509707>@@@Z@4HA 0000000180057860     libucrt:per_thread_data.obj
 0004:00001860       $pdata$?fin$0@?0???$?RV<lambda_b8c45f8f788dd370798f47cfe8ac3a86>@@AEAV<lambda_4e60a939b0d047cfe11ddc22648dfba9>@@V<lambda_332c3edc96d0294ec56c57d38c1cdfd5>@@@?$__crt_seh_guarded_call@H@@QEAAH$$QEAV<lambda_b8c45f8f788dd370798f47cfe8ac3a86>@@AEAV<lambda_4e60a939b0d047cfe11ddc22648dfba9>@@$$QEAV<lambda_332c3edc96d0294ec56c57d38c1cdfd5>@@@Z@4HA 0000000180057860     libucrt:onexit.obj
 0004:00001860       $pdata$?fin$0@?0???$?RV<lambda_c36588078e9f5dfd39652860aa6b3aaf>@@AEAV<lambda_ec61778202f4f5fc7e7711acc23c3bca>@@V<lambda_dc9d2797ccde5d239b4a0efae8ebd7db>@@@?$__crt_seh_guarded_call@P6AXH@Z@@QEAAP6AXH@Z$$QEAV<lambda_c36588078e9f5dfd39652860aa6b3aaf>@@AEAV<lambda_ec61778202f4f5fc7e7711acc23c3bca>@@$$QEAV<lambda_dc9d2797ccde5d239b4a0efae8ebd7db>@@@Z@4HA 0000000180057860     libucrt:signal.obj
 0004:0000186c       $pdata$?fin$0@?0???$?RV<lambda_9431c60049192bb82166e0947f95a2e9>@@AEAV<lambda_85fa512c59a4d94d4a89f575eefd92a6>@@V<lambda_487febba6ca58d9ce348204d67e1dba3>@@@?$__crt_seh_guarded_call@X@@QEAAX$$QEAV<lambda_9431c60049192bb82166e0947f95a2e9>@@AEAV<lambda_85fa512c59a4d94d4a89f575eefd92a6>@@$$QEAV<lambda_487febba6ca58d9ce348204d67e1dba3>@@@Z@4HA 000000018005786c     libucrt:wsetlocale.obj
 0004:00001878       $pdata$?fin$0@?0??update_thread_multibyte_data_internal@@YAPEAU__crt_multibyte_data@@QEAU__acrt_ptd@@QEAU1@@Z@4HA 0000000180057878     libucrt:mbctype.obj
 0004:00001884       $pdata$_query_new_handler$fin$0 0000000180057884     libucrt:new_handler.obj
 0004:00001890       $pdata$raise$fin$0         0000000180057890     libucrt:signal.obj
 0004:0000189c       $pdata$__acrt_update_thread_locale_data$fin$0 000000018005789c     libucrt:locale_refcounting.obj
 0004:000018a8       $pdata$__acrt_initialize_lowio$fin$0 00000001800578a8     libucrt:ioinit.obj
 0004:000018a8       $pdata$__acrt_lowio_ensure_fh_exists$fin$0 00000001800578a8     libucrt:osfinfo.obj
 0004:000018b4       $pdata$common_flush_all$fin$0 00000001800578b4     libucrt:fflush.obj
 0004:000018c0       $pdata$common_flush_all$fin$1 00000001800578c0     libucrt:fflush.obj
 0004:000018cc       $pdata$_fcloseall$fin$0    00000001800578cc     libucrt:closeall.obj
 0004:000018d8       $pdata$_write$fin$0        00000001800578d8     libucrt:write.obj
 0004:000018e4       $pdata$fclose$fin$0        00000001800578e4     libucrt:fclose.obj
 0004:000018f0       $pdata$?fin$0@?0???$?RV<lambda_b521505b218e5242e90febf6bfebc422>@@AEAV<lambda_6978c1fb23f02e42e1d9e99668cc68aa>@@V<lambda_314360699dd331753a4119843814e9a7>@@@?$__crt_seh_guarded_call@H@@QEAAH$$QEAV<lambda_b521505b218e5242e90febf6bfebc422>@@AEAV<lambda_6978c1fb23f02e42e1d9e99668cc68aa>@@$$QEAV<lambda_314360699dd331753a4119843814e9a7>@@@Z@4HA 00000001800578f0     libucrt:commit.obj
 0004:000018f0       $pdata$?fin$0@?0???$?RV<lambda_bfedae4ebbf01fab1bb6dcc6a9e276e0>@@AEAV<lambda_2fe9b910cf3cbf4a0ab98a02ba45b3ec>@@V<lambda_237c231691f317818eb88cc1d5d642d6>@@@?$__crt_seh_guarded_call@H@@QEAAH$$QEAV<lambda_bfedae4ebbf01fab1bb6dcc6a9e276e0>@@AEAV<lambda_2fe9b910cf3cbf4a0ab98a02ba45b3ec>@@$$QEAV<lambda_237c231691f317818eb88cc1d5d642d6>@@@Z@4HA 00000001800578f0     libucrt:close.obj
 0004:000018fc       $pdata$_ctrlfp$filt$0      00000001800578fc     libucrt:fpctrl.obj
 0004:00001908       $pdata$_IsNonwritableInCurrentImage$filt$0 0000000180057908     LIBCMT:pesect.obj
 0005:00000000       __guard_fids__             0000000180058000     libucrt:initialization.obj
 0005:00000060       __guard_fids___acrt_initialize_ptd 0000000180058060     libucrt:per_thread_data.obj
 0005:00000064       __guard_fids_??$expand_argument_wildcards@D@@YAHQEAD0AEAV?$argument_list@D@?A0x5f5c8891@@@Z 0000000180058064     libucrt:argv_wildcards.obj
 0005:00000068       __guard_fids__             0000000180058068     libucrt:locale_initializer.obj
 0005:0000006c       __guard_fids__             000000018005806c     libucrt:multibyte_initializer.obj
 0005:00000070       __guard_fids__             0000000180058070     libucrt:stdio_initializer.obj
 0005:00000074       __guard_fids__             0000000180058074     libucrt:stdio_initializer.obj
 0005:00000078       __guard_fids__             0000000180058078     libucrt:fma3_initializer.obj
 0005:0000007c       __guard_fids__             000000018005807c     libucrt:console_output_initializer.obj
 0005:00000080       __guard_fids_?dllmain_crt_process_attach@@YAHQEAUHINSTANCE__@@QEAX@Z 0000000180058080     LIBCMT:dll_dllmain.obj
 0005:00000088       __guard_fids_?dllmain_dispatch@@YAHQEAUHINSTANCE__@@KQEAX@Z 0000000180058088     LIBCMT:dll_dllmain.obj
 0005:0000008c       __guard_fids__             000000018005808c     LIBCMT:guard_support.obj
 0005:00000090       __guard_fids___vcrt_initialize_ptd 0000000180058090     libvcruntime:per_thread_data.obj
 0006:000000f0       $R000000                   00000001800590f0     ConEmuTh.res
 0006:00000408       $R000318                   0000000180059408     ConEmuTh.res
 0006:000014b0       $R0013C0                   000000018005a4b0     ConEmuTh.res
