 gdi+

 Timestamp is 5847d8b1 (Wed Dec  7 12:38:57 2016)

 Preferred load address is 0000000180000000

 Start         Length     Name                   Class
 0001:00000000 000002c4H .rdata                  CODE
 0001:000002c4 000001acH .rdata$zzzdbg           CODE
 0001:00000470 000000ccH .text                   CODE
 0001:0000053c 00001c9cH .text$mn                CODE
 0001:000021d8 000001a8H .xdata                  CODE
 0001:00002380 00000092H .edata                  CODE
 0002:00000000 00000010H .data                   DATA
 0002:00000010 000088b0H .bss                    DATA
 0003:00000000 00000144H .pdata                  DATA
 0004:00000000 00000160H .idata$5                DATA
 0004:00000160 00000050H .idata$2                DATA
 0004:000001b0 00000018H .idata$3                DATA
 0004:000001c8 00000160H .idata$4                DATA
 0004:00000328 00000298H .idata$6                DATA
 0005:00000000 00000060H .rsrc$01                DATA
 0005:00000060 00000310H .rsrc$02                DATA

  Address         Publics by Value              Rva+Base               Lib:Object

 0000:00000000       __guard_flags              0000000000000000     <absolute>
 0000:00000000       __dynamic_value_reloc_table 0000000000000000     <absolute>
 0000:00000000       __guard_fids_count         0000000000000000     <absolute>
 0000:00000000       __guard_iat_table          0000000000000000     <absolute>
 0000:00000000       ___safe_se_handler_table   0000000000000000     <absolute>
 0000:00000000       __guard_fids_table         0000000000000000     <absolute>
 0000:00000000       __guard_longjmp_count      0000000000000000     <absolute>
 0000:00000000       __guard_longjmp_table      0000000000000000     <absolute>
 0000:00000000       __guard_iat_count          0000000000000000     <absolute>
 0000:00000000       ___safe_se_handler_count   0000000000000000     <absolute>
 0001:00000000       FrameDimensionTime         0000000180001000     gdip.obj
 0001:00000010       FrameDimensionPage         0000000180001010     gdip.obj
 0001:00000020       ??_C@_1BI@LOJECBFD@?$AAG?$AAd?$AAi?$AAP?$AAl?$AAu?$AAs?$AA?4?$AAd?$AAl?$AAl?$AA?$AA@ 0000000180001020     gdip.obj
 0001:00000038       ??_C@_0P@NIGHOHPH@GdiplusStartup?$AA@ 0000000180001038     gdip.obj
 0001:00000048       ??_C@_0BA@OMKIAPCJ@GdiplusShutdown?$AA@ 0000000180001048     gdip.obj
 0001:00000058       ??_C@_0BJ@IPKMAACN@GdipCreateBitmapFromFile?$AA@ 0000000180001058     gdip.obj
 0001:00000078       ??_C@_0BG@OPKFAGML@GdipGetImageThumbnail?$AA@ 0000000180001078     gdip.obj
 0001:00000090       ??_C@_0BC@DPLNHGNM@GdipGetImageWidth?$AA@ 0000000180001090     gdip.obj
 0001:000000a8       ??_C@_0BD@JIGBIPOH@GdipGetImageHeight?$AA@ 00000001800010a8     gdip.obj
 0001:000000c0       ??_C@_0BI@DDNLFBKI@GdipGetImagePixelFormat?$AA@ 00000001800010c0     gdip.obj
 0001:000000d8       ??_C@_0BB@MGCHKKMH@GdipDisposeImage?$AA@ 00000001800010d8     gdip.obj
 0001:000000f0       ??_C@_0BH@PCHOHMFI@GdipImageGetFrameCount?$AA@ 00000001800010f0     gdip.obj
 0001:00000108       ??_C@_0BL@FLMDGKNM@GdipImageSelectActiveFrame?$AA@ 0000000180001108     gdip.obj
 0001:00000128       ??_C@_0BI@PFDIBLKB@GdipGetPropertyItemSize?$AA@ 0000000180001128     gdip.obj
 0001:00000140       ??_C@_0BE@JLBHAGMH@GdipGetPropertyItem?$AA@ 0000000180001140     gdip.obj
 0001:00000158       ??_C@_0BE@HNMMICFD@GdipImageRotateFlip?$AA@ 0000000180001158     gdip.obj
 0001:00000170       ??_C@_0BG@BONHLFMI@GdipGetImageRawFormat?$AA@ 0000000180001170     gdip.obj
 0001:00000188       ??_C@_0BC@PACDIGJN@GdipCreateFromHDC?$AA@ 0000000180001188     gdip.obj
 0001:000001a0       ??_C@_0BD@MFGJCODH@GdipDeleteGraphics?$AA@ 00000001800011a0     gdip.obj
 0001:000001b8       ??_C@_0BH@MHAPNLKM@GdipDrawImageRectRectI?$AA@ 00000001800011b8     gdip.obj
 0001:000001d0       ??_C@_0BF@OBPAMLNN@gdip?3?3FreeThreadProc?$AA@ 00000001800011d0     gdip.obj
 0001:000001e8       ??_C@_08EMPFHFKE@gdip?4cpp?$AA@ 00000001800011e8     gdip.obj
 0001:000001f8       ??_C@_17CGDFOGLC@?$AAC?$AAE?$AAT?$AA?$AA@ 00000001800011f8     gdip.obj
 0001:00000200       ??_C@_19JJJNAIHN@?$AAJ?$AAP?$AAE?$AAG?$AA?$AA@ 0000000180001200     gdip.obj
 0001:00000210       ??_C@_19PNCGIGON@?$AAT?$AAI?$AAF?$AAF?$AA?$AA@ 0000000180001210     gdip.obj
 0001:00000220       ??_C@_19HEANOPFL@?$AAE?$AAX?$AAI?$AAF?$AA?$AA@ 0000000180001220     gdip.obj
 0001:00000230       ??_C@_1CA@KKEPPKFF@?$AA?$CF?$AAi?$AA?5?$AAx?$AA?5?$AA?$CF?$AAi?$AA?5?$AAx?$AA?5?$AA?$CF?$AAi?$AAb?$AAp?$AAp?$AA?$AA@ 0000000180001230     gdip.obj
 0001:00000250       ??_C@_1M@HKOFHKAI@?$AA?5?$AA?$FL?$AA?$CF?$AAi?$AA?$FN?$AA?$AA@ 0000000180001250     gdip.obj
 0001:0000025c       ??_C@_13HOIJIPNN@?$AA?5?$AA?$AA@ 000000018000125c     gdip.obj
 0001:00000260       ??_C@_11LOCGONAA@?$AA?$AA@ 0000000180001260     MAssert.obj
 0001:00000264       ??_C@_05LCABBMOG@?$CFs?3?$CFi?$AA@ 0000000180001264     WThreads.obj
 0001:00000470       wcsrchr                    0000000180001470 f   libCRT64:strrchr.obj
 0001:000004a0       memset                     00000001800014a0 f   libCRT64:memset.obj
 0001:000004d0       wcschr                     00000001800014d0 f   libCRT64:strchr.obj
 0001:000004f0       strchr                     00000001800014f0 f   libCRT64:strchr.obj
 0001:00000510       strrchr                    0000000180001510 f   libCRT64:strrchr.obj
 0001:0000053c       ??0GdiplusStartupInput@Gdiplus@@QEAA@P6AXW4DebugEventLevel@1@PEAD@ZHH@Z 000000018000153c f i gdip.obj
 0001:00000554       ??_H@YAXPEAX_K1P6APEAX0@Z@Z 0000000180001554 f i gdip.obj
 0001:0000059c       ?CET_Cancel@@YAXPEAX@Z     000000018000159c f   gdip.obj
 0001:000005b4       ?CET_Done@@YAXPEAUCET_Init@@@Z 00000001800015b4 f   gdip.obj
 0001:000005dc       ?CET_Free@@YAXPEAUCET_LoadInfo@@@Z 00000001800015dc f   gdip.obj
 0001:00000680       ?CET_Init@@YAHPEAU0@@Z     0000000180001680 f   gdip.obj
 0001:00000710       ?CET_Load@@YAHPEAUCET_LoadInfo@@@Z 0000000180001710 f   gdip.obj
 0001:000009b0       ?CalculateShowSize@GDIPlusImage@@QEAAXAEAH0000@Z 00000001800019b0 f i gdip.obj
 0001:00000b48       ?Close@GDIPlusData@@QEAAXXZ 0000000180001b48 f i gdip.obj
 0001:00000b98       ?Close@GDIPlusDecoder@@QEAAXXZ 0000000180001b98 f i gdip.obj
 0001:00000c68       ?Close@GDIPlusImage@@QEAAXXZ 0000000180001c68 f i gdip.obj
 0001:00000ce8       ?DrawImageAbortCallback@GDIPlusImage@@SAHPEAUGDIPlusDecoder@@@Z 0000000180001ce8 f i gdip.obj
 0001:00000cf4       ?FreeThreadProc@GDIPlusDecoder@@SAKPEAX@Z 0000000180001cf4 f i gdip.obj
 0001:00000d14       ?GetExifTagValueAsInt@GDIPlusImage@@QEAA_NKAEAH@Z 0000000180001d14 f i gdip.obj
 0001:00000df4       ?GetPageBits@GDIPlusImage@@QEAA_NPEAUCET_LoadInfo@@@Z 0000000180001df4 f i gdip.obj
 0001:000012e4       ?Init@GDIPlusDecoder@@QEAA_NPEAUCET_Init@@@Z 00000001800022e4 f i gdip.obj
 0001:000015f8       ?Open@GDIPlusImage@@QEAA_N_NPEB_WPEBE_JU_COORD@@@Z 00000001800025f8 f i gdip.obj
 0001:000019b0       ?OpenBitmapFromFile@GDIPlusImage@@QEAAPEAVGpImage@Gdiplus@@PEB_WU_COORD@@@Z 00000001800029b0 f i gdip.obj
 0001:00001a0c       ?SelectPage@GDIPlusImage@@QEAA_NI@Z 0000000180002a0c f i gdip.obj
 0001:00001ad4       ?__empty_global_delete@@YAXPEAX@Z 0000000180002ad4 f i gdip.obj
 0001:00001ad8       ?__empty_global_delete@@YAXPEAX_K@Z 0000000180002ad8 f i gdip.obj
 0001:00001adc       ?StripSourceRoot@@YAPEB_WPEB_W@Z 0000000180002adc f   MAssert.obj
 0001:00001b54       ??2@YAPEAX_K@Z             0000000180002b54 f   Memory.obj
 0001:00001b88       ??3@YAXPEAX@Z              0000000180002b88 f   Memory.obj
 0001:00001b90       ??_U@YAPEAX_K@Z            0000000180002b90 f   Memory.obj
 0001:00001ba4       ??_V@YAXPEAX@Z             0000000180002ba4 f   Memory.obj
 0001:00001bac       ?HeapDeinitialize@@YAXXZ   0000000180002bac f   Memory.obj
 0001:00001bd0       ?HeapInitialize@@YA_NXZ    0000000180002bd0 f   Memory.obj
 0001:00001c08       ?xf_calloc@@YAPEAX_K0@Z    0000000180002c08 f   Memory.obj
 0001:00001c24       ?xf_free@@YAXPEAX@Z        0000000180002c24 f   Memory.obj
 0001:00001c4c       ?xf_malloc@@YAPEAX_K@Z     0000000180002c4c f   Memory.obj
 0001:00001c60       ?xf_realloc@@YAPEAXPEAX_K@Z 0000000180002c60 f   Memory.obj
 0001:00001c94       ?xf_validate@@YA_NPEAX@Z   0000000180002c94 f   Memory.obj
 0001:00001c98       ??0ConEmuThreadStartArg@@QEAA@P6AKPEAX@Z0K@Z 0000000180002c98 f i WThreads.obj
 0001:00001cb0       ?apiCreateThread@@YAPEAXP6AKPEAX@Z0PEAKPEBDH@Z 0000000180002cb0 f   WThreads.obj
 0001:00001e00       ?apiTerminateThreadEx@@YAHPEAXKPEBDH@Z 0000000180002e00 f   WThreads.obj
 0001:00001f0c       ?apiThreadHelper@@YAKPEAX@Z 0000000180002f0c f   WThreads.obj
 0001:000020d4       ?wasTerminateThreadCalled@@YA_NXZ 00000001800030d4 f   WThreads.obj
 0001:000020e0       CreateFileW                00000001800030e0 f   kernel32:KERNEL32.dll
 0001:000020e6       DeleteFileW                00000001800030e6 f   kernel32:KERNEL32.dll
 0001:000020ec       GetTempFileNameW           00000001800030ec f   kernel32:KERNEL32.dll
 0001:000020f2       WriteFile                  00000001800030f2 f   kernel32:KERNEL32.dll
 0001:000020f8       GetTempPathW               00000001800030f8 f   kernel32:KERNEL32.dll
 0001:000020fe       CloseHandle                00000001800030fe f   kernel32:KERNEL32.dll
 0001:00002104       GetLastError               0000000180003104 f   kernel32:KERNEL32.dll
 0001:0000210a       HeapAlloc                  000000018000310a f   kernel32:KERNEL32.dll
 0001:00002110       HeapFree                   0000000180003110 f   kernel32:KERNEL32.dll
 0001:00002116       GetProcessHeap             0000000180003116 f   kernel32:KERNEL32.dll
 0001:0000211c       WaitForSingleObject        000000018000311c f   kernel32:KERNEL32.dll
 0001:00002122       FreeLibrary                0000000180003122 f   kernel32:KERNEL32.dll
 0001:00002128       GetProcAddress             0000000180003128 f   kernel32:KERNEL32.dll
 0001:0000212e       lstrcpynW                  000000018000312e f   kernel32:KERNEL32.dll
 0001:00002134       lstrcpyW                   0000000180003134 f   kernel32:KERNEL32.dll
 0001:0000213a       lstrcatW                   000000018000313a f   kernel32:KERNEL32.dll
 0001:00002140       lstrlenW                   0000000180003140 f   kernel32:KERNEL32.dll
 0001:00002146       LoadLibraryW               0000000180003146 f   kernel32:KERNEL32.dll
 0001:0000214c       HeapCreate                 000000018000314c f   kernel32:KERNEL32.dll
 0001:00002152       HeapDestroy                0000000180003152 f   kernel32:KERNEL32.dll
 0001:00002158       HeapReAlloc                0000000180003158 f   kernel32:KERNEL32.dll
 0001:0000215e       SetLastError               000000018000315e f   kernel32:KERNEL32.dll
 0001:00002164       CreateThread               0000000180003164 f   kernel32:KERNEL32.dll
 0001:0000216a       GetCurrentThreadId         000000018000316a f   kernel32:KERNEL32.dll
 0001:00002170       TerminateThread            0000000180003170 f   kernel32:KERNEL32.dll
 0001:00002176       ResumeThread               0000000180003176 f   kernel32:KERNEL32.dll
 0001:0000217c       GetTickCount               000000018000317c f   kernel32:KERNEL32.dll
 0001:00002182       lstrcpynA                  0000000180003182 f   kernel32:KERNEL32.dll
 0001:00002188       wsprintfW                  0000000180003188 f   user32:USER32.dll
 0001:0000218e       CharLowerBuffW             000000018000318e f   user32:USER32.dll
 0001:00002194       FillRect                   0000000180003194 f   user32:USER32.dll
 0001:0000219a       wsprintfA                  000000018000319a f   user32:USER32.dll
 0001:000021a0       CreateCompatibleDC         00000001800031a0 f   gdi32:GDI32.dll
 0001:000021a6       CreateSolidBrush           00000001800031a6 f   gdi32:GDI32.dll
 0001:000021ac       DeleteDC                   00000001800031ac f   gdi32:GDI32.dll
 0001:000021b2       DeleteObject               00000001800031b2 f   gdi32:GDI32.dll
 0001:000021b8       SelectObject               00000001800031b8 f   gdi32:GDI32.dll
 0001:000021be       CreateDIBSection           00000001800031be f   gdi32:GDI32.dll
 0001:000021c4       CoUninitialize             00000001800031c4 f   ole32:ole32.dll
 0001:000021ca       CoInitialize               00000001800031ca f   ole32:ole32.dll
 0001:000021d0       ??3@YAXPEAX_K@Z            00000001800031d0 f   LIBCMT:delete_scalar_size.obj
 0002:00000000       ?g_TerminatedThreadIdx@@3JA 0000000180004000     WThreads.obj
 0002:00000030       ?ghModule@@3PEAUHINSTANCE__@@EA 0000000180004030     gdip.obj
 0002:00000038       ?gnLastWin32Error@@3KA     0000000180004038     gdip.obj
 0002:00000088       ?AssertMsgBox@@3P6AHPEB_WI0PEAUHWND__@@_N@ZEA 0000000180004088     MAssert.obj
 0002:00000090       ?gfnHooksUnlockerProc@@3P6A_N_N@ZEA 0000000180004090     MAssert.obj
 0002:00000098       ?ghHeap@@3PEAXEA           0000000180004098     Memory.obj
 0002:000000a0       ?g_LastDeletePtr@@3PEAXEA  00000001800040a0     Memory.obj
 0002:000000b0       ?g_ThreadsIdx@@3JA         00000001800040b0     WThreads.obj
 0004:00000000       __imp_CreateSolidBrush     000000018000e000     gdi32:GDI32.dll
 0004:00000008       __imp_DeleteDC             000000018000e008     gdi32:GDI32.dll
 0004:00000010       __imp_DeleteObject         000000018000e010     gdi32:GDI32.dll
 0004:00000018       __imp_SelectObject         000000018000e018     gdi32:GDI32.dll
 0004:00000020       __imp_CreateDIBSection     000000018000e020     gdi32:GDI32.dll
 0004:00000028       __imp_CreateCompatibleDC   000000018000e028     gdi32:GDI32.dll
 0004:00000030       \177GDI32_NULL_THUNK_DATA  000000018000e030     gdi32:GDI32.dll
 0004:00000038       __imp_HeapAlloc            000000018000e038     kernel32:KERNEL32.dll
 0004:00000040       __imp_HeapFree             000000018000e040     kernel32:KERNEL32.dll
 0004:00000048       __imp_GetProcessHeap       000000018000e048     kernel32:KERNEL32.dll
 0004:00000050       __imp_WaitForSingleObject  000000018000e050     kernel32:KERNEL32.dll
 0004:00000058       __imp_FreeLibrary          000000018000e058     kernel32:KERNEL32.dll
 0004:00000060       __imp_GetProcAddress       000000018000e060     kernel32:KERNEL32.dll
 0004:00000068       __imp_lstrcpynW            000000018000e068     kernel32:KERNEL32.dll
 0004:00000070       __imp_lstrcpyW             000000018000e070     kernel32:KERNEL32.dll
 0004:00000078       __imp_lstrcatW             000000018000e078     kernel32:KERNEL32.dll
 0004:00000080       __imp_lstrlenW             000000018000e080     kernel32:KERNEL32.dll
 0004:00000088       __imp_GetLastError         000000018000e088     kernel32:KERNEL32.dll
 0004:00000090       __imp_HeapCreate           000000018000e090     kernel32:KERNEL32.dll
 0004:00000098       __imp_HeapDestroy          000000018000e098     kernel32:KERNEL32.dll
 0004:000000a0       __imp_HeapReAlloc          000000018000e0a0     kernel32:KERNEL32.dll
 0004:000000a8       __imp_SetLastError         000000018000e0a8     kernel32:KERNEL32.dll
 0004:000000b0       __imp_CreateThread         000000018000e0b0     kernel32:KERNEL32.dll
 0004:000000b8       __imp_GetCurrentThreadId   000000018000e0b8     kernel32:KERNEL32.dll
 0004:000000c0       __imp_TerminateThread      000000018000e0c0     kernel32:KERNEL32.dll
 0004:000000c8       __imp_ResumeThread         000000018000e0c8     kernel32:KERNEL32.dll
 0004:000000d0       __imp_GetTickCount         000000018000e0d0     kernel32:KERNEL32.dll
 0004:000000d8       __imp_lstrcpynA            000000018000e0d8     kernel32:KERNEL32.dll
 0004:000000e0       __imp_CloseHandle          000000018000e0e0     kernel32:KERNEL32.dll
 0004:000000e8       __imp_GetTempPathW         000000018000e0e8     kernel32:KERNEL32.dll
 0004:000000f0       __imp_WriteFile            000000018000e0f0     kernel32:KERNEL32.dll
 0004:000000f8       __imp_GetTempFileNameW     000000018000e0f8     kernel32:KERNEL32.dll
 0004:00000100       __imp_DeleteFileW          000000018000e100     kernel32:KERNEL32.dll
 0004:00000108       __imp_LoadLibraryW         000000018000e108     kernel32:KERNEL32.dll
 0004:00000110       __imp_CreateFileW          000000018000e110     kernel32:KERNEL32.dll
 0004:00000118       \177KERNEL32_NULL_THUNK_DATA 000000018000e118     kernel32:KERNEL32.dll
 0004:00000120       __imp_wsprintfA            000000018000e120     user32:USER32.dll
 0004:00000128       __imp_FillRect             000000018000e128     user32:USER32.dll
 0004:00000130       __imp_CharLowerBuffW       000000018000e130     user32:USER32.dll
 0004:00000138       __imp_wsprintfW            000000018000e138     user32:USER32.dll
 0004:00000140       \177USER32_NULL_THUNK_DATA 000000018000e140     user32:USER32.dll
 0004:00000148       __imp_CoInitialize         000000018000e148     ole32:ole32.dll
 0004:00000150       __imp_CoUninitialize       000000018000e150     ole32:ole32.dll
 0004:00000158       \177ole32_NULL_THUNK_DATA  000000018000e158     ole32:ole32.dll
 0004:00000160       __IMPORT_DESCRIPTOR_KERNEL32 000000018000e160     kernel32:KERNEL32.dll
 0004:00000174       __IMPORT_DESCRIPTOR_USER32 000000018000e174     user32:USER32.dll
 0004:00000188       __IMPORT_DESCRIPTOR_GDI32  000000018000e188     gdi32:GDI32.dll
 0004:0000019c       __IMPORT_DESCRIPTOR_ole32  000000018000e19c     ole32:ole32.dll
 0004:000001b0       __NULL_IMPORT_DESCRIPTOR   000000018000e1b0     kernel32:KERNEL32.dll

 entry point at        0000:00000000

 Static symbols

 0000:ffff0000       .debug$S                   0000000180000000     ole32:ole32.dll
 0000:ffff0000       .debug$S                   0000000180000000     ole32:ole32.dll
 0000:ffff0000       .debug$S                   0000000180000000     gdi+.exp
 0000:ffff0000       .debug$S                   0000000180000000     gdi32:GDI32.dll
 0000:ffff0000       .debug$S                   0000000180000000     gdi32:GDI32.dll
 0000:ffff0000       .debug$S                   0000000180000000     gdi32:GDI32.dll
 0000:ffff0000       .debug$S                   0000000180000000     gdi32:GDI32.dll
 0000:ffff0000       .debug$S                   0000000180000000     gdi32:GDI32.dll
 0000:ffff0000       .debug$S                   0000000180000000     gdi32:GDI32.dll
 0000:ffff0000       .debug$S                   0000000180000000     user32:USER32.dll
 0000:ffff0000       .debug$S                   0000000180000000     user32:USER32.dll
 0000:ffff0000       .debug$S                   0000000180000000     user32:USER32.dll
 0000:ffff0000       .debug$S                   0000000180000000     user32:USER32.dll
 0000:ffff0000       .debug$S                   0000000180000000     kernel32:KERNEL32.dll
 0000:ffff0000       .debug$S                   0000000180000000     kernel32:KERNEL32.dll
 0000:ffff0000       .debug$S                   0000000180000000     kernel32:KERNEL32.dll
 0000:ffff0000       .debug$S                   0000000180000000     kernel32:KERNEL32.dll
 0000:ffff0000       .debug$S                   0000000180000000     kernel32:KERNEL32.dll
 0000:ffff0000       .debug$S                   0000000180000000     kernel32:KERNEL32.dll
 0000:ffff0000       .debug$S                   0000000180000000     kernel32:KERNEL32.dll
 0000:ffff0000       .debug$S                   0000000180000000     kernel32:KERNEL32.dll
 0000:ffff0000       .debug$S                   0000000180000000     kernel32:KERNEL32.dll
 0000:ffff0000       .debug$S                   0000000180000000     kernel32:KERNEL32.dll
 0000:ffff0000       .debug$S                   0000000180000000     kernel32:KERNEL32.dll
 0000:ffff0000       .debug$S                   0000000180000000     kernel32:KERNEL32.dll
 0000:ffff0000       .debug$S                   0000000180000000     kernel32:KERNEL32.dll
 0000:ffff0000       .debug$S                   0000000180000000     kernel32:KERNEL32.dll
 0000:ffff0000       .debug$S                   0000000180000000     kernel32:KERNEL32.dll
 0000:ffff0000       .debug$S                   0000000180000000     kernel32:KERNEL32.dll
 0000:ffff0000       .debug$S                   0000000180000000     kernel32:KERNEL32.dll
 0000:ffff0000       .debug$S                   0000000180000000     kernel32:KERNEL32.dll
 0000:ffff0000       .debug$S                   0000000180000000     kernel32:KERNEL32.dll
 0000:ffff0000       .debug$S                   0000000180000000     kernel32:KERNEL32.dll
 0000:ffff0000       .debug$S                   0000000180000000     kernel32:KERNEL32.dll
 0000:ffff0000       .debug$S                   0000000180000000     kernel32:KERNEL32.dll
 0000:ffff0000       .debug$S                   0000000180000000     kernel32:KERNEL32.dll
 0000:ffff0000       .debug$S                   0000000180000000     kernel32:KERNEL32.dll
 0000:ffff0000       .debug$S                   0000000180000000     kernel32:KERNEL32.dll
 0000:ffff0000       .debug$S                   0000000180000000     kernel32:KERNEL32.dll
 0000:ffff0000       .debug$S                   0000000180000000     kernel32:KERNEL32.dll
 0000:ffff0000       .debug$S                   0000000180000000     kernel32:KERNEL32.dll
 0001:000021d8       $unwind$??_H@YAXPEAX_K1P6APEAX0@Z@Z 00000001800031d8     gdip.obj
 0001:000021ec       $unwind$?Init@GDIPlusDecoder@@QEAA_NPEAUCET_Init@@@Z 00000001800031ec     gdip.obj
 0001:00002204       $unwind$?FreeThreadProc@GDIPlusDecoder@@SAKPEAX@Z 0000000180003204     gdip.obj
 0001:0000220c       $unwind$?Close@GDIPlusDecoder@@QEAAXXZ 000000018000320c     gdip.obj
 0001:00002218       $unwind$?Close@GDIPlusData@@QEAAXXZ 0000000180003218     gdip.obj
 0001:00002220       $unwind$?OpenBitmapFromFile@GDIPlusImage@@QEAAPEAVGpImage@Gdiplus@@PEB_WU_COORD@@@Z 0000000180003220     gdip.obj
 0001:0000222c       $unwind$?Open@GDIPlusImage@@QEAA_N_NPEB_WPEBE_JU_COORD@@@Z 000000018000322c     gdip.obj
 0001:00002248       $unwind$?SelectPage@GDIPlusImage@@QEAA_NI@Z 0000000180003248     gdip.obj
 0001:00002258       $unwind$?Close@GDIPlusImage@@QEAAXXZ 0000000180003258     gdip.obj
 0001:00002264       $unwind$?GetExifTagValueAsInt@GDIPlusImage@@QEAA_NKAEAH@Z 0000000180003264     gdip.obj
 0001:00002278       $unwind$?CalculateShowSize@GDIPlusImage@@QEAAXAEAH0000@Z 0000000180003278     gdip.obj
 0001:00002290       $unwind$?GetPageBits@GDIPlusImage@@QEAA_NPEAUCET_LoadInfo@@@Z 0000000180003290     gdip.obj
 0001:000022ac       $unwind$?CET_Init@@YAHPEAU0@@Z 00000001800032ac     gdip.obj
 0001:000022b8       $unwind$?CET_Done@@YAXPEAUCET_Init@@@Z 00000001800032b8     gdip.obj
 0001:000022c0       $unwind$?CET_Load@@YAHPEAUCET_LoadInfo@@@Z 00000001800032c0     gdip.obj
 0001:000022d8       $unwind$?CET_Free@@YAXPEAUCET_LoadInfo@@@Z 00000001800032d8     gdip.obj
 0001:000022e0       $unwind$?StripSourceRoot@@YAPEB_WPEB_W@Z 00000001800032e0     MAssert.obj
 0001:000022f0       $unwind$??2@YAPEAX_K@Z     00000001800032f0     Memory.obj
 0001:000022f8       $unwind$?HeapInitialize@@YA_NXZ 00000001800032f8     Memory.obj
 0001:00002300       $unwind$?HeapDeinitialize@@YAXXZ 0000000180003300     Memory.obj
 0001:00002308       $unwind$?xf_free@@YAXPEAX@Z 0000000180003308     Memory.obj
 0001:00002310       $unwind$?apiCreateThread@@YAPEAXP6AKPEAX@Z0PEAKPEBDH@Z 0000000180003310     WThreads.obj
 0001:00002328       $unwind$?apiTerminateThreadEx@@YAHPEAXKPEBDH@Z 0000000180003328     WThreads.obj
 0001:00002344       $unwind$?apiThreadHelper@@YAKPEAX@Z 0000000180003344     WThreads.obj
 0001:00002350       $chain$1$memset            0000000180003350     libCRT64:memset.obj
 0001:00002360       $chain$0$memset            0000000180003360     libCRT64:memset.obj
 0001:00002374       $unwind$memset             0000000180003374     libCRT64:memset.obj
 0001:00002380       .edata                     0000000180003380     gdi+.exp
 0001:000023a8       rgpv                       00000001800033a8     gdi+.exp
 0001:000023bc       rgszName                   00000001800033bc     gdi+.exp
 0001:000023d0       rgwOrd                     00000001800033d0     gdi+.exp
 0001:000023da       szName                     00000001800033da     gdi+.exp
 0001:000023e3       $N00001                    00000001800033e3     gdi+.exp
 0001:000023ee       $N00002                    00000001800033ee     gdi+.exp
 0001:000023f7       $N00003                    00000001800033f7     gdi+.exp
 0001:00002400       $N00004                    0000000180003400     gdi+.exp
 0001:00002409       $N00005                    0000000180003409     gdi+.exp
 0002:00000010       ?GenericTypographicStringFormatBuffer@Gdiplus@@3PAEA 0000000180004010     gdip.obj
 0002:00000020       ?GenericDefaultStringFormatBuffer@Gdiplus@@3PAEA 0000000180004020     gdip.obj
 0002:00000040       ?GenericSansSerifFontFamily@Gdiplus@@3PEAVFontFamily@1@EA 0000000180004040     gdip.obj
 0002:00000048       ?GenericSerifFontFamily@Gdiplus@@3PEAVFontFamily@1@EA 0000000180004048     gdip.obj
 0002:00000050       ?GenericMonospaceFontFamily@Gdiplus@@3PEAVFontFamily@1@EA 0000000180004050     gdip.obj
 0002:00000058       ?GenericSansSerifFontFamilyBuffer@Gdiplus@@3PAEA 0000000180004058     gdip.obj
 0002:00000068       ?GenericSerifFontFamilyBuffer@Gdiplus@@3PAEA 0000000180004068     gdip.obj
 0002:00000078       ?GenericMonospaceFontFamilyBuffer@Gdiplus@@3PAEA 0000000180004078     gdip.obj
 0002:000000b8       ?gh_UnknownTerminatedThread@@3PEAXEA 00000001800040b8     WThreads.obj
 0002:000000c0       ?g_Threads@@3PAUConEmuThreadInfo@@A 00000001800040c0     WThreads.obj
 0003:00000000       $pdata$memset              000000018000d000     libCRT64:memset.obj
 0003:0000000c       $pdata$0$memset            000000018000d00c     libCRT64:memset.obj
 0003:00000018       $pdata$1$memset            000000018000d018     libCRT64:memset.obj
 0003:00000024       $pdata$??_H@YAXPEAX_K1P6APEAX0@Z@Z 000000018000d024     gdip.obj
 0003:00000030       $pdata$?CET_Done@@YAXPEAUCET_Init@@@Z 000000018000d030     gdip.obj
 0003:0000003c       $pdata$?CET_Free@@YAXPEAUCET_LoadInfo@@@Z 000000018000d03c     gdip.obj
 0003:00000048       $pdata$?CET_Init@@YAHPEAU0@@Z 000000018000d048     gdip.obj
 0003:00000054       $pdata$?CET_Load@@YAHPEAUCET_LoadInfo@@@Z 000000018000d054     gdip.obj
 0003:00000060       $pdata$?CalculateShowSize@GDIPlusImage@@QEAAXAEAH0000@Z 000000018000d060     gdip.obj
 0003:0000006c       $pdata$?Close@GDIPlusData@@QEAAXXZ 000000018000d06c     gdip.obj
 0003:00000078       $pdata$?Close@GDIPlusDecoder@@QEAAXXZ 000000018000d078     gdip.obj
 0003:00000084       $pdata$?Close@GDIPlusImage@@QEAAXXZ 000000018000d084     gdip.obj
 0003:00000090       $pdata$?FreeThreadProc@GDIPlusDecoder@@SAKPEAX@Z 000000018000d090     gdip.obj
 0003:0000009c       $pdata$?GetExifTagValueAsInt@GDIPlusImage@@QEAA_NKAEAH@Z 000000018000d09c     gdip.obj
 0003:000000a8       $pdata$?GetPageBits@GDIPlusImage@@QEAA_NPEAUCET_LoadInfo@@@Z 000000018000d0a8     gdip.obj
 0003:000000b4       $pdata$?Init@GDIPlusDecoder@@QEAA_NPEAUCET_Init@@@Z 000000018000d0b4     gdip.obj
 0003:000000c0       $pdata$?Open@GDIPlusImage@@QEAA_N_NPEB_WPEBE_JU_COORD@@@Z 000000018000d0c0     gdip.obj
 0003:000000cc       $pdata$?OpenBitmapFromFile@GDIPlusImage@@QEAAPEAVGpImage@Gdiplus@@PEB_WU_COORD@@@Z 000000018000d0cc     gdip.obj
 0003:000000d8       $pdata$?SelectPage@GDIPlusImage@@QEAA_NI@Z 000000018000d0d8     gdip.obj
 0003:000000e4       $pdata$?StripSourceRoot@@YAPEB_WPEB_W@Z 000000018000d0e4     MAssert.obj
 0003:000000f0       $pdata$??2@YAPEAX_K@Z      000000018000d0f0     Memory.obj
 0003:000000fc       $pdata$?HeapDeinitialize@@YAXXZ 000000018000d0fc     Memory.obj
 0003:00000108       $pdata$?HeapInitialize@@YA_NXZ 000000018000d108     Memory.obj
 0003:00000114       $pdata$?xf_free@@YAXPEAX@Z 000000018000d114     Memory.obj
 0003:00000120       $pdata$?apiCreateThread@@YAPEAXP6AKPEAX@Z0PEAKPEBDH@Z 000000018000d120     WThreads.obj
 0003:0000012c       $pdata$?apiTerminateThreadEx@@YAHPEAXKPEBDH@Z 000000018000d12c     WThreads.obj
 0003:00000138       $pdata$?apiThreadHelper@@YAKPEAX@Z 000000018000d138     WThreads.obj
 0004:000004d0       .idata$6                   000000018000e4d0     kernel32:KERNEL32.dll
 0004:00000514       .idata$6                   000000018000e514     user32:USER32.dll
 0004:0000058a       .idata$6                   000000018000e58a     gdi32:GDI32.dll
 0004:000005b6       .idata$6                   000000018000e5b6     ole32:ole32.dll
 0005:00000060       $R000000                   000000018000f060     gdip.res
