 gdi+

 Timestamp is 5847d72f (Wed Dec 07 12:32:31 2016)

 Preferred load address is 10000000

 Start         Length     Name                   Class
 0001:00000000 000000b0H .idata$5                CODE
 0001:000000b0 00000282H .rdata                  CODE
 0001:00000334 00000062H .rdata$debug            CODE
 0001:000003a0 00001842H .text                   CODE
 0001:00001be4 00000050H .idata$2                CODE
 0001:00001c34 00000014H .idata$3                CODE
 0001:00001c48 000000b0H .idata$4                CODE
 0001:00001cf8 00000298H .idata$6                CODE
 0001:00001f90 00000092H .edata                  CODE
 0002:00000000 00000010H .data                   DATA
 0002:00000010 00007858H .bss                    DATA
 0003:00000000 00000058H .rsrc$01                DATA
 0003:00000060 00000310H .rsrc$02                DATA

  Address         Publics by Value              Rva+Base       Lib:Object

 0000:00000000       ___safe_se_handler_table   00000000     <absolute>
 0000:00000000       ___safe_se_handler_count   00000000     <absolute>
 0001:00000000       __imp__DeleteObject@4      10001000     gdi32:GDI32.dll
 0001:00000004       __imp__SelectObject@8      10001004     gdi32:GDI32.dll
 0001:00000008       __imp__CreateSolidBrush@4  10001008     gdi32:GDI32.dll
 0001:0000000c       __imp__CreateDIBSection@24 1000100c     gdi32:GDI32.dll
 0001:00000010       __imp__CreateCompatibleDC@4 10001010     gdi32:GDI32.dll
 0001:00000014       __imp__DeleteDC@4          10001014     gdi32:GDI32.dll
 0001:00000018       \177GDI32_NULL_THUNK_DATA  10001018     gdi32:GDI32.dll
 0001:0000001c       __imp__WaitForSingleObject@8 1000101c     kernel32:KERNEL32.dll
 0001:00000020       __imp__DeleteFileW@4       10001020     kernel32:KERNEL32.dll
 0001:00000024       __imp__HeapAlloc@12        10001024     kernel32:KERNEL32.dll
 0001:00000028       __imp__lstrcatW@8          10001028     kernel32:KERNEL32.dll
 0001:0000002c       __imp__lstrlenW@4          1000102c     kernel32:KERNEL32.dll
 0001:00000030       __imp__lstrcpyW@8          10001030     kernel32:KERNEL32.dll
 0001:00000034       __imp__WriteFile@20        10001034     kernel32:KERNEL32.dll
 0001:00000038       __imp__CreateFileW@28      10001038     kernel32:KERNEL32.dll
 0001:0000003c       __imp__GetTempFileNameW@16 1000103c     kernel32:KERNEL32.dll
 0001:00000040       __imp__GetTempPathW@8      10001040     kernel32:KERNEL32.dll
 0001:00000044       __imp__CloseHandle@4       10001044     kernel32:KERNEL32.dll
 0001:00000048       __imp__HeapCreate@12       10001048     kernel32:KERNEL32.dll
 0001:0000004c       __imp__HeapDestroy@4       1000104c     kernel32:KERNEL32.dll
 0001:00000050       __imp__HeapReAlloc@16      10001050     kernel32:KERNEL32.dll
 0001:00000054       __imp__lstrcpynA@12        10001054     kernel32:KERNEL32.dll
 0001:00000058       __imp__GetTickCount@0      10001058     kernel32:KERNEL32.dll
 0001:0000005c       __imp__GetCurrentThreadId@0 1000105c     kernel32:KERNEL32.dll
 0001:00000060       __imp__SetLastError@4      10001060     kernel32:KERNEL32.dll
 0001:00000064       __imp__ResumeThread@4      10001064     kernel32:KERNEL32.dll
 0001:00000068       __imp__CreateThread@24     10001068     kernel32:KERNEL32.dll
 0001:0000006c       __imp__TerminateThread@8   1000106c     kernel32:KERNEL32.dll
 0001:00000070       __imp__GetProcessHeap@0    10001070     kernel32:KERNEL32.dll
 0001:00000074       __imp__HeapFree@12         10001074     kernel32:KERNEL32.dll
 0001:00000078       __imp__LoadLibraryW@4      10001078     kernel32:KERNEL32.dll
 0001:0000007c       __imp__GetProcAddress@8    1000107c     kernel32:KERNEL32.dll
 0001:00000080       __imp__GetLastError@0      10001080     kernel32:KERNEL32.dll
 0001:00000084       __imp__lstrcpynW@12        10001084     kernel32:KERNEL32.dll
 0001:00000088       __imp__FreeLibrary@4       10001088     kernel32:KERNEL32.dll
 0001:0000008c       \177KERNEL32_NULL_THUNK_DATA 1000108c     kernel32:KERNEL32.dll
 0001:00000090       __imp__wsprintfA           10001090     user32:USER32.dll
 0001:00000094       __imp__CharLowerBuffW@8    10001094     user32:USER32.dll
 0001:00000098       __imp__wsprintfW           10001098     user32:USER32.dll
 0001:0000009c       __imp__FillRect@12         1000109c     user32:USER32.dll
 0001:000000a0       \177USER32_NULL_THUNK_DATA 100010a0     user32:USER32.dll
 0001:000000a4       __imp__CoUninitialize@0    100010a4     ole32:ole32.dll
 0001:000000a8       __imp__CoInitialize@4      100010a8     ole32:ole32.dll
 0001:000000ac       \177ole32_NULL_THUNK_DATA  100010ac     ole32:ole32.dll
 0001:000000cc       _FrameDimensionTime        100010cc     gdip.obj
 0001:000000dc       _FrameDimensionPage        100010dc     gdip.obj
 0001:000000ec       ??_C@_0BH@MHAPNLKM@GdipDrawImageRectRectI?$AA@ 100010ec     gdip.obj
 0001:00000104       ??_C@_0BD@MFGJCODH@GdipDeleteGraphics?$AA@ 10001104     gdip.obj
 0001:00000118       ??_C@_0BC@PACDIGJN@GdipCreateFromHDC?$AA@ 10001118     gdip.obj
 0001:0000012c       ??_C@_0BG@BONHLFMI@GdipGetImageRawFormat?$AA@ 1000112c     gdip.obj
 0001:00000144       ??_C@_0BE@HNMMICFD@GdipImageRotateFlip?$AA@ 10001144     gdip.obj
 0001:00000158       ??_C@_0BE@JLBHAGMH@GdipGetPropertyItem?$AA@ 10001158     gdip.obj
 0001:0000016c       ??_C@_0BI@PFDIBLKB@GdipGetPropertyItemSize?$AA@ 1000116c     gdip.obj
 0001:00000184       ??_C@_0BL@FLMDGKNM@GdipImageSelectActiveFrame?$AA@ 10001184     gdip.obj
 0001:000001a0       ??_C@_0BH@PCHOHMFI@GdipImageGetFrameCount?$AA@ 100011a0     gdip.obj
 0001:000001b8       ??_C@_0BB@MGCHKKMH@GdipDisposeImage?$AA@ 100011b8     gdip.obj
 0001:000001cc       ??_C@_0BI@DDNLFBKI@GdipGetImagePixelFormat?$AA@ 100011cc     gdip.obj
 0001:000001e4       ??_C@_0BD@JIGBIPOH@GdipGetImageHeight?$AA@ 100011e4     gdip.obj
 0001:000001f8       ??_C@_0BC@DPLNHGNM@GdipGetImageWidth?$AA@ 100011f8     gdip.obj
 0001:0000020c       ??_C@_0BG@OPKFAGML@GdipGetImageThumbnail?$AA@ 1000120c     gdip.obj
 0001:00000224       ??_C@_0BJ@IPKMAACN@GdipCreateBitmapFromFile?$AA@ 10001224     gdip.obj
 0001:00000240       ??_C@_0BA@OMKIAPCJ@GdiplusShutdown?$AA@ 10001240     gdip.obj
 0001:00000250       ??_C@_0P@NIGHOHPH@GdiplusStartup?$AA@ 10001250     gdip.obj
 0001:00000260       ??_C@_1BI@LOJECBFD@?$AAG?$AAd?$AAi?$AAP?$AAl?$AAu?$AAs?$AA?4?$AAd?$AAl?$AAl?$AA?$AA@ 10001260     gdip.obj
 0001:00000278       ??_C@_08EMPFHFKE@gdip?4cpp?$AA@ 10001278     gdip.obj
 0001:00000284       ??_C@_0BF@OBPAMLNN@gdip?3?3FreeThreadProc?$AA@ 10001284     gdip.obj
 0001:0000029c       ??_C@_13HOIJIPNN@?$AA?5?$AA?$AA@ 1000129c     gdip.obj
 0001:000002a0       ??_C@_1M@HKOFHKAI@?$AA?5?$AA?$FL?$AA?$CF?$AAi?$AA?$FN?$AA?$AA@ 100012a0     gdip.obj
 0001:000002ac       ??_C@_1CA@KKEPPKFF@?$AA?$CF?$AAi?$AA?5?$AAx?$AA?5?$AA?$CF?$AAi?$AA?5?$AAx?$AA?5?$AA?$CF?$AAi?$AAb?$AAp?$AAp?$AA?$AA@ 100012ac     gdip.obj
 0001:000002cc       ??_C@_17OGLEMJPJ@?$AAI?$AAC?$AAO?$AA?$AA@ 100012cc     gdip.obj
 0001:000002d4       ??_C@_19HEANOPFL@?$AAE?$AAX?$AAI?$AAF?$AA?$AA@ 100012d4     gdip.obj
 0001:000002e0       ??_C@_19PNCGIGON@?$AAT?$AAI?$AAF?$AAF?$AA?$AA@ 100012e0     gdip.obj
 0001:000002ec       ??_C@_17CPKNLHCH@?$AAG?$AAI?$AAF?$AA?$AA@ 100012ec     gdip.obj
 0001:000002f4       ??_C@_19JJJNAIHN@?$AAJ?$AAP?$AAE?$AAG?$AA?$AA@ 100012f4     gdip.obj
 0001:00000300       ??_C@_17PMGKNIMI@?$AAP?$AAN?$AAG?$AA?$AA@ 10001300     gdip.obj
 0001:00000308       ??_C@_17MIIHMEBK@?$AAW?$AAM?$AAF?$AA?$AA@ 10001308     gdip.obj
 0001:00000310       ??_C@_17PGBJPCEM@?$AAE?$AAM?$AAF?$AA?$AA@ 10001310     gdip.obj
 0001:00000318       ??_C@_17IJKOPDBG@?$AAB?$AAM?$AAP?$AA?$AA@ 10001318     gdip.obj
 0001:00000320       ??_C@_17CGDFOGLC@?$AAC?$AAE?$AAT?$AA?$AA@ 10001320     gdip.obj
 0001:00000328       ??_C@_11LOCGONAA@?$AA?$AA@ 10001328     MAssert.obj
 0001:0000032c       ??_C@_05LCABBMOG@?$CFs?3?$CFi?$AA@ 1000132c     WThreads.obj
 0001:000003a0       ??0GdiplusStartupInput@Gdiplus@@QAE@P6GXW4DebugEventLevel@1@PAD@ZHH@Z 100013a0 f i gdip.obj
 0001:000003c0       ??_H@YGXPAXIHP6EPAX0@Z@Z   100013c0 f i gdip.obj
 0001:000003de       ?Init@GDIPlusDecoder@@QAE_NPAUCET_Init@@@Z 100013de f i gdip.obj
 0001:000005ea       ?FreeThreadProc@GDIPlusDecoder@@SGKPAX@Z 100015ea f i gdip.obj
 0001:00000605       ?Close@GDIPlusDecoder@@QAEXXZ 10001605 f i gdip.obj
 0001:000006a3       ?Close@GDIPlusData@@QAEXXZ 100016a3 f i gdip.obj
 0001:000006e0       ?OpenBitmapFromFile@GDIPlusImage@@QAEPAVGpImage@Gdiplus@@PB_WU_COORD@@@Z 100016e0 f i gdip.obj
 0001:00000725       ?SelectPage@GDIPlusImage@@QAE_NI@Z 10001725 f i gdip.obj
 0001:000007c0       ?Close@GDIPlusImage@@QAEXXZ 100017c0 f i gdip.obj
 0001:0000081a       ?DrawImageAbortCallback@GDIPlusImage@@SGHPAUGDIPlusDecoder@@@Z 1000181a f i gdip.obj
 0001:0000082c       ?GetExifTagValueAsInt@GDIPlusImage@@QAE_NKAAH@Z 1000182c f i gdip.obj
 0001:000008cf       ?CalculateShowSize@GDIPlusImage@@QAEXAAH0000@Z 100018cf f i gdip.obj
 0001:00000ae2       ?GetPageBits@GDIPlusImage@@QAE_NPAUCET_LoadInfo@@@Z 10001ae2 f i gdip.obj
 0001:00000eb9       ?CET_Init@@YGHPAU0@@Z      10001eb9 f   gdip.obj
 0001:00000f27       ?CET_Done@@YGXPAUCET_Init@@@Z 10001f27 f   gdip.obj
 0001:00000f4b       ?CET_Free@@YGXPAUCET_LoadInfo@@@Z 10001f4b f   gdip.obj
 0001:00000fa2       ?CET_Cancel@@YGXPAX@Z      10001fa2 f   gdip.obj
 0001:00000fbc       ?Open@GDIPlusImage@@QAE_N_NPB_WPBE_JU_COORD@@@Z 10001fbc f i gdip.obj
 0001:00001299       ?CET_Load@@YGHPAUCET_LoadInfo@@@Z 10002299 f   gdip.obj
 0001:000014d5       ?StripSourceRoot@@YIPB_WPB_W@Z 100024d5 f   MAssert.obj
 0001:00001520       ?HeapInitialize@@YI_NXZ    10002520 f   Memory.obj
 0001:00001546       ?HeapDeinitialize@@YIXXZ   10002546 f   Memory.obj
 0001:0000155e       ?xf_malloc@@YAPAXI@Z       1000255e f   Memory.obj
 0001:00001571       ?xf_calloc@@YAPAXII@Z      10002571 f   Memory.obj
 0001:0000158a       ?xf_realloc@@YAPAXPAXI@Z   1000258a f   Memory.obj
 0001:000015af       ?xf_free@@YAXPAX@Z         100025af f   Memory.obj
 0001:000015cd       ?xf_validate@@YA_NPAX@Z    100025cd f   Memory.obj
 0001:000015d0       ??2@YAPAXI@Z               100025d0 f   Memory.obj
 0001:000015ea       ??_U@YAPAXI@Z              100025ea f   Memory.obj
 0001:000015ef       ??3@YAXPAX@Z               100025ef f   Memory.obj
 0001:000015f4       ??_V@YAXPAX@Z              100025f4 f   Memory.obj
 0001:000015f9       ??0ConEmuThreadStartArg@@QAE@P6GKPAX@Z0K@Z 100025f9 f i WThreads.obj
 0001:0000161a       ?apiThreadHelper@@YGKPAX@Z 1000261a f   WThreads.obj
 0001:00001768       ?apiCreateThread@@YIPAXP6GKPAX@Z0PAKPBDH@Z 10002768 f   WThreads.obj
 0001:00001857       ?apiTerminateThreadEx@@YIHPAXKPBDH@Z 10002857 f   WThreads.obj
 0001:0000190d       ?wasTerminateThreadCalled@@YI_NXZ 1000290d f   WThreads.obj
 0001:00001920       __alldiv                   10002920 f   libCRT:vc_lldiv.obj
 0001:000019d0       __allmul                   100029d0 f   libCRT:vc_llmul.obj
 0001:00001a10       _wcsrchr                   10002a10 f   libCRT:strrchr.obj
 0001:00001a40       _wcschr                    10002a40 f   libCRT:strchr.obj
 0001:00001a70       _memset                    10002a70 f   libCRT:memset.obj
 0001:00001ab0       _strchr                    10002ab0 f   libCRT:strchr.obj
 0001:00001ad0       _strrchr                   10002ad0 f   libCRT:strrchr.obj
 0001:00001af2       _FreeLibrary@4             10002af2 f   kernel32:KERNEL32.dll
 0001:00001af8       _GetLastError@0            10002af8 f   kernel32:KERNEL32.dll
 0001:00001afe       _GetProcAddress@8          10002afe f   kernel32:KERNEL32.dll
 0001:00001b04       _LoadLibraryW@4            10002b04 f   kernel32:KERNEL32.dll
 0001:00001b0a       _HeapFree@12               10002b0a f   kernel32:KERNEL32.dll
 0001:00001b10       _GetProcessHeap@0          10002b10 f   kernel32:KERNEL32.dll
 0001:00001b16       _CloseHandle@4             10002b16 f   kernel32:KERNEL32.dll
 0001:00001b1c       _WaitForSingleObject@8     10002b1c f   kernel32:KERNEL32.dll
 0001:00001b22       _DeleteFileW@4             10002b22 f   kernel32:KERNEL32.dll
 0001:00001b28       _HeapAlloc@12              10002b28 f   kernel32:KERNEL32.dll
 0001:00001b2e       _lstrcatW@8                10002b2e f   kernel32:KERNEL32.dll
 0001:00001b34       _lstrlenW@4                10002b34 f   kernel32:KERNEL32.dll
 0001:00001b3a       _lstrcpyW@8                10002b3a f   kernel32:KERNEL32.dll
 0001:00001b40       _WriteFile@20              10002b40 f   kernel32:KERNEL32.dll
 0001:00001b46       _CreateFileW@28            10002b46 f   kernel32:KERNEL32.dll
 0001:00001b4c       _GetTempFileNameW@16       10002b4c f   kernel32:KERNEL32.dll
 0001:00001b52       _GetTempPathW@8            10002b52 f   kernel32:KERNEL32.dll
 0001:00001b58       _lstrcpynW@12              10002b58 f   kernel32:KERNEL32.dll
 0001:00001b5e       _HeapCreate@12             10002b5e f   kernel32:KERNEL32.dll
 0001:00001b64       _HeapDestroy@4             10002b64 f   kernel32:KERNEL32.dll
 0001:00001b6a       _HeapReAlloc@16            10002b6a f   kernel32:KERNEL32.dll
 0001:00001b70       _lstrcpynA@12              10002b70 f   kernel32:KERNEL32.dll
 0001:00001b76       _GetTickCount@0            10002b76 f   kernel32:KERNEL32.dll
 0001:00001b7c       _GetCurrentThreadId@0      10002b7c f   kernel32:KERNEL32.dll
 0001:00001b82       _SetLastError@4            10002b82 f   kernel32:KERNEL32.dll
 0001:00001b88       _ResumeThread@4            10002b88 f   kernel32:KERNEL32.dll
 0001:00001b8e       _CreateThread@24           10002b8e f   kernel32:KERNEL32.dll
 0001:00001b94       _TerminateThread@8         10002b94 f   kernel32:KERNEL32.dll
 0001:00001b9a       _FillRect@12               10002b9a f   user32:USER32.dll
 0001:00001ba0       _wsprintfW                 10002ba0 f   user32:USER32.dll
 0001:00001ba6       _CharLowerBuffW@8          10002ba6 f   user32:USER32.dll
 0001:00001bac       _wsprintfA                 10002bac f   user32:USER32.dll
 0001:00001bb2       _DeleteDC@4                10002bb2 f   gdi32:GDI32.dll
 0001:00001bb8       _DeleteObject@4            10002bb8 f   gdi32:GDI32.dll
 0001:00001bbe       _SelectObject@8            10002bbe f   gdi32:GDI32.dll
 0001:00001bc4       _CreateSolidBrush@4        10002bc4 f   gdi32:GDI32.dll
 0001:00001bca       _CreateDIBSection@24       10002bca f   gdi32:GDI32.dll
 0001:00001bd0       _CreateCompatibleDC@4      10002bd0 f   gdi32:GDI32.dll
 0001:00001bd6       _CoInitialize@4            10002bd6 f   ole32:ole32.dll
 0001:00001bdc       _CoUninitialize@0          10002bdc f   ole32:ole32.dll
 0001:00001be4       __IMPORT_DESCRIPTOR_KERNEL32 10002be4     kernel32:KERNEL32.dll
 0001:00001bf8       __IMPORT_DESCRIPTOR_USER32 10002bf8     user32:USER32.dll
 0001:00001c0c       __IMPORT_DESCRIPTOR_GDI32  10002c0c     gdi32:GDI32.dll
 0001:00001c20       __IMPORT_DESCRIPTOR_ole32  10002c20     ole32:ole32.dll
 0001:00001c34       __NULL_IMPORT_DESCRIPTOR   10002c34     kernel32:KERNEL32.dll
 0002:00000000       ?g_TerminatedThreadIdx@@3JA 10004000     WThreads.obj
 0002:00000010       ?ghModule@@3PAUHINSTANCE__@@A 10004010     gdip.obj
 0002:00000048       ?gnLastWin32Error@@3KA     10004048     gdip.obj
 0002:0000004c       ?AssertMsgBox@@3P6IHPB_WI0PAUHWND__@@_N@ZA 1000404c     MAssert.obj
 0002:00000050       ?gfnHooksUnlockerProc@@3P6I_N_N@ZA 10004050     MAssert.obj
 0002:00000054       ?ghHeap@@3PAXA             10004054     Memory.obj
 0002:00000058       ?g_LastDeletePtr@@3PAXA    10004058     Memory.obj
 0002:00007860       ?g_ThreadsIdx@@3JA         1000b860     WThreads.obj

 entry point at        0000:00000000

 Static symbols

