 gdi+

 Timestamp is 564923d8 (Mon Nov 16 03:31:20 2015)

 Preferred load address is 0000000180000000

 Start         Length     Name                   Class
 0001:00000000 00000190H .idata$5                CODE
 0001:00000190 000008d0H .rdata                  CODE
 0001:00000a60 00000062H .rdata$debug            CODE
 0001:00000ad0 000025e0H .text                   CODE
 0001:000030b0 00000270H .xdata                  CODE
 0001:00003320 00000050H .idata$2                CODE
 0001:00003370 00000014H .idata$3                CODE
 0001:00003388 00000190H .idata$4                CODE
 0001:00003518 000002feH .idata$6                CODE
 0001:00003820 00000092H .edata                  CODE
 0002:00000000 00000004H .data                   DATA
 0002:00000010 00008894H .bss                    DATA
 0003:00000000 000001ecH .pdata                  DATA
 0004:00000000 00000058H .rsrc$01                DATA
 0004:00000060 000002b8H .rsrc$02                DATA

  Address         Publics by Value              Rva+Base               Lib:Object

 0000:00000000       ___safe_se_handler_table   0000000000000000     <absolute>
 0000:00000000       ___safe_se_handler_count   0000000000000000     <absolute>
 0000:00000000       __ImageBase                0000000180000000     <linker-defined>
 0001:00000000       __imp_DeleteObject         0000000180001000     gdi32:GDI32.dll
 0001:00000008       __imp_SelectObject         0000000180001008     gdi32:GDI32.dll
 0001:00000010       __imp_CreateSolidBrush     0000000180001010     gdi32:GDI32.dll
 0001:00000018       __imp_CreateDIBSection     0000000180001018     gdi32:GDI32.dll
 0001:00000020       __imp_CreateCompatibleDC   0000000180001020     gdi32:GDI32.dll
 0001:00000028       __imp_DeleteDC             0000000180001028     gdi32:GDI32.dll
 0001:00000030       \177GDI32_NULL_THUNK_DATA  0000000180001030     gdi32:GDI32.dll
 0001:00000038       __imp_GetLastError         0000000180001038     kernel32:KERNEL32.dll
 0001:00000040       __imp_GetProcAddress       0000000180001040     kernel32:KERNEL32.dll
 0001:00000048       __imp_LoadLibraryW         0000000180001048     kernel32:KERNEL32.dll
 0001:00000050       __imp_CloseHandle          0000000180001050     kernel32:KERNEL32.dll
 0001:00000058       __imp_WaitForSingleObject  0000000180001058     kernel32:KERNEL32.dll
 0001:00000060       __imp_DeleteFileW          0000000180001060     kernel32:KERNEL32.dll
 0001:00000068       __imp_lstrcatW             0000000180001068     kernel32:KERNEL32.dll
 0001:00000070       __imp_lstrlenW             0000000180001070     kernel32:KERNEL32.dll
 0001:00000078       __imp_lstrcpyW             0000000180001078     kernel32:KERNEL32.dll
 0001:00000080       __imp_WriteFile            0000000180001080     kernel32:KERNEL32.dll
 0001:00000088       __imp_CreateFileW          0000000180001088     kernel32:KERNEL32.dll
 0001:00000090       __imp_GetTempFileNameW     0000000180001090     kernel32:KERNEL32.dll
 0001:00000098       __imp_GetTempPathW         0000000180001098     kernel32:KERNEL32.dll
 0001:000000a0       __imp_FreeLibrary          00000001800010a0     kernel32:KERNEL32.dll
 0001:000000a8       __imp_HeapCreate           00000001800010a8     kernel32:KERNEL32.dll
 0001:000000b0       __imp_HeapDestroy          00000001800010b0     kernel32:KERNEL32.dll
 0001:000000b8       __imp_HeapValidate         00000001800010b8     kernel32:KERNEL32.dll
 0001:000000c0       __imp_lstrcpyA             00000001800010c0     kernel32:KERNEL32.dll
 0001:000000c8       __imp_lstrlenA             00000001800010c8     kernel32:KERNEL32.dll
 0001:000000d0       __imp_MultiByteToWideChar  00000001800010d0     kernel32:KERNEL32.dll
 0001:000000d8       __imp_lstrcpynA            00000001800010d8     kernel32:KERNEL32.dll
 0001:000000e0       __imp_GetTickCount         00000001800010e0     kernel32:KERNEL32.dll
 0001:000000e8       __imp_GetCurrentThreadId   00000001800010e8     kernel32:KERNEL32.dll
 0001:000000f0       __imp_SetLastError         00000001800010f0     kernel32:KERNEL32.dll
 0001:000000f8       __imp_ResumeThread         00000001800010f8     kernel32:KERNEL32.dll
 0001:00000100       __imp_CreateThread         0000000180001100     kernel32:KERNEL32.dll
 0001:00000108       __imp_TerminateThread      0000000180001108     kernel32:KERNEL32.dll
 0001:00000110       __imp_GetLocalTime         0000000180001110     kernel32:KERNEL32.dll
 0001:00000118       __imp_SystemTimeToFileTime 0000000180001118     kernel32:KERNEL32.dll
 0001:00000120       __imp_HeapReAlloc          0000000180001120     kernel32:KERNEL32.dll
 0001:00000128       __imp_HeapAlloc            0000000180001128     kernel32:KERNEL32.dll
 0001:00000130       __imp_GetProcessHeap       0000000180001130     kernel32:KERNEL32.dll
 0001:00000138       __imp_lstrcpynW            0000000180001138     kernel32:KERNEL32.dll
 0001:00000140       __imp_HeapFree             0000000180001140     kernel32:KERNEL32.dll
 0001:00000148       \177KERNEL32_NULL_THUNK_DATA 0000000180001148     kernel32:KERNEL32.dll
 0001:00000150       __imp_wsprintfA            0000000180001150     user32:USER32.dll
 0001:00000158       __imp_CharLowerBuffW       0000000180001158     user32:USER32.dll
 0001:00000160       __imp_wsprintfW            0000000180001160     user32:USER32.dll
 0001:00000168       __imp_FillRect             0000000180001168     user32:USER32.dll
 0001:00000170       \177USER32_NULL_THUNK_DATA 0000000180001170     user32:USER32.dll
 0001:00000178       __imp_CoUninitialize       0000000180001178     ole32:ole32.dll
 0001:00000180       __imp_CoInitialize         0000000180001180     ole32:ole32.dll
 0001:00000188       \177ole32_NULL_THUNK_DATA  0000000180001188     ole32:ole32.dll
 0001:000001b0       FrameDimensionTime         00000001800011b0     gdip.obj
 0001:000001c0       FrameDimensionPage         00000001800011c0     gdip.obj
 0001:000001d0       ??_7MStream@@6B@           00000001800011d0     gdip.obj
 0001:00000240       ??_C@_0BH@MHAPNLKM@GdipDrawImageRectRectI?$AA@ 0000000180001240     gdip.obj
 0001:00000258       ??_C@_0BD@MFGJCODH@GdipDeleteGraphics?$AA@ 0000000180001258     gdip.obj
 0001:00000270       ??_C@_0BC@PACDIGJN@GdipCreateFromHDC?$AA@ 0000000180001270     gdip.obj
 0001:00000288       ??_C@_0BG@BONHLFMI@GdipGetImageRawFormat?$AA@ 0000000180001288     gdip.obj
 0001:000002a0       ??_C@_0BE@HNMMICFD@GdipImageRotateFlip?$AA@ 00000001800012a0     gdip.obj
 0001:000002b8       ??_C@_0BE@JLBHAGMH@GdipGetPropertyItem?$AA@ 00000001800012b8     gdip.obj
 0001:000002d0       ??_C@_0BI@PFDIBLKB@GdipGetPropertyItemSize?$AA@ 00000001800012d0     gdip.obj
 0001:000002e8       ??_C@_0BL@FLMDGKNM@GdipImageSelectActiveFrame?$AA@ 00000001800012e8     gdip.obj
 0001:00000308       ??_C@_0BH@PCHOHMFI@GdipImageGetFrameCount?$AA@ 0000000180001308     gdip.obj
 0001:00000320       ??_C@_0BB@MGCHKKMH@GdipDisposeImage?$AA@ 0000000180001320     gdip.obj
 0001:00000338       ??_C@_0BI@DDNLFBKI@GdipGetImagePixelFormat?$AA@ 0000000180001338     gdip.obj
 0001:00000350       ??_C@_0BD@JIGBIPOH@GdipGetImageHeight?$AA@ 0000000180001350     gdip.obj
 0001:00000368       ??_C@_0BC@DPLNHGNM@GdipGetImageWidth?$AA@ 0000000180001368     gdip.obj
 0001:00000380       ??_C@_0BG@OPKFAGML@GdipGetImageThumbnail?$AA@ 0000000180001380     gdip.obj
 0001:00000398       ??_C@_0BJ@IPKMAACN@GdipCreateBitmapFromFile?$AA@ 0000000180001398     gdip.obj
 0001:000003b8       ??_C@_0BA@OMKIAPCJ@GdiplusShutdown?$AA@ 00000001800013b8     gdip.obj
 0001:000003c8       ??_C@_0P@NIGHOHPH@GdiplusStartup?$AA@ 00000001800013c8     gdip.obj
 0001:000003d8       ??_C@_1BI@LOJECBFD@?$AAG?$AAd?$AAi?$AAP?$AAl?$AAu?$AAs?$AA?4?$AAd?$AAl?$AAl?$AA?$AA@ 00000001800013d8     gdip.obj
 0001:000003f0       ??_C@_08EMPFHFKE@gdip?4cpp?$AA@ 00000001800013f0     gdip.obj
 0001:00000400       ??_C@_0BF@OBPAMLNN@gdip?3?3FreeThreadProc?$AA@ 0000000180001400     gdip.obj
 0001:00000418       ??_C@_13HOIJIPNN@?$AA?5?$AA?$AA@ 0000000180001418     gdip.obj
 0001:00000420       ??_C@_1M@HKOFHKAI@?$AA?5?$AA?$FL?$AA?$CF?$AAi?$AA?$FN?$AA?$AA@ 0000000180001420     gdip.obj
 0001:00000430       ??_C@_1CA@KKEPPKFF@?$AA?$CF?$AAi?$AA?5?$AAx?$AA?5?$AA?$CF?$AAi?$AA?5?$AAx?$AA?5?$AA?$CF?$AAi?$AAb?$AAp?$AAp?$AA?$AA@ 0000000180001430     gdip.obj
 0001:00000450       ??_C@_19HEANOPFL@?$AAE?$AAX?$AAI?$AAF?$AA?$AA@ 0000000180001450     gdip.obj
 0001:00000460       ??_C@_19PNCGIGON@?$AAT?$AAI?$AAF?$AAF?$AA?$AA@ 0000000180001460     gdip.obj
 0001:00000470       ??_C@_19JJJNAIHN@?$AAJ?$AAP?$AAE?$AAG?$AA?$AA@ 0000000180001470     gdip.obj
 0001:00000480       ??_C@_17CGDFOGLC@?$AAC?$AAE?$AAT?$AA?$AA@ 0000000180001480     gdip.obj
 0001:00000488       ??_C@_05LCABBMOG@?$CFs?3?$CFi?$AA@ 0000000180001488     WThreads.obj
 0001:00000490       IID_IUnknown               0000000180001490     uuid:unknwn_i.obj
 0001:000004a0       IID_AsyncIUnknown          00000001800014a0     uuid:unknwn_i.obj
 0001:000004b0       IID_IClassFactory          00000001800014b0     uuid:unknwn_i.obj
 0001:000004c0       IID_IMarshal               00000001800014c0     uuid:objidl_i.obj
 0001:000004d0       IID_IMarshal2              00000001800014d0     uuid:objidl_i.obj
 0001:000004e0       IID_IMalloc                00000001800014e0     uuid:objidl_i.obj
 0001:000004f0       IID_IMallocSpy             00000001800014f0     uuid:objidl_i.obj
 0001:00000500       IID_IStdMarshalInfo        0000000180001500     uuid:objidl_i.obj
 0001:00000510       IID_IExternalConnection    0000000180001510     uuid:objidl_i.obj
 0001:00000520       IID_IMultiQI               0000000180001520     uuid:objidl_i.obj
 0001:00000530       IID_AsyncIMultiQI          0000000180001530     uuid:objidl_i.obj
 0001:00000540       IID_IInternalUnknown       0000000180001540     uuid:objidl_i.obj
 0001:00000550       IID_IEnumUnknown           0000000180001550     uuid:objidl_i.obj
 0001:00000560       IID_IBindCtx               0000000180001560     uuid:objidl_i.obj
 0001:00000570       IID_IEnumMoniker           0000000180001570     uuid:objidl_i.obj
 0001:00000580       IID_IRunnableObject        0000000180001580     uuid:objidl_i.obj
 0001:00000590       IID_IRunningObjectTable    0000000180001590     uuid:objidl_i.obj
 0001:000005a0       IID_IPersist               00000001800015a0     uuid:objidl_i.obj
 0001:000005b0       IID_IPersistStream         00000001800015b0     uuid:objidl_i.obj
 0001:000005c0       IID_IMoniker               00000001800015c0     uuid:objidl_i.obj
 0001:000005d0       IID_IROTData               00000001800015d0     uuid:objidl_i.obj
 0001:000005e0       IID_IEnumString            00000001800015e0     uuid:objidl_i.obj
 0001:000005f0       IID_ISequentialStream      00000001800015f0     uuid:objidl_i.obj
 0001:00000600       IID_IStream                0000000180001600     uuid:objidl_i.obj
 0001:00000610       IID_IEnumSTATSTG           0000000180001610     uuid:objidl_i.obj
 0001:00000620       IID_IStorage               0000000180001620     uuid:objidl_i.obj
 0001:00000630       IID_IPersistFile           0000000180001630     uuid:objidl_i.obj
 0001:00000640       IID_IPersistStorage        0000000180001640     uuid:objidl_i.obj
 0001:00000650       IID_ILockBytes             0000000180001650     uuid:objidl_i.obj
 0001:00000660       IID_IEnumFORMATETC         0000000180001660     uuid:objidl_i.obj
 0001:00000670       IID_IEnumSTATDATA          0000000180001670     uuid:objidl_i.obj
 0001:00000680       IID_IRootStorage           0000000180001680     uuid:objidl_i.obj
 0001:00000690       IID_IAdviseSink            0000000180001690     uuid:objidl_i.obj
 0001:000006a0       IID_AsyncIAdviseSink       00000001800016a0     uuid:objidl_i.obj
 0001:000006b0       IID_IAdviseSink2           00000001800016b0     uuid:objidl_i.obj
 0001:000006c0       IID_AsyncIAdviseSink2      00000001800016c0     uuid:objidl_i.obj
 0001:000006d0       IID_IDataObject            00000001800016d0     uuid:objidl_i.obj
 0001:000006e0       IID_IDataAdviseHolder      00000001800016e0     uuid:objidl_i.obj
 0001:000006f0       IID_IMessageFilter         00000001800016f0     uuid:objidl_i.obj
 0001:00000700       IID_IRpcChannelBuffer      0000000180001700     uuid:objidl_i.obj
 0001:00000710       IID_IRpcChannelBuffer2     0000000180001710     uuid:objidl_i.obj
 0001:00000720       IID_IAsyncRpcChannelBuffer 0000000180001720     uuid:objidl_i.obj
 0001:00000730       IID_IRpcChannelBuffer3     0000000180001730     uuid:objidl_i.obj
 0001:00000740       IID_IRpcSyntaxNegotiate    0000000180001740     uuid:objidl_i.obj
 0001:00000750       IID_IRpcProxyBuffer        0000000180001750     uuid:objidl_i.obj
 0001:00000760       IID_IRpcStubBuffer         0000000180001760     uuid:objidl_i.obj
 0001:00000770       IID_IPSFactoryBuffer       0000000180001770     uuid:objidl_i.obj
 0001:00000780       IID_IChannelHook           0000000180001780     uuid:objidl_i.obj
 0001:00000790       IID_IClientSecurity        0000000180001790     uuid:objidl_i.obj
 0001:000007a0       IID_IServerSecurity        00000001800017a0     uuid:objidl_i.obj
 0001:000007b0       IID_IClassActivator        00000001800017b0     uuid:objidl_i.obj
 0001:000007c0       IID_IRpcOptions            00000001800017c0     uuid:objidl_i.obj
 0001:000007d0       IID_IGlobalOptions         00000001800017d0     uuid:objidl_i.obj
 0001:000007e0       IID_IFillLockBytes         00000001800017e0     uuid:objidl_i.obj
 0001:000007f0       IID_IProgressNotify        00000001800017f0     uuid:objidl_i.obj
 0001:00000800       IID_ILayoutStorage         0000000180001800     uuid:objidl_i.obj
 0001:00000810       IID_IBlockingLock          0000000180001810     uuid:objidl_i.obj
 0001:00000820       IID_ITimeAndNoticeControl  0000000180001820     uuid:objidl_i.obj
 0001:00000830       IID_IOplockStorage         0000000180001830     uuid:objidl_i.obj
 0001:00000840       IID_ISurrogate             0000000180001840     uuid:objidl_i.obj
 0001:00000850       IID_IGlobalInterfaceTable  0000000180001850     uuid:objidl_i.obj
 0001:00000860       IID_IDirectWriterLock      0000000180001860     uuid:objidl_i.obj
 0001:00000870       IID_ISynchronize           0000000180001870     uuid:objidl_i.obj
 0001:00000880       IID_ISynchronizeHandle     0000000180001880     uuid:objidl_i.obj
 0001:00000890       IID_ISynchronizeEvent      0000000180001890     uuid:objidl_i.obj
 0001:000008a0       IID_ISynchronizeContainer  00000001800018a0     uuid:objidl_i.obj
 0001:000008b0       IID_ISynchronizeMutex      00000001800018b0     uuid:objidl_i.obj
 0001:000008c0       IID_ICancelMethodCalls     00000001800018c0     uuid:objidl_i.obj
 0001:000008d0       IID_IAsyncManager          00000001800018d0     uuid:objidl_i.obj
 0001:000008e0       IID_ICallFactory           00000001800018e0     uuid:objidl_i.obj
 0001:000008f0       IID_IRpcHelper             00000001800018f0     uuid:objidl_i.obj
 0001:00000900       IID_IReleaseMarshalBuffers 0000000180001900     uuid:objidl_i.obj
 0001:00000910       IID_IWaitMultiple          0000000180001910     uuid:objidl_i.obj
 0001:00000920       IID_IUrlMon                0000000180001920     uuid:objidl_i.obj
 0001:00000930       IID_IForegroundTransfer    0000000180001930     uuid:objidl_i.obj
 0001:00000940       IID_IAddrTrackingControl   0000000180001940     uuid:objidl_i.obj
 0001:00000950       IID_IAddrExclusionControl  0000000180001950     uuid:objidl_i.obj
 0001:00000960       IID_IPipeByte              0000000180001960     uuid:objidl_i.obj
 0001:00000970       IID_AsyncIPipeByte         0000000180001970     uuid:objidl_i.obj
 0001:00000980       IID_IPipeLong              0000000180001980     uuid:objidl_i.obj
 0001:00000990       IID_AsyncIPipeLong         0000000180001990     uuid:objidl_i.obj
 0001:000009a0       IID_IPipeDouble            00000001800019a0     uuid:objidl_i.obj
 0001:000009b0       IID_AsyncIPipeDouble       00000001800019b0     uuid:objidl_i.obj
 0001:000009c0       IID_IThumbnailExtractor    00000001800019c0     uuid:objidl_i.obj
 0001:000009d0       IID_IDummyHICONIncluder    00000001800019d0     uuid:objidl_i.obj
 0001:000009e0       IID_IEnumContextProps      00000001800019e0     uuid:objidl_i.obj
 0001:000009f0       IID_IContext               00000001800019f0     uuid:objidl_i.obj
 0001:00000a00       IID_IObjContext            0000000180001a00     uuid:objidl_i.obj
 0001:00000a10       IID_IProcessLock           0000000180001a10     uuid:objidl_i.obj
 0001:00000a20       IID_ISurrogateService      0000000180001a20     uuid:objidl_i.obj
 0001:00000a30       IID_IComThreadingInfo      0000000180001a30     uuid:objidl_i.obj
 0001:00000a40       IID_IProcessInitControl    0000000180001a40     uuid:objidl_i.obj
 0001:00000a50       IID_IInitializeSpy         0000000180001a50     uuid:objidl_i.obj
 0001:00000ad0       ??0GdiplusStartupInput@Gdiplus@@QEAA@P6AXW4DebugEventLevel@1@PEAD@ZHH@Z 0000000180001ad0 f i gdip.obj
 0001:00000ae8       ??_H@YAXPEAX_KHP6APEAX0@Z@Z 0000000180001ae8 f i gdip.obj
 0001:00000b2c       ??1MStream@@QEAA@XZ        0000000180001b2c f i gdip.obj
 0001:00000b84       IsEqualGUID                0000000180001b84 f i gdip.obj
 0001:00000bb0       ==                         0000000180001bb0 f i gdip.obj
 0001:00000bdc       ?QueryInterface@MStream@@UEAAJAEBU_GUID@@PEAPEAX@Z 0000000180001bdc f i gdip.obj
 0001:00000c7c       ?AddRef@MStream@@UEAAKXZ   0000000180001c7c f i gdip.obj
 0001:00000c8c       ?Read@MStream@@UEAAJPEAXKPEAK@Z 0000000180001c8c f i gdip.obj
 0001:00000d14       ?Write@MStream@@UEAAJPEBXKPEAK@Z 0000000180001d14 f i gdip.obj
 0001:00000ddc       ?Seek@MStream@@UEAAJT_LARGE_INTEGER@@KPEAT_ULARGE_INTEGER@@@Z 0000000180001ddc f i gdip.obj
 0001:00000e4c       ?SetSize@MStream@@UEAAJT_ULARGE_INTEGER@@@Z 0000000180001e4c f i gdip.obj
 0001:00000f00       ?CopyTo@MStream@@UEAAJPEAUIStream@@T_ULARGE_INTEGER@@PEAT3@2@Z 0000000180001f00 f i gdip.obj
 0001:00000f08       ?Commit@MStream@@UEAAJK@Z  0000000180001f08 f i gdip.obj
 0001:00000f14       ?Revert@MStream@@UEAAJXZ   0000000180001f14 f i gdip.obj
 0001:00000f1c       ?LockRegion@MStream@@UEAAJT_ULARGE_INTEGER@@0K@Z 0000000180001f1c f i gdip.obj
 0001:00000f24       ?UnlockRegion@MStream@@UEAAJT_ULARGE_INTEGER@@0K@Z 0000000180001f24 f i gdip.obj
 0001:00000f2c       ?Stat@MStream@@UEAAJPEAUtagSTATSTG@@K@Z 0000000180001f2c f i gdip.obj
 0001:00000f8c       ?Clone@MStream@@UEAAJPEAPEAUIStream@@@Z 0000000180001f8c f i gdip.obj
 0001:00000f94       ??_GMStream@@QEAAPEAXI@Z   0000000180001f94 f i gdip.obj
 0001:00001008       ?Init@GDIPlusDecoder@@QEAA_NPEAUCET_Init@@@Z 0000000180002008 f i gdip.obj
 0001:00001328       ?FreeThreadProc@GDIPlusDecoder@@SAKPEAX@Z 0000000180002328 f i gdip.obj
 0001:00001348       ?Close@GDIPlusDecoder@@QEAAXXZ 0000000180002348 f i gdip.obj
 0001:00001418       ?Close@GDIPlusData@@QEAAXXZ 0000000180002418 f i gdip.obj
 0001:00001468       ?OpenBitmapFromFile@GDIPlusImage@@QEAAPEAVGpImage@Gdiplus@@PEB_WU_COORD@@@Z 0000000180002468 f i gdip.obj
 0001:000014c4       ?SelectPage@GDIPlusImage@@QEAA_NI@Z 00000001800024c4 f i gdip.obj
 0001:00001590       ?Close@GDIPlusImage@@QEAAXXZ 0000000180002590 f i gdip.obj
 0001:0000160c       ?DrawImageAbortCallback@GDIPlusImage@@SAHPEAUGDIPlusDecoder@@@Z 000000018000260c f i gdip.obj
 0001:00001618       ?GetExifTagValueAsInt@GDIPlusImage@@QEAA_NKAEAH@Z 0000000180002618 f i gdip.obj
 0001:000016f8       ?CalculateShowSize@GDIPlusImage@@QEAAXAEAH0000@Z 00000001800026f8 f i gdip.obj
 0001:0000189c       ?GetPageBits@GDIPlusImage@@QEAA_NPEAUCET_LoadInfo@@@Z 000000018000289c f i gdip.obj
 0001:00001e24       ?CET_Init@@YAHPEAU0@@Z     0000000180002e24 f   gdip.obj
 0001:00001eb4       ?CET_Done@@YAXPEAUCET_Init@@@Z 0000000180002eb4 f   gdip.obj
 0001:00001edc       ?CET_Free@@YAXPEAUCET_LoadInfo@@@Z 0000000180002edc f   gdip.obj
 0001:00001f7c       ?CET_Cancel@@YAXPEAX@Z     0000000180002f7c f   gdip.obj
 0001:00001f94       ?Release@MStream@@UEAAKXZ  0000000180002f94 f i gdip.obj
 0001:00001fc0       ?Open@GDIPlusImage@@QEAA_N_NPEB_WPEBE_JU_COORD@@@Z 0000000180002fc0 f i gdip.obj
 0001:000023c0       ?CET_Load@@YAHPEAUCET_LoadInfo@@@Z 00000001800033c0 f   gdip.obj
 0001:0000265c       ?HeapInitialize@@YA_NXZ    000000018000365c f   Memory.obj
 0001:00002694       ?HeapDeinitialize@@YAXXZ   0000000180003694 f   Memory.obj
 0001:000026b8       ?xf_malloc@@YAPEAX_K@Z     00000001800036b8 f   Memory.obj
 0001:000026cc       ?xf_calloc@@YAPEAX_K0@Z    00000001800036cc f   Memory.obj
 0001:000026e8       ?xf_realloc@@YAPEAXPEAX_K@Z 00000001800036e8 f   Memory.obj
 0001:00002724       ?xf_free@@YAXPEAX@Z        0000000180003724 f   Memory.obj
 0001:0000274c       ?xf_validate@@YA_NPEAX@Z   000000018000374c f   Memory.obj
 0001:00002770       ??2@YAPEAX_K@Z             0000000180003770 f   Memory.obj
 0001:00002784       ??_U@YAPEAX_K@Z            0000000180003784 f   Memory.obj
 0001:00002798       ??3@YAXPEAX@Z              0000000180003798 f   Memory.obj
 0001:000027a0       ??_V@YAXPEAX@Z             00000001800037a0 f   Memory.obj
 0001:000027a8       ?lstrdup@@YAPEADPEBD@Z     00000001800037a8 f   Memory.obj
 0001:0000280c       ?lstrdup@@YAPEA_WPEB_W_K@Z 000000018000380c f   Memory.obj
 0001:00002884       ?lstrdupW@@YAPEA_WPEBDI@Z  0000000180003884 f   Memory.obj
 0001:00002914       ?lstrmerge@@YAPEA_WPEB_W0000@Z 0000000180003914 f   Memory.obj
 0001:00002a08       ?lstrmerge@@YA_NPEAPEA_WPEB_W111@Z 0000000180003a08 f   Memory.obj
 0001:00002a4c       ??0ConEmuThreadStartArg@@QEAA@P6AKPEAX@Z0K@Z 0000000180003a4c f i WThreads.obj
 0001:00002a64       ?apiThreadHelper@@YAKPEAX@Z 0000000180003a64 f   WThreads.obj
 0001:00002c38       ?apiCreateThread@@YAPEAXP6AKPEAX@Z0PEAKPEBDH@Z 0000000180003c38 f   WThreads.obj
 0001:00002d84       ?apiTerminateThreadEx@@YAHPEAXKPEBDH@Z 0000000180003d84 f   WThreads.obj
 0001:00002e90       memmove                    0000000180003e90 f   libCRT64:memmove.obj
 0001:00002ef0       memset                     0000000180003ef0 f   libCRT64:memset.obj
 0001:00002f20       wcsrchr                    0000000180003f20 f   libCRT64:strrchr.obj
 0001:00002f50       strchr                     0000000180003f50 f   libCRT64:strchr.obj
 0001:00002f70       strrchr                    0000000180003f70 f   libCRT64:strrchr.obj
 0001:00002f9c       HeapFree                   0000000180003f9c f   kernel32:KERNEL32.dll
 0001:00002fa2       GetProcessHeap             0000000180003fa2 f   kernel32:KERNEL32.dll
 0001:00002fa8       HeapAlloc                  0000000180003fa8 f   kernel32:KERNEL32.dll
 0001:00002fae       HeapReAlloc                0000000180003fae f   kernel32:KERNEL32.dll
 0001:00002fb4       SystemTimeToFileTime       0000000180003fb4 f   kernel32:KERNEL32.dll
 0001:00002fba       GetLocalTime               0000000180003fba f   kernel32:KERNEL32.dll
 0001:00002fc0       FreeLibrary                0000000180003fc0 f   kernel32:KERNEL32.dll
 0001:00002fc6       GetLastError               0000000180003fc6 f   kernel32:KERNEL32.dll
 0001:00002fcc       GetProcAddress             0000000180003fcc f   kernel32:KERNEL32.dll
 0001:00002fd2       LoadLibraryW               0000000180003fd2 f   kernel32:KERNEL32.dll
 0001:00002fd8       CloseHandle                0000000180003fd8 f   kernel32:KERNEL32.dll
 0001:00002fde       WaitForSingleObject        0000000180003fde f   kernel32:KERNEL32.dll
 0001:00002fe4       DeleteFileW                0000000180003fe4 f   kernel32:KERNEL32.dll
 0001:00002fea       lstrcatW                   0000000180003fea f   kernel32:KERNEL32.dll
 0001:00002ff0       lstrlenW                   0000000180003ff0 f   kernel32:KERNEL32.dll
 0001:00002ff6       lstrcpyW                   0000000180003ff6 f   kernel32:KERNEL32.dll
 0001:00002ffc       WriteFile                  0000000180003ffc f   kernel32:KERNEL32.dll
 0001:00003002       CreateFileW                0000000180004002 f   kernel32:KERNEL32.dll
 0001:00003008       GetTempFileNameW           0000000180004008 f   kernel32:KERNEL32.dll
 0001:0000300e       GetTempPathW               000000018000400e f   kernel32:KERNEL32.dll
 0001:00003014       lstrcpynW                  0000000180004014 f   kernel32:KERNEL32.dll
 0001:0000301a       HeapCreate                 000000018000401a f   kernel32:KERNEL32.dll
 0001:00003020       HeapDestroy                0000000180004020 f   kernel32:KERNEL32.dll
 0001:00003026       HeapValidate               0000000180004026 f   kernel32:KERNEL32.dll
 0001:0000302c       lstrcpyA                   000000018000402c f   kernel32:KERNEL32.dll
 0001:00003032       lstrlenA                   0000000180004032 f   kernel32:KERNEL32.dll
 0001:00003038       MultiByteToWideChar        0000000180004038 f   kernel32:KERNEL32.dll
 0001:0000303e       lstrcpynA                  000000018000403e f   kernel32:KERNEL32.dll
 0001:00003044       GetTickCount               0000000180004044 f   kernel32:KERNEL32.dll
 0001:0000304a       GetCurrentThreadId         000000018000404a f   kernel32:KERNEL32.dll
 0001:00003050       SetLastError               0000000180004050 f   kernel32:KERNEL32.dll
 0001:00003056       ResumeThread               0000000180004056 f   kernel32:KERNEL32.dll
 0001:0000305c       CreateThread               000000018000405c f   kernel32:KERNEL32.dll
 0001:00003062       TerminateThread            0000000180004062 f   kernel32:KERNEL32.dll
 0001:00003068       FillRect                   0000000180004068 f   user32:USER32.dll
 0001:0000306e       wsprintfW                  000000018000406e f   user32:USER32.dll
 0001:00003074       CharLowerBuffW             0000000180004074 f   user32:USER32.dll
 0001:0000307a       wsprintfA                  000000018000407a f   user32:USER32.dll
 0001:00003080       DeleteDC                   0000000180004080 f   gdi32:GDI32.dll
 0001:00003086       DeleteObject               0000000180004086 f   gdi32:GDI32.dll
 0001:0000308c       SelectObject               000000018000408c f   gdi32:GDI32.dll
 0001:00003092       CreateSolidBrush           0000000180004092 f   gdi32:GDI32.dll
 0001:00003098       CreateDIBSection           0000000180004098 f   gdi32:GDI32.dll
 0001:0000309e       CreateCompatibleDC         000000018000409e f   gdi32:GDI32.dll
 0001:000030a4       CoInitialize               00000001800040a4 f   ole32:ole32.dll
 0001:000030aa       CoUninitialize             00000001800040aa f   ole32:ole32.dll
 0001:00003320       __IMPORT_DESCRIPTOR_KERNEL32 0000000180004320     kernel32:KERNEL32.dll
 0001:00003334       __IMPORT_DESCRIPTOR_USER32 0000000180004334     user32:USER32.dll
 0001:00003348       __IMPORT_DESCRIPTOR_GDI32  0000000180004348     gdi32:GDI32.dll
 0001:0000335c       __IMPORT_DESCRIPTOR_ole32  000000018000435c     ole32:ole32.dll
 0001:00003370       __NULL_IMPORT_DESCRIPTOR   0000000180004370     kernel32:KERNEL32.dll
 0002:00000000       ?g_TerminatedThreadIdx@@3JA 0000000180005000     WThreads.obj
 0002:00000010       ?ghModule@@3PEAUHINSTANCE__@@EA 0000000180005010     gdip.obj
 0002:00000080       ?gnLastWin32Error@@3KA     0000000180005080     gdip.obj
 0002:00000088       ?AssertMsgBox@@3P6AHPEB_WI0PEAUHWND__@@_N@ZEA 0000000180005088     MAssert.obj
 0002:00000090       ?ghHeap@@3PEAXEA           0000000180005090     Memory.obj
 0002:000088a0       ?g_ThreadsIdx@@3JA         000000018000d8a0     WThreads.obj

 entry point at        0000:00000000

 Static symbols

