 gdi+

 Timestamp is 564922f4 (Mon Nov 16 03:27:32 2015)

 Preferred load address is 10000000

 Start         Length     Name                   Class
 0001:00000000 000000c8H .idata$5                CODE
 0001:000000d0 00000888H .rdata                  CODE
 0001:00000958 00000062H .rdata$debug            CODE
 0001:000009c0 00001d76H .text                   CODE
 0001:00002738 00000050H .idata$2                CODE
 0001:00002788 00000014H .idata$3                CODE
 0001:0000279c 000000c8H .idata$4                CODE
 0001:00002864 000002feH .idata$6                CODE
 0001:00002b70 00000092H .edata                  CODE
 0002:00000000 00000010H .data                   DATA
 0002:00000010 0000784cH .bss                    DATA
 0003:00000000 00000058H .rsrc$01                DATA
 0003:00000060 000002b8H .rsrc$02                DATA

  Address         Publics by Value              Rva+Base       Lib:Object

 0000:00000000       ___safe_se_handler_count   00000000     <absolute>
 0000:00000000       ___safe_se_handler_table   00000000     <absolute>
 0001:00000000       __imp__DeleteObject@4      10001000     gdi32:GDI32.dll
 0001:00000004       __imp__SelectObject@8      10001004     gdi32:GDI32.dll
 0001:00000008       __imp__CreateSolidBrush@4  10001008     gdi32:GDI32.dll
 0001:0000000c       __imp__CreateDIBSection@24 1000100c     gdi32:GDI32.dll
 0001:00000010       __imp__CreateCompatibleDC@4 10001010     gdi32:GDI32.dll
 0001:00000014       __imp__DeleteDC@4          10001014     gdi32:GDI32.dll
 0001:00000018       \177GDI32_NULL_THUNK_DATA  10001018     gdi32:GDI32.dll
 0001:0000001c       __imp__GetLastError@0      1000101c     kernel32:KERNEL32.dll
 0001:00000020       __imp__GetProcAddress@8    10001020     kernel32:KERNEL32.dll
 0001:00000024       __imp__LoadLibraryW@4      10001024     kernel32:KERNEL32.dll
 0001:00000028       __imp__CloseHandle@4       10001028     kernel32:KERNEL32.dll
 0001:0000002c       __imp__WaitForSingleObject@8 1000102c     kernel32:KERNEL32.dll
 0001:00000030       __imp__DeleteFileW@4       10001030     kernel32:KERNEL32.dll
 0001:00000034       __imp__lstrcatW@8          10001034     kernel32:KERNEL32.dll
 0001:00000038       __imp__lstrlenW@4          10001038     kernel32:KERNEL32.dll
 0001:0000003c       __imp__lstrcpyW@8          1000103c     kernel32:KERNEL32.dll
 0001:00000040       __imp__WriteFile@20        10001040     kernel32:KERNEL32.dll
 0001:00000044       __imp__CreateFileW@28      10001044     kernel32:KERNEL32.dll
 0001:00000048       __imp__GetTempFileNameW@16 10001048     kernel32:KERNEL32.dll
 0001:0000004c       __imp__GetTempPathW@8      1000104c     kernel32:KERNEL32.dll
 0001:00000050       __imp__FreeLibrary@4       10001050     kernel32:KERNEL32.dll
 0001:00000054       __imp__HeapCreate@12       10001054     kernel32:KERNEL32.dll
 0001:00000058       __imp__HeapDestroy@4       10001058     kernel32:KERNEL32.dll
 0001:0000005c       __imp__HeapValidate@12     1000105c     kernel32:KERNEL32.dll
 0001:00000060       __imp__lstrcpyA@8          10001060     kernel32:KERNEL32.dll
 0001:00000064       __imp__lstrlenA@4          10001064     kernel32:KERNEL32.dll
 0001:00000068       __imp__MultiByteToWideChar@24 10001068     kernel32:KERNEL32.dll
 0001:0000006c       __imp__lstrcpynA@12        1000106c     kernel32:KERNEL32.dll
 0001:00000070       __imp__GetTickCount@0      10001070     kernel32:KERNEL32.dll
 0001:00000074       __imp__GetCurrentThreadId@0 10001074     kernel32:KERNEL32.dll
 0001:00000078       __imp__SetLastError@4      10001078     kernel32:KERNEL32.dll
 0001:0000007c       __imp__ResumeThread@4      1000107c     kernel32:KERNEL32.dll
 0001:00000080       __imp__CreateThread@24     10001080     kernel32:KERNEL32.dll
 0001:00000084       __imp__TerminateThread@8   10001084     kernel32:KERNEL32.dll
 0001:00000088       __imp__GetLocalTime@4      10001088     kernel32:KERNEL32.dll
 0001:0000008c       __imp__SystemTimeToFileTime@8 1000108c     kernel32:KERNEL32.dll
 0001:00000090       __imp__HeapReAlloc@16      10001090     kernel32:KERNEL32.dll
 0001:00000094       __imp__HeapAlloc@12        10001094     kernel32:KERNEL32.dll
 0001:00000098       __imp__GetProcessHeap@0    10001098     kernel32:KERNEL32.dll
 0001:0000009c       __imp__lstrcpynW@12        1000109c     kernel32:KERNEL32.dll
 0001:000000a0       __imp__HeapFree@12         100010a0     kernel32:KERNEL32.dll
 0001:000000a4       \177KERNEL32_NULL_THUNK_DATA 100010a4     kernel32:KERNEL32.dll
 0001:000000a8       __imp__wsprintfA           100010a8     user32:USER32.dll
 0001:000000ac       __imp__CharLowerBuffW@8    100010ac     user32:USER32.dll
 0001:000000b0       __imp__wsprintfW           100010b0     user32:USER32.dll
 0001:000000b4       __imp__FillRect@12         100010b4     user32:USER32.dll
 0001:000000b8       \177USER32_NULL_THUNK_DATA 100010b8     user32:USER32.dll
 0001:000000bc       __imp__CoUninitialize@0    100010bc     ole32:ole32.dll
 0001:000000c0       __imp__CoInitialize@4      100010c0     ole32:ole32.dll
 0001:000000c4       \177ole32_NULL_THUNK_DATA  100010c4     ole32:ole32.dll
 0001:000000ec       _FrameDimensionTime        100010ec     gdip.obj
 0001:000000fc       _FrameDimensionPage        100010fc     gdip.obj
 0001:0000010c       ??_7MStream@@6B@           1000110c     gdip.obj
 0001:00000144       ??_C@_0BH@MHAPNLKM@GdipDrawImageRectRectI?$AA@ 10001144     gdip.obj
 0001:0000015c       ??_C@_0BD@MFGJCODH@GdipDeleteGraphics?$AA@ 1000115c     gdip.obj
 0001:00000170       ??_C@_0BC@PACDIGJN@GdipCreateFromHDC?$AA@ 10001170     gdip.obj
 0001:00000184       ??_C@_0BG@BONHLFMI@GdipGetImageRawFormat?$AA@ 10001184     gdip.obj
 0001:0000019c       ??_C@_0BE@HNMMICFD@GdipImageRotateFlip?$AA@ 1000119c     gdip.obj
 0001:000001b0       ??_C@_0BE@JLBHAGMH@GdipGetPropertyItem?$AA@ 100011b0     gdip.obj
 0001:000001c4       ??_C@_0BI@PFDIBLKB@GdipGetPropertyItemSize?$AA@ 100011c4     gdip.obj
 0001:000001dc       ??_C@_0BL@FLMDGKNM@GdipImageSelectActiveFrame?$AA@ 100011dc     gdip.obj
 0001:000001f8       ??_C@_0BH@PCHOHMFI@GdipImageGetFrameCount?$AA@ 100011f8     gdip.obj
 0001:00000210       ??_C@_0BB@MGCHKKMH@GdipDisposeImage?$AA@ 10001210     gdip.obj
 0001:00000224       ??_C@_0BI@DDNLFBKI@GdipGetImagePixelFormat?$AA@ 10001224     gdip.obj
 0001:0000023c       ??_C@_0BD@JIGBIPOH@GdipGetImageHeight?$AA@ 1000123c     gdip.obj
 0001:00000250       ??_C@_0BC@DPLNHGNM@GdipGetImageWidth?$AA@ 10001250     gdip.obj
 0001:00000264       ??_C@_0BG@OPKFAGML@GdipGetImageThumbnail?$AA@ 10001264     gdip.obj
 0001:0000027c       ??_C@_0BJ@IPKMAACN@GdipCreateBitmapFromFile?$AA@ 1000127c     gdip.obj
 0001:00000298       ??_C@_0BA@OMKIAPCJ@GdiplusShutdown?$AA@ 10001298     gdip.obj
 0001:000002a8       ??_C@_0P@NIGHOHPH@GdiplusStartup?$AA@ 100012a8     gdip.obj
 0001:000002b8       ??_C@_1BI@LOJECBFD@?$AAG?$AAd?$AAi?$AAP?$AAl?$AAu?$AAs?$AA?4?$AAd?$AAl?$AAl?$AA?$AA@ 100012b8     gdip.obj
 0001:000002d0       ??_C@_08EMPFHFKE@gdip?4cpp?$AA@ 100012d0     gdip.obj
 0001:000002dc       ??_C@_0BF@OBPAMLNN@gdip?3?3FreeThreadProc?$AA@ 100012dc     gdip.obj
 0001:000002f4       ??_C@_13HOIJIPNN@?$AA?5?$AA?$AA@ 100012f4     gdip.obj
 0001:000002f8       ??_C@_1M@HKOFHKAI@?$AA?5?$AA?$FL?$AA?$CF?$AAi?$AA?$FN?$AA?$AA@ 100012f8     gdip.obj
 0001:00000304       ??_C@_1CA@KKEPPKFF@?$AA?$CF?$AAi?$AA?5?$AAx?$AA?5?$AA?$CF?$AAi?$AA?5?$AAx?$AA?5?$AA?$CF?$AAi?$AAb?$AAp?$AAp?$AA?$AA@ 10001304     gdip.obj
 0001:00000324       ??_C@_17OGLEMJPJ@?$AAI?$AAC?$AAO?$AA?$AA@ 10001324     gdip.obj
 0001:0000032c       ??_C@_19HEANOPFL@?$AAE?$AAX?$AAI?$AAF?$AA?$AA@ 1000132c     gdip.obj
 0001:00000338       ??_C@_19PNCGIGON@?$AAT?$AAI?$AAF?$AAF?$AA?$AA@ 10001338     gdip.obj
 0001:00000344       ??_C@_17CPKNLHCH@?$AAG?$AAI?$AAF?$AA?$AA@ 10001344     gdip.obj
 0001:0000034c       ??_C@_19JJJNAIHN@?$AAJ?$AAP?$AAE?$AAG?$AA?$AA@ 1000134c     gdip.obj
 0001:00000358       ??_C@_17PMGKNIMI@?$AAP?$AAN?$AAG?$AA?$AA@ 10001358     gdip.obj
 0001:00000360       ??_C@_17MIIHMEBK@?$AAW?$AAM?$AAF?$AA?$AA@ 10001360     gdip.obj
 0001:00000368       ??_C@_17PGBJPCEM@?$AAE?$AAM?$AAF?$AA?$AA@ 10001368     gdip.obj
 0001:00000370       ??_C@_17IJKOPDBG@?$AAB?$AAM?$AAP?$AA?$AA@ 10001370     gdip.obj
 0001:00000378       ??_C@_17CGDFOGLC@?$AAC?$AAE?$AAT?$AA?$AA@ 10001378     gdip.obj
 0001:00000380       ??_C@_05LCABBMOG@?$CFs?3?$CFi?$AA@ 10001380     WThreads.obj
 0001:00000388       _IID_IUnknown              10001388     uuid:unknwn_i.obj
 0001:00000398       _IID_AsyncIUnknown         10001398     uuid:unknwn_i.obj
 0001:000003a8       _IID_IClassFactory         100013a8     uuid:unknwn_i.obj
 0001:000003b8       _IID_IMarshal              100013b8     uuid:objidl_i.obj
 0001:000003c8       _IID_IMarshal2             100013c8     uuid:objidl_i.obj
 0001:000003d8       _IID_IMalloc               100013d8     uuid:objidl_i.obj
 0001:000003e8       _IID_IMallocSpy            100013e8     uuid:objidl_i.obj
 0001:000003f8       _IID_IStdMarshalInfo       100013f8     uuid:objidl_i.obj
 0001:00000408       _IID_IExternalConnection   10001408     uuid:objidl_i.obj
 0001:00000418       _IID_IMultiQI              10001418     uuid:objidl_i.obj
 0001:00000428       _IID_AsyncIMultiQI         10001428     uuid:objidl_i.obj
 0001:00000438       _IID_IInternalUnknown      10001438     uuid:objidl_i.obj
 0001:00000448       _IID_IEnumUnknown          10001448     uuid:objidl_i.obj
 0001:00000458       _IID_IBindCtx              10001458     uuid:objidl_i.obj
 0001:00000468       _IID_IEnumMoniker          10001468     uuid:objidl_i.obj
 0001:00000478       _IID_IRunnableObject       10001478     uuid:objidl_i.obj
 0001:00000488       _IID_IRunningObjectTable   10001488     uuid:objidl_i.obj
 0001:00000498       _IID_IPersist              10001498     uuid:objidl_i.obj
 0001:000004a8       _IID_IPersistStream        100014a8     uuid:objidl_i.obj
 0001:000004b8       _IID_IMoniker              100014b8     uuid:objidl_i.obj
 0001:000004c8       _IID_IROTData              100014c8     uuid:objidl_i.obj
 0001:000004d8       _IID_IEnumString           100014d8     uuid:objidl_i.obj
 0001:000004e8       _IID_ISequentialStream     100014e8     uuid:objidl_i.obj
 0001:000004f8       _IID_IStream               100014f8     uuid:objidl_i.obj
 0001:00000508       _IID_IEnumSTATSTG          10001508     uuid:objidl_i.obj
 0001:00000518       _IID_IStorage              10001518     uuid:objidl_i.obj
 0001:00000528       _IID_IPersistFile          10001528     uuid:objidl_i.obj
 0001:00000538       _IID_IPersistStorage       10001538     uuid:objidl_i.obj
 0001:00000548       _IID_ILockBytes            10001548     uuid:objidl_i.obj
 0001:00000558       _IID_IEnumFORMATETC        10001558     uuid:objidl_i.obj
 0001:00000568       _IID_IEnumSTATDATA         10001568     uuid:objidl_i.obj
 0001:00000578       _IID_IRootStorage          10001578     uuid:objidl_i.obj
 0001:00000588       _IID_IAdviseSink           10001588     uuid:objidl_i.obj
 0001:00000598       _IID_AsyncIAdviseSink      10001598     uuid:objidl_i.obj
 0001:000005a8       _IID_IAdviseSink2          100015a8     uuid:objidl_i.obj
 0001:000005b8       _IID_AsyncIAdviseSink2     100015b8     uuid:objidl_i.obj
 0001:000005c8       _IID_IDataObject           100015c8     uuid:objidl_i.obj
 0001:000005d8       _IID_IDataAdviseHolder     100015d8     uuid:objidl_i.obj
 0001:000005e8       _IID_IMessageFilter        100015e8     uuid:objidl_i.obj
 0001:000005f8       _IID_IRpcChannelBuffer     100015f8     uuid:objidl_i.obj
 0001:00000608       _IID_IRpcChannelBuffer2    10001608     uuid:objidl_i.obj
 0001:00000618       _IID_IAsyncRpcChannelBuffer 10001618     uuid:objidl_i.obj
 0001:00000628       _IID_IRpcChannelBuffer3    10001628     uuid:objidl_i.obj
 0001:00000638       _IID_IRpcSyntaxNegotiate   10001638     uuid:objidl_i.obj
 0001:00000648       _IID_IRpcProxyBuffer       10001648     uuid:objidl_i.obj
 0001:00000658       _IID_IRpcStubBuffer        10001658     uuid:objidl_i.obj
 0001:00000668       _IID_IPSFactoryBuffer      10001668     uuid:objidl_i.obj
 0001:00000678       _IID_IChannelHook          10001678     uuid:objidl_i.obj
 0001:00000688       _IID_IClientSecurity       10001688     uuid:objidl_i.obj
 0001:00000698       _IID_IServerSecurity       10001698     uuid:objidl_i.obj
 0001:000006a8       _IID_IClassActivator       100016a8     uuid:objidl_i.obj
 0001:000006b8       _IID_IRpcOptions           100016b8     uuid:objidl_i.obj
 0001:000006c8       _IID_IGlobalOptions        100016c8     uuid:objidl_i.obj
 0001:000006d8       _IID_IFillLockBytes        100016d8     uuid:objidl_i.obj
 0001:000006e8       _IID_IProgressNotify       100016e8     uuid:objidl_i.obj
 0001:000006f8       _IID_ILayoutStorage        100016f8     uuid:objidl_i.obj
 0001:00000708       _IID_IBlockingLock         10001708     uuid:objidl_i.obj
 0001:00000718       _IID_ITimeAndNoticeControl 10001718     uuid:objidl_i.obj
 0001:00000728       _IID_IOplockStorage        10001728     uuid:objidl_i.obj
 0001:00000738       _IID_ISurrogate            10001738     uuid:objidl_i.obj
 0001:00000748       _IID_IGlobalInterfaceTable 10001748     uuid:objidl_i.obj
 0001:00000758       _IID_IDirectWriterLock     10001758     uuid:objidl_i.obj
 0001:00000768       _IID_ISynchronize          10001768     uuid:objidl_i.obj
 0001:00000778       _IID_ISynchronizeHandle    10001778     uuid:objidl_i.obj
 0001:00000788       _IID_ISynchronizeEvent     10001788     uuid:objidl_i.obj
 0001:00000798       _IID_ISynchronizeContainer 10001798     uuid:objidl_i.obj
 0001:000007a8       _IID_ISynchronizeMutex     100017a8     uuid:objidl_i.obj
 0001:000007b8       _IID_ICancelMethodCalls    100017b8     uuid:objidl_i.obj
 0001:000007c8       _IID_IAsyncManager         100017c8     uuid:objidl_i.obj
 0001:000007d8       _IID_ICallFactory          100017d8     uuid:objidl_i.obj
 0001:000007e8       _IID_IRpcHelper            100017e8     uuid:objidl_i.obj
 0001:000007f8       _IID_IReleaseMarshalBuffers 100017f8     uuid:objidl_i.obj
 0001:00000808       _IID_IWaitMultiple         10001808     uuid:objidl_i.obj
 0001:00000818       _IID_IUrlMon               10001818     uuid:objidl_i.obj
 0001:00000828       _IID_IForegroundTransfer   10001828     uuid:objidl_i.obj
 0001:00000838       _IID_IAddrTrackingControl  10001838     uuid:objidl_i.obj
 0001:00000848       _IID_IAddrExclusionControl 10001848     uuid:objidl_i.obj
 0001:00000858       _IID_IPipeByte             10001858     uuid:objidl_i.obj
 0001:00000868       _IID_AsyncIPipeByte        10001868     uuid:objidl_i.obj
 0001:00000878       _IID_IPipeLong             10001878     uuid:objidl_i.obj
 0001:00000888       _IID_AsyncIPipeLong        10001888     uuid:objidl_i.obj
 0001:00000898       _IID_IPipeDouble           10001898     uuid:objidl_i.obj
 0001:000008a8       _IID_AsyncIPipeDouble      100018a8     uuid:objidl_i.obj
 0001:000008b8       _IID_IThumbnailExtractor   100018b8     uuid:objidl_i.obj
 0001:000008c8       _IID_IDummyHICONIncluder   100018c8     uuid:objidl_i.obj
 0001:000008d8       _IID_IEnumContextProps     100018d8     uuid:objidl_i.obj
 0001:000008e8       _IID_IContext              100018e8     uuid:objidl_i.obj
 0001:000008f8       _IID_IObjContext           100018f8     uuid:objidl_i.obj
 0001:00000908       _IID_IProcessLock          10001908     uuid:objidl_i.obj
 0001:00000918       _IID_ISurrogateService     10001918     uuid:objidl_i.obj
 0001:00000928       _IID_IComThreadingInfo     10001928     uuid:objidl_i.obj
 0001:00000938       _IID_IProcessInitControl   10001938     uuid:objidl_i.obj
 0001:00000948       _IID_IInitializeSpy        10001948     uuid:objidl_i.obj
 0001:000009c0       ??0GdiplusStartupInput@Gdiplus@@QAE@P6GXW4DebugEventLevel@1@PAD@ZHH@Z 100019c0 f i gdip.obj
 0001:000009e0       ??_H@YGXPAXIHP6EPAX0@Z@Z   100019e0 f i gdip.obj
 0001:000009fe       ??1MStream@@QAE@XZ         100019fe f i gdip.obj
 0001:00000a34       @IsEqualGUID@8             10001a34 f i gdip.obj
 0001:00000a47       @==@8                      10001a47 f i gdip.obj
 0001:00000a5a       ?QueryInterface@MStream@@UAGJABU_GUID@@PAPAX@Z 10001a5a f i gdip.obj
 0001:00000aaf       ?AddRef@MStream@@UAGKXZ    10001aaf f i gdip.obj
 0001:00000ac0       ?Read@MStream@@UAGJPAXKPAK@Z 10001ac0 f i gdip.obj
 0001:00000b22       ?Write@MStream@@UAGJPBXKPAK@Z 10001b22 f i gdip.obj
 0001:00000bb5       ?Seek@MStream@@UAGJT_LARGE_INTEGER@@KPAT_ULARGE_INTEGER@@@Z 10001bb5 f i gdip.obj
 0001:00000c38       ?SetSize@MStream@@UAGJT_ULARGE_INTEGER@@@Z 10001c38 f i gdip.obj
 0001:00000cb7       ?CopyTo@MStream@@UAGJPAUIStream@@T_ULARGE_INTEGER@@PAT3@2@Z 10001cb7 f i gdip.obj
 0001:00000cbf       ?Commit@MStream@@UAGJK@Z   10001cbf f i gdip.obj
 0001:00000cce       ?Revert@MStream@@UAGJXZ    10001cce f i gdip.obj
 0001:00000cd6       ?LockRegion@MStream@@UAGJT_ULARGE_INTEGER@@0K@Z 10001cd6 f i gdip.obj
 0001:00000cde       ?UnlockRegion@MStream@@UAGJT_ULARGE_INTEGER@@0K@Z 10001cde f i gdip.obj
 0001:00000ce6       ?Stat@MStream@@UAGJPAUtagSTATSTG@@K@Z 10001ce6 f i gdip.obj
 0001:00000d4a       ?Clone@MStream@@UAGJPAPAUIStream@@@Z 10001d4a f i gdip.obj
 0001:00000d52       ??_GMStream@@QAEPAXI@Z     10001d52 f i gdip.obj
 0001:00000d6e       ?Init@GDIPlusDecoder@@QAE_NPAUCET_Init@@@Z 10001d6e f i gdip.obj
 0001:00000f7a       ?FreeThreadProc@GDIPlusDecoder@@SGKPAX@Z 10001f7a f i gdip.obj
 0001:00000f95       ?Close@GDIPlusDecoder@@QAEXXZ 10001f95 f i gdip.obj
 0001:00001033       ?Close@GDIPlusData@@QAEXXZ 10002033 f i gdip.obj
 0001:00001070       ?OpenBitmapFromFile@GDIPlusImage@@QAEPAVGpImage@Gdiplus@@PB_WU_COORD@@@Z 10002070 f i gdip.obj
 0001:000010b5       ?SelectPage@GDIPlusImage@@QAE_NI@Z 100020b5 f i gdip.obj
 0001:00001150       ?Close@GDIPlusImage@@QAEXXZ 10002150 f i gdip.obj
 0001:000011b3       ?DrawImageAbortCallback@GDIPlusImage@@SGHPAUGDIPlusDecoder@@@Z 100021b3 f i gdip.obj
 0001:000011c5       ?GetExifTagValueAsInt@GDIPlusImage@@QAE_NKAAH@Z 100021c5 f i gdip.obj
 0001:00001268       ?CalculateShowSize@GDIPlusImage@@QAEXAAH0000@Z 10002268 f i gdip.obj
 0001:0000147b       ?GetPageBits@GDIPlusImage@@QAE_NPAUCET_LoadInfo@@@Z 1000247b f i gdip.obj
 0001:00001852       ?CET_Init@@YGHPAU0@@Z      10002852 f   gdip.obj
 0001:000018c0       ?CET_Done@@YGXPAUCET_Init@@@Z 100028c0 f   gdip.obj
 0001:000018e4       ?CET_Free@@YGXPAUCET_LoadInfo@@@Z 100028e4 f   gdip.obj
 0001:0000193b       ?CET_Cancel@@YGXPAX@Z      1000293b f   gdip.obj
 0001:00001955       ?Release@MStream@@UAGKXZ   10002955 f i gdip.obj
 0001:00001982       ?Open@GDIPlusImage@@QAE_N_NPB_WPBE_JU_COORD@@@Z 10002982 f i gdip.obj
 0001:00001c5f       ?CET_Load@@YGHPAUCET_LoadInfo@@@Z 10002c5f f   gdip.obj
 0001:00001e9b       ?HeapInitialize@@YI_NXZ    10002e9b f   Memory.obj
 0001:00001ec1       ?HeapDeinitialize@@YIXXZ   10002ec1 f   Memory.obj
 0001:00001ed9       ?xf_malloc@@YAPAXI@Z       10002ed9 f   Memory.obj
 0001:00001eec       ?xf_calloc@@YAPAXII@Z      10002eec f   Memory.obj
 0001:00001f05       ?xf_realloc@@YAPAXPAXI@Z   10002f05 f   Memory.obj
 0001:00001f2a       ?xf_free@@YAXPAX@Z         10002f2a f   Memory.obj
 0001:00001f48       ?xf_validate@@YA_NPAX@Z    10002f48 f   Memory.obj
 0001:00001f61       ??2@YAPAXI@Z               10002f61 f   Memory.obj
 0001:00001f66       ??_U@YAPAXI@Z              10002f66 f   Memory.obj
 0001:00001f6b       ??3@YAXPAX@Z               10002f6b f   Memory.obj
 0001:00001f70       ??_V@YAXPAX@Z              10002f70 f   Memory.obj
 0001:00001f75       ?lstrdup@@YIPADPBD@Z       10002f75 f   Memory.obj
 0001:00001fae       ?lstrdup@@YIPA_WPB_WI@Z    10002fae f   Memory.obj
 0001:00001fee       ?lstrdupW@@YIPA_WPBDI@Z    10002fee f   Memory.obj
 0001:00002036       ?lstrmerge@@YIPA_WPB_W0000@Z 10003036 f   Memory.obj
 0001:000020c9       ?lstrmerge@@YI_NPAPA_WPB_W111@Z 100030c9 f   Memory.obj
 0001:00002100       ??0ConEmuThreadStartArg@@QAE@P6GKPAX@Z0K@Z 10003100 f i WThreads.obj
 0001:00002121       ?apiThreadHelper@@YGKPAX@Z 10003121 f   WThreads.obj
 0001:0000226f       ?apiCreateThread@@YIPAXP6GKPAX@Z0PAKPBDH@Z 1000326f f   WThreads.obj
 0001:0000235e       ?apiTerminateThreadEx@@YIHPAXKPBDH@Z 1000335e f   WThreads.obj
 0001:00002420       _memmove                   10003420 f   libCRT:memmove.obj
 0001:00002480       __alldiv                   10003480 f   libCRT:vc_lldiv.obj
 0001:00002530       __allmul                   10003530 f   libCRT:vc_llmul.obj
 0001:00002570       _wcsrchr                   10003570 f   libCRT:strrchr.obj
 0001:000025a0       _memset                    100035a0 f   libCRT:memset.obj
 0001:000025e0       _strchr                    100035e0 f   libCRT:strchr.obj
 0001:00002600       _strrchr                   10003600 f   libCRT:strrchr.obj
 0001:00002622       _HeapFree@12               10003622 f   kernel32:KERNEL32.dll
 0001:00002628       _GetProcessHeap@0          10003628 f   kernel32:KERNEL32.dll
 0001:0000262e       _HeapAlloc@12              1000362e f   kernel32:KERNEL32.dll
 0001:00002634       _HeapReAlloc@16            10003634 f   kernel32:KERNEL32.dll
 0001:0000263a       _SystemTimeToFileTime@8    1000363a f   kernel32:KERNEL32.dll
 0001:00002640       _GetLocalTime@4            10003640 f   kernel32:KERNEL32.dll
 0001:00002646       _FreeLibrary@4             10003646 f   kernel32:KERNEL32.dll
 0001:0000264c       _GetLastError@0            1000364c f   kernel32:KERNEL32.dll
 0001:00002652       _GetProcAddress@8          10003652 f   kernel32:KERNEL32.dll
 0001:00002658       _LoadLibraryW@4            10003658 f   kernel32:KERNEL32.dll
 0001:0000265e       _CloseHandle@4             1000365e f   kernel32:KERNEL32.dll
 0001:00002664       _WaitForSingleObject@8     10003664 f   kernel32:KERNEL32.dll
 0001:0000266a       _DeleteFileW@4             1000366a f   kernel32:KERNEL32.dll
 0001:00002670       _lstrcatW@8                10003670 f   kernel32:KERNEL32.dll
 0001:00002676       _lstrlenW@4                10003676 f   kernel32:KERNEL32.dll
 0001:0000267c       _lstrcpyW@8                1000367c f   kernel32:KERNEL32.dll
 0001:00002682       _WriteFile@20              10003682 f   kernel32:KERNEL32.dll
 0001:00002688       _CreateFileW@28            10003688 f   kernel32:KERNEL32.dll
 0001:0000268e       _GetTempFileNameW@16       1000368e f   kernel32:KERNEL32.dll
 0001:00002694       _GetTempPathW@8            10003694 f   kernel32:KERNEL32.dll
 0001:0000269a       _lstrcpynW@12              1000369a f   kernel32:KERNEL32.dll
 0001:000026a0       _HeapCreate@12             100036a0 f   kernel32:KERNEL32.dll
 0001:000026a6       _HeapDestroy@4             100036a6 f   kernel32:KERNEL32.dll
 0001:000026ac       _HeapValidate@12           100036ac f   kernel32:KERNEL32.dll
 0001:000026b2       _lstrcpyA@8                100036b2 f   kernel32:KERNEL32.dll
 0001:000026b8       _lstrlenA@4                100036b8 f   kernel32:KERNEL32.dll
 0001:000026be       _MultiByteToWideChar@24    100036be f   kernel32:KERNEL32.dll
 0001:000026c4       _lstrcpynA@12              100036c4 f   kernel32:KERNEL32.dll
 0001:000026ca       _GetTickCount@0            100036ca f   kernel32:KERNEL32.dll
 0001:000026d0       _GetCurrentThreadId@0      100036d0 f   kernel32:KERNEL32.dll
 0001:000026d6       _SetLastError@4            100036d6 f   kernel32:KERNEL32.dll
 0001:000026dc       _ResumeThread@4            100036dc f   kernel32:KERNEL32.dll
 0001:000026e2       _CreateThread@24           100036e2 f   kernel32:KERNEL32.dll
 0001:000026e8       _TerminateThread@8         100036e8 f   kernel32:KERNEL32.dll
 0001:000026ee       _FillRect@12               100036ee f   user32:USER32.dll
 0001:000026f4       _wsprintfW                 100036f4 f   user32:USER32.dll
 0001:000026fa       _CharLowerBuffW@8          100036fa f   user32:USER32.dll
 0001:00002700       _wsprintfA                 10003700 f   user32:USER32.dll
 0001:00002706       _DeleteDC@4                10003706 f   gdi32:GDI32.dll
 0001:0000270c       _DeleteObject@4            1000370c f   gdi32:GDI32.dll
 0001:00002712       _SelectObject@8            10003712 f   gdi32:GDI32.dll
 0001:00002718       _CreateSolidBrush@4        10003718 f   gdi32:GDI32.dll
 0001:0000271e       _CreateDIBSection@24       1000371e f   gdi32:GDI32.dll
 0001:00002724       _CreateCompatibleDC@4      10003724 f   gdi32:GDI32.dll
 0001:0000272a       _CoInitialize@4            1000372a f   ole32:ole32.dll
 0001:00002730       _CoUninitialize@0          10003730 f   ole32:ole32.dll
 0001:00002738       __IMPORT_DESCRIPTOR_KERNEL32 10003738     kernel32:KERNEL32.dll
 0001:0000274c       __IMPORT_DESCRIPTOR_USER32 1000374c     user32:USER32.dll
 0001:00002760       __IMPORT_DESCRIPTOR_GDI32  10003760     gdi32:GDI32.dll
 0001:00002774       __IMPORT_DESCRIPTOR_ole32  10003774     ole32:ole32.dll
 0001:00002788       __NULL_IMPORT_DESCRIPTOR   10003788     kernel32:KERNEL32.dll
 0002:00000000       ?g_TerminatedThreadIdx@@3JA 10004000     WThreads.obj
 0002:00000010       ?ghModule@@3PAUHINSTANCE__@@A 10004010     gdip.obj
 0002:00000048       ?gnLastWin32Error@@3KA     10004048     gdip.obj
 0002:0000004c       ?AssertMsgBox@@3P6IHPB_WI0PAUHWND__@@_N@ZA 1000404c     MAssert.obj
 0002:00000050       ?ghHeap@@3PAXA             10004050     Memory.obj
 0002:00007858       ?g_ThreadsIdx@@3JA         1000b858     WThreads.obj

 entry point at        0000:00000000

 Static symbols

