 ico

 Timestamp is 564923de (Mon Nov 16 03:31:26 2015)

 Preferred load address is 0000000180000000

 Start         Length     Name                   Class
 0001:00000000 00000148H .idata$5                CODE
 0001:00000150 00000708H .rdata                  CODE
 0001:00000858 00000060H .rdata$debug            CODE
 0001:000008c0 000026eaH .text                   CODE
 0001:00002fac 00000318H .xdata                  CODE
 0001:000032c4 00000050H .idata$2                CODE
 0001:00003314 00000014H .idata$3                CODE
 0001:00003328 00000148H .idata$4                CODE
 0001:00003470 000002a8H .idata$6                CODE
 0001:00003720 00000091H .edata                  CODE
 0002:00000000 00000004H .data                   DATA
 0002:00000010 00008894H .bss                    DATA
 0003:00000000 00000270H .pdata                  DATA
 0004:00000000 00000058H .rsrc$01                DATA
 0004:00000060 000002a0H .rsrc$02                DATA

  Address         Publics by Value              Rva+Base               Lib:Object

 0000:00000000       ___safe_se_handler_table   0000000000000000     <absolute>
 0000:00000000       ___safe_se_handler_count   0000000000000000     <absolute>
 0000:00000000       __ImageBase                0000000180000000     <linker-defined>
 0001:00000000       __imp_HeapFree             0000000180001000     kernel32:KERNEL32.dll
 0001:00000008       __imp_GetProcessHeap       0000000180001008     kernel32:KERNEL32.dll
 0001:00000010       __imp_HeapAlloc            0000000180001010     kernel32:KERNEL32.dll
 0001:00000018       __imp_HeapReAlloc          0000000180001018     kernel32:KERNEL32.dll
 0001:00000020       __imp_SystemTimeToFileTime 0000000180001020     kernel32:KERNEL32.dll
 0001:00000028       __imp_GetLocalTime         0000000180001028     kernel32:KERNEL32.dll
 0001:00000030       __imp_HeapCreate           0000000180001030     kernel32:KERNEL32.dll
 0001:00000038       __imp_HeapDestroy          0000000180001038     kernel32:KERNEL32.dll
 0001:00000040       __imp_HeapValidate         0000000180001040     kernel32:KERNEL32.dll
 0001:00000048       __imp_lstrcpyA             0000000180001048     kernel32:KERNEL32.dll
 0001:00000050       __imp_lstrlenA             0000000180001050     kernel32:KERNEL32.dll
 0001:00000058       __imp_lstrcpyW             0000000180001058     kernel32:KERNEL32.dll
 0001:00000060       __imp_lstrlenW             0000000180001060     kernel32:KERNEL32.dll
 0001:00000068       __imp_MultiByteToWideChar  0000000180001068     kernel32:KERNEL32.dll
 0001:00000070       __imp_lstrcpynA            0000000180001070     kernel32:KERNEL32.dll
 0001:00000078       __imp_GetTickCount         0000000180001078     kernel32:KERNEL32.dll
 0001:00000080       __imp_GetCurrentThreadId   0000000180001080     kernel32:KERNEL32.dll
 0001:00000088       __imp_SetLastError         0000000180001088     kernel32:KERNEL32.dll
 0001:00000090       __imp_ResumeThread         0000000180001090     kernel32:KERNEL32.dll
 0001:00000098       __imp_GetLastError         0000000180001098     kernel32:KERNEL32.dll
 0001:000000a0       __imp_CreateThread         00000001800010a0     kernel32:KERNEL32.dll
 0001:000000a8       __imp_TerminateThread      00000001800010a8     kernel32:KERNEL32.dll
 0001:000000b0       \177KERNEL32_NULL_THUNK_DATA 00000001800010b0     kernel32:KERNEL32.dll
 0001:000000b8       __imp_wsprintfA            00000001800010b8     user32:USER32.dll
 0001:000000c0       __imp_wsprintfW            00000001800010c0     user32:USER32.dll
 0001:000000c8       \177USER32_NULL_THUNK_DATA 00000001800010c8     user32:USER32.dll
 0001:000000d0       __imp_GdipCloneImage       00000001800010d0     gdiplus:gdiplus.dll
 0001:000000d8       __imp_GdiplusStartup       00000001800010d8     gdiplus:gdiplus.dll
 0001:000000e0       __imp_GdiplusShutdown      00000001800010e0     gdiplus:gdiplus.dll
 0001:000000e8       __imp_GdipAlloc            00000001800010e8     gdiplus:gdiplus.dll
 0001:000000f0       __imp_GdipFree             00000001800010f0     gdiplus:gdiplus.dll
 0001:000000f8       __imp_GdipDisposeImage     00000001800010f8     gdiplus:gdiplus.dll
 0001:00000100       __imp_GdipGetImagePixelFormat 0000000180001100     gdiplus:gdiplus.dll
 0001:00000108       __imp_GdipCreateBitmapFromStream 0000000180001108     gdiplus:gdiplus.dll
 0001:00000110       __imp_GdipCreateBitmapFromStreamICM 0000000180001110     gdiplus:gdiplus.dll
 0001:00000118       __imp_GdipBitmapLockBits   0000000180001118     gdiplus:gdiplus.dll
 0001:00000120       __imp_GdipBitmapUnlockBits 0000000180001120     gdiplus:gdiplus.dll
 0001:00000128       \177gdiplus_NULL_THUNK_DATA 0000000180001128     gdiplus:gdiplus.dll
 0001:00000130       __imp_CoInitialize         0000000180001130     ole32:ole32.dll
 0001:00000138       __imp_CoUninitialize       0000000180001138     ole32:ole32.dll
 0001:00000140       \177ole32_NULL_THUNK_DATA  0000000180001140     ole32:ole32.dll
 0001:00000170       ??_7Image@Gdiplus@@6B@     0000000180001170     ico.obj
 0001:00000180       ??_7Bitmap@Gdiplus@@6B@    0000000180001180     ico.obj
 0001:00000190       ??_7MStream@@6B@           0000000180001190     ico.obj
 0001:00000200       ??_C@_1BA@HKGHICED@?$AAI?$AAC?$AAO?$AA?4?$AAD?$AAI?$AAB?$AA?$AA@ 0000000180001200     ico.obj
 0001:00000210       ??_C@_1BA@KIENHNBI@?$AAI?$AAC?$AAO?$AA?4?$AAP?$AAN?$AAG?$AA?$AA@ 0000000180001210     ico.obj
 0001:00000220       ??_C@_1DE@JEFKLGFF@?$AA?$CF?$AAi?$AA?5?$AAx?$AA?5?$AA?$CF?$AAi?$AA?5?$AAx?$AA?5?$AA?$CF?$AAi?$AAb?$AAp?$AAp?$AA?5?$AA?$FL?$AA?$CF?$AAi?$AA?$FN?$AA?5?$AA?$CF?$AAs?$AA?$CF?$AAs?$AA?$AA@ 0000000180001220     ico.obj
 0001:00000258       ??_C@_1O@PALLNO@?$AA?5?$AA?$FL?$AAP?$AAN?$AAG?$AA?$FN?$AA?$AA@ 0000000180001258     ico.obj
 0001:00000268       ??_C@_17IILLPF@?$AAC?$AAU?$AAR?$AA?$AA@ 0000000180001268     ico.obj
 0001:00000270       ??_C@_11LOCGONAA@?$AA?$AA@ 0000000180001270     ico.obj
 0001:00000278       ??_C@_17OGLEMJPJ@?$AAI?$AAC?$AAO?$AA?$AA@ 0000000180001278     ico.obj
 0001:00000280       ??_C@_05LCABBMOG@?$CFs?3?$CFi?$AA@ 0000000180001280     WThreads.obj
 0001:00000288       IID_IUnknown               0000000180001288     uuid:unknwn_i.obj
 0001:00000298       IID_AsyncIUnknown          0000000180001298     uuid:unknwn_i.obj
 0001:000002a8       IID_IClassFactory          00000001800012a8     uuid:unknwn_i.obj
 0001:000002b8       IID_IMarshal               00000001800012b8     uuid:objidl_i.obj
 0001:000002c8       IID_IMarshal2              00000001800012c8     uuid:objidl_i.obj
 0001:000002d8       IID_IMalloc                00000001800012d8     uuid:objidl_i.obj
 0001:000002e8       IID_IMallocSpy             00000001800012e8     uuid:objidl_i.obj
 0001:000002f8       IID_IStdMarshalInfo        00000001800012f8     uuid:objidl_i.obj
 0001:00000308       IID_IExternalConnection    0000000180001308     uuid:objidl_i.obj
 0001:00000318       IID_IMultiQI               0000000180001318     uuid:objidl_i.obj
 0001:00000328       IID_AsyncIMultiQI          0000000180001328     uuid:objidl_i.obj
 0001:00000338       IID_IInternalUnknown       0000000180001338     uuid:objidl_i.obj
 0001:00000348       IID_IEnumUnknown           0000000180001348     uuid:objidl_i.obj
 0001:00000358       IID_IBindCtx               0000000180001358     uuid:objidl_i.obj
 0001:00000368       IID_IEnumMoniker           0000000180001368     uuid:objidl_i.obj
 0001:00000378       IID_IRunnableObject        0000000180001378     uuid:objidl_i.obj
 0001:00000388       IID_IRunningObjectTable    0000000180001388     uuid:objidl_i.obj
 0001:00000398       IID_IPersist               0000000180001398     uuid:objidl_i.obj
 0001:000003a8       IID_IPersistStream         00000001800013a8     uuid:objidl_i.obj
 0001:000003b8       IID_IMoniker               00000001800013b8     uuid:objidl_i.obj
 0001:000003c8       IID_IROTData               00000001800013c8     uuid:objidl_i.obj
 0001:000003d8       IID_IEnumString            00000001800013d8     uuid:objidl_i.obj
 0001:000003e8       IID_ISequentialStream      00000001800013e8     uuid:objidl_i.obj
 0001:000003f8       IID_IStream                00000001800013f8     uuid:objidl_i.obj
 0001:00000408       IID_IEnumSTATSTG           0000000180001408     uuid:objidl_i.obj
 0001:00000418       IID_IStorage               0000000180001418     uuid:objidl_i.obj
 0001:00000428       IID_IPersistFile           0000000180001428     uuid:objidl_i.obj
 0001:00000438       IID_IPersistStorage        0000000180001438     uuid:objidl_i.obj
 0001:00000448       IID_ILockBytes             0000000180001448     uuid:objidl_i.obj
 0001:00000458       IID_IEnumFORMATETC         0000000180001458     uuid:objidl_i.obj
 0001:00000468       IID_IEnumSTATDATA          0000000180001468     uuid:objidl_i.obj
 0001:00000478       IID_IRootStorage           0000000180001478     uuid:objidl_i.obj
 0001:00000488       IID_IAdviseSink            0000000180001488     uuid:objidl_i.obj
 0001:00000498       IID_AsyncIAdviseSink       0000000180001498     uuid:objidl_i.obj
 0001:000004a8       IID_IAdviseSink2           00000001800014a8     uuid:objidl_i.obj
 0001:000004b8       IID_AsyncIAdviseSink2      00000001800014b8     uuid:objidl_i.obj
 0001:000004c8       IID_IDataObject            00000001800014c8     uuid:objidl_i.obj
 0001:000004d8       IID_IDataAdviseHolder      00000001800014d8     uuid:objidl_i.obj
 0001:000004e8       IID_IMessageFilter         00000001800014e8     uuid:objidl_i.obj
 0001:000004f8       IID_IRpcChannelBuffer      00000001800014f8     uuid:objidl_i.obj
 0001:00000508       IID_IRpcChannelBuffer2     0000000180001508     uuid:objidl_i.obj
 0001:00000518       IID_IAsyncRpcChannelBuffer 0000000180001518     uuid:objidl_i.obj
 0001:00000528       IID_IRpcChannelBuffer3     0000000180001528     uuid:objidl_i.obj
 0001:00000538       IID_IRpcSyntaxNegotiate    0000000180001538     uuid:objidl_i.obj
 0001:00000548       IID_IRpcProxyBuffer        0000000180001548     uuid:objidl_i.obj
 0001:00000558       IID_IRpcStubBuffer         0000000180001558     uuid:objidl_i.obj
 0001:00000568       IID_IPSFactoryBuffer       0000000180001568     uuid:objidl_i.obj
 0001:00000578       IID_IChannelHook           0000000180001578     uuid:objidl_i.obj
 0001:00000588       IID_IClientSecurity        0000000180001588     uuid:objidl_i.obj
 0001:00000598       IID_IServerSecurity        0000000180001598     uuid:objidl_i.obj
 0001:000005a8       IID_IClassActivator        00000001800015a8     uuid:objidl_i.obj
 0001:000005b8       IID_IRpcOptions            00000001800015b8     uuid:objidl_i.obj
 0001:000005c8       IID_IGlobalOptions         00000001800015c8     uuid:objidl_i.obj
 0001:000005d8       IID_IFillLockBytes         00000001800015d8     uuid:objidl_i.obj
 0001:000005e8       IID_IProgressNotify        00000001800015e8     uuid:objidl_i.obj
 0001:000005f8       IID_ILayoutStorage         00000001800015f8     uuid:objidl_i.obj
 0001:00000608       IID_IBlockingLock          0000000180001608     uuid:objidl_i.obj
 0001:00000618       IID_ITimeAndNoticeControl  0000000180001618     uuid:objidl_i.obj
 0001:00000628       IID_IOplockStorage         0000000180001628     uuid:objidl_i.obj
 0001:00000638       IID_ISurrogate             0000000180001638     uuid:objidl_i.obj
 0001:00000648       IID_IGlobalInterfaceTable  0000000180001648     uuid:objidl_i.obj
 0001:00000658       IID_IDirectWriterLock      0000000180001658     uuid:objidl_i.obj
 0001:00000668       IID_ISynchronize           0000000180001668     uuid:objidl_i.obj
 0001:00000678       IID_ISynchronizeHandle     0000000180001678     uuid:objidl_i.obj
 0001:00000688       IID_ISynchronizeEvent      0000000180001688     uuid:objidl_i.obj
 0001:00000698       IID_ISynchronizeContainer  0000000180001698     uuid:objidl_i.obj
 0001:000006a8       IID_ISynchronizeMutex      00000001800016a8     uuid:objidl_i.obj
 0001:000006b8       IID_ICancelMethodCalls     00000001800016b8     uuid:objidl_i.obj
 0001:000006c8       IID_IAsyncManager          00000001800016c8     uuid:objidl_i.obj
 0001:000006d8       IID_ICallFactory           00000001800016d8     uuid:objidl_i.obj
 0001:000006e8       IID_IRpcHelper             00000001800016e8     uuid:objidl_i.obj
 0001:000006f8       IID_IReleaseMarshalBuffers 00000001800016f8     uuid:objidl_i.obj
 0001:00000708       IID_IWaitMultiple          0000000180001708     uuid:objidl_i.obj
 0001:00000718       IID_IUrlMon                0000000180001718     uuid:objidl_i.obj
 0001:00000728       IID_IForegroundTransfer    0000000180001728     uuid:objidl_i.obj
 0001:00000738       IID_IAddrTrackingControl   0000000180001738     uuid:objidl_i.obj
 0001:00000748       IID_IAddrExclusionControl  0000000180001748     uuid:objidl_i.obj
 0001:00000758       IID_IPipeByte              0000000180001758     uuid:objidl_i.obj
 0001:00000768       IID_AsyncIPipeByte         0000000180001768     uuid:objidl_i.obj
 0001:00000778       IID_IPipeLong              0000000180001778     uuid:objidl_i.obj
 0001:00000788       IID_AsyncIPipeLong         0000000180001788     uuid:objidl_i.obj
 0001:00000798       IID_IPipeDouble            0000000180001798     uuid:objidl_i.obj
 0001:000007a8       IID_AsyncIPipeDouble       00000001800017a8     uuid:objidl_i.obj
 0001:000007b8       IID_IThumbnailExtractor    00000001800017b8     uuid:objidl_i.obj
 0001:000007c8       IID_IDummyHICONIncluder    00000001800017c8     uuid:objidl_i.obj
 0001:000007d8       IID_IEnumContextProps      00000001800017d8     uuid:objidl_i.obj
 0001:000007e8       IID_IContext               00000001800017e8     uuid:objidl_i.obj
 0001:000007f8       IID_IObjContext            00000001800017f8     uuid:objidl_i.obj
 0001:00000808       IID_IProcessLock           0000000180001808     uuid:objidl_i.obj
 0001:00000818       IID_ISurrogateService      0000000180001818     uuid:objidl_i.obj
 0001:00000828       IID_IComThreadingInfo      0000000180001828     uuid:objidl_i.obj
 0001:00000838       IID_IProcessInitControl    0000000180001838     uuid:objidl_i.obj
 0001:00000848       IID_IInitializeSpy         0000000180001848     uuid:objidl_i.obj
 0001:000008c0       ??2GdiplusBase@Gdiplus@@SAPEAX_K@Z 00000001800018c0 f i ico.obj
 0001:000008c8       ??0Rect@Gdiplus@@QEAA@HHHH@Z 00000001800018c8 f i ico.obj
 0001:000008e0       ??0GdiplusStartupInput@Gdiplus@@QEAA@P6AXW4DebugEventLevel@1@PEAD@ZHH@Z 00000001800018e0 f i ico.obj
 0001:000008f8       ??0Image@Gdiplus@@IEAA@XZ  00000001800018f8 f i ico.obj
 0001:00000908       ??3GdiplusBase@Gdiplus@@SAXPEAX@Z 0000000180001908 f i ico.obj
 0001:00000910       ?SetStatus@Image@Gdiplus@@IEBA?AW4Status@2@W432@@Z 0000000180001910 f i ico.obj
 0001:00000920       ??1Image@Gdiplus@@UEAA@XZ  0000000180001920 f i ico.obj
 0001:00000934       ?GetPixelFormat@Image@Gdiplus@@QEAAHXZ 0000000180001934 f i ico.obj
 0001:0000095c       ?SetNativeImage@Image@Gdiplus@@IEAAXPEAVGpImage@2@@Z 000000018000195c f i ico.obj
 0001:00000964       ??0Bitmap@Gdiplus@@QEAA@PEAUIStream@@H@Z 0000000180001964 f i ico.obj
 0001:000009b0       ??1Bitmap@Gdiplus@@UEAA@XZ 00000001800019b0 f i ico.obj
 0001:000009c4       ?FromStream@Bitmap@Gdiplus@@SAPEAV12@PEAUIStream@@H@Z 00000001800019c4 f i ico.obj
 0001:00000a38       ?LockBits@Bitmap@Gdiplus@@QEAA?AW4Status@2@PEBVRect@2@IHPEAVBitmapData@2@@Z 0000000180001a38 f i ico.obj
 0001:00000a68       ?UnlockBits@Bitmap@Gdiplus@@QEAA?AW4Status@2@PEAVBitmapData@2@@Z 0000000180001a68 f i ico.obj
 0001:00000a8c       ??_H@YAXPEAX_KHP6APEAX0@Z@Z 0000000180001a8c f i ico.obj
 0001:00000ad0       ??1MStream@@QEAA@XZ        0000000180001ad0 f i ico.obj
 0001:00000b28       IsEqualGUID                0000000180001b28 f i ico.obj
 0001:00000b54       ==                         0000000180001b54 f i ico.obj
 0001:00000b80       ?SetData@MStream@@QEAAXPEBXK@Z 0000000180001b80 f i ico.obj
 0001:00000be8       ?QueryInterface@MStream@@UEAAJAEBU_GUID@@PEAPEAX@Z 0000000180001be8 f i ico.obj
 0001:00000c88       ?AddRef@MStream@@UEAAKXZ   0000000180001c88 f i ico.obj
 0001:00000c98       ?Read@MStream@@UEAAJPEAXKPEAK@Z 0000000180001c98 f i ico.obj
 0001:00000d20       ?Write@MStream@@UEAAJPEBXKPEAK@Z 0000000180001d20 f i ico.obj
 0001:00000de8       ?Seek@MStream@@UEAAJT_LARGE_INTEGER@@KPEAT_ULARGE_INTEGER@@@Z 0000000180001de8 f i ico.obj
 0001:00000e58       ?SetSize@MStream@@UEAAJT_ULARGE_INTEGER@@@Z 0000000180001e58 f i ico.obj
 0001:00000f0c       ?CopyTo@MStream@@UEAAJPEAUIStream@@T_ULARGE_INTEGER@@PEAT3@2@Z 0000000180001f0c f i ico.obj
 0001:00000f14       ?Commit@MStream@@UEAAJK@Z  0000000180001f14 f i ico.obj
 0001:00000f20       ?Revert@MStream@@UEAAJXZ   0000000180001f20 f i ico.obj
 0001:00000f28       ?LockRegion@MStream@@UEAAJT_ULARGE_INTEGER@@0K@Z 0000000180001f28 f i ico.obj
 0001:00000f30       ?UnlockRegion@MStream@@UEAAJT_ULARGE_INTEGER@@0K@Z 0000000180001f30 f i ico.obj
 0001:00000f38       ?Stat@MStream@@UEAAJPEAUtagSTATSTG@@K@Z 0000000180001f38 f i ico.obj
 0001:00000f98       ?Clone@MStream@@UEAAJPEAPEAUIStream@@@Z 0000000180001f98 f i ico.obj
 0001:00000fa0       ??_GMStream@@QEAAPEAXI@Z   0000000180001fa0 f i ico.obj
 0001:00001014       ??0IUnknown@@QEAA@XZ       0000000180002014 f i ico.obj
 0001:00001018       ?LoadPageInfo@@YAKPEAUICONCONTEXT@@HAEAI111PEAPEB_W@Z 0000000180002018 f   ico.obj
 0001:0000119c       ?Decode1BPP@@YAPEAEIIPEAUtagRGBQUAD@@PEAE1AEAK@Z 000000018000219c f   ico.obj
 0001:000012b0       ?Decode4BPP@@YAPEAEIIPEAUtagRGBQUAD@@PEAE1AEAK@Z 00000001800022b0 f   ico.obj
 0001:000013ec       ?Decode8BPP@@YAPEAEAEAIIPEAUtagRGBQUAD@@PEAE2AEAK@Z 00000001800023ec f   ico.obj
 0001:00001514       ?Decode24BPP@@YAPEAEAEAIIPEAE1AEAK@Z 0000000180002514 f   ico.obj
 0001:00001710       ?Decode32BPP@@YAPEAEAEAIIPEAE1AEAK@Z 0000000180002710 f   ico.obj
 0001:0000181c       ?DecodeDummy@@YAPEAEIIAEAK@Z 000000018000281c f   ico.obj
 0001:0000187c       ?Init@ICODecoder@@QEAAHPEAUCET_Init@@@Z 000000018000287c f i ico.obj
 0001:000018f0       ?Close@ICODecoder@@QEAAXXZ 00000001800028f0 f i ico.obj
 0001:00001938       ?Open@ICOImage@@QEAAH_NPEB_WPEBEKU_COORD@@@Z 0000000180002938 f i ico.obj
 0001:00001b58       ?Close@ICOImage@@QEAAXXZ   0000000180002b58 f i ico.obj
 0001:00001bd8       ?CET_Init@@YAHPEAU0@@Z     0000000180002bd8 f   ico.obj
 0001:00001c9c       ?CET_Done@@YAXPEAUCET_Init@@@Z 0000000180002c9c f   ico.obj
 0001:00001cfc       ?CET_Free@@YAXPEAUCET_LoadInfo@@@Z 0000000180002cfc f   ico.obj
 0001:00001d3c       ?CET_Cancel@@YAXPEAX@Z     0000000180002d3c f   ico.obj
 0001:00001d54       ??_EImage@Gdiplus@@UEAAPEAXI@Z 0000000180002d54 f i ico.obj
 0001:00001d54       ??_GImage@Gdiplus@@UEAAPEAXI@Z 0000000180002d54 f i ico.obj
 0001:00001d94       ??0Image@Gdiplus@@IEAA@PEAVGpImage@1@W4Status@1@@Z 0000000180002d94 f i ico.obj
 0001:00001dac       ??_EBitmap@Gdiplus@@UEAAPEAXI@Z 0000000180002dac f i ico.obj
 0001:00001dac       ??_GBitmap@Gdiplus@@UEAAPEAXI@Z 0000000180002dac f i ico.obj
 0001:00001dec       ?Release@MStream@@UEAAKXZ  0000000180002dec f i ico.obj
 0001:00001e18       ??0ISequentialStream@@QEAA@XZ 0000000180002e18 f i ico.obj
 0001:00001e1c       ?Clone@Image@Gdiplus@@UEAAPEAV12@XZ 0000000180002e1c f i ico.obj
 0001:00001e74       ??0IStream@@QEAA@XZ        0000000180002e74 f i ico.obj
 0001:00001e78       ??0MStream@@QEAA@XZ        0000000180002e78 f i ico.obj
 0001:00001ea0       ?PageDecode@ICOImage@@QEAAHPEAUCET_LoadInfo@@@Z 0000000180002ea0 f i ico.obj
 0001:000022d4       ?GetPageBits@ICOImage@@QEAAHPEAUCET_LoadInfo@@@Z 00000001800032d4 f i ico.obj
 0001:0000244c       ?CET_Load@@YAHPEAUCET_LoadInfo@@@Z 000000018000344c f   ico.obj
 0001:000025b8       ?HeapInitialize@@YA_NXZ    00000001800035b8 f   Memory.obj
 0001:000025f0       ?HeapDeinitialize@@YAXXZ   00000001800035f0 f   Memory.obj
 0001:00002614       ?xf_malloc@@YAPEAX_K@Z     0000000180003614 f   Memory.obj
 0001:00002628       ?xf_calloc@@YAPEAX_K0@Z    0000000180003628 f   Memory.obj
 0001:00002644       ?xf_realloc@@YAPEAXPEAX_K@Z 0000000180003644 f   Memory.obj
 0001:00002680       ?xf_free@@YAXPEAX@Z        0000000180003680 f   Memory.obj
 0001:000026a8       ?xf_validate@@YA_NPEAX@Z   00000001800036a8 f   Memory.obj
 0001:000026cc       ??2@YAPEAX_K@Z             00000001800036cc f   Memory.obj
 0001:000026e0       ??_U@YAPEAX_K@Z            00000001800036e0 f   Memory.obj
 0001:000026f4       ??3@YAXPEAX@Z              00000001800036f4 f   Memory.obj
 0001:000026fc       ??_V@YAXPEAX@Z             00000001800036fc f   Memory.obj
 0001:00002704       ?lstrdup@@YAPEADPEBD@Z     0000000180003704 f   Memory.obj
 0001:00002768       ?lstrdup@@YAPEA_WPEB_W_K@Z 0000000180003768 f   Memory.obj
 0001:000027e0       ?lstrdupW@@YAPEA_WPEBDI@Z  00000001800037e0 f   Memory.obj
 0001:00002870       ?lstrmerge@@YAPEA_WPEB_W0000@Z 0000000180003870 f   Memory.obj
 0001:00002964       ?lstrmerge@@YA_NPEAPEA_WPEB_W111@Z 0000000180003964 f   Memory.obj
 0001:000029a8       ??0ConEmuThreadStartArg@@QEAA@P6AKPEAX@Z0K@Z 00000001800039a8 f i WThreads.obj
 0001:000029c0       ?apiThreadHelper@@YAKPEAX@Z 00000001800039c0 f   WThreads.obj
 0001:00002b94       ?apiCreateThread@@YAPEAXP6AKPEAX@Z0PEAKPEBDH@Z 0000000180003b94 f   WThreads.obj
 0001:00002ce0       ?apiTerminateThreadEx@@YAHPEAXKPEBDH@Z 0000000180003ce0 f   WThreads.obj
 0001:00002df0       memmove                    0000000180003df0 f   libCRT64:memmove.obj
 0001:00002e50       memset                     0000000180003e50 f   libCRT64:memset.obj
 0001:00002e80       strchr                     0000000180003e80 f   libCRT64:strchr.obj
 0001:00002ea0       strrchr                    0000000180003ea0 f   libCRT64:strrchr.obj
 0001:00002ecc       HeapFree                   0000000180003ecc f   kernel32:KERNEL32.dll
 0001:00002ed2       GetProcessHeap             0000000180003ed2 f   kernel32:KERNEL32.dll
 0001:00002ed8       HeapAlloc                  0000000180003ed8 f   kernel32:KERNEL32.dll
 0001:00002ede       HeapReAlloc                0000000180003ede f   kernel32:KERNEL32.dll
 0001:00002ee4       SystemTimeToFileTime       0000000180003ee4 f   kernel32:KERNEL32.dll
 0001:00002eea       GetLocalTime               0000000180003eea f   kernel32:KERNEL32.dll
 0001:00002ef0       HeapCreate                 0000000180003ef0 f   kernel32:KERNEL32.dll
 0001:00002ef6       HeapDestroy                0000000180003ef6 f   kernel32:KERNEL32.dll
 0001:00002efc       HeapValidate               0000000180003efc f   kernel32:KERNEL32.dll
 0001:00002f02       lstrcpyA                   0000000180003f02 f   kernel32:KERNEL32.dll
 0001:00002f08       lstrlenA                   0000000180003f08 f   kernel32:KERNEL32.dll
 0001:00002f0e       lstrcpyW                   0000000180003f0e f   kernel32:KERNEL32.dll
 0001:00002f14       lstrlenW                   0000000180003f14 f   kernel32:KERNEL32.dll
 0001:00002f1a       MultiByteToWideChar        0000000180003f1a f   kernel32:KERNEL32.dll
 0001:00002f20       lstrcpynA                  0000000180003f20 f   kernel32:KERNEL32.dll
 0001:00002f26       GetTickCount               0000000180003f26 f   kernel32:KERNEL32.dll
 0001:00002f2c       GetCurrentThreadId         0000000180003f2c f   kernel32:KERNEL32.dll
 0001:00002f32       SetLastError               0000000180003f32 f   kernel32:KERNEL32.dll
 0001:00002f38       ResumeThread               0000000180003f38 f   kernel32:KERNEL32.dll
 0001:00002f3e       GetLastError               0000000180003f3e f   kernel32:KERNEL32.dll
 0001:00002f44       CreateThread               0000000180003f44 f   kernel32:KERNEL32.dll
 0001:00002f4a       TerminateThread            0000000180003f4a f   kernel32:KERNEL32.dll
 0001:00002f50       wsprintfW                  0000000180003f50 f   user32:USER32.dll
 0001:00002f56       wsprintfA                  0000000180003f56 f   user32:USER32.dll
 0001:00002f5c       CoInitialize               0000000180003f5c f   ole32:ole32.dll
 0001:00002f62       CoUninitialize             0000000180003f62 f   ole32:ole32.dll
 0001:00002f68       GdipAlloc                  0000000180003f68 f   gdiplus:gdiplus.dll
 0001:00002f6e       GdipFree                   0000000180003f6e f   gdiplus:gdiplus.dll
 0001:00002f74       GdipDisposeImage           0000000180003f74 f   gdiplus:gdiplus.dll
 0001:00002f7a       GdipGetImagePixelFormat    0000000180003f7a f   gdiplus:gdiplus.dll
 0001:00002f80       GdipCreateBitmapFromStream 0000000180003f80 f   gdiplus:gdiplus.dll
 0001:00002f86       GdipCreateBitmapFromStreamICM 0000000180003f86 f   gdiplus:gdiplus.dll
 0001:00002f8c       GdipBitmapLockBits         0000000180003f8c f   gdiplus:gdiplus.dll
 0001:00002f92       GdipBitmapUnlockBits       0000000180003f92 f   gdiplus:gdiplus.dll
 0001:00002f98       GdiplusShutdown            0000000180003f98 f   gdiplus:gdiplus.dll
 0001:00002f9e       GdiplusStartup             0000000180003f9e f   gdiplus:gdiplus.dll
 0001:00002fa4       GdipCloneImage             0000000180003fa4 f   gdiplus:gdiplus.dll
 0001:000032c4       __IMPORT_DESCRIPTOR_KERNEL32 00000001800042c4     kernel32:KERNEL32.dll
 0001:000032d8       __IMPORT_DESCRIPTOR_USER32 00000001800042d8     user32:USER32.dll
 0001:000032ec       __IMPORT_DESCRIPTOR_ole32  00000001800042ec     ole32:ole32.dll
 0001:00003300       __IMPORT_DESCRIPTOR_gdiplus 0000000180004300     gdiplus:gdiplus.dll
 0001:00003314       __NULL_IMPORT_DESCRIPTOR   0000000180004314     kernel32:KERNEL32.dll
 0002:00000000       ?g_TerminatedThreadIdx@@3JA 0000000180005000     WThreads.obj
 0002:00000078       ?gnLastWin32Error@@3KA     0000000180005078     ico.obj
 0002:00000080       ?ghModule@@3PEAUHINSTANCE__@@EA 0000000180005080     ico.obj
 0002:00000088       ?AssertMsgBox@@3P6AHPEB_WI0PEAUHWND__@@_N@ZEA 0000000180005088     MAssert.obj
 0002:00000090       ?ghHeap@@3PEAXEA           0000000180005090     Memory.obj
 0002:000088a0       ?g_ThreadsIdx@@3JA         000000018000d8a0     WThreads.obj

 entry point at        0000:00000000

 Static symbols

