 ico

 Timestamp is 5847d737 (Wed Dec 07 12:32:39 2016)

 Preferred load address is 10000000

 Start         Length     Name                   Class
 0001:00000000 0000008cH .idata$5                CODE
 0001:00000090 000006b4H .rdata                  CODE
 0001:00000744 00000060H .rdata$debug            CODE
 0001:000007b0 00001b5cH .text                   CODE
 0001:0000230c 00000050H .idata$2                CODE
 0001:0000235c 00000014H .idata$3                CODE
 0001:00002370 0000008cH .idata$4                CODE
 0001:000023fc 00000252H .idata$6                CODE
 0001:00002650 00000091H .edata                  CODE
 0002:00000000 00000004H .data                   DATA
 0002:00000008 00007858H .bss                    DATA
 0003:00000000 00000058H .rsrc$01                DATA
 0003:00000060 00000308H .rsrc$02                DATA

  Address         Publics by Value              Rva+Base       Lib:Object

 0000:00000000       ___safe_se_handler_table   00000000     <absolute>
 0000:00000000       ___safe_se_handler_count   00000000     <absolute>
 0001:00000000       __imp__HeapFree@12         10001000     kernel32:KERNEL32.dll
 0001:00000004       __imp__GetProcessHeap@0    10001004     kernel32:KERNEL32.dll
 0001:00000008       __imp__HeapAlloc@12        10001008     kernel32:KERNEL32.dll
 0001:0000000c       __imp__HeapReAlloc@16      1000100c     kernel32:KERNEL32.dll
 0001:00000010       __imp__SystemTimeToFileTime@8 10001010     kernel32:KERNEL32.dll
 0001:00000014       __imp__GetLocalTime@4      10001014     kernel32:KERNEL32.dll
 0001:00000018       __imp__HeapCreate@12       10001018     kernel32:KERNEL32.dll
 0001:0000001c       __imp__HeapDestroy@4       1000101c     kernel32:KERNEL32.dll
 0001:00000020       __imp__lstrcpynA@12        10001020     kernel32:KERNEL32.dll
 0001:00000024       __imp__GetTickCount@0      10001024     kernel32:KERNEL32.dll
 0001:00000028       __imp__GetCurrentThreadId@0 10001028     kernel32:KERNEL32.dll
 0001:0000002c       __imp__SetLastError@4      1000102c     kernel32:KERNEL32.dll
 0001:00000030       __imp__ResumeThread@4      10001030     kernel32:KERNEL32.dll
 0001:00000034       __imp__GetLastError@0      10001034     kernel32:KERNEL32.dll
 0001:00000038       __imp__CreateThread@24     10001038     kernel32:KERNEL32.dll
 0001:0000003c       __imp__TerminateThread@8   1000103c     kernel32:KERNEL32.dll
 0001:00000040       \177KERNEL32_NULL_THUNK_DATA 10001040     kernel32:KERNEL32.dll
 0001:00000044       __imp__wsprintfW           10001044     user32:USER32.dll
 0001:00000048       __imp__wsprintfA           10001048     user32:USER32.dll
 0001:0000004c       \177USER32_NULL_THUNK_DATA 1000104c     user32:USER32.dll
 0001:00000050       __imp__GdipAlloc@4         10001050     gdiplus:gdiplus.dll
 0001:00000054       __imp__GdipFree@4          10001054     gdiplus:gdiplus.dll
 0001:00000058       __imp__GdipDisposeImage@4  10001058     gdiplus:gdiplus.dll
 0001:0000005c       __imp__GdipGetImagePixelFormat@8 1000105c     gdiplus:gdiplus.dll
 0001:00000060       __imp__GdipCreateBitmapFromStream@8 10001060     gdiplus:gdiplus.dll
 0001:00000064       __imp__GdipCreateBitmapFromStreamICM@8 10001064     gdiplus:gdiplus.dll
 0001:00000068       __imp__GdipBitmapLockBits@20 10001068     gdiplus:gdiplus.dll
 0001:0000006c       __imp__GdipBitmapUnlockBits@8 1000106c     gdiplus:gdiplus.dll
 0001:00000070       __imp__GdiplusShutdown@4   10001070     gdiplus:gdiplus.dll
 0001:00000074       __imp__GdiplusStartup@12   10001074     gdiplus:gdiplus.dll
 0001:00000078       __imp__GdipCloneImage@8    10001078     gdiplus:gdiplus.dll
 0001:0000007c       \177gdiplus_NULL_THUNK_DATA 1000107c     gdiplus:gdiplus.dll
 0001:00000080       __imp__CoUninitialize@0    10001080     ole32:ole32.dll
 0001:00000084       __imp__CoInitialize@4      10001084     ole32:ole32.dll
 0001:00000088       \177ole32_NULL_THUNK_DATA  10001088     ole32:ole32.dll
 0001:000000ac       ??_7Image@Gdiplus@@6B@     100010ac     ico.obj
 0001:000000b4       ??_7Bitmap@Gdiplus@@6B@    100010b4     ico.obj
 0001:000000bc       ??_7MStream@@6B@           100010bc     ico.obj
 0001:000000f4       ??_C@_1BA@HKGHICED@?$AAI?$AAC?$AAO?$AA?4?$AAD?$AAI?$AAB?$AA?$AA@ 100010f4     ico.obj
 0001:00000104       ??_C@_1BA@KIENHNBI@?$AAI?$AAC?$AAO?$AA?4?$AAP?$AAN?$AAG?$AA?$AA@ 10001104     ico.obj
 0001:00000114       ??_C@_1DE@JEFKLGFF@?$AA?$CF?$AAi?$AA?5?$AAx?$AA?5?$AA?$CF?$AAi?$AA?5?$AAx?$AA?5?$AA?$CF?$AAi?$AAb?$AAp?$AAp?$AA?5?$AA?$FL?$AA?$CF?$AAi?$AA?$FN?$AA?5?$AA?$CF?$AAs?$AA?$CF?$AAs?$AA?$AA@ 10001114     ico.obj
 0001:00000148       ??_C@_17IILLPF@?$AAC?$AAU?$AAR?$AA?$AA@ 10001148     ico.obj
 0001:00000150       ??_C@_17OGLEMJPJ@?$AAI?$AAC?$AAO?$AA?$AA@ 10001150     ico.obj
 0001:00000158       ??_C@_11LOCGONAA@?$AA?$AA@ 10001158     ico.obj
 0001:0000015c       ??_C@_1O@PALLNO@?$AA?5?$AA?$FL?$AAP?$AAN?$AAG?$AA?$FN?$AA?$AA@ 1000115c     ico.obj
 0001:0000016c       ??_C@_05LCABBMOG@?$CFs?3?$CFi?$AA@ 1000116c     WThreads.obj
 0001:00000174       _IID_IUnknown              10001174     uuid:unknwn_i.obj
 0001:00000184       _IID_AsyncIUnknown         10001184     uuid:unknwn_i.obj
 0001:00000194       _IID_IClassFactory         10001194     uuid:unknwn_i.obj
 0001:000001a4       _IID_IMarshal              100011a4     uuid:objidl_i.obj
 0001:000001b4       _IID_IMarshal2             100011b4     uuid:objidl_i.obj
 0001:000001c4       _IID_IMalloc               100011c4     uuid:objidl_i.obj
 0001:000001d4       _IID_IMallocSpy            100011d4     uuid:objidl_i.obj
 0001:000001e4       _IID_IStdMarshalInfo       100011e4     uuid:objidl_i.obj
 0001:000001f4       _IID_IExternalConnection   100011f4     uuid:objidl_i.obj
 0001:00000204       _IID_IMultiQI              10001204     uuid:objidl_i.obj
 0001:00000214       _IID_AsyncIMultiQI         10001214     uuid:objidl_i.obj
 0001:00000224       _IID_IInternalUnknown      10001224     uuid:objidl_i.obj
 0001:00000234       _IID_IEnumUnknown          10001234     uuid:objidl_i.obj
 0001:00000244       _IID_IBindCtx              10001244     uuid:objidl_i.obj
 0001:00000254       _IID_IEnumMoniker          10001254     uuid:objidl_i.obj
 0001:00000264       _IID_IRunnableObject       10001264     uuid:objidl_i.obj
 0001:00000274       _IID_IRunningObjectTable   10001274     uuid:objidl_i.obj
 0001:00000284       _IID_IPersist              10001284     uuid:objidl_i.obj
 0001:00000294       _IID_IPersistStream        10001294     uuid:objidl_i.obj
 0001:000002a4       _IID_IMoniker              100012a4     uuid:objidl_i.obj
 0001:000002b4       _IID_IROTData              100012b4     uuid:objidl_i.obj
 0001:000002c4       _IID_IEnumString           100012c4     uuid:objidl_i.obj
 0001:000002d4       _IID_ISequentialStream     100012d4     uuid:objidl_i.obj
 0001:000002e4       _IID_IStream               100012e4     uuid:objidl_i.obj
 0001:000002f4       _IID_IEnumSTATSTG          100012f4     uuid:objidl_i.obj
 0001:00000304       _IID_IStorage              10001304     uuid:objidl_i.obj
 0001:00000314       _IID_IPersistFile          10001314     uuid:objidl_i.obj
 0001:00000324       _IID_IPersistStorage       10001324     uuid:objidl_i.obj
 0001:00000334       _IID_ILockBytes            10001334     uuid:objidl_i.obj
 0001:00000344       _IID_IEnumFORMATETC        10001344     uuid:objidl_i.obj
 0001:00000354       _IID_IEnumSTATDATA         10001354     uuid:objidl_i.obj
 0001:00000364       _IID_IRootStorage          10001364     uuid:objidl_i.obj
 0001:00000374       _IID_IAdviseSink           10001374     uuid:objidl_i.obj
 0001:00000384       _IID_AsyncIAdviseSink      10001384     uuid:objidl_i.obj
 0001:00000394       _IID_IAdviseSink2          10001394     uuid:objidl_i.obj
 0001:000003a4       _IID_AsyncIAdviseSink2     100013a4     uuid:objidl_i.obj
 0001:000003b4       _IID_IDataObject           100013b4     uuid:objidl_i.obj
 0001:000003c4       _IID_IDataAdviseHolder     100013c4     uuid:objidl_i.obj
 0001:000003d4       _IID_IMessageFilter        100013d4     uuid:objidl_i.obj
 0001:000003e4       _IID_IRpcChannelBuffer     100013e4     uuid:objidl_i.obj
 0001:000003f4       _IID_IRpcChannelBuffer2    100013f4     uuid:objidl_i.obj
 0001:00000404       _IID_IAsyncRpcChannelBuffer 10001404     uuid:objidl_i.obj
 0001:00000414       _IID_IRpcChannelBuffer3    10001414     uuid:objidl_i.obj
 0001:00000424       _IID_IRpcSyntaxNegotiate   10001424     uuid:objidl_i.obj
 0001:00000434       _IID_IRpcProxyBuffer       10001434     uuid:objidl_i.obj
 0001:00000444       _IID_IRpcStubBuffer        10001444     uuid:objidl_i.obj
 0001:00000454       _IID_IPSFactoryBuffer      10001454     uuid:objidl_i.obj
 0001:00000464       _IID_IChannelHook          10001464     uuid:objidl_i.obj
 0001:00000474       _IID_IClientSecurity       10001474     uuid:objidl_i.obj
 0001:00000484       _IID_IServerSecurity       10001484     uuid:objidl_i.obj
 0001:00000494       _IID_IClassActivator       10001494     uuid:objidl_i.obj
 0001:000004a4       _IID_IRpcOptions           100014a4     uuid:objidl_i.obj
 0001:000004b4       _IID_IGlobalOptions        100014b4     uuid:objidl_i.obj
 0001:000004c4       _IID_IFillLockBytes        100014c4     uuid:objidl_i.obj
 0001:000004d4       _IID_IProgressNotify       100014d4     uuid:objidl_i.obj
 0001:000004e4       _IID_ILayoutStorage        100014e4     uuid:objidl_i.obj
 0001:000004f4       _IID_IBlockingLock         100014f4     uuid:objidl_i.obj
 0001:00000504       _IID_ITimeAndNoticeControl 10001504     uuid:objidl_i.obj
 0001:00000514       _IID_IOplockStorage        10001514     uuid:objidl_i.obj
 0001:00000524       _IID_ISurrogate            10001524     uuid:objidl_i.obj
 0001:00000534       _IID_IGlobalInterfaceTable 10001534     uuid:objidl_i.obj
 0001:00000544       _IID_IDirectWriterLock     10001544     uuid:objidl_i.obj
 0001:00000554       _IID_ISynchronize          10001554     uuid:objidl_i.obj
 0001:00000564       _IID_ISynchronizeHandle    10001564     uuid:objidl_i.obj
 0001:00000574       _IID_ISynchronizeEvent     10001574     uuid:objidl_i.obj
 0001:00000584       _IID_ISynchronizeContainer 10001584     uuid:objidl_i.obj
 0001:00000594       _IID_ISynchronizeMutex     10001594     uuid:objidl_i.obj
 0001:000005a4       _IID_ICancelMethodCalls    100015a4     uuid:objidl_i.obj
 0001:000005b4       _IID_IAsyncManager         100015b4     uuid:objidl_i.obj
 0001:000005c4       _IID_ICallFactory          100015c4     uuid:objidl_i.obj
 0001:000005d4       _IID_IRpcHelper            100015d4     uuid:objidl_i.obj
 0001:000005e4       _IID_IReleaseMarshalBuffers 100015e4     uuid:objidl_i.obj
 0001:000005f4       _IID_IWaitMultiple         100015f4     uuid:objidl_i.obj
 0001:00000604       _IID_IUrlMon               10001604     uuid:objidl_i.obj
 0001:00000614       _IID_IForegroundTransfer   10001614     uuid:objidl_i.obj
 0001:00000624       _IID_IAddrTrackingControl  10001624     uuid:objidl_i.obj
 0001:00000634       _IID_IAddrExclusionControl 10001634     uuid:objidl_i.obj
 0001:00000644       _IID_IPipeByte             10001644     uuid:objidl_i.obj
 0001:00000654       _IID_AsyncIPipeByte        10001654     uuid:objidl_i.obj
 0001:00000664       _IID_IPipeLong             10001664     uuid:objidl_i.obj
 0001:00000674       _IID_AsyncIPipeLong        10001674     uuid:objidl_i.obj
 0001:00000684       _IID_IPipeDouble           10001684     uuid:objidl_i.obj
 0001:00000694       _IID_AsyncIPipeDouble      10001694     uuid:objidl_i.obj
 0001:000006a4       _IID_IThumbnailExtractor   100016a4     uuid:objidl_i.obj
 0001:000006b4       _IID_IDummyHICONIncluder   100016b4     uuid:objidl_i.obj
 0001:000006c4       _IID_IEnumContextProps     100016c4     uuid:objidl_i.obj
 0001:000006d4       _IID_IContext              100016d4     uuid:objidl_i.obj
 0001:000006e4       _IID_IObjContext           100016e4     uuid:objidl_i.obj
 0001:000006f4       _IID_IProcessLock          100016f4     uuid:objidl_i.obj
 0001:00000704       _IID_ISurrogateService     10001704     uuid:objidl_i.obj
 0001:00000714       _IID_IComThreadingInfo     10001714     uuid:objidl_i.obj
 0001:00000724       _IID_IProcessInitControl   10001724     uuid:objidl_i.obj
 0001:00000734       _IID_IInitializeSpy        10001734     uuid:objidl_i.obj
 0001:000007b0       ??2GdiplusBase@Gdiplus@@SIPAXI@Z 100017b0 f i ico.obj
 0001:000007b7       ??0Rect@Gdiplus@@QAE@HHHH@Z 100017b7 f i ico.obj
 0001:000007d7       ??0GdiplusStartupInput@Gdiplus@@QAE@P6GXW4DebugEventLevel@1@PAD@ZHH@Z 100017d7 f i ico.obj
 0001:000007f7       ??0Image@Gdiplus@@IAE@XZ   100017f7 f i ico.obj
 0001:00000800       ??3GdiplusBase@Gdiplus@@SIXPAX@Z 10001800 f i ico.obj
 0001:00000807       ?SetStatus@Image@Gdiplus@@IBE?AW4Status@2@W432@@Z 10001807 f i ico.obj
 0001:00000819       ??1Image@Gdiplus@@UAE@XZ   10001819 f i ico.obj
 0001:00000828       ?GetPixelFormat@Image@Gdiplus@@QAEHXZ 10001828 f i ico.obj
 0001:00000848       ?SetNativeImage@Image@Gdiplus@@IAEXPAVGpImage@2@@Z 10001848 f i ico.obj
 0001:00000852       ??0Bitmap@Gdiplus@@QAE@PAUIStream@@H@Z 10001852 f i ico.obj
 0001:0000088c       ??1Bitmap@Gdiplus@@UAE@XZ  1000188c f i ico.obj
 0001:0000089b       ?FromStream@Bitmap@Gdiplus@@SIPAV12@PAUIStream@@H@Z 1000189b f i ico.obj
 0001:000008bc       ?LockBits@Bitmap@Gdiplus@@QAE?AW4Status@2@PBVRect@2@IHPAVBitmapData@2@@Z 100018bc f i ico.obj
 0001:000008e6       ?UnlockBits@Bitmap@Gdiplus@@QAE?AW4Status@2@PAVBitmapData@2@@Z 100018e6 f i ico.obj
 0001:00000904       ??_H@YGXPAXIHP6EPAX0@Z@Z   10001904 f i ico.obj
 0001:00000922       ??1MStream@@QAE@XZ         10001922 f i ico.obj
 0001:00000958       @IsEqualGUID@8             10001958 f i ico.obj
 0001:0000096b       @==@8                      1000196b f i ico.obj
 0001:0000097e       ?SetData@MStream@@QAEXPBXK@Z 1000197e f i ico.obj
 0001:000009bb       ?QueryInterface@MStream@@UAGJABU_GUID@@PAPAX@Z 100019bb f i ico.obj
 0001:00000a10       ?AddRef@MStream@@UAGKXZ    10001a10 f i ico.obj
 0001:00000a21       ?Read@MStream@@UAGJPAXKPAK@Z 10001a21 f i ico.obj
 0001:00000a83       ?Write@MStream@@UAGJPBXKPAK@Z 10001a83 f i ico.obj
 0001:00000b16       ?Seek@MStream@@UAGJT_LARGE_INTEGER@@KPAT_ULARGE_INTEGER@@@Z 10001b16 f i ico.obj
 0001:00000b99       ?SetSize@MStream@@UAGJT_ULARGE_INTEGER@@@Z 10001b99 f i ico.obj
 0001:00000c18       ?CopyTo@MStream@@UAGJPAUIStream@@T_ULARGE_INTEGER@@PAT3@2@Z 10001c18 f i ico.obj
 0001:00000c20       ?Commit@MStream@@UAGJK@Z   10001c20 f i ico.obj
 0001:00000c2f       ?Revert@MStream@@UAGJXZ    10001c2f f i ico.obj
 0001:00000c37       ?LockRegion@MStream@@UAGJT_ULARGE_INTEGER@@0K@Z 10001c37 f i ico.obj
 0001:00000c3f       ?UnlockRegion@MStream@@UAGJT_ULARGE_INTEGER@@0K@Z 10001c3f f i ico.obj
 0001:00000c47       ?Stat@MStream@@UAGJPAUtagSTATSTG@@K@Z 10001c47 f i ico.obj
 0001:00000cab       ?Clone@MStream@@UAGJPAPAUIStream@@@Z 10001cab f i ico.obj
 0001:00000cb3       ??_GMStream@@QAEPAXI@Z     10001cb3 f i ico.obj
 0001:00000ccf       ??0IUnknown@@QAE@XZ        10001ccf f i ico.obj
 0001:00000cd2       ?LoadPageInfo@@YIKPAUICONCONTEXT@@HAAI111PAPB_W@Z 10001cd2 f   ico.obj
 0001:00000e23       ?Decode1BPP@@YIPAEIIPAUtagRGBQUAD@@PAE1AAK@Z 10001e23 f   ico.obj
 0001:00000ef1       ?Decode4BPP@@YIPAEIIPAUtagRGBQUAD@@PAE1AAK@Z 10001ef1 f   ico.obj
 0001:00000fc7       ?Decode8BPP@@YIPAEAAIIPAUtagRGBQUAD@@PAE2AAK@Z 10001fc7 f   ico.obj
 0001:00001093       ?Decode24BPP@@YIPAEAAIIPAE1AAK@Z 10002093 f   ico.obj
 0001:00001235       ?Decode32BPP@@YIPAEAAIIPAE1AAK@Z 10002235 f   ico.obj
 0001:000012fb       ?DecodeDummy@@YIPAEIIAAK@Z 100022fb f   ico.obj
 0001:00001337       ?Init@ICODecoder@@QAEHPAUCET_Init@@@Z 10002337 f i ico.obj
 0001:00001397       ?Close@ICODecoder@@QAEXXZ  10002397 f i ico.obj
 0001:000013cd       ?Open@ICOImage@@QAEH_NPB_WPBEKU_COORD@@@Z 100023cd f i ico.obj
 0001:00001580       ?Close@ICOImage@@QAEXXZ    10002580 f i ico.obj
 0001:000015cc       ?CET_Init@@YGHPAU0@@Z      100025cc f   ico.obj
 0001:0000163a       ?CET_Done@@YGXPAUCET_Init@@@Z 1000263a f   ico.obj
 0001:0000165e       ?CET_Free@@YGXPAUCET_LoadInfo@@@Z 1000265e f   ico.obj
 0001:00001694       ?CET_Cancel@@YGXPAX@Z      10002694 f   ico.obj
 0001:000016ae       ??_GImage@Gdiplus@@UAEPAXI@Z 100026ae f i ico.obj
 0001:000016ae       ??_EImage@Gdiplus@@UAEPAXI@Z 100026ae f i ico.obj
 0001:000016d2       ??0Image@Gdiplus@@IAE@PAVGpImage@1@W4Status@1@@Z 100026d2 f i ico.obj
 0001:000016eb       ??_EBitmap@Gdiplus@@UAEPAXI@Z 100026eb f i ico.obj
 0001:000016eb       ??_GBitmap@Gdiplus@@UAEPAXI@Z 100026eb f i ico.obj
 0001:0000170f       ?Release@MStream@@UAGKXZ   1000270f f i ico.obj
 0001:0000173c       ??0ISequentialStream@@QAE@XZ 1000273c f i ico.obj
 0001:0000173f       ?Clone@Image@Gdiplus@@UAEPAV12@XZ 1000273f f i ico.obj
 0001:00001781       ??0IStream@@QAE@XZ         10002781 f i ico.obj
 0001:00001784       ??0MStream@@QAE@XZ         10002784 f i ico.obj
 0001:000017a4       ?PageDecode@ICOImage@@QAEHPAUCET_LoadInfo@@@Z 100027a4 f i ico.obj
 0001:00001aad       ?GetPageBits@ICOImage@@QAEHPAUCET_LoadInfo@@@Z 10002aad f i ico.obj
 0001:00001bcd       ?CET_Load@@YGHPAUCET_LoadInfo@@@Z 10002bcd f   ico.obj
 0001:00001cf6       ?StripSourceRoot@@YIPB_WPB_W@Z 10002cf6 f   MAssert.obj
 0001:00001d41       ?HeapInitialize@@YI_NXZ    10002d41 f   Memory.obj
 0001:00001d67       ?HeapDeinitialize@@YIXXZ   10002d67 f   Memory.obj
 0001:00001d7f       ?xf_malloc@@YAPAXI@Z       10002d7f f   Memory.obj
 0001:00001d92       ?xf_calloc@@YAPAXII@Z      10002d92 f   Memory.obj
 0001:00001dab       ?xf_realloc@@YAPAXPAXI@Z   10002dab f   Memory.obj
 0001:00001dd0       ?xf_free@@YAXPAX@Z         10002dd0 f   Memory.obj
 0001:00001dee       ?xf_validate@@YA_NPAX@Z    10002dee f   Memory.obj
 0001:00001df1       ??2@YAPAXI@Z               10002df1 f   Memory.obj
 0001:00001e0b       ??_U@YAPAXI@Z              10002e0b f   Memory.obj
 0001:00001e10       ??3@YAXPAX@Z               10002e10 f   Memory.obj
 0001:00001e15       ??_V@YAXPAX@Z              10002e15 f   Memory.obj
 0001:00001e1a       ??0ConEmuThreadStartArg@@QAE@P6GKPAX@Z0K@Z 10002e1a f i WThreads.obj
 0001:00001e3b       ?apiThreadHelper@@YGKPAX@Z 10002e3b f   WThreads.obj
 0001:00001f89       ?apiCreateThread@@YIPAXP6GKPAX@Z0PAKPBDH@Z 10002f89 f   WThreads.obj
 0001:00002078       ?apiTerminateThreadEx@@YIHPAXKPBDH@Z 10003078 f   WThreads.obj
 0001:0000212e       ?wasTerminateThreadCalled@@YI_NXZ 1000312e f   WThreads.obj
 0001:00002140       _memmove                   10003140 f   libCRT:memmove.obj
 0001:000021a0       _memset                    100031a0 f   libCRT:memset.obj
 0001:000021e0       _wcschr                    100031e0 f   libCRT:strchr.obj
 0001:00002210       _strchr                    10003210 f   libCRT:strchr.obj
 0001:00002230       _strrchr                   10003230 f   libCRT:strrchr.obj
 0001:00002252       _HeapFree@12               10003252 f   kernel32:KERNEL32.dll
 0001:00002258       _GetProcessHeap@0          10003258 f   kernel32:KERNEL32.dll
 0001:0000225e       _HeapAlloc@12              1000325e f   kernel32:KERNEL32.dll
 0001:00002264       _HeapReAlloc@16            10003264 f   kernel32:KERNEL32.dll
 0001:0000226a       _SystemTimeToFileTime@8    1000326a f   kernel32:KERNEL32.dll
 0001:00002270       _GetLocalTime@4            10003270 f   kernel32:KERNEL32.dll
 0001:00002276       _HeapCreate@12             10003276 f   kernel32:KERNEL32.dll
 0001:0000227c       _HeapDestroy@4             1000327c f   kernel32:KERNEL32.dll
 0001:00002282       _lstrcpynA@12              10003282 f   kernel32:KERNEL32.dll
 0001:00002288       _GetTickCount@0            10003288 f   kernel32:KERNEL32.dll
 0001:0000228e       _GetCurrentThreadId@0      1000328e f   kernel32:KERNEL32.dll
 0001:00002294       _SetLastError@4            10003294 f   kernel32:KERNEL32.dll
 0001:0000229a       _ResumeThread@4            1000329a f   kernel32:KERNEL32.dll
 0001:000022a0       _GetLastError@0            100032a0 f   kernel32:KERNEL32.dll
 0001:000022a6       _CreateThread@24           100032a6 f   kernel32:KERNEL32.dll
 0001:000022ac       _TerminateThread@8         100032ac f   kernel32:KERNEL32.dll
 0001:000022b2       _wsprintfW                 100032b2 f   user32:USER32.dll
 0001:000022b8       _wsprintfA                 100032b8 f   user32:USER32.dll
 0001:000022be       _GdipAlloc@4               100032be f   gdiplus:gdiplus.dll
 0001:000022c4       _GdipFree@4                100032c4 f   gdiplus:gdiplus.dll
 0001:000022ca       _GdipDisposeImage@4        100032ca f   gdiplus:gdiplus.dll
 0001:000022d0       _GdipGetImagePixelFormat@8 100032d0 f   gdiplus:gdiplus.dll
 0001:000022d6       _GdipCreateBitmapFromStream@8 100032d6 f   gdiplus:gdiplus.dll
 0001:000022dc       _GdipCreateBitmapFromStreamICM@8 100032dc f   gdiplus:gdiplus.dll
 0001:000022e2       _GdipBitmapLockBits@20     100032e2 f   gdiplus:gdiplus.dll
 0001:000022e8       _GdipBitmapUnlockBits@8    100032e8 f   gdiplus:gdiplus.dll
 0001:000022ee       _GdiplusShutdown@4         100032ee f   gdiplus:gdiplus.dll
 0001:000022f4       _GdiplusStartup@12         100032f4 f   gdiplus:gdiplus.dll
 0001:000022fa       _GdipCloneImage@8          100032fa f   gdiplus:gdiplus.dll
 0001:00002300       _CoInitialize@4            10003300 f   ole32:ole32.dll
 0001:00002306       _CoUninitialize@0          10003306 f   ole32:ole32.dll
 0001:0000230c       __IMPORT_DESCRIPTOR_KERNEL32 1000330c     kernel32:KERNEL32.dll
 0001:00002320       __IMPORT_DESCRIPTOR_USER32 10003320     user32:USER32.dll
 0001:00002334       __IMPORT_DESCRIPTOR_gdiplus 10003334     gdiplus:gdiplus.dll
 0001:00002348       __IMPORT_DESCRIPTOR_ole32  10003348     ole32:ole32.dll
 0001:0000235c       __NULL_IMPORT_DESCRIPTOR   1000335c     kernel32:KERNEL32.dll
 0002:00000000       ?g_TerminatedThreadIdx@@3JA 10004000     WThreads.obj
 0002:0000003c       ?gnLastWin32Error@@3KA     1000403c     ico.obj
 0002:00000040       ?ghModule@@3PAUHINSTANCE__@@A 10004040     ico.obj
 0002:00000044       ?AssertMsgBox@@3P6IHPB_WI0PAUHWND__@@_N@ZA 10004044     MAssert.obj
 0002:00000048       ?gfnHooksUnlockerProc@@3P6I_N_N@ZA 10004048     MAssert.obj
 0002:0000004c       ?ghHeap@@3PAXA             1000404c     Memory.obj
 0002:00000050       ?g_LastDeletePtr@@3PAXA    10004050     Memory.obj
 0002:00007858       ?g_ThreadsIdx@@3JA         1000b858     WThreads.obj

 entry point at        0000:00000000

 Static symbols

