 ico

 Timestamp is 564922fa (Mon Nov 16 03:27:38 2015)

 Preferred load address is 10000000

 Start         Length     Name                   Class
 0001:00000000 000000a4H .idata$5                CODE
 0001:000000b0 000006b4H .rdata                  CODE
 0001:00000764 00000060H .rdata$debug            CODE
 0001:000007d0 00001c90H .text                   CODE
 0001:00002460 00000050H .idata$2                CODE
 0001:000024b0 00000014H .idata$3                CODE
 0001:000024c4 000000a4H .idata$4                CODE
 0001:00002568 000002a8H .idata$6                CODE
 0001:00002810 00000091H .edata                  CODE
 0002:00000000 00000004H .data                   DATA
 0002:00000008 0000784cH .bss                    DATA
 0003:00000000 00000058H .rsrc$01                DATA
 0003:00000060 000002a0H .rsrc$02                DATA

  Address         Publics by Value              Rva+Base       Lib:Object

 0000:00000000       ___safe_se_handler_table   00000000     <absolute>
 0000:00000000       ___safe_se_handler_count   00000000     <absolute>
 0001:00000000       __imp__HeapFree@12         10001000     kernel32:KERNEL32.dll
 0001:00000004       __imp__GetProcessHeap@0    10001004     kernel32:KERNEL32.dll
 0001:00000008       __imp__HeapAlloc@12        10001008     kernel32:KERNEL32.dll
 0001:0000000c       __imp__HeapReAlloc@16      1000100c     kernel32:KERNEL32.dll
 0001:00000010       __imp__SystemTimeToFileTime@8 10001010     kernel32:KERNEL32.dll
 0001:00000014       __imp__GetLocalTime@4      10001014     kernel32:KERNEL32.dll
 0001:00000018       __imp__HeapCreate@12       10001018     kernel32:KERNEL32.dll
 0001:0000001c       __imp__HeapDestroy@4       1000101c     kernel32:KERNEL32.dll
 0001:00000020       __imp__HeapValidate@12     10001020     kernel32:KERNEL32.dll
 0001:00000024       __imp__lstrcpyA@8          10001024     kernel32:KERNEL32.dll
 0001:00000028       __imp__lstrlenA@4          10001028     kernel32:KERNEL32.dll
 0001:0000002c       __imp__lstrcpyW@8          1000102c     kernel32:KERNEL32.dll
 0001:00000030       __imp__lstrlenW@4          10001030     kernel32:KERNEL32.dll
 0001:00000034       __imp__MultiByteToWideChar@24 10001034     kernel32:KERNEL32.dll
 0001:00000038       __imp__lstrcpynA@12        10001038     kernel32:KERNEL32.dll
 0001:0000003c       __imp__GetTickCount@0      1000103c     kernel32:KERNEL32.dll
 0001:00000040       __imp__GetCurrentThreadId@0 10001040     kernel32:KERNEL32.dll
 0001:00000044       __imp__SetLastError@4      10001044     kernel32:KERNEL32.dll
 0001:00000048       __imp__ResumeThread@4      10001048     kernel32:KERNEL32.dll
 0001:0000004c       __imp__GetLastError@0      1000104c     kernel32:KERNEL32.dll
 0001:00000050       __imp__CreateThread@24     10001050     kernel32:KERNEL32.dll
 0001:00000054       __imp__TerminateThread@8   10001054     kernel32:KERNEL32.dll
 0001:00000058       \177KERNEL32_NULL_THUNK_DATA 10001058     kernel32:KERNEL32.dll
 0001:0000005c       __imp__wsprintfA           1000105c     user32:USER32.dll
 0001:00000060       __imp__wsprintfW           10001060     user32:USER32.dll
 0001:00000064       \177USER32_NULL_THUNK_DATA 10001064     user32:USER32.dll
 0001:00000068       __imp__GdipCloneImage@8    10001068     gdiplus:gdiplus.dll
 0001:0000006c       __imp__GdiplusStartup@12   1000106c     gdiplus:gdiplus.dll
 0001:00000070       __imp__GdiplusShutdown@4   10001070     gdiplus:gdiplus.dll
 0001:00000074       __imp__GdipAlloc@4         10001074     gdiplus:gdiplus.dll
 0001:00000078       __imp__GdipFree@4          10001078     gdiplus:gdiplus.dll
 0001:0000007c       __imp__GdipDisposeImage@4  1000107c     gdiplus:gdiplus.dll
 0001:00000080       __imp__GdipGetImagePixelFormat@8 10001080     gdiplus:gdiplus.dll
 0001:00000084       __imp__GdipCreateBitmapFromStream@8 10001084     gdiplus:gdiplus.dll
 0001:00000088       __imp__GdipCreateBitmapFromStreamICM@8 10001088     gdiplus:gdiplus.dll
 0001:0000008c       __imp__GdipBitmapLockBits@20 1000108c     gdiplus:gdiplus.dll
 0001:00000090       __imp__GdipBitmapUnlockBits@8 10001090     gdiplus:gdiplus.dll
 0001:00000094       \177gdiplus_NULL_THUNK_DATA 10001094     gdiplus:gdiplus.dll
 0001:00000098       __imp__CoInitialize@4      10001098     ole32:ole32.dll
 0001:0000009c       __imp__CoUninitialize@0    1000109c     ole32:ole32.dll
 0001:000000a0       \177ole32_NULL_THUNK_DATA  100010a0     ole32:ole32.dll
 0001:000000cc       ??_7Image@Gdiplus@@6B@     100010cc     ico.obj
 0001:000000d4       ??_7Bitmap@Gdiplus@@6B@    100010d4     ico.obj
 0001:000000dc       ??_7MStream@@6B@           100010dc     ico.obj
 0001:00000114       ??_C@_1BA@HKGHICED@?$AAI?$AAC?$AAO?$AA?4?$AAD?$AAI?$AAB?$AA?$AA@ 10001114     ico.obj
 0001:00000124       ??_C@_1BA@KIENHNBI@?$AAI?$AAC?$AAO?$AA?4?$AAP?$AAN?$AAG?$AA?$AA@ 10001124     ico.obj
 0001:00000134       ??_C@_1DE@JEFKLGFF@?$AA?$CF?$AAi?$AA?5?$AAx?$AA?5?$AA?$CF?$AAi?$AA?5?$AAx?$AA?5?$AA?$CF?$AAi?$AAb?$AAp?$AAp?$AA?5?$AA?$FL?$AA?$CF?$AAi?$AA?$FN?$AA?5?$AA?$CF?$AAs?$AA?$CF?$AAs?$AA?$AA@ 10001134     ico.obj
 0001:00000168       ??_C@_17IILLPF@?$AAC?$AAU?$AAR?$AA?$AA@ 10001168     ico.obj
 0001:00000170       ??_C@_17OGLEMJPJ@?$AAI?$AAC?$AAO?$AA?$AA@ 10001170     ico.obj
 0001:00000178       ??_C@_11LOCGONAA@?$AA?$AA@ 10001178     ico.obj
 0001:0000017c       ??_C@_1O@PALLNO@?$AA?5?$AA?$FL?$AAP?$AAN?$AAG?$AA?$FN?$AA?$AA@ 1000117c     ico.obj
 0001:0000018c       ??_C@_05LCABBMOG@?$CFs?3?$CFi?$AA@ 1000118c     WThreads.obj
 0001:00000194       _IID_IUnknown              10001194     uuid:unknwn_i.obj
 0001:000001a4       _IID_AsyncIUnknown         100011a4     uuid:unknwn_i.obj
 0001:000001b4       _IID_IClassFactory         100011b4     uuid:unknwn_i.obj
 0001:000001c4       _IID_IMarshal              100011c4     uuid:objidl_i.obj
 0001:000001d4       _IID_IMarshal2             100011d4     uuid:objidl_i.obj
 0001:000001e4       _IID_IMalloc               100011e4     uuid:objidl_i.obj
 0001:000001f4       _IID_IMallocSpy            100011f4     uuid:objidl_i.obj
 0001:00000204       _IID_IStdMarshalInfo       10001204     uuid:objidl_i.obj
 0001:00000214       _IID_IExternalConnection   10001214     uuid:objidl_i.obj
 0001:00000224       _IID_IMultiQI              10001224     uuid:objidl_i.obj
 0001:00000234       _IID_AsyncIMultiQI         10001234     uuid:objidl_i.obj
 0001:00000244       _IID_IInternalUnknown      10001244     uuid:objidl_i.obj
 0001:00000254       _IID_IEnumUnknown          10001254     uuid:objidl_i.obj
 0001:00000264       _IID_IBindCtx              10001264     uuid:objidl_i.obj
 0001:00000274       _IID_IEnumMoniker          10001274     uuid:objidl_i.obj
 0001:00000284       _IID_IRunnableObject       10001284     uuid:objidl_i.obj
 0001:00000294       _IID_IRunningObjectTable   10001294     uuid:objidl_i.obj
 0001:000002a4       _IID_IPersist              100012a4     uuid:objidl_i.obj
 0001:000002b4       _IID_IPersistStream        100012b4     uuid:objidl_i.obj
 0001:000002c4       _IID_IMoniker              100012c4     uuid:objidl_i.obj
 0001:000002d4       _IID_IROTData              100012d4     uuid:objidl_i.obj
 0001:000002e4       _IID_IEnumString           100012e4     uuid:objidl_i.obj
 0001:000002f4       _IID_ISequentialStream     100012f4     uuid:objidl_i.obj
 0001:00000304       _IID_IStream               10001304     uuid:objidl_i.obj
 0001:00000314       _IID_IEnumSTATSTG          10001314     uuid:objidl_i.obj
 0001:00000324       _IID_IStorage              10001324     uuid:objidl_i.obj
 0001:00000334       _IID_IPersistFile          10001334     uuid:objidl_i.obj
 0001:00000344       _IID_IPersistStorage       10001344     uuid:objidl_i.obj
 0001:00000354       _IID_ILockBytes            10001354     uuid:objidl_i.obj
 0001:00000364       _IID_IEnumFORMATETC        10001364     uuid:objidl_i.obj
 0001:00000374       _IID_IEnumSTATDATA         10001374     uuid:objidl_i.obj
 0001:00000384       _IID_IRootStorage          10001384     uuid:objidl_i.obj
 0001:00000394       _IID_IAdviseSink           10001394     uuid:objidl_i.obj
 0001:000003a4       _IID_AsyncIAdviseSink      100013a4     uuid:objidl_i.obj
 0001:000003b4       _IID_IAdviseSink2          100013b4     uuid:objidl_i.obj
 0001:000003c4       _IID_AsyncIAdviseSink2     100013c4     uuid:objidl_i.obj
 0001:000003d4       _IID_IDataObject           100013d4     uuid:objidl_i.obj
 0001:000003e4       _IID_IDataAdviseHolder     100013e4     uuid:objidl_i.obj
 0001:000003f4       _IID_IMessageFilter        100013f4     uuid:objidl_i.obj
 0001:00000404       _IID_IRpcChannelBuffer     10001404     uuid:objidl_i.obj
 0001:00000414       _IID_IRpcChannelBuffer2    10001414     uuid:objidl_i.obj
 0001:00000424       _IID_IAsyncRpcChannelBuffer 10001424     uuid:objidl_i.obj
 0001:00000434       _IID_IRpcChannelBuffer3    10001434     uuid:objidl_i.obj
 0001:00000444       _IID_IRpcSyntaxNegotiate   10001444     uuid:objidl_i.obj
 0001:00000454       _IID_IRpcProxyBuffer       10001454     uuid:objidl_i.obj
 0001:00000464       _IID_IRpcStubBuffer        10001464     uuid:objidl_i.obj
 0001:00000474       _IID_IPSFactoryBuffer      10001474     uuid:objidl_i.obj
 0001:00000484       _IID_IChannelHook          10001484     uuid:objidl_i.obj
 0001:00000494       _IID_IClientSecurity       10001494     uuid:objidl_i.obj
 0001:000004a4       _IID_IServerSecurity       100014a4     uuid:objidl_i.obj
 0001:000004b4       _IID_IClassActivator       100014b4     uuid:objidl_i.obj
 0001:000004c4       _IID_IRpcOptions           100014c4     uuid:objidl_i.obj
 0001:000004d4       _IID_IGlobalOptions        100014d4     uuid:objidl_i.obj
 0001:000004e4       _IID_IFillLockBytes        100014e4     uuid:objidl_i.obj
 0001:000004f4       _IID_IProgressNotify       100014f4     uuid:objidl_i.obj
 0001:00000504       _IID_ILayoutStorage        10001504     uuid:objidl_i.obj
 0001:00000514       _IID_IBlockingLock         10001514     uuid:objidl_i.obj
 0001:00000524       _IID_ITimeAndNoticeControl 10001524     uuid:objidl_i.obj
 0001:00000534       _IID_IOplockStorage        10001534     uuid:objidl_i.obj
 0001:00000544       _IID_ISurrogate            10001544     uuid:objidl_i.obj
 0001:00000554       _IID_IGlobalInterfaceTable 10001554     uuid:objidl_i.obj
 0001:00000564       _IID_IDirectWriterLock     10001564     uuid:objidl_i.obj
 0001:00000574       _IID_ISynchronize          10001574     uuid:objidl_i.obj
 0001:00000584       _IID_ISynchronizeHandle    10001584     uuid:objidl_i.obj
 0001:00000594       _IID_ISynchronizeEvent     10001594     uuid:objidl_i.obj
 0001:000005a4       _IID_ISynchronizeContainer 100015a4     uuid:objidl_i.obj
 0001:000005b4       _IID_ISynchronizeMutex     100015b4     uuid:objidl_i.obj
 0001:000005c4       _IID_ICancelMethodCalls    100015c4     uuid:objidl_i.obj
 0001:000005d4       _IID_IAsyncManager         100015d4     uuid:objidl_i.obj
 0001:000005e4       _IID_ICallFactory          100015e4     uuid:objidl_i.obj
 0001:000005f4       _IID_IRpcHelper            100015f4     uuid:objidl_i.obj
 0001:00000604       _IID_IReleaseMarshalBuffers 10001604     uuid:objidl_i.obj
 0001:00000614       _IID_IWaitMultiple         10001614     uuid:objidl_i.obj
 0001:00000624       _IID_IUrlMon               10001624     uuid:objidl_i.obj
 0001:00000634       _IID_IForegroundTransfer   10001634     uuid:objidl_i.obj
 0001:00000644       _IID_IAddrTrackingControl  10001644     uuid:objidl_i.obj
 0001:00000654       _IID_IAddrExclusionControl 10001654     uuid:objidl_i.obj
 0001:00000664       _IID_IPipeByte             10001664     uuid:objidl_i.obj
 0001:00000674       _IID_AsyncIPipeByte        10001674     uuid:objidl_i.obj
 0001:00000684       _IID_IPipeLong             10001684     uuid:objidl_i.obj
 0001:00000694       _IID_AsyncIPipeLong        10001694     uuid:objidl_i.obj
 0001:000006a4       _IID_IPipeDouble           100016a4     uuid:objidl_i.obj
 0001:000006b4       _IID_AsyncIPipeDouble      100016b4     uuid:objidl_i.obj
 0001:000006c4       _IID_IThumbnailExtractor   100016c4     uuid:objidl_i.obj
 0001:000006d4       _IID_IDummyHICONIncluder   100016d4     uuid:objidl_i.obj
 0001:000006e4       _IID_IEnumContextProps     100016e4     uuid:objidl_i.obj
 0001:000006f4       _IID_IContext              100016f4     uuid:objidl_i.obj
 0001:00000704       _IID_IObjContext           10001704     uuid:objidl_i.obj
 0001:00000714       _IID_IProcessLock          10001714     uuid:objidl_i.obj
 0001:00000724       _IID_ISurrogateService     10001724     uuid:objidl_i.obj
 0001:00000734       _IID_IComThreadingInfo     10001734     uuid:objidl_i.obj
 0001:00000744       _IID_IProcessInitControl   10001744     uuid:objidl_i.obj
 0001:00000754       _IID_IInitializeSpy        10001754     uuid:objidl_i.obj
 0001:000007d0       ??2GdiplusBase@Gdiplus@@SIPAXI@Z 100017d0 f i ico.obj
 0001:000007d7       ??0Rect@Gdiplus@@QAE@HHHH@Z 100017d7 f i ico.obj
 0001:000007f7       ??0GdiplusStartupInput@Gdiplus@@QAE@P6GXW4DebugEventLevel@1@PAD@ZHH@Z 100017f7 f i ico.obj
 0001:00000817       ??0Image@Gdiplus@@IAE@XZ   10001817 f i ico.obj
 0001:00000820       ??3GdiplusBase@Gdiplus@@SIXPAX@Z 10001820 f i ico.obj
 0001:00000827       ?SetStatus@Image@Gdiplus@@IBE?AW4Status@2@W432@@Z 10001827 f i ico.obj
 0001:00000839       ??1Image@Gdiplus@@UAE@XZ   10001839 f i ico.obj
 0001:00000848       ?GetPixelFormat@Image@Gdiplus@@QAEHXZ 10001848 f i ico.obj
 0001:00000868       ?SetNativeImage@Image@Gdiplus@@IAEXPAVGpImage@2@@Z 10001868 f i ico.obj
 0001:00000872       ??0Bitmap@Gdiplus@@QAE@PAUIStream@@H@Z 10001872 f i ico.obj
 0001:000008ac       ??1Bitmap@Gdiplus@@UAE@XZ  100018ac f i ico.obj
 0001:000008bb       ?FromStream@Bitmap@Gdiplus@@SIPAV12@PAUIStream@@H@Z 100018bb f i ico.obj
 0001:000008dc       ?LockBits@Bitmap@Gdiplus@@QAE?AW4Status@2@PBVRect@2@IHPAVBitmapData@2@@Z 100018dc f i ico.obj
 0001:00000906       ?UnlockBits@Bitmap@Gdiplus@@QAE?AW4Status@2@PAVBitmapData@2@@Z 10001906 f i ico.obj
 0001:00000924       ??_H@YGXPAXIHP6EPAX0@Z@Z   10001924 f i ico.obj
 0001:00000942       ??1MStream@@QAE@XZ         10001942 f i ico.obj
 0001:00000978       @IsEqualGUID@8             10001978 f i ico.obj
 0001:0000098b       @==@8                      1000198b f i ico.obj
 0001:0000099e       ?SetData@MStream@@QAEXPBXK@Z 1000199e f i ico.obj
 0001:000009db       ?QueryInterface@MStream@@UAGJABU_GUID@@PAPAX@Z 100019db f i ico.obj
 0001:00000a30       ?AddRef@MStream@@UAGKXZ    10001a30 f i ico.obj
 0001:00000a41       ?Read@MStream@@UAGJPAXKPAK@Z 10001a41 f i ico.obj
 0001:00000aa3       ?Write@MStream@@UAGJPBXKPAK@Z 10001aa3 f i ico.obj
 0001:00000b36       ?Seek@MStream@@UAGJT_LARGE_INTEGER@@KPAT_ULARGE_INTEGER@@@Z 10001b36 f i ico.obj
 0001:00000bb9       ?SetSize@MStream@@UAGJT_ULARGE_INTEGER@@@Z 10001bb9 f i ico.obj
 0001:00000c38       ?CopyTo@MStream@@UAGJPAUIStream@@T_ULARGE_INTEGER@@PAT3@2@Z 10001c38 f i ico.obj
 0001:00000c40       ?Commit@MStream@@UAGJK@Z   10001c40 f i ico.obj
 0001:00000c4f       ?Revert@MStream@@UAGJXZ    10001c4f f i ico.obj
 0001:00000c57       ?LockRegion@MStream@@UAGJT_ULARGE_INTEGER@@0K@Z 10001c57 f i ico.obj
 0001:00000c5f       ?UnlockRegion@MStream@@UAGJT_ULARGE_INTEGER@@0K@Z 10001c5f f i ico.obj
 0001:00000c67       ?Stat@MStream@@UAGJPAUtagSTATSTG@@K@Z 10001c67 f i ico.obj
 0001:00000ccb       ?Clone@MStream@@UAGJPAPAUIStream@@@Z 10001ccb f i ico.obj
 0001:00000cd3       ??_GMStream@@QAEPAXI@Z     10001cd3 f i ico.obj
 0001:00000cef       ??0IUnknown@@QAE@XZ        10001cef f i ico.obj
 0001:00000cf2       ?LoadPageInfo@@YIKPAUICONCONTEXT@@HAAI111PAPB_W@Z 10001cf2 f   ico.obj
 0001:00000e43       ?Decode1BPP@@YIPAEIIPAUtagRGBQUAD@@PAE1AAK@Z 10001e43 f   ico.obj
 0001:00000f11       ?Decode4BPP@@YIPAEIIPAUtagRGBQUAD@@PAE1AAK@Z 10001f11 f   ico.obj
 0001:00000fe7       ?Decode8BPP@@YIPAEAAIIPAUtagRGBQUAD@@PAE2AAK@Z 10001fe7 f   ico.obj
 0001:000010b3       ?Decode24BPP@@YIPAEAAIIPAE1AAK@Z 100020b3 f   ico.obj
 0001:00001255       ?Decode32BPP@@YIPAEAAIIPAE1AAK@Z 10002255 f   ico.obj
 0001:0000131b       ?DecodeDummy@@YIPAEIIAAK@Z 1000231b f   ico.obj
 0001:00001357       ?Init@ICODecoder@@QAEHPAUCET_Init@@@Z 10002357 f i ico.obj
 0001:000013b7       ?Close@ICODecoder@@QAEXXZ  100023b7 f i ico.obj
 0001:000013ed       ?Open@ICOImage@@QAEH_NPB_WPBEKU_COORD@@@Z 100023ed f i ico.obj
 0001:000015a0       ?Close@ICOImage@@QAEXXZ    100025a0 f i ico.obj
 0001:000015ec       ?CET_Init@@YGHPAU0@@Z      100025ec f   ico.obj
 0001:0000165a       ?CET_Done@@YGXPAUCET_Init@@@Z 1000265a f   ico.obj
 0001:0000167e       ?CET_Free@@YGXPAUCET_LoadInfo@@@Z 1000267e f   ico.obj
 0001:000016b4       ?CET_Cancel@@YGXPAX@Z      100026b4 f   ico.obj
 0001:000016ce       ??_EImage@Gdiplus@@UAEPAXI@Z 100026ce f i ico.obj
 0001:000016ce       ??_GImage@Gdiplus@@UAEPAXI@Z 100026ce f i ico.obj
 0001:000016f2       ??0Image@Gdiplus@@IAE@PAVGpImage@1@W4Status@1@@Z 100026f2 f i ico.obj
 0001:0000170b       ??_EBitmap@Gdiplus@@UAEPAXI@Z 1000270b f i ico.obj
 0001:0000170b       ??_GBitmap@Gdiplus@@UAEPAXI@Z 1000270b f i ico.obj
 0001:0000172f       ?Release@MStream@@UAGKXZ   1000272f f i ico.obj
 0001:0000175c       ??0ISequentialStream@@QAE@XZ 1000275c f i ico.obj
 0001:0000175f       ?Clone@Image@Gdiplus@@UAEPAV12@XZ 1000275f f i ico.obj
 0001:000017a1       ??0IStream@@QAE@XZ         100027a1 f i ico.obj
 0001:000017a4       ??0MStream@@QAE@XZ         100027a4 f i ico.obj
 0001:000017c4       ?PageDecode@ICOImage@@QAEHPAUCET_LoadInfo@@@Z 100027c4 f i ico.obj
 0001:00001acd       ?GetPageBits@ICOImage@@QAEHPAUCET_LoadInfo@@@Z 10002acd f i ico.obj
 0001:00001bed       ?CET_Load@@YGHPAUCET_LoadInfo@@@Z 10002bed f   ico.obj
 0001:00001d16       ?HeapInitialize@@YI_NXZ    10002d16 f   Memory.obj
 0001:00001d3c       ?HeapDeinitialize@@YIXXZ   10002d3c f   Memory.obj
 0001:00001d54       ?xf_malloc@@YAPAXI@Z       10002d54 f   Memory.obj
 0001:00001d67       ?xf_calloc@@YAPAXII@Z      10002d67 f   Memory.obj
 0001:00001d80       ?xf_realloc@@YAPAXPAXI@Z   10002d80 f   Memory.obj
 0001:00001da5       ?xf_free@@YAXPAX@Z         10002da5 f   Memory.obj
 0001:00001dc3       ?xf_validate@@YA_NPAX@Z    10002dc3 f   Memory.obj
 0001:00001ddc       ??2@YAPAXI@Z               10002ddc f   Memory.obj
 0001:00001de1       ??_U@YAPAXI@Z              10002de1 f   Memory.obj
 0001:00001de6       ??3@YAXPAX@Z               10002de6 f   Memory.obj
 0001:00001deb       ??_V@YAXPAX@Z              10002deb f   Memory.obj
 0001:00001df0       ?lstrdup@@YIPADPBD@Z       10002df0 f   Memory.obj
 0001:00001e29       ?lstrdup@@YIPA_WPB_WI@Z    10002e29 f   Memory.obj
 0001:00001e69       ?lstrdupW@@YIPA_WPBDI@Z    10002e69 f   Memory.obj
 0001:00001eb1       ?lstrmerge@@YIPA_WPB_W0000@Z 10002eb1 f   Memory.obj
 0001:00001f44       ?lstrmerge@@YI_NPAPA_WPB_W111@Z 10002f44 f   Memory.obj
 0001:00001f7b       ??0ConEmuThreadStartArg@@QAE@P6GKPAX@Z0K@Z 10002f7b f i WThreads.obj
 0001:00001f9c       ?apiThreadHelper@@YGKPAX@Z 10002f9c f   WThreads.obj
 0001:000020ea       ?apiCreateThread@@YIPAXP6GKPAX@Z0PAKPBDH@Z 100030ea f   WThreads.obj
 0001:000021d9       ?apiTerminateThreadEx@@YIHPAXKPBDH@Z 100031d9 f   WThreads.obj
 0001:000022a0       _memmove                   100032a0 f   libCRT:memmove.obj
 0001:00002300       _memset                    10003300 f   libCRT:memset.obj
 0001:00002340       _strchr                    10003340 f   libCRT:strchr.obj
 0001:00002360       _strrchr                   10003360 f   libCRT:strrchr.obj
 0001:00002382       _HeapFree@12               10003382 f   kernel32:KERNEL32.dll
 0001:00002388       _GetProcessHeap@0          10003388 f   kernel32:KERNEL32.dll
 0001:0000238e       _HeapAlloc@12              1000338e f   kernel32:KERNEL32.dll
 0001:00002394       _HeapReAlloc@16            10003394 f   kernel32:KERNEL32.dll
 0001:0000239a       _SystemTimeToFileTime@8    1000339a f   kernel32:KERNEL32.dll
 0001:000023a0       _GetLocalTime@4            100033a0 f   kernel32:KERNEL32.dll
 0001:000023a6       _HeapCreate@12             100033a6 f   kernel32:KERNEL32.dll
 0001:000023ac       _HeapDestroy@4             100033ac f   kernel32:KERNEL32.dll
 0001:000023b2       _HeapValidate@12           100033b2 f   kernel32:KERNEL32.dll
 0001:000023b8       _lstrcpyA@8                100033b8 f   kernel32:KERNEL32.dll
 0001:000023be       _lstrlenA@4                100033be f   kernel32:KERNEL32.dll
 0001:000023c4       _lstrcpyW@8                100033c4 f   kernel32:KERNEL32.dll
 0001:000023ca       _lstrlenW@4                100033ca f   kernel32:KERNEL32.dll
 0001:000023d0       _MultiByteToWideChar@24    100033d0 f   kernel32:KERNEL32.dll
 0001:000023d6       _lstrcpynA@12              100033d6 f   kernel32:KERNEL32.dll
 0001:000023dc       _GetTickCount@0            100033dc f   kernel32:KERNEL32.dll
 0001:000023e2       _GetCurrentThreadId@0      100033e2 f   kernel32:KERNEL32.dll
 0001:000023e8       _SetLastError@4            100033e8 f   kernel32:KERNEL32.dll
 0001:000023ee       _ResumeThread@4            100033ee f   kernel32:KERNEL32.dll
 0001:000023f4       _GetLastError@0            100033f4 f   kernel32:KERNEL32.dll
 0001:000023fa       _CreateThread@24           100033fa f   kernel32:KERNEL32.dll
 0001:00002400       _TerminateThread@8         10003400 f   kernel32:KERNEL32.dll
 0001:00002406       _wsprintfW                 10003406 f   user32:USER32.dll
 0001:0000240c       _wsprintfA                 1000340c f   user32:USER32.dll
 0001:00002412       _CoInitialize@4            10003412 f   ole32:ole32.dll
 0001:00002418       _CoUninitialize@0          10003418 f   ole32:ole32.dll
 0001:0000241e       _GdipAlloc@4               1000341e f   gdiplus:gdiplus.dll
 0001:00002424       _GdipFree@4                10003424 f   gdiplus:gdiplus.dll
 0001:0000242a       _GdipDisposeImage@4        1000342a f   gdiplus:gdiplus.dll
 0001:00002430       _GdipGetImagePixelFormat@8 10003430 f   gdiplus:gdiplus.dll
 0001:00002436       _GdipCreateBitmapFromStream@8 10003436 f   gdiplus:gdiplus.dll
 0001:0000243c       _GdipCreateBitmapFromStreamICM@8 1000343c f   gdiplus:gdiplus.dll
 0001:00002442       _GdipBitmapLockBits@20     10003442 f   gdiplus:gdiplus.dll
 0001:00002448       _GdipBitmapUnlockBits@8    10003448 f   gdiplus:gdiplus.dll
 0001:0000244e       _GdiplusShutdown@4         1000344e f   gdiplus:gdiplus.dll
 0001:00002454       _GdiplusStartup@12         10003454 f   gdiplus:gdiplus.dll
 0001:0000245a       _GdipCloneImage@8          1000345a f   gdiplus:gdiplus.dll
 0001:00002460       __IMPORT_DESCRIPTOR_KERNEL32 10003460     kernel32:KERNEL32.dll
 0001:00002474       __IMPORT_DESCRIPTOR_USER32 10003474     user32:USER32.dll
 0001:00002488       __IMPORT_DESCRIPTOR_ole32  10003488     ole32:ole32.dll
 0001:0000249c       __IMPORT_DESCRIPTOR_gdiplus 1000349c     gdiplus:gdiplus.dll
 0001:000024b0       __NULL_IMPORT_DESCRIPTOR   100034b0     kernel32:KERNEL32.dll
 0002:00000000       ?g_TerminatedThreadIdx@@3JA 10004000     WThreads.obj
 0002:0000003c       ?gnLastWin32Error@@3KA     1000403c     ico.obj
 0002:00000040       ?ghModule@@3PAUHINSTANCE__@@A 10004040     ico.obj
 0002:00000044       ?AssertMsgBox@@3P6IHPB_WI0PAUHWND__@@_N@ZA 10004044     MAssert.obj
 0002:00000048       ?ghHeap@@3PAXA             10004048     Memory.obj
 0002:00007850       ?g_ThreadsIdx@@3JA         1000b850     WThreads.obj

 entry point at        0000:00000000

 Static symbols

