 pe

 Timestamp is 5847d732 (Wed Dec 07 12:32:34 2016)

 Preferred load address is 10000000

 Start         Length     Name                   Class
 0001:00000000 0000006cH .idata$5                CODE
 0001:00000070 000001ceH .rdata                  CODE
 0001:00000240 0000005eH .rdata$debug            CODE
 0001:000002a0 00001ac8H .text                   CODE
 0001:00001d68 00000028H .idata$2                CODE
 0001:00001d90 00000014H .idata$3                CODE
 0001:00001da4 0000006cH .idata$4                CODE
 0001:00001e10 00000180H .idata$6                CODE
 0001:00001f90 00000090H .edata                  CODE
 0002:00000000 00000004H .data                   DATA
 0002:00000008 00007820H .bss                    DATA
 0003:00000000 00000058H .rsrc$01                DATA
 0003:00000060 00000310H .rsrc$02                DATA

  Address         Publics by Value              Rva+Base       Lib:Object

 0000:00000000       ___safe_se_handler_table   00000000     <absolute>
 0000:00000000       ___safe_se_handler_count   00000000     <absolute>
 0001:00000000       __imp__HeapFree@12         10001000     kernel32:KERNEL32.dll
 0001:00000004       __imp__GetProcessHeap@0    10001004     kernel32:KERNEL32.dll
 0001:00000008       __imp__lstrcatW@8          10001008     kernel32:KERNEL32.dll
 0001:0000000c       __imp__lstrcpyW@8          1000100c     kernel32:KERNEL32.dll
 0001:00000010       __imp__lstrlenW@4          10001010     kernel32:KERNEL32.dll
 0001:00000014       __imp__lstrcmpiW@8         10001014     kernel32:KERNEL32.dll
 0001:00000018       __imp__lstrcmpW@8          10001018     kernel32:KERNEL32.dll
 0001:0000001c       __imp__lstrcmpA@8          1000101c     kernel32:KERNEL32.dll
 0001:00000020       __imp__MultiByteToWideChar@24 10001020     kernel32:KERNEL32.dll
 0001:00000024       __imp__lstrcmpiA@8         10001024     kernel32:KERNEL32.dll
 0001:00000028       __imp__lstrcpynW@12        10001028     kernel32:KERNEL32.dll
 0001:0000002c       __imp__HeapAlloc@12        1000102c     kernel32:KERNEL32.dll
 0001:00000030       __imp__HeapCreate@12       10001030     kernel32:KERNEL32.dll
 0001:00000034       __imp__HeapDestroy@4       10001034     kernel32:KERNEL32.dll
 0001:00000038       __imp__HeapReAlloc@16      10001038     kernel32:KERNEL32.dll
 0001:0000003c       __imp__lstrcpynA@12        1000103c     kernel32:KERNEL32.dll
 0001:00000040       __imp__GetTickCount@0      10001040     kernel32:KERNEL32.dll
 0001:00000044       __imp__GetCurrentThreadId@0 10001044     kernel32:KERNEL32.dll
 0001:00000048       __imp__SetLastError@4      10001048     kernel32:KERNEL32.dll
 0001:0000004c       __imp__ResumeThread@4      1000104c     kernel32:KERNEL32.dll
 0001:00000050       __imp__GetLastError@0      10001050     kernel32:KERNEL32.dll
 0001:00000054       __imp__CreateThread@24     10001054     kernel32:KERNEL32.dll
 0001:00000058       __imp__TerminateThread@8   10001058     kernel32:KERNEL32.dll
 0001:0000005c       \177KERNEL32_NULL_THUNK_DATA 1000105c     kernel32:KERNEL32.dll
 0001:00000060       __imp__wsprintfA           10001060     user32:USER32.dll
 0001:00000064       __imp__wsprintfW           10001064     user32:USER32.dll
 0001:00000068       \177USER32_NULL_THUNK_DATA 10001068     user32:USER32.dll
 0001:0000008c       ??_C@_13DIBMAFH@?$AA?$CJ?$AA?$AA@ 1000108c     pe.obj
 0001:00000090       ??_C@_1BO@IJOOPNFP@?$AA?$CF?$AAi?$AA?0?$AA?5?$AA?$CF?$AAi?$AA?0?$AA?5?$AA?$CF?$AAi?$AA?0?$AA?5?$AA?$CF?$AAi?$AA?$AA@ 10001090     pe.obj
 0001:000000b0       ??_C@_1M@NEPJOGKK@?$AA?$CF?$AAi?$AA?4?$AA?$CF?$AAi?$AA?$AA@ 100010b0     pe.obj
 0001:000000bc       ??_C@_1BC@JDEOJIFO@?$AA?$CF?$AAi?$AA?4?$AA?$CF?$AAi?$AA?4?$AA?$CF?$AAi?$AA?$AA@ 100010bc     pe.obj
 0001:000000d0       ??_C@_1BI@KONPHAJJ@?$AA?$CF?$AAi?$AA?4?$AA?$CF?$AAi?$AA?4?$AA?$CF?$AAi?$AA?4?$AA?$CF?$AAi?$AA?$AA@ 100010d0     pe.obj
 0001:000000e8       ??_C@_1BO@OKEPMKJE@?$AAP?$AAr?$AAo?$AAd?$AAu?$AAc?$AAt?$AAV?$AAe?$AAr?$AAs?$AAi?$AAo?$AAn?$AA?$AA@ 100010e8     pe.obj
 0001:00000108       ??_C@_1BI@HCCAONKE@?$AAF?$AAi?$AAl?$AAe?$AAV?$AAe?$AAr?$AAs?$AAi?$AAo?$AAn?$AA?$AA@ 10001108     pe.obj
 0001:00000120       ??_C@_0P@PLANDJKO@ProductVersion?$AA@ 10001120     pe.obj
 0001:00000130       ??_C@_0M@OBEGHOED@FileVersion?$AA@ 10001130     pe.obj
 0001:0000013c       ??_C@_1BI@LJHFMFCG@?$AAV?$AAa?$AAr?$AAF?$AAi?$AAl?$AAe?$AAI?$AAn?$AAf?$AAo?$AA?$AA@ 1000113c     pe.obj
 0001:00000154       ??_C@_1BO@PBBNDBNF@?$AAS?$AAt?$AAr?$AAi?$AAn?$AAg?$AAF?$AAi?$AAl?$AAe?$AAI?$AAn?$AAf?$AAo?$AA?$AA@ 10001154     pe.obj
 0001:00000174       ??_C@_0P@EMOHHAPL@StringFileInfo?$AA@ 10001174     pe.obj
 0001:00000184       ??_C@_0BA@PIFPCFJM@OpenFilePluginW?$AA@ 10001184     pe.obj
 0001:00000194       ??_C@_0M@DMAKBKI@OpenPluginW?$AA@ 10001194     pe.obj
 0001:000001a0       ??_C@_0P@LBJHCIBL@GetGlobalInfoW?$AA@ 100011a0     pe.obj
 0001:000001b0       ??_C@_0BA@IDLLFCLM@SetStartupInfoW?$AA@ 100011b0     pe.obj
 0001:000001c0       ??_C@_0P@JNNILPEA@SetStartupInfo?$AA@ 100011c0     pe.obj
 0001:000001d0       ??_C@_19BHIGINDB@?$AA?4?$AAd?$AAl?$AAl?$AA?$AA@ 100011d0     pe.obj
 0001:000001dc       ??_C@_13OHNMPHJM@?$AA?$FN?$AA?$AA@ 100011dc     pe.obj
 0001:000001e0       ??_C@_15FFJNNDMJ@?$AA?5?$AA?$FL?$AA?$AA@ 100011e0     pe.obj
 0001:000001e8       ??_C@_1M@FNNDEIFD@?$AA?4?$AAN?$AAe?$AAt?$AA?5?$AA?$AA@ 100011e8     pe.obj
 0001:000001f4       ??_C@_19KIFLGLIH@?$AAU?$AAp?$AAx?$AA?5?$AA?$AA@ 100011f4     pe.obj
 0001:00000200       ??_C@_13HOIJIPNN@?$AA?5?$AA?$AA@ 10001200     pe.obj
 0001:00000204       ??_C@_13DMCFHHKM@?$AA3?$AA?$AA@ 10001204     pe.obj
 0001:00000208       ??_C@_13IEJJBAMJ@?$AA2?$AA?$AA@ 10001208     pe.obj
 0001:0000020c       ??_C@_13FLOCNAAB@?$AA?$CG?$AA?$AA@ 1000120c     pe.obj
 0001:00000210       ??_C@_13JGCMLPCH@?$AA1?$AA?$AA@ 10001210     pe.obj
 0001:00000214       ??_C@_17HHLBFPBE@?$AAF?$AAa?$AAr?$AA?$AA@ 10001214     pe.obj
 0001:0000021c       ??_C@_17HIBPHNJA@?$AA3?$AA2?$AA?5?$AA?$AA@ 1000121c     pe.obj
 0001:00000224       ??_C@_17KBKLDIPL@?$AA1?$AA6?$AA?5?$AA?$AA@ 10001224     pe.obj
 0001:0000022c       ??_C@_17OGKGJAOJ@?$AA6?$AA4?$AA?5?$AA?$AA@ 1000122c     pe.obj
 0001:00000234       ??_C@_11LOCGONAA@?$AA?$AA@ 10001234     MAssert.obj
 0001:00000238       ??_C@_05LCABBMOG@?$CFs?3?$CFi?$AA@ 10001238     WThreads.obj
 0001:000002a0       ?wcschr@@YAPA_WPA_W_W@Z    100012a0 f i pe.obj
 0001:000002a5       ?Close@PEData@@QAEXXZ      100012a5 f i pe.obj
 0001:000002b6       ?Max@@YIIII@Z              100012b6 f   pe.obj
 0001:000002bf       ?ValidateMemory@@YI_NPAUPEData@@PBXI@Z 100012bf f   pe.obj
 0001:0000030f       ?ParseVersionInfoFixed@@YIXPAUPEData@@PAUtagVS_FIXEDFILEINFO@@@Z 1000130f f   pe.obj
 0001:0000047d       ?ParseVersionInfoVariableString@@YIXPAUPEData@@PAXAAKPAG@Z 1000147d f   pe.obj
 0001:00000608       ?ParseVersionInfoVariableStringA@@YIXPAUPEData@@PAXAAKPAD@Z 10001608 f   pe.obj
 0001:000007b4       ?ParseVersionInfoVariableVar@@YIXPAUPEData@@PAXAAKPAG@Z 100017b4 f   pe.obj
 0001:0000083a       ?ParseVersionInfoVariable@@YIXPAUPEData@@PAXAAKPAG@Z 1000183a f   pe.obj
 0001:000008b1       ?ParseVersionInfoVariableA@@YIXPAUPEData@@PAXAAKPAD@Z 100018b1 f   pe.obj
 0001:000008f1       ?ParseVersionInfo@@YIXPAUPEData@@AAPAXAAK@Z 100018f1 f   pe.obj
 0001:000009cd       ?ParseVersionInfoA@@YIXPAUPEData@@AAPAXAAK@Z 100019cd f   pe.obj
 0001:00000aa5       ?CreateResource@@YIXPAUPEData@@KPAXKKK@Z 10001aa5 f   pe.obj
 0001:00000b4c       ?DumpSectionTable@@YIXPAUPEData@@PAU_IMAGE_SECTION_HEADER@@IH@Z 10001b4c f   pe.obj
 0001:00000b8f       ?CET_Init@@YGHPAU0@@Z      10001b8f f   pe.obj
 0001:00000bb9       ?CET_Done@@YGXPAUCET_Init@@@Z 10001bb9 f   pe.obj
 0001:00000bc1       ?CET_Free@@YGXPAUCET_LoadInfo@@@Z 10001bc1 f   pe.obj
 0001:00000c02       ?CET_Cancel@@YGXPAX@Z      10001c02 f   pe.obj
 0001:00000c05       ??$DumpCOR20Header@U_IMAGE_NT_HEADERS64@@@@YIXPAUPEData@@PAEPAU_IMAGE_NT_HEADERS64@@@Z 10001c05 f i pe.obj
 0001:00000c1c       ??$DumpCOR20Header@U_IMAGE_NT_HEADERS@@@@YIXPAUPEData@@PAEPAU_IMAGE_NT_HEADERS@@@Z 10001c1c f i pe.obj
 0001:00000c33       ??$DumpCertificates@U_IMAGE_NT_HEADERS64@@@@YIXPAUPEData@@PAEPAU_IMAGE_NT_HEADERS64@@@Z 10001c33 f i pe.obj
 0001:00000c62       ??$DumpCertificates@U_IMAGE_NT_HEADERS@@@@YIXPAUPEData@@PAEPAU_IMAGE_NT_HEADERS@@@Z 10001c62 f i pe.obj
 0001:00000c91       ??$GetEnclosingSectionHeader@U_IMAGE_NT_HEADERS64@@@@YIPAU_IMAGE_SECTION_HEADER@@KPAU_IMAGE_NT_HEADERS64@@@Z 10001c91 f i pe.obj
 0001:00000ccb       ??$GetEnclosingSectionHeader@U_IMAGE_NT_HEADERS@@@@YIPAU_IMAGE_SECTION_HEADER@@KPAU_IMAGE_NT_HEADERS@@@Z 10001ccb f i pe.obj
 0001:00000d05       ?DumpNEResourceTable@@YIXPAUPEData@@PAU_IMAGE_DOS_HEADER@@PAE@Z 10001d05 f   pe.obj
 0001:00000dc3       ?DumpExeFileNE@@YI_NPAUPEData@@PAU_IMAGE_DOS_HEADER@@PAU_IMAGE_OS2_HEADER@@@Z 10001dc3 f   pe.obj
 0001:00000df7       ??$GetPtrFromRVA@U_IMAGE_NT_HEADERS64@@@@YIPAXKPAU_IMAGE_NT_HEADERS64@@PAE@Z 10001df7 f i pe.obj
 0001:00000e24       ??$GetPtrFromRVA@U_IMAGE_NT_HEADERS@@@@YIPAXKPAU_IMAGE_NT_HEADERS@@PAE@Z 10001e24 f i pe.obj
 0001:00000e51       ??$DumpExportsSection@U_IMAGE_NT_HEADERS64@@@@YIXPAUPEData@@PAEPAU_IMAGE_NT_HEADERS64@@@Z 10001e51 f i pe.obj
 0001:00001020       ??$DumpExportsSection@U_IMAGE_NT_HEADERS@@@@YIXPAUPEData@@PAEPAU_IMAGE_NT_HEADERS@@@Z 10002020 f i pe.obj
 0001:000011ec       ?DumpResourceEntry@@YIXPAUPEData@@KPAU_IMAGE_RESOURCE_DIRECTORY_ENTRY@@PAEKKK@Z 100021ec f   pe.obj
 0001:00001282       ?DumpResourceDirectory@@YIXPAUPEData@@PAU_IMAGE_RESOURCE_DIRECTORY@@PAEKKKK@Z 10002282 f   pe.obj
 0001:00001350       ??$DumpResourceSection@U_IMAGE_NT_HEADERS64@@@@YIXPAUPEData@@PAEPAU_IMAGE_NT_HEADERS64@@@Z 10002350 f i pe.obj
 0001:00001388       ??$DumpResourceSection@U_IMAGE_NT_HEADERS@@@@YIXPAUPEData@@PAEPAU_IMAGE_NT_HEADERS@@@Z 10002388 f i pe.obj
 0001:000013c0       ?DumpResources@@YIXPAUPEData@@PAEPAU_IMAGE_NT_HEADERS@@@Z 100023c0 f   pe.obj
 0001:000013f7       ?DumpExeFilePE@@YI_NPAUPEData@@PAU_IMAGE_DOS_HEADER@@PAU_IMAGE_NT_HEADERS@@@Z 100023f7 f   pe.obj
 0001:00001497       ?DumpExeFile@@YI_NPAUPEData@@PAU_IMAGE_DOS_HEADER@@@Z 10002497 f   pe.obj
 0001:000014e2       ?DumpFile@@YI_NPAUPEData@@PAE_J2@Z 100024e2 f   pe.obj
 0001:00001538       ?CET_Load@@YGHPAUCET_LoadInfo@@@Z 10002538 f   pe.obj
 0001:000017a3       ?StripSourceRoot@@YIPB_WPB_W@Z 100027a3 f   MAssert.obj
 0001:000017ee       ?HeapInitialize@@YI_NXZ    100027ee f   Memory.obj
 0001:00001814       ?HeapDeinitialize@@YIXXZ   10002814 f   Memory.obj
 0001:0000182c       ?xf_malloc@@YAPAXI@Z       1000282c f   Memory.obj
 0001:0000183f       ?xf_calloc@@YAPAXII@Z      1000283f f   Memory.obj
 0001:00001858       ?xf_realloc@@YAPAXPAXI@Z   10002858 f   Memory.obj
 0001:0000187d       ?xf_free@@YAXPAX@Z         1000287d f   Memory.obj
 0001:0000189b       ?xf_validate@@YA_NPAX@Z    1000289b f   Memory.obj
 0001:0000189e       ??2@YAPAXI@Z               1000289e f   Memory.obj
 0001:000018b8       ??_U@YAPAXI@Z              100028b8 f   Memory.obj
 0001:000018bd       ??3@YAXPAX@Z               100028bd f   Memory.obj
 0001:000018c2       ??_V@YAXPAX@Z              100028c2 f   Memory.obj
 0001:000018c7       ??0ConEmuThreadStartArg@@QAE@P6GKPAX@Z0K@Z 100028c7 f i WThreads.obj
 0001:000018e8       ?apiThreadHelper@@YGKPAX@Z 100028e8 f   WThreads.obj
 0001:00001a36       ?apiCreateThread@@YIPAXP6GKPAX@Z0PAKPBDH@Z 10002a36 f   WThreads.obj
 0001:00001b25       ?apiTerminateThreadEx@@YIHPAXKPBDH@Z 10002b25 f   WThreads.obj
 0001:00001bdb       ?wasTerminateThreadCalled@@YI_NXZ 10002bdb f   WThreads.obj
 0001:00001bf0       _wcschr                    10002bf0 f   libCRT:strchr.obj
 0001:00001c20       _wcsrchr                   10002c20 f   libCRT:strrchr.obj
 0001:00001c50       _memset                    10002c50 f   libCRT:memset.obj
 0001:00001c90       _strchr                    10002c90 f   libCRT:strchr.obj
 0001:00001cb0       _strrchr                   10002cb0 f   libCRT:strrchr.obj
 0001:00001cd2       _HeapFree@12               10002cd2 f   kernel32:KERNEL32.dll
 0001:00001cd8       _GetProcessHeap@0          10002cd8 f   kernel32:KERNEL32.dll
 0001:00001cde       _lstrcatW@8                10002cde f   kernel32:KERNEL32.dll
 0001:00001ce4       _lstrcpyW@8                10002ce4 f   kernel32:KERNEL32.dll
 0001:00001cea       _lstrlenW@4                10002cea f   kernel32:KERNEL32.dll
 0001:00001cf0       _lstrcmpiW@8               10002cf0 f   kernel32:KERNEL32.dll
 0001:00001cf6       _lstrcmpW@8                10002cf6 f   kernel32:KERNEL32.dll
 0001:00001cfc       _lstrcmpA@8                10002cfc f   kernel32:KERNEL32.dll
 0001:00001d02       _MultiByteToWideChar@24    10002d02 f   kernel32:KERNEL32.dll
 0001:00001d08       _lstrcmpiA@8               10002d08 f   kernel32:KERNEL32.dll
 0001:00001d0e       _lstrcpynW@12              10002d0e f   kernel32:KERNEL32.dll
 0001:00001d14       _HeapAlloc@12              10002d14 f   kernel32:KERNEL32.dll
 0001:00001d1a       _HeapCreate@12             10002d1a f   kernel32:KERNEL32.dll
 0001:00001d20       _HeapDestroy@4             10002d20 f   kernel32:KERNEL32.dll
 0001:00001d26       _HeapReAlloc@16            10002d26 f   kernel32:KERNEL32.dll
 0001:00001d2c       _lstrcpynA@12              10002d2c f   kernel32:KERNEL32.dll
 0001:00001d32       _GetTickCount@0            10002d32 f   kernel32:KERNEL32.dll
 0001:00001d38       _GetCurrentThreadId@0      10002d38 f   kernel32:KERNEL32.dll
 0001:00001d3e       _SetLastError@4            10002d3e f   kernel32:KERNEL32.dll
 0001:00001d44       _ResumeThread@4            10002d44 f   kernel32:KERNEL32.dll
 0001:00001d4a       _GetLastError@0            10002d4a f   kernel32:KERNEL32.dll
 0001:00001d50       _CreateThread@24           10002d50 f   kernel32:KERNEL32.dll
 0001:00001d56       _TerminateThread@8         10002d56 f   kernel32:KERNEL32.dll
 0001:00001d5c       _wsprintfW                 10002d5c f   user32:USER32.dll
 0001:00001d62       _wsprintfA                 10002d62 f   user32:USER32.dll
 0001:00001d68       __IMPORT_DESCRIPTOR_KERNEL32 10002d68     kernel32:KERNEL32.dll
 0001:00001d7c       __IMPORT_DESCRIPTOR_USER32 10002d7c     user32:USER32.dll
 0001:00001d90       __NULL_IMPORT_DESCRIPTOR   10002d90     kernel32:KERNEL32.dll
 0002:00000000       ?g_TerminatedThreadIdx@@3JA 10004000     WThreads.obj
 0002:00000008       ?ghModule@@3PAUHINSTANCE__@@A 10004008     pe.obj
 0002:0000000c       ?AssertMsgBox@@3P6IHPB_WI0PAUHWND__@@_N@ZA 1000400c     MAssert.obj
 0002:00000010       ?gfnHooksUnlockerProc@@3P6I_N_N@ZA 10004010     MAssert.obj
 0002:00000014       ?ghHeap@@3PAXA             10004014     Memory.obj
 0002:00000018       ?g_LastDeletePtr@@3PAXA    10004018     Memory.obj
 0002:00007820       ?g_ThreadsIdx@@3JA         1000b820     WThreads.obj

 entry point at        0000:00000000

 Static symbols

