 pe

 Timestamp is 564923db (Mon Nov 16 03:31:23 2015)

 Preferred load address is 0000000180000000

 Start         Length     Name                   Class
 0001:00000000 000000f0H .idata$5                CODE
 0001:000000f0 000001deH .rdata                  CODE
 0001:000002d0 0000005eH .rdata$debug            CODE
 0001:00000330 000024f4H .text                   CODE
 0001:00002824 000002d8H .xdata                  CODE
 0001:00002afc 00000028H .idata$2                CODE
 0001:00002b24 00000014H .idata$3                CODE
 0001:00002b38 000000f0H .idata$4                CODE
 0001:00002c28 000001a8H .idata$6                CODE
 0001:00002dd0 00000090H .edata                  CODE
 0002:00000000 00000004H .data                   DATA
 0002:00000010 00008824H .bss                    DATA
 0003:00000000 00000210H .pdata                  DATA
 0004:00000000 00000058H .rsrc$01                DATA
 0004:00000060 000002b8H .rsrc$02                DATA

  Address         Publics by Value              Rva+Base               Lib:Object

 0000:00000000       ___safe_se_handler_count   0000000000000000     <absolute>
 0000:00000000       ___safe_se_handler_table   0000000000000000     <absolute>
 0001:00000000       __imp_HeapFree             0000000180001000     kernel32:KERNEL32.dll
 0001:00000008       __imp_GetProcessHeap       0000000180001008     kernel32:KERNEL32.dll
 0001:00000010       __imp_lstrcatW             0000000180001010     kernel32:KERNEL32.dll
 0001:00000018       __imp_lstrcpyW             0000000180001018     kernel32:KERNEL32.dll
 0001:00000020       __imp_lstrlenW             0000000180001020     kernel32:KERNEL32.dll
 0001:00000028       __imp_lstrcmpiW            0000000180001028     kernel32:KERNEL32.dll
 0001:00000030       __imp_lstrcmpW             0000000180001030     kernel32:KERNEL32.dll
 0001:00000038       __imp_lstrcmpA             0000000180001038     kernel32:KERNEL32.dll
 0001:00000040       __imp_MultiByteToWideChar  0000000180001040     kernel32:KERNEL32.dll
 0001:00000048       __imp_lstrcmpiA            0000000180001048     kernel32:KERNEL32.dll
 0001:00000050       __imp_lstrcpynW            0000000180001050     kernel32:KERNEL32.dll
 0001:00000058       __imp_HeapAlloc            0000000180001058     kernel32:KERNEL32.dll
 0001:00000060       __imp_HeapCreate           0000000180001060     kernel32:KERNEL32.dll
 0001:00000068       __imp_HeapDestroy          0000000180001068     kernel32:KERNEL32.dll
 0001:00000070       __imp_HeapReAlloc          0000000180001070     kernel32:KERNEL32.dll
 0001:00000078       __imp_HeapValidate         0000000180001078     kernel32:KERNEL32.dll
 0001:00000080       __imp_lstrcpyA             0000000180001080     kernel32:KERNEL32.dll
 0001:00000088       __imp_lstrlenA             0000000180001088     kernel32:KERNEL32.dll
 0001:00000090       __imp_lstrcpynA            0000000180001090     kernel32:KERNEL32.dll
 0001:00000098       __imp_GetTickCount         0000000180001098     kernel32:KERNEL32.dll
 0001:000000a0       __imp_GetCurrentThreadId   00000001800010a0     kernel32:KERNEL32.dll
 0001:000000a8       __imp_SetLastError         00000001800010a8     kernel32:KERNEL32.dll
 0001:000000b0       __imp_ResumeThread         00000001800010b0     kernel32:KERNEL32.dll
 0001:000000b8       __imp_GetLastError         00000001800010b8     kernel32:KERNEL32.dll
 0001:000000c0       __imp_CreateThread         00000001800010c0     kernel32:KERNEL32.dll
 0001:000000c8       __imp_TerminateThread      00000001800010c8     kernel32:KERNEL32.dll
 0001:000000d0       \177KERNEL32_NULL_THUNK_DATA 00000001800010d0     kernel32:KERNEL32.dll
 0001:000000d8       __imp_wsprintfA            00000001800010d8     user32:USER32.dll
 0001:000000e0       __imp_wsprintfW            00000001800010e0     user32:USER32.dll
 0001:000000e8       \177USER32_NULL_THUNK_DATA 00000001800010e8     user32:USER32.dll
 0001:0000010c       ??_C@_13DIBMAFH@?$AA?$CJ?$AA?$AA@ 000000018000110c     pe.obj
 0001:00000110       ??_C@_1BO@IJOOPNFP@?$AA?$CF?$AAi?$AA?0?$AA?5?$AA?$CF?$AAi?$AA?0?$AA?5?$AA?$CF?$AAi?$AA?0?$AA?5?$AA?$CF?$AAi?$AA?$AA@ 0000000180001110     pe.obj
 0001:00000130       ??_C@_1BI@KONPHAJJ@?$AA?$CF?$AAi?$AA?4?$AA?$CF?$AAi?$AA?4?$AA?$CF?$AAi?$AA?4?$AA?$CF?$AAi?$AA?$AA@ 0000000180001130     pe.obj
 0001:00000148       ??_C@_1M@NEPJOGKK@?$AA?$CF?$AAi?$AA?4?$AA?$CF?$AAi?$AA?$AA@ 0000000180001148     pe.obj
 0001:00000158       ??_C@_1BC@JDEOJIFO@?$AA?$CF?$AAi?$AA?4?$AA?$CF?$AAi?$AA?4?$AA?$CF?$AAi?$AA?$AA@ 0000000180001158     pe.obj
 0001:00000170       ??_C@_1BO@OKEPMKJE@?$AAP?$AAr?$AAo?$AAd?$AAu?$AAc?$AAt?$AAV?$AAe?$AAr?$AAs?$AAi?$AAo?$AAn?$AA?$AA@ 0000000180001170     pe.obj
 0001:00000190       ??_C@_1BI@HCCAONKE@?$AAF?$AAi?$AAl?$AAe?$AAV?$AAe?$AAr?$AAs?$AAi?$AAo?$AAn?$AA?$AA@ 0000000180001190     pe.obj
 0001:000001a8       ??_C@_0P@PLANDJKO@ProductVersion?$AA@ 00000001800011a8     pe.obj
 0001:000001b8       ??_C@_0M@OBEGHOED@FileVersion?$AA@ 00000001800011b8     pe.obj
 0001:000001c8       ??_C@_1BI@LJHFMFCG@?$AAV?$AAa?$AAr?$AAF?$AAi?$AAl?$AAe?$AAI?$AAn?$AAf?$AAo?$AA?$AA@ 00000001800011c8     pe.obj
 0001:000001e0       ??_C@_1BO@PBBNDBNF@?$AAS?$AAt?$AAr?$AAi?$AAn?$AAg?$AAF?$AAi?$AAl?$AAe?$AAI?$AAn?$AAf?$AAo?$AA?$AA@ 00000001800011e0     pe.obj
 0001:00000200       ??_C@_0P@EMOHHAPL@StringFileInfo?$AA@ 0000000180001200     pe.obj
 0001:00000210       ??_C@_0BA@PIFPCFJM@OpenFilePluginW?$AA@ 0000000180001210     pe.obj
 0001:00000220       ??_C@_0M@DMAKBKI@OpenPluginW?$AA@ 0000000180001220     pe.obj
 0001:00000230       ??_C@_0P@LBJHCIBL@GetGlobalInfoW?$AA@ 0000000180001230     pe.obj
 0001:00000240       ??_C@_0BA@IDLLFCLM@SetStartupInfoW?$AA@ 0000000180001240     pe.obj
 0001:00000250       ??_C@_0P@JNNILPEA@SetStartupInfo?$AA@ 0000000180001250     pe.obj
 0001:00000260       ??_C@_19BHIGINDB@?$AA?4?$AAd?$AAl?$AAl?$AA?$AA@ 0000000180001260     pe.obj
 0001:0000026c       ??_C@_13OHNMPHJM@?$AA?$FN?$AA?$AA@ 000000018000126c     pe.obj
 0001:00000270       ??_C@_15FFJNNDMJ@?$AA?5?$AA?$FL?$AA?$AA@ 0000000180001270     pe.obj
 0001:00000278       ??_C@_1M@FNNDEIFD@?$AA?4?$AAN?$AAe?$AAt?$AA?5?$AA?$AA@ 0000000180001278     pe.obj
 0001:00000288       ??_C@_19KIFLGLIH@?$AAU?$AAp?$AAx?$AA?5?$AA?$AA@ 0000000180001288     pe.obj
 0001:00000294       ??_C@_13HOIJIPNN@?$AA?5?$AA?$AA@ 0000000180001294     pe.obj
 0001:00000298       ??_C@_13DMCFHHKM@?$AA3?$AA?$AA@ 0000000180001298     pe.obj
 0001:0000029c       ??_C@_13IEJJBAMJ@?$AA2?$AA?$AA@ 000000018000129c     pe.obj
 0001:000002a0       ??_C@_13FLOCNAAB@?$AA?$CG?$AA?$AA@ 00000001800012a0     pe.obj
 0001:000002a4       ??_C@_13JGCMLPCH@?$AA1?$AA?$AA@ 00000001800012a4     pe.obj
 0001:000002a8       ??_C@_17HHLBFPBE@?$AAF?$AAa?$AAr?$AA?$AA@ 00000001800012a8     pe.obj
 0001:000002b0       ??_C@_17HIBPHNJA@?$AA3?$AA2?$AA?5?$AA?$AA@ 00000001800012b0     pe.obj
 0001:000002b8       ??_C@_17KBKLDIPL@?$AA1?$AA6?$AA?5?$AA?$AA@ 00000001800012b8     pe.obj
 0001:000002c0       ??_C@_17OGKGJAOJ@?$AA6?$AA4?$AA?5?$AA?$AA@ 00000001800012c0     pe.obj
 0001:000002c8       ??_C@_05LCABBMOG@?$CFs?3?$CFi?$AA@ 00000001800012c8     WThreads.obj
 0001:00000330       ?wcschr@@YAPEA_WPEA_W_W@Z  0000000180001330 f i pe.obj
 0001:00000338       ?Close@PEData@@QEAAXXZ     0000000180001338 f i pe.obj
 0001:0000035c       ?Max@@YA_K_K0@Z            000000018000135c f   pe.obj
 0001:00000368       ?ValidateMemory@@YA_NPEAUPEData@@PEBX_K@Z 0000000180001368 f   pe.obj
 0001:000003a0       ?ParseVersionInfoFixed@@YAXPEAUPEData@@PEAUtagVS_FIXEDFILEINFO@@@Z 00000001800013a0 f   pe.obj
 0001:00000578       ?ParseVersionInfoVariableString@@YAXPEAUPEData@@PEAXAEAKPEAG@Z 0000000180001578 f   pe.obj
 0001:0000073c       ?ParseVersionInfoVariableStringA@@YAXPEAUPEData@@PEAXAEAKPEAD@Z 000000018000173c f   pe.obj
 0001:00000948       ?ParseVersionInfoVariableVar@@YAXPEAUPEData@@PEAXAEAKPEAG@Z 0000000180001948 f   pe.obj
 0001:00000a08       ?ParseVersionInfoVariable@@YAXPEAUPEData@@PEAXAEAKPEAG@Z 0000000180001a08 f   pe.obj
 0001:00000ab8       ?ParseVersionInfoVariableA@@YAXPEAUPEData@@PEAXAEAKPEAD@Z 0000000180001ab8 f   pe.obj
 0001:00000b24       ?ParseVersionInfo@@YAXPEAUPEData@@AEAPEAXAEAK@Z 0000000180001b24 f   pe.obj
 0001:00000c48       ?ParseVersionInfoA@@YAXPEAUPEData@@AEAPEAXAEAK@Z 0000000180001c48 f   pe.obj
 0001:00000d68       ?CreateResource@@YAXPEAUPEData@@KPEAXKKK@Z 0000000180001d68 f   pe.obj
 0001:00000e34       ?DumpSectionTable@@YAXPEAUPEData@@PEAU_IMAGE_SECTION_HEADER@@IH@Z 0000000180001e34 f   pe.obj
 0001:00000e8c       ?CET_Init@@YAHPEAU0@@Z     0000000180001e8c f   pe.obj
 0001:00000ec8       ?CET_Done@@YAXPEAUCET_Init@@@Z 0000000180001ec8 f   pe.obj
 0001:00000ed0       ?CET_Free@@YAXPEAUCET_LoadInfo@@@Z 0000000180001ed0 f   pe.obj
 0001:00000f1c       ?CET_Cancel@@YAXPEAX@Z     0000000180001f1c f   pe.obj
 0001:00000f20       ??$DumpCOR20Header@U_IMAGE_NT_HEADERS64@@@@YAXPEAUPEData@@PEAEPEAU_IMAGE_NT_HEADERS64@@@Z 0000000180001f20 f i pe.obj
 0001:00000f30       ??$DumpCOR20Header@U_IMAGE_NT_HEADERS@@@@YAXPEAUPEData@@PEAEPEAU_IMAGE_NT_HEADERS@@@Z 0000000180001f30 f i pe.obj
 0001:00000f40       ??$DumpCertificates@U_IMAGE_NT_HEADERS64@@@@YAXPEAUPEData@@PEAEPEAU_IMAGE_NT_HEADERS64@@@Z 0000000180001f40 f i pe.obj
 0001:00000f60       ??$DumpCertificates@U_IMAGE_NT_HEADERS@@@@YAXPEAUPEData@@PEAEPEAU_IMAGE_NT_HEADERS@@@Z 0000000180001f60 f i pe.obj
 0001:00000f80       ??$GetEnclosingSectionHeader@U_IMAGE_NT_HEADERS64@@@@YAPEAU_IMAGE_SECTION_HEADER@@KPEAU_IMAGE_NT_HEADERS64@@@Z 0000000180001f80 f i pe.obj
 0001:00000fc8       ??$GetEnclosingSectionHeader@U_IMAGE_NT_HEADERS@@@@YAPEAU_IMAGE_SECTION_HEADER@@KPEAU_IMAGE_NT_HEADERS@@@Z 0000000180001fc8 f i pe.obj
 0001:00001010       ?DumpNEResourceTable@@YAXPEAUPEData@@PEAU_IMAGE_DOS_HEADER@@PEAE@Z 0000000180002010 f   pe.obj
 0001:0000111c       ?DumpExeFileNE@@YA_NPEAUPEData@@PEAU_IMAGE_DOS_HEADER@@PEAU_IMAGE_OS2_HEADER@@@Z 000000018000211c f   pe.obj
 0001:00001158       ??$GetPtrFromRVA@U_IMAGE_NT_HEADERS64@@@@YAPEAXKPEAU_IMAGE_NT_HEADERS64@@PEAE@Z 0000000180002158 f i pe.obj
 0001:000011a4       ??$GetPtrFromRVA@U_IMAGE_NT_HEADERS@@@@YAPEAXKPEAU_IMAGE_NT_HEADERS@@PEAE@Z 00000001800021a4 f i pe.obj
 0001:000011f0       ??$DumpExportsSection@U_IMAGE_NT_HEADERS64@@@@YAXPEAUPEData@@PEAEPEAU_IMAGE_NT_HEADERS64@@@Z 00000001800021f0 f i pe.obj
 0001:0000146c       ??$DumpExportsSection@U_IMAGE_NT_HEADERS@@@@YAXPEAUPEData@@PEAEPEAU_IMAGE_NT_HEADERS@@@Z 000000018000246c f i pe.obj
 0001:000016e4       ?DumpResourceEntry@@YAXPEAUPEData@@KPEAU_IMAGE_RESOURCE_DIRECTORY_ENTRY@@PEAEKKK@Z 00000001800026e4 f   pe.obj
 0001:000017c8       ?DumpResourceDirectory@@YAXPEAUPEData@@PEAU_IMAGE_RESOURCE_DIRECTORY@@PEAEKKKK@Z 00000001800027c8 f   pe.obj
 0001:000018fc       ??$DumpResourceSection@U_IMAGE_NT_HEADERS64@@@@YAXPEAUPEData@@PEAEPEAU_IMAGE_NT_HEADERS64@@@Z 00000001800028fc f i pe.obj
 0001:00001950       ??$DumpResourceSection@U_IMAGE_NT_HEADERS@@@@YAXPEAUPEData@@PEAEPEAU_IMAGE_NT_HEADERS@@@Z 0000000180002950 f i pe.obj
 0001:000019a4       ?DumpResources@@YAXPEAUPEData@@PEAEPEAU_IMAGE_NT_HEADERS@@@Z 00000001800029a4 f   pe.obj
 0001:000019e4       ?DumpExeFilePE@@YA_NPEAUPEData@@PEAU_IMAGE_DOS_HEADER@@PEAU_IMAGE_NT_HEADERS@@@Z 00000001800029e4 f   pe.obj
 0001:00001ac8       ?DumpExeFile@@YA_NPEAUPEData@@PEAU_IMAGE_DOS_HEADER@@@Z 0000000180002ac8 f   pe.obj
 0001:00001b24       ?DumpFile@@YA_NPEAUPEData@@PEAE_J2@Z 0000000180002b24 f   pe.obj
 0001:00001b6c       ?CET_Load@@YAHPEAUCET_LoadInfo@@@Z 0000000180002b6c f   pe.obj
 0001:00001e80       ?HeapInitialize@@YA_NXZ    0000000180002e80 f   Memory.obj
 0001:00001eb8       ?HeapDeinitialize@@YAXXZ   0000000180002eb8 f   Memory.obj
 0001:00001edc       ?xf_malloc@@YAPEAX_K@Z     0000000180002edc f   Memory.obj
 0001:00001ef0       ?xf_calloc@@YAPEAX_K0@Z    0000000180002ef0 f   Memory.obj
 0001:00001f0c       ?xf_realloc@@YAPEAXPEAX_K@Z 0000000180002f0c f   Memory.obj
 0001:00001f48       ?xf_free@@YAXPEAX@Z        0000000180002f48 f   Memory.obj
 0001:00001f70       ?xf_validate@@YA_NPEAX@Z   0000000180002f70 f   Memory.obj
 0001:00001f94       ??2@YAPEAX_K@Z             0000000180002f94 f   Memory.obj
 0001:00001fa8       ??_U@YAPEAX_K@Z            0000000180002fa8 f   Memory.obj
 0001:00001fbc       ??3@YAXPEAX@Z              0000000180002fbc f   Memory.obj
 0001:00001fc4       ??_V@YAXPEAX@Z             0000000180002fc4 f   Memory.obj
 0001:00001fcc       ?lstrdup@@YAPEADPEBD@Z     0000000180002fcc f   Memory.obj
 0001:00002030       ?lstrdup@@YAPEA_WPEB_W_K@Z 0000000180003030 f   Memory.obj
 0001:000020a8       ?lstrdupW@@YAPEA_WPEBDI@Z  00000001800030a8 f   Memory.obj
 0001:00002138       ?lstrmerge@@YAPEA_WPEB_W0000@Z 0000000180003138 f   Memory.obj
 0001:0000222c       ?lstrmerge@@YA_NPEAPEA_WPEB_W111@Z 000000018000322c f   Memory.obj
 0001:00002270       ??0ConEmuThreadStartArg@@QEAA@P6AKPEAX@Z0K@Z 0000000180003270 f i WThreads.obj
 0001:00002288       ?apiThreadHelper@@YAKPEAX@Z 0000000180003288 f   WThreads.obj
 0001:0000245c       ?apiCreateThread@@YAPEAXP6AKPEAX@Z0PEAKPEBDH@Z 000000018000345c f   WThreads.obj
 0001:000025a8       ?apiTerminateThreadEx@@YAHPEAXKPEBDH@Z 00000001800035a8 f   WThreads.obj
 0001:000026b0       wcschr                     00000001800036b0 f   libCRT64:strchr.obj
 0001:000026d0       wcsrchr                    00000001800036d0 f   libCRT64:strrchr.obj
 0001:00002700       memset                     0000000180003700 f   libCRT64:memset.obj
 0001:00002730       strchr                     0000000180003730 f   libCRT64:strchr.obj
 0001:00002750       strrchr                    0000000180003750 f   libCRT64:strrchr.obj
 0001:0000277c       HeapFree                   000000018000377c f   kernel32:KERNEL32.dll
 0001:00002782       GetProcessHeap             0000000180003782 f   kernel32:KERNEL32.dll
 0001:00002788       lstrcatW                   0000000180003788 f   kernel32:KERNEL32.dll
 0001:0000278e       lstrcpyW                   000000018000378e f   kernel32:KERNEL32.dll
 0001:00002794       lstrlenW                   0000000180003794 f   kernel32:KERNEL32.dll
 0001:0000279a       lstrcmpiW                  000000018000379a f   kernel32:KERNEL32.dll
 0001:000027a0       lstrcmpW                   00000001800037a0 f   kernel32:KERNEL32.dll
 0001:000027a6       lstrcmpA                   00000001800037a6 f   kernel32:KERNEL32.dll
 0001:000027ac       MultiByteToWideChar        00000001800037ac f   kernel32:KERNEL32.dll
 0001:000027b2       lstrcmpiA                  00000001800037b2 f   kernel32:KERNEL32.dll
 0001:000027b8       lstrcpynW                  00000001800037b8 f   kernel32:KERNEL32.dll
 0001:000027be       HeapAlloc                  00000001800037be f   kernel32:KERNEL32.dll
 0001:000027c4       HeapCreate                 00000001800037c4 f   kernel32:KERNEL32.dll
 0001:000027ca       HeapDestroy                00000001800037ca f   kernel32:KERNEL32.dll
 0001:000027d0       HeapReAlloc                00000001800037d0 f   kernel32:KERNEL32.dll
 0001:000027d6       HeapValidate               00000001800037d6 f   kernel32:KERNEL32.dll
 0001:000027dc       lstrcpyA                   00000001800037dc f   kernel32:KERNEL32.dll
 0001:000027e2       lstrlenA                   00000001800037e2 f   kernel32:KERNEL32.dll
 0001:000027e8       lstrcpynA                  00000001800037e8 f   kernel32:KERNEL32.dll
 0001:000027ee       GetTickCount               00000001800037ee f   kernel32:KERNEL32.dll
 0001:000027f4       GetCurrentThreadId         00000001800037f4 f   kernel32:KERNEL32.dll
 0001:000027fa       SetLastError               00000001800037fa f   kernel32:KERNEL32.dll
 0001:00002800       ResumeThread               0000000180003800 f   kernel32:KERNEL32.dll
 0001:00002806       GetLastError               0000000180003806 f   kernel32:KERNEL32.dll
 0001:0000280c       CreateThread               000000018000380c f   kernel32:KERNEL32.dll
 0001:00002812       TerminateThread            0000000180003812 f   kernel32:KERNEL32.dll
 0001:00002818       wsprintfW                  0000000180003818 f   user32:USER32.dll
 0001:0000281e       wsprintfA                  000000018000381e f   user32:USER32.dll
 0001:00002afc       __IMPORT_DESCRIPTOR_KERNEL32 0000000180003afc     kernel32:KERNEL32.dll
 0001:00002b10       __IMPORT_DESCRIPTOR_USER32 0000000180003b10     user32:USER32.dll
 0001:00002b24       __NULL_IMPORT_DESCRIPTOR   0000000180003b24     kernel32:KERNEL32.dll
 0002:00000000       ?g_TerminatedThreadIdx@@3JA 0000000180004000     WThreads.obj
 0002:00000010       ?ghModule@@3PEAUHINSTANCE__@@EA 0000000180004010     pe.obj
 0002:00000018       ?AssertMsgBox@@3P6AHPEB_WI0PEAUHWND__@@_N@ZEA 0000000180004018     MAssert.obj
 0002:00000020       ?ghHeap@@3PEAXEA           0000000180004020     Memory.obj
 0002:00008830       ?g_ThreadsIdx@@3JA         000000018000c830     WThreads.obj

 entry point at        0000:00000000

 Static symbols

