 ConEmu

 Timestamp is 52ae39ac (Mon Dec 16 03:22:20 2013)

 Preferred load address is 10000000

 Start         Length     Name                   Class
 0001:00000000 0002cd76H .text                   CODE
 0002:00000000 00000354H .idata$5                DATA
 0002:00000360 00003998H .rdata                  DATA
 0002:00003cf8 0000006fH .rdata$debug            DATA
 0002:00003d70 0000000cH .rdata$sxdata           DATA
 0002:00003d80 0000003cH .xdata$x                DATA
 0002:00003dbc 00000078H .idata$2                DATA
 0002:00003e34 00000014H .idata$3                DATA
 0002:00003e48 00000354H .idata$4                DATA
 0002:0000419c 00000f12H .idata$6                DATA
 0002:000050b0 00000337H .edata                  DATA
 0003:00000000 00000198H .data                   DATA
 0003:00000198 000023e0H .bss                    DATA
 0004:00000000 00000004H .CRT$XIC                DATA
 0005:00000000 00000058H .rsrc$01                DATA
 0005:00000060 00000290H .rsrc$02                DATA

  Address         Publics by Value              Rva+Base       Lib:Object

 0000:00000000       __except_list              00000000     <absolute>
 0000:00000003       ___safe_se_handler_count   00000003     <absolute>
 0000:00000000       ___ImageBase               10000000     <linker-defined>
 0001:00000000       ?StartupHooks@@YIHPAUHINSTANCE__@@@Z 10001000 f   ConEmuInjects.obj
 0001:00000350       ?ShutdownHooks@@YIXXZ      10001350 f   ConEmuInjects.obj
 0001:000004e0       ??$wcscpy_c@$0EA@@@YIHAAY0EA@_WPB_W@Z 100014e0 f i ConEmuInjects.obj
 0001:00000510       ?StringCchCopyW@@YGJPA_WIPB_W@Z 10001510 f i ConEmuInjects.obj
 0001:00000640       ?pcc_Selected@@YI_NW4PluginMenuCommands@@@Z 10001640 f   ConEmuPlugin.obj
 0001:000006b0       ?pcc_Disabled@@YI_NW4PluginMenuCommands@@@Z 100016b0 f   ConEmuPlugin.obj
 0001:00000760       ?GetPluginInfoWcmn@@YGXPAX@Z 10001760 f   ConEmuPlugin.obj
 0001:000007a0       ?CheckConEmuDetached@@YIXXZ 100017a0 f   ConEmuPlugin.obj
 0001:00000840       ??BHWND2@@QBEKXZ           10001840 f i ConEmuPlugin.obj
 0001:00000850       ?OpenPluginWcmn@@YIPAXHH_N@Z 10001850 f   ConEmuPlugin.obj
 0001:00000ae0       _OpenPluginW@8             10001ae0 f   ConEmuPlugin.obj
 0001:00000b20       ?TouchReadPeekConsoleInputs@@YIXH@Z 10001b20 f   ConEmuPlugin.obj
 0001:00000b60       ?OnMainThreadActivated@@YIXXZ 10001b60 f   ConEmuPlugin.obj
 0001:00000de0       ?IsFarLua@FarVersion@@QBE_NXZ 10001de0 f i ConEmuPlugin.obj
 0001:00000e30       ?OnConsolePeekReadInput@@YIXH@Z 10001e30 f   ConEmuPlugin.obj
 0001:00001020       ?ActiveServerPID@CESERVER_CONSOLE_MAPPING_HDR@@QBEKXZ 10002020 f i ConEmuPlugin.obj
 0001:00001060       ?OnPanelViewCallbacks@@YIHPAUHookCallbackArg@@P6GHPAXPAU_INPUT_RECORD@@KPAKPAH@Z5@Z 10002060 f   ConEmuPlugin.obj
 0001:00001140       ?OnShellExecuteExW_Except@@YGXPAUHookCallbackArg@@@Z 10002140 f   ConEmuPlugin.obj
 0001:00001180       ?OnGetNumberOfConsoleInputEventsPost@@YGXPAUHookCallbackArg@@@Z 10002180 f   ConEmuPlugin.obj
 0001:000011c0       ?UngetDummyMouseEvent@@YIHHPAUHookCallbackArg@@@Z 100021c0 f   ConEmuPlugin.obj
 0001:000013f0       ??4HANDLE2@@QAEAAU0@PAX@Z  100023f0 f i ConEmuPlugin.obj
 0001:00001410       ?OnConsolePeekInput@@YGHPAUHookCallbackArg@@@Z 10002410 f   ConEmuPlugin.obj
 0001:00001490       ?OnConsolePeekInputPost@@YGXPAUHookCallbackArg@@@Z 10002490 f   ConEmuPlugin.obj
 0001:000014d0       ?OnConsoleReadInputWork@@YIHPAUHookCallbackArg@@@Z 100024d0 f   ConEmuPlugin.obj
 0001:00001560       ?OnConsoleReadInput@@YGHPAUHookCallbackArg@@@Z 10002560 f   ConEmuPlugin.obj
 0001:00001570       ?OnConsoleReadInputPost@@YGXPAUHookCallbackArg@@@Z 10002570 f   ConEmuPlugin.obj
 0001:000017b0       ?OnWriteConsoleOutput@@YGHPAUHookCallbackArg@@@Z 100027b0 f   ConEmuPlugin.obj
 0001:00001890       _ProcessSynchroEventW@8    10002890 f   ConEmuPlugin.obj
 0001:00001940       ?ShutdownPluginStep@@YIXPB_WHHHH@Z 10002940 f   ConEmuPlugin.obj
 0001:00001960       _DllMain@12                10002960 f   ConEmuPlugin.obj
 0001:00001bd0       ??_GMSection@@QAEPAXI@Z    10002bd0 f i ConEmuPlugin.obj
 0001:00001c00       ??_GCPluginBackground@@QAEPAXI@Z 10002c00 f i ConEmuPlugin.obj
 0001:00001c30       __DllMainCRTStartup@12     10002c30 f   ConEmuPlugin.obj
 0001:00001c50       ?IsConsoleActive@@YGHXZ    10002c50 f   ConEmuPlugin.obj
 0001:00001cb0       ?GetFarHWND2@@YGPAUHWND__@@H@Z 10002cb0 f   ConEmuPlugin.obj
 0001:00001d20       ?GetFarHWND@@YGPAUHWND__@@XZ 10002d20 f   ConEmuPlugin.obj
 0001:00001d30       ?IsTerminalMode@@YGHXZ     10002d30 f   ConEmuPlugin.obj
 0001:00001d40       ?GetFarVersion@@YGXPAUFarVersion@@@Z 10002d40 f   ConEmuPlugin.obj
 0001:00001d70       ?LoadFarVersion@@YIHXZ     10002d70 f   ConEmuPlugin.obj
 0001:00002110       ?RegisterPanelView@@YGHPAUPanelViewInit@@@Z 10003110 f   ConEmuPlugin.obj
 0001:00002300       ?RegisterBackground@@YGHPAURegisterBackgroundArg@@@Z 10003300 f   ConEmuPlugin.obj
 0001:00002390       ?SyncExecute@@YGHPAUHINSTANCE__@@P6GXJ@ZJ@Z 10003390 f   ConEmuPlugin.obj
 0001:000023e0       ?ActivateConsole@@YGHXZ    100033e0 f   ConEmuPlugin.obj
 0001:00002470       ??BHWND2@@QBEPAUHWND__@@XZ 10003470 f i ConEmuPlugin.obj
 0001:00002480       ??4HWND2@@QAEAAU0@PAUHWND__@@@Z 10003480 f i ConEmuPlugin.obj
 0001:000024a0       ?ExecuteSynchro@@YIXXZ     100034a0 f   ConEmuPlugin.obj
 0001:00002560       ?ProcessCommand@@YIHKHPAXPAPAUCESERVER_REQ@@@Z 10003560 f   ConEmuPlugin.obj
 0001:000032f0       ?StringCchCatW@@YGJPA_WIPB_W@Z 100042f0 f i ConEmuPlugin.obj
 0001:000038c0       ?FarSetConsoleSize@@YIHFF@Z 100048c0 f   ConEmuPlugin.obj
 0001:000039d0       ?OnConsoleDetaching@@YGHPAUHookCallbackArg@@@Z 100049d0 f   ConEmuPlugin.obj
 0001:00003af0       ?OnConsoleWasAttached@@YGXPAUHookCallbackArg@@@Z 10004af0 f   ConEmuPlugin.obj
 0001:00003b50       ?MonitorThreadProcW@@YGKPAX@Z 10004b50 f   ConEmuPlugin.obj
 0001:00003ef0       ?CommonPluginStartup@@YIXXZ 10004ef0 f   ConEmuPlugin.obj
 0001:00004000       _SetStartupInfoW@4         10005000 f   ConEmuPlugin.obj
 0001:00004060       ?CloseMapHeader@@YIXXZ     10005060 f   ConEmuPlugin.obj
 0001:00004090       ?OpenMapHeader@@YIHXZ      10005090 f   ConEmuPlugin.obj
 0001:00004150       ?InitRootKey@@YIXXZ        10005150 f   ConEmuPlugin.obj
 0001:00004210       ?InitHWND@@YIXXZ           10005210 f   ConEmuPlugin.obj
 0001:00004720       ?ReloadFarInfo@@YIHH@Z     10005720 f   ConEmuPlugin.obj
 0001:00004b80       ?UpdateConEmuTabsW@@YI_NH_N0PAX@Z 10005b80 f   ConEmuPlugin.obj
 0001:00004c70       ?UpdateConEmuTabs@@YI_NH_N0PAX@Z 10005c70 f   ConEmuPlugin.obj
 0001:00004e90       ?CreateTabs@@YIHH@Z        10005e90 f   ConEmuPlugin.obj
 0001:00004f70       ?AddTab@@YIHAAH_N1HPB_W2HHHH@Z 10005f70 f   ConEmuPlugin.obj
 0001:000053b0       _wmemcmp                   100063b0 f i ConEmuPlugin.obj
 0001:00005410       ?SendTabs@@YIXHH@Z         10006410 f   ConEmuPlugin.obj
 0001:000055e0       _ProcessEditorInputW@4     100065e0 f   ConEmuPlugin.obj
 0001:00005620       _ProcessEditorEventW@8     10006620 f   ConEmuPlugin.obj
 0001:000056b0       _ProcessViewerEventW@8     100066b0 f   ConEmuPlugin.obj
 0001:00005730       ?FillLoadedParm@@YIXPAUConEmuLoadedArg@@PAUHINSTANCE__@@H@Z 10006730 f   ConEmuPlugin.obj
 0001:00005810       ?NotifyConEmuUnloaded@@YIXXZ 10006810 f   ConEmuPlugin.obj
 0001:00005950       ?StopThread@@YIXXZ         10006950 f   ConEmuPlugin.obj
 0001:00005cb0       ??_G?$MFileMapping@UCESERVER_CONSOLE_MAPPING_HDR@@@@QAEPAXI@Z 10006cb0 f i ConEmuPlugin.obj
 0001:00005ce0       _ProcessDialogEventW@8     10006ce0 f   ConEmuPlugin.obj
 0001:00005cf0       ?OpenW@@YGPAXPBX@Z         10006cf0 f   ConEmuPlugin.obj
 0001:00005d40       ?ProcessConsoleInputW@@YGHPAX@Z 10006d40 f   ConEmuPlugin.obj
 0001:00005d70       ?ProcessEditorEventW3@@YGHPAX@Z 10006d70 f   ConEmuPlugin.obj
 0001:00005da0       ?ProcessViewerEventW3@@YGHPAX@Z 10006da0 f   ConEmuPlugin.obj
 0001:00005dd0       ?ProcessDialogEventW3@@YGHPAX@Z 10006dd0 f   ConEmuPlugin.obj
 0001:00005e00       ?ProcessSynchroEventW3@@YGHPAX@Z 10006e00 f   ConEmuPlugin.obj
 0001:00005e30       ?ExitFarCmn@@YIXXZ         10006e30 f   ConEmuPlugin.obj
 0001:00005e70       _ExitFARW@0                10006e70 f   ConEmuPlugin.obj
 0001:00005ee0       ?ExitFARW3@@YGXPAX@Z       10006ee0 f   ConEmuPlugin.obj
 0001:00005f30       ?CheckResources@@YIXH@Z    10006f30 f   ConEmuPlugin.obj
 0001:00006090       ?InitResources@@YIXXZ      10007090 f   ConEmuPlugin.obj
 0001:00006360       ?StringCchCopyNW@@YGJPA_WIPB_WI@Z 10007360 f i ConEmuPlugin.obj
 0001:000063c0       ?CloseTabs@@YIXXZ          100073c0 f   ConEmuPlugin.obj
 0001:00006440       ?OutDataAlloc@@YIHK@Z      10007440 f   ConEmuPlugin.obj
 0001:000064b0       ?OutDataRealloc@@YIHK@Z    100074b0 f   ConEmuPlugin.obj
 0001:00006590       ?OutDataWrite@@YIHPAXK@Z   10007590 f   ConEmuPlugin.obj
 0001:00006660       ?ShowMessage@@YIHHH@Z      10007660 f   ConEmuPlugin.obj
 0001:000066d0       ?ShowMessage@@YIHPB_WH_N@Z 100076d0 f   ConEmuPlugin.obj
 0001:000067c0       ?ShowMessageGui@@YIHHH@Z   100077c0 f   ConEmuPlugin.obj
 0001:000068a0       ?GetMsgW@@YIPB_WH@Z        100078a0 f   ConEmuPlugin.obj
 0001:00006900       ?PostMacro@@YIXPB_WPAU_INPUT_RECORD@@@Z 10007900 f   ConEmuPlugin.obj
 0001:00006a60       ?ShowPluginMenu@@YIXW4PluginCallCommands@@@Z 10007a60 f   ConEmuPlugin.obj
 0001:00007490       ?FindServerCmd@@YIHKAAK_N@Z 10008490 f   ConEmuPlugin.obj
 0001:00007590       ?Attach2Gui@@YIHXZ         10008590 f   ConEmuPlugin.obj
 0001:00007a30       ?StartDebugger@@YIHXZ      10008a30 f   ConEmuPlugin.obj
 0001:00007d50       ?wcsrchr@@YAPA_WPA_W_W@Z   10008d50 f i ConEmuPlugin.obj
 0001:00007d70       ?IsMacroActive@@YIHXZ      10008d70 f   ConEmuPlugin.obj
 0001:00007de0       ?GetMacroArea@@YIHXZ       10008de0 f   ConEmuPlugin.obj
 0001:00007e40       ?RedrawAll@@YIXXZ          10008e40 f   ConEmuPlugin.obj
 0001:00007ea0       ?GetEditorModifiedState@@YIKXZ 10008ea0 f   ConEmuPlugin.obj
 0001:00007ef0       ?GetActiveWindowType@@YIHXZ 10008ef0 f   ConEmuPlugin.obj
 0001:00007f40       ?RunExternalProgramW@@YI_NPA_W0_N@Z 10008f40 f   ConEmuPlugin.obj
 0001:00008170       ?Disable@MWow64Disable@@QAEXXZ 10009170 f i ConEmuPlugin.obj
 0001:000081a0       ?Restore@MWow64Disable@@QAEXXZ 100091a0 f i ConEmuPlugin.obj
 0001:000081e0       ??0MWow64Disable@@QAE@XZ   100091e0 f i ConEmuPlugin.obj
 0001:00008260       ??1MWow64Disable@@QAE@XZ   10009260 f i ConEmuPlugin.obj
 0001:00008280       ?ShowConsoleInfo@@YIXXZ    10009280 f   ConEmuPlugin.obj
 0001:000083f0       ?GetMainThreadId@@YIKXZ    100093f0 f   ConEmuPlugin.obj
 0001:00008490       ?OnLibraryLoaded@@YGXPAUHINSTANCE__@@@Z 10009490 f   ConEmuPlugin.obj
 0001:00008510       ?_calloc@@YIPAXII@Z        10009510 f   ConEmuPlugin.obj
 0001:00008530       ?_malloc@@YIPAXI@Z         10009530 f   ConEmuPlugin.obj
 0001:00008550       ?_free@@YIXPAX@Z           10009550 f   ConEmuPlugin.obj
 0001:00008570       ?Ptr@?$MFileMapping@UCESERVER_CONSOLE_MAPPING_HDR@@@@QAEPAUCESERVER_CONSOLE_MAPPING_HDR@@XZ 10009570 f i ConEmuPlugin.obj
 0001:00008590       ?InitName@?$MFileMapping@UCESERVER_CONSOLE_MAPPING_HDR@@@@QAEPB_WPB_WKK@Z 10009590 f i ConEmuPlugin.obj
 0001:000085e0       ?CloseMap@?$MFileMapping@UCESERVER_CONSOLE_MAPPING_HDR@@@@QAEXXZ 100095e0 f i ConEmuPlugin.obj
 0001:00008650       ?Open@?$MFileMapping@UCESERVER_CONSOLE_MAPPING_HDR@@@@QAEPAUCESERVER_CONSOLE_MAPPING_HDR@@HH@Z 10009650 f i ConEmuPlugin.obj
 0001:00008670       ??0?$MFileMapping@UCESERVER_CONSOLE_MAPPING_HDR@@@@QAE@XZ 10009670 f i ConEmuPlugin.obj
 0001:000086d0       ??1?$MFileMapping@UCESERVER_CONSOLE_MAPPING_HDR@@@@QAE@XZ 100096d0 f i ConEmuPlugin.obj
 0001:000086f0       ?ClosePtr@?$MFileMapping@UCESERVER_CONSOLE_MAPPING_HDR@@@@QAEXXZ 100096f0 f i ConEmuPlugin.obj
 0001:00008720       ?InternalOpenCreate@?$MFileMapping@UCESERVER_CONSOLE_MAPPING_HDR@@@@IAEPAUCESERVER_CONSOLE_MAPPING_HDR@@HHH@Z 10009720 f i ConEmuPlugin.obj
 0001:00008910       ??$wcscpy_c@$0BBE@@@YIHAAY0BBE@_WPB_W@Z 10009910 f i ConEmuPlugin.obj
 0001:00008940       ??$wcscat_c@$0BBE@@@YIHAAY0BBE@_WPB_W@Z 10009940 f i ConEmuPlugin.obj
 0001:00008970       ??$wcscat_c@$0CAE@@@YIHAAY0CAE@_WPB_W@Z 10009970 f i ConEmuPlugin.obj
 0001:000089a0       ??$wcscpy_c@$0CAI@@@YIHAAY0CAI@_WPB_W@Z 100099a0 f i ConEmuPlugin.obj
 0001:000089d0       _GetMinFarVersionW@0       100099d0 f   ConEmuPlugin995.obj
 0001:000089e0       ?GetPluginInfoW995@@YIXPAX@Z 100099e0 f   ConEmuPlugin995.obj
 0001:00008a70       ?ProcessDragFromW995@@YIXXZ 10009a70 f   ConEmuPlugin995.obj
 0001:00009270       ?ProcessDragToW995@@YIXXZ  1000a270 f   ConEmuPlugin995.obj
 0001:00009730       ?SetStartupInfoW995@@YIXPAX@Z 1000a730 f   ConEmuPlugin995.obj
 0001:00009930       ?GetEditorModifiedStateW995@@YIKXZ 1000a930 f   ConEmuPlugin995.obj
 0001:00009970       ?ProcessEditorInputW995@@YIHPBX@Z 1000a970 f   ConEmuPlugin995.obj
 0001:000099e0       ?UpdateConEmuTabsW995@@YI_NH_N0PAX@Z 1000a9e0 f   ConEmuPlugin995.obj
 0001:00009e20       ?ExitFARW995@@YIXXZ        1000ae20 f   ConEmuPlugin995.obj
 0001:00009ea0       ?ShowMessageW995@@YIHPB_WH_N@Z 1000aea0 f   ConEmuPlugin995.obj
 0001:00009f20       ?ShowMessageW995@@YIHHH@Z  1000af20 f   ConEmuPlugin995.obj
 0001:00009f80       ?GetMsgW995@@YIPB_WH@Z     1000af80 f   ConEmuPlugin995.obj
 0001:00009fc0       ?SetWindowW995@@YIXH@Z     1000afc0 f   ConEmuPlugin995.obj
 0001:0000a020       ?PostMacroW995@@YIXPB_WPAU_INPUT_RECORD@@@Z 1000b020 f   ConEmuPlugin995.obj
 0001:0000a0c0       ?ShowPluginMenuW995@@YIHPAUConEmuPluginMenuItem@@H@Z 1000b0c0 f   ConEmuPlugin995.obj
 0001:0000a250       ?EditOutputW995@@YIHPB_WH@Z 1000b250 f   ConEmuPlugin995.obj
 0001:0000a310       ?ExecuteSynchroW995@@YIHXZ 1000b310 f   ConEmuPlugin995.obj
 0001:0000a3a0       ?WaitEndSynchroW995@@YIXXZ 1000b3a0 f   ConEmuPlugin995.obj
 0001:0000a530       ?StopWaitEndSynchroW995@@YIXXZ 1000b530 f   ConEmuPlugin995.obj
 0001:0000a560       ?IsMacroActiveW995@@YIHXZ  1000b560 f   ConEmuPlugin995.obj
 0001:0000a5c0       ?GetMacroAreaW995@@YIHXZ   1000b5c0 f   ConEmuPlugin995.obj
 0001:0000a600       ?RedrawAllW995@@YIXXZ      1000b600 f   ConEmuPlugin995.obj
 0001:0000a630       ?LoadPluginW995@@YI_NPA_W@Z 1000b630 f   ConEmuPlugin995.obj
 0001:0000a660       ?RunExternalProgramW995@@YI_NPA_W@Z 1000b660 f   ConEmuPlugin995.obj
 0001:0000a950       ?wcschr@@YAPA_WPA_W_W@Z    1000b950 f i ConEmuPlugin995.obj
 0001:0000a970       ?wcsstr@@YAPA_WPA_WPB_W@Z  1000b970 f i ConEmuPlugin995.obj
 0001:0000a990       ?ProcessCommandLineW995@@YI_NPA_W@Z 1000b990 f   ConEmuPlugin995.obj
 0001:0000a9e0       ?LoadFarColorsW995@@YIXAAY0BAA@E@Z 1000b9e0 f   ConEmuPlugin995.obj
 0001:0000aad0       ?ReloadFarInfoW995@@YIHXZ  1000bad0 f   ConEmuPlugin995.obj
 0001:0000ad00       ?ExecuteQuitFar995@@YIXXZ  1000bd00 f   ConEmuPlugin995.obj
 0001:0000ad50       ?CheckBufferEnabledW995@@YIHXZ 1000bd50 f   ConEmuPlugin995.obj
 0001:0000adf0       ?FillUpdateBackgroundW995@@YIXPAUPaintBackgroundArg@@@Z 1000bdf0 f   ConEmuPlugin995.obj
 0001:0000b1c0       ?GetActiveWindowTypeW995@@YIHXZ 1000c1c0 f   ConEmuPlugin995.obj
 0001:0000b290       ?GuiMacroDlgW995@@YIXXZ    1000c290 f   ConEmuPlugin995.obj
 0001:0000b7a0       ?GetPluginInfoW1900@@YIXPAX@Z 1000c7a0 f   ConEmuPlugin1900.obj
 0001:0000b810       ?ProcessDragFromW1900@@YIXXZ 1000c810 f   ConEmuPlugin1900.obj
 0001:0000c140       ?ProcessDragToW1900@@YIXXZ 1000d140 f   ConEmuPlugin1900.obj
 0001:0000c6d0       ?SetStartupInfoW1900@@YIXPAX@Z 1000d6d0 f   ConEmuPlugin1900.obj
 0001:0000c840       ?GetEditorModifiedStateW1900@@YIKXZ 1000d840 f   ConEmuPlugin1900.obj
 0001:0000c880       ?ProcessEditorEventW1900@@YGHPAX@Z 1000d880 f   ConEmuPlugin1900.obj
 0001:0000c8b0       ?ProcessViewerEventW1900@@YGHPAX@Z 1000d8b0 f   ConEmuPlugin1900.obj
 0001:0000c8e0       ?ProcessDialogEventW1900@@YGHPAX@Z 1000d8e0 f   ConEmuPlugin1900.obj
 0001:0000c910       ?ProcessSynchroEventW1900@@YGHPAX@Z 1000d910 f   ConEmuPlugin1900.obj
 0001:0000c940       ?ProcessEditorInputW1900@@YIHPBX@Z 1000d940 f   ConEmuPlugin1900.obj
 0001:0000c9c0       ?UpdateConEmuTabsW1900@@YI_NH_N0PAX@Z 1000d9c0 f   ConEmuPlugin1900.obj
 0001:0000d130       ?ExitFARW1900@@YIXXZ       1000e130 f   ConEmuPlugin1900.obj
 0001:0000d1b0       ?ShowMessageW1900@@YIHPB_WH_N@Z 1000e1b0 f   ConEmuPlugin1900.obj
 0001:0000d2a0       ?ShowMessageW1900@@YIHHH@Z 1000e2a0 f   ConEmuPlugin1900.obj
 0001:0000d300       ?GetMsgW1900@@YIPB_WH@Z    1000e300 f   ConEmuPlugin1900.obj
 0001:0000d340       ?SetWindowW1900@@YIXH@Z    1000e340 f   ConEmuPlugin1900.obj
 0001:0000d3a0       ?PostMacroW1900@@YIXPB_WPAU_INPUT_RECORD@@@Z 1000e3a0 f   ConEmuPlugin1900.obj
 0001:0000da90       ?ShowPluginMenuW1900@@YIHPAUConEmuPluginMenuItem@@H@Z 1000ea90 f   ConEmuPlugin1900.obj
 0001:0000dcb0       ?EditOutputW1900@@YIHPB_WH@Z 1000ecb0 f   ConEmuPlugin1900.obj
 0001:0000dd70       ?ExecuteSynchroW1900@@YIHXZ 1000ed70 f   ConEmuPlugin1900.obj
 0001:0000de00       ?WaitEndSynchroW1900@@YIXXZ 1000ee00 f   ConEmuPlugin1900.obj
 0001:0000de10       ?StopWaitEndSynchroW1900@@YIXXZ 1000ee10 f   ConEmuPlugin1900.obj
 0001:0000de40       ?IsMacroActiveW1900@@YIHXZ 1000ee40 f   ConEmuPlugin1900.obj
 0001:0000de80       ?GetMacroAreaW1900@@YIHXZ  1000ee80 f   ConEmuPlugin1900.obj
 0001:0000deb0       ?RedrawAllW1900@@YIXXZ     1000eeb0 f   ConEmuPlugin1900.obj
 0001:0000dee0       ?LoadPluginW1900@@YI_NPA_W@Z 1000eee0 f   ConEmuPlugin1900.obj
 0001:0000df10       ?RunExternalProgramW1900@@YI_NPA_W@Z 1000ef10 f   ConEmuPlugin1900.obj
 0001:0000e1f0       ?ProcessCommandLineW1900@@YI_NPA_W@Z 1000f1f0 f   ConEmuPlugin1900.obj
 0001:0000e240       ?LoadFarColorsW1900@@YIXAAY0BAA@E@Z 1000f240 f   ConEmuPlugin1900.obj
 0001:0000e3d0       ?FarColor_3_2@@YIEABUFarColor@@@Z 1000f3d0 f i ConEmuPlugin1900.obj
 0001:0000e4d0       ?Color2FgIndex@Far3Color@@SIXKAAG@Z 1000f4d0 f i ConEmuPlugin1900.obj
 0001:0000e610       ?Max@Far3Color@@SIHHH@Z    1000f610 f i ConEmuPlugin1900.obj
 0001:0000e640       ?GetStdIndex@Far3Color@@SIHK@Z 1000f640 f i ConEmuPlugin1900.obj
 0001:0000e6f0       ?Color2BgIndex@Far3Color@@SIXKHAAG@Z 1000f6f0 f i ConEmuPlugin1900.obj
 0001:0000e860       ?ReloadFarInfoW1900@@YIHXZ 1000f860 f   ConEmuPlugin1900.obj
 0001:0000ec20       ?ExecuteQuitFarW1900@@YIXXZ 1000fc20 f   ConEmuPlugin1900.obj
 0001:0000ec70       ?CheckBufferEnabledW1900@@YIHXZ 1000fc70 f   ConEmuPlugin1900.obj
 0001:0000ed10       ?FillUpdateBackgroundW1900@@YIXPAUPaintBackgroundArg@@@Z 1000fd10 f   ConEmuPlugin1900.obj
 0001:0000f230       ?GetActiveWindowTypeW1900@@YIHXZ 10010230 f   ConEmuPlugin1900.obj
 0001:0000f2f0       ?GuiMacroDlgW1900@@YIXXZ   100102f0 f   ConEmuPlugin1900.obj
 0001:0000f8b0       ?OpenW1900@@YGPAXPBX@Z     100108b0 f   ConEmuPlugin1900.obj
 0001:0000f9d0       ?ProcessConsoleInputW1900@@YGHPAX@Z 100109d0 f   ConEmuPlugin1900.obj
 0001:0000f9f0       ?GetPluginInfoW2800@@YIXPAX@Z 100109f0 f   ConEmuPlugin2800.obj
 0001:0000fa60       ?ProcessDragFromW2800@@YIXXZ 10010a60 f   ConEmuPlugin2800.obj
 0001:00010390       ?ProcessDragToW2800@@YIXXZ 10011390 f   ConEmuPlugin2800.obj
 0001:00010920       ?SetStartupInfoW2800@@YIXPAX@Z 10011920 f   ConEmuPlugin2800.obj
 0001:00010a90       ?GetEditorModifiedStateW2800@@YIKXZ 10011a90 f   ConEmuPlugin2800.obj
 0001:00010ad0       ?ProcessEditorEventW2800@@YGHPAX@Z 10011ad0 f   ConEmuPlugin2800.obj
 0001:00010b00       ?ProcessViewerEventW2800@@YGHPAX@Z 10011b00 f   ConEmuPlugin2800.obj
 0001:00010b30       ?ProcessDialogEventW2800@@YGHPAX@Z 10011b30 f   ConEmuPlugin2800.obj
 0001:00010b60       ?ProcessSynchroEventW2800@@YGHPAX@Z 10011b60 f   ConEmuPlugin2800.obj
 0001:00010b90       ?ProcessEditorInputW2800@@YIHPBX@Z 10011b90 f   ConEmuPlugin2800.obj
 0001:00010c10       ?UpdateConEmuTabsW2800@@YI_NH_N0PAX@Z 10011c10 f   ConEmuPlugin2800.obj
 0001:00011410       ?ExitFARW2800@@YIXXZ       10012410 f   ConEmuPlugin2800.obj
 0001:00011490       ?ShowMessageW2800@@YIHPB_WH_N@Z 10012490 f   ConEmuPlugin2800.obj
 0001:00011580       ?ShowMessageW2800@@YIHHH@Z 10012580 f   ConEmuPlugin2800.obj
 0001:000115e0       ?GetMsgW2800@@YIPB_WH@Z    100125e0 f   ConEmuPlugin2800.obj
 0001:00011620       ?SetWindowW2800@@YIXH@Z    10012620 f   ConEmuPlugin2800.obj
 0001:00011680       ?BackgroundMacroError@@YGKPAX@Z 10012680 f   ConEmuPlugin2800.obj
 0001:000116d0       ?PostMacroW2800@@YIXPB_WPAU_INPUT_RECORD@@@Z 100126d0 f   ConEmuPlugin2800.obj
 0001:00011a40       ?ShowPluginMenuW2800@@YIHPAUConEmuPluginMenuItem@@H@Z 10012a40 f   ConEmuPlugin2800.obj
 0001:00011c60       ?EditOutputW2800@@YIHPB_WH@Z 10012c60 f   ConEmuPlugin2800.obj
 0001:00011d20       ?ExecuteSynchroW2800@@YIHXZ 10012d20 f   ConEmuPlugin2800.obj
 0001:00011db0       ?WaitEndSynchroW2800@@YIXXZ 10012db0 f   ConEmuPlugin2800.obj
 0001:00011dc0       ?StopWaitEndSynchroW2800@@YIXXZ 10012dc0 f   ConEmuPlugin2800.obj
 0001:00011df0       ?IsMacroActiveW2800@@YIHXZ 10012df0 f   ConEmuPlugin2800.obj
 0001:00011e30       ?GetMacroAreaW2800@@YIHXZ  10012e30 f   ConEmuPlugin2800.obj
 0001:00011e60       ?RedrawAllW2800@@YIXXZ     10012e60 f   ConEmuPlugin2800.obj
 0001:00011e90       ?LoadPluginW2800@@YI_NPA_W@Z 10012e90 f   ConEmuPlugin2800.obj
 0001:00011ec0       ?RunExternalProgramW2800@@YI_NPA_W@Z 10012ec0 f   ConEmuPlugin2800.obj
 0001:000121a0       ?ProcessCommandLineW2800@@YI_NPA_W@Z 100131a0 f   ConEmuPlugin2800.obj
 0001:000121f0       ?LoadFarColorsW2800@@YIXAAY0BAA@E@Z 100131f0 f   ConEmuPlugin2800.obj
 0001:00012380       ?ReloadFarInfoW2800@@YIHXZ 10013380 f   ConEmuPlugin2800.obj
 0001:00012740       ?ExecuteQuitFarW2800@@YIXXZ 10013740 f   ConEmuPlugin2800.obj
 0001:00012790       ?CheckBufferEnabledW2800@@YIHXZ 10013790 f   ConEmuPlugin2800.obj
 0001:00012830       ?FillUpdateBackgroundW2800@@YIXPAUPaintBackgroundArg@@@Z 10013830 f   ConEmuPlugin2800.obj
 0001:00012d50       ?GetActiveWindowTypeW2800@@YIHXZ 10013d50 f   ConEmuPlugin2800.obj
 0001:00012e10       ?GuiMacroDlgW2800@@YIXXZ   10013e10 f   ConEmuPlugin2800.obj
 0001:00013360       _GetGlobalInfoW@4          10014360 f   ConEmuPlugin2800.obj
 0001:00013540       ?OpenW2800@@YGPAXPBX@Z     10014540 f   ConEmuPlugin2800.obj
 0001:00013680       ?ProcessConsoleInputW2800@@YGHPAX@Z 10014680 f   ConEmuPlugin2800.obj
 0001:000136a0       _GetMinFarVersion@0        100146a0 f   ConEmuPluginA.obj
 0001:000136f0       _OpenPlugin@8              100146f0 f   ConEmuPluginA.obj
 0001:00013760       ?ProcessDragFromA@@YIXXZ   10014760 f   ConEmuPluginA.obj
 0001:00013e50       ?ProcessDragToA@@YIXXZ     10014e50 f   ConEmuPluginA.obj
 0001:00014300       _SetStartupInfo@4          10015300 f   ConEmuPluginA.obj
 0001:00014540       _GetPluginInfo@4           10015540 f   ConEmuPluginA.obj
 0001:000145f0       ?GetEditorModifiedStateA@@YIKXZ 100155f0 f   ConEmuPluginA.obj
 0001:00014630       _ProcessEditorInput@4      10015630 f   ConEmuPluginA.obj
 0001:000146a0       _ProcessEditorEvent@8      100156a0 f   ConEmuPluginA.obj
 0001:00014730       _ProcessViewerEvent@8      10015730 f   ConEmuPluginA.obj
 0001:000147b0       ?UpdateConEmuTabsA@@YI_NH_N0PAX@Z 100157b0 f   ConEmuPluginA.obj
 0001:00014b80       _ProcessDialogEvent@8      10015b80 f   ConEmuPluginA.obj
 0001:00014b90       _ExitFAR@0                 10015b90 f   ConEmuPluginA.obj
 0001:00014c10       ?ShowMessageA@@YIHPBDH_N@Z 10015c10 f   ConEmuPluginA.obj
 0001:00014c90       ?ShowMessageA@@YIHHH@Z     10015c90 f   ConEmuPluginA.obj
 0001:00014cf0       ?SetWindowA@@YIXH@Z        10015cf0 f   ConEmuPluginA.obj
 0001:00014d60       ?PostMacroA@@YIXPADPAU_INPUT_RECORD@@@Z 10015d60 f   ConEmuPluginA.obj
 0001:00014e00       ?ShowPluginMenuA@@YIHPAUConEmuPluginMenuItem@@H@Z 10015e00 f   ConEmuPluginA.obj
 0001:00014ff0       ?EditOutputA@@YIHPB_WH@Z   10015ff0 f   ConEmuPluginA.obj
 0001:00015110       ?GetMsgA@@YIXHAAY0BAE@_W@Z 10016110 f   ConEmuPluginA.obj
 0001:000151c0       ?IsMacroActiveA@@YIHXZ     100161c0 f   ConEmuPluginA.obj
 0001:00015220       ?RedrawAllA@@YIXXZ         10016220 f   ConEmuPluginA.obj
 0001:00015250       ?RunExternalProgramA@@YI_NPAD@Z 10016250 f   ConEmuPluginA.obj
 0001:000154f0       ?ProcessCommandLineA@@YI_NPAD@Z 100164f0 f   ConEmuPluginA.obj
 0001:00015540       ?LoadFarColorsA@@YIXAAY0BAA@E@Z 10016540 f   ConEmuPluginA.obj
 0001:00015630       ?ReloadFarInfoA@@YIHXZ     10016630 f   ConEmuPluginA.obj
 0001:000157a0       ?ExecuteQuitFarA@@YIXXZ    100167a0 f   ConEmuPluginA.obj
 0001:000157c0       ?FillUpdateBackgroundA@@YIXPAUPaintBackgroundArg@@@Z 100167c0 f   ConEmuPluginA.obj
 0001:00015ad0       ?GetActiveWindowTypeA@@YIHXZ 10016ad0 f   ConEmuPluginA.obj
 0001:00015b50       ?GuiMacroDlgA@@YIXXZ       10016b50 f   ConEmuPluginA.obj
 0001:000161a0       ??0CPluginBackground@@QAE@XZ 100171a0 f   PluginBackground.obj
 0001:000163e0       ??1CPluginBackground@@QAE@XZ 100173e0 f   PluginBackground.obj
 0001:00016630       ?RegisterSubplugin@CPluginBackground@@QAEHPAURegisterBackgroundArg@@@Z 10017630 f   PluginBackground.obj
 0001:00016920       ?ReallocItems@CPluginBackground@@IAEXH@Z 10017920 f   PluginBackground.obj
 0001:000169a0       ?OnMainThreadActivated@CPluginBackground@@QAEXHH@Z 100179a0 f   PluginBackground.obj
 0001:00016ac0       ?SetForceCheck@CPluginBackground@@QAEXXZ 10017ac0 f   PluginBackground.obj
 0001:00016af0       ?SetForceUpdate@CPluginBackground@@QAEX_N@Z 10017af0 f   PluginBackground.obj
 0001:00016b30       ?SetForceThLoad@CPluginBackground@@QAEXXZ 10017b30 f   PluginBackground.obj
 0001:00016b70       ?IsParmChanged@CPluginBackground@@IAE_NPAUPaintBackgroundArg@@0@Z 10017b70 f   PluginBackground.obj
 0001:00016e50       ?CheckPanelFolders@CPluginBackground@@IAEXH@Z 10017e50 f   PluginBackground.obj
 0001:00016fb0       ?SetDcPanelRect@CPluginBackground@@IAEXPAUtagRECT@@PAUtag_BkPanelInfo@PaintBackgroundArg@@PAU4@@Z 10017fb0 f   PluginBackground.obj
 0001:000170f0       ?UpdateBackground_Exec@CPluginBackground@@KIXPAURegisterBackgroundArg@@PAUPaintBackgroundArg@@@Z 100180f0 f   PluginBackground.obj
 0001:00017130       ?UpdateBackground@CPluginBackground@@IAEXXZ 10018130 f   PluginBackground.obj
 0001:00017f90       ?LoadThSet@CPluginBackground@@IAEHH@Z 10018f90 f   PluginBackground.obj
 0001:000181b0       ?MonitorBackground@CPluginBackground@@QAEXXZ 100191b0 f   PluginBackground.obj
 0001:00018260       ?GetTo@?$MFileMapping@UPanelViewSetMapping@@@@QAE_NPAUPanelViewSetMapping@@H@Z 10019260 f i PluginBackground.obj
 0001:000182b0       ?InitName@?$MFileMapping@UPanelViewSetMapping@@@@QAEPB_WPB_WKK@Z 100192b0 f i PluginBackground.obj
 0001:00018300       ?CloseMap@?$MFileMapping@UPanelViewSetMapping@@@@QAEXXZ 10019300 f i PluginBackground.obj
 0001:00018370       ?Open@?$MFileMapping@UPanelViewSetMapping@@@@QAEPAUPanelViewSetMapping@@HH@Z 10019370 f i PluginBackground.obj
 0001:00018390       ??0?$MFileMapping@UPanelViewSetMapping@@@@QAE@XZ 10019390 f i PluginBackground.obj
 0001:000183f0       ??1?$MFileMapping@UPanelViewSetMapping@@@@QAE@XZ 100193f0 f i PluginBackground.obj
 0001:00018410       ?IsValid@?$MFileMapping@UPanelViewSetMapping@@@@QAE_NXZ 10019410 f i PluginBackground.obj
 0001:00018430       ?ClosePtr@?$MFileMapping@UPanelViewSetMapping@@@@QAEXXZ 10019430 f i PluginBackground.obj
 0001:00018460       ?InternalOpenCreate@?$MFileMapping@UPanelViewSetMapping@@@@IAEPAUPanelViewSetMapping@@HHH@Z 10019460 f i PluginBackground.obj
 0001:00018730       ?PlugServerInit@@YIXXZ     10019730 f   PluginSrv.obj
 0001:00018740       ?PlugServerStart@@YI_NXZ   10019740 f   PluginSrv.obj
 0001:00018830       ?PlugServerStop@@YIX_N@Z   10019830 f   PluginSrv.obj
 0001:00018880       ?PlugServerCommand@@YGHPAXPAUCESERVER_REQ@@AAPAU1@AAK3J@Z 10019880 f   PluginSrv.obj
 0001:00018e40       ?PlugServerFree@@YGXPAUCESERVER_REQ@@J@Z 10019e40 f   PluginSrv.obj
 0001:00018e50       ?SetOverlapped@?$PipeServer@UCESERVER_REQ@@@@QAEX_N@Z 10019e50 f i PluginSrv.obj
 0001:00018e70       ?SetLoopCommands@?$PipeServer@UCESERVER_REQ@@@@QAEX_N@Z 10019e70 f i PluginSrv.obj
 0001:00018e90       ?SetDummyAnswerSize@?$PipeServer@UCESERVER_REQ@@@@QAEXH@Z 10019e90 f i PluginSrv.obj
 0001:00018eb0       ?SetMaxCount@?$PipeServer@UCESERVER_REQ@@@@QAEXH@Z 10019eb0 f i PluginSrv.obj
 0001:00018ef0       ?StartPipeServer@?$PipeServer@UCESERVER_REQ@@@@QAE_NPB_WJPAU_SECURITY_ATTRIBUTES@@P6GHPAXPAUCESERVER_REQ@@AAPAU3@AAK5J@ZP6GX3J@ZP6GH2J@Z88@Z 10019ef0 f i PluginSrv.obj
 0001:000190d0       ?StopPipeServer@?$PipeServer@UCESERVER_REQ@@@@QAEX_N@Z 1001a0d0 f i PluginSrv.obj
 0001:000195f0       ?BreakConnection@?$PipeServer@UCESERVER_REQ@@@@QAEXPAX@Z 1001a5f0 f i PluginSrv.obj
 0001:00019610       ?DumpError@?$PipeServer@UCESERVER_REQ@@@@IAEXPAUPipeInst@1@PB_WH@Z 1001a610 f i PluginSrv.obj
 0001:00019700       ?_Disconnect@?$PipeServer@UCESERVER_REQ@@@@IAEXPAUPipeInst@1@_N11@Z 1001a700 f i PluginSrv.obj
 0001:00019780       ?StartPipeInstance@?$PipeServer@UCESERVER_REQ@@@@IAE_NPAUPipeInst@1@@Z 1001a780 f i PluginSrv.obj
 0001:00019880       ?_PipeServerThread@?$PipeServer@UCESERVER_REQ@@@@KGKPAX@Z 1001a880 f i PluginSrv.obj
 0001:00019900       ?PipeServerThread@?$PipeServer@UCESERVER_REQ@@@@IAEKPAUPipeInst@1@@Z 1001a900 f i PluginSrv.obj
 0001:00019c90       ?PipeServerRead@?$PipeServer@UCESERVER_REQ@@@@IAEHPAUPipeInst@1@@Z 1001ac90 f i PluginSrv.obj
 0001:0001a030       ?PipeServerWrite@?$PipeServer@UCESERVER_REQ@@@@IAEHPAUPipeInst@1@PBXKPAKH@Z 1001b030 f i PluginSrv.obj
 0001:0001a1d0       ?WaitForClient@?$PipeServer@UCESERVER_REQ@@@@IAE_NPAUPipeInst@1@AAH1@Z 1001b1d0 f i PluginSrv.obj
 0001:0001a5b0       ?WriteDummyAnswer@?$PipeServer@UCESERVER_REQ@@@@IAEHPAUPipeInst@1@@Z 1001b5b0 f i PluginSrv.obj
 0001:0001a630       ?WaitOverlapped@?$PipeServer@UCESERVER_REQ@@@@IAEHPAUPipeInst@1@PAK@Z 1001b630 f i PluginSrv.obj
 0001:0001a860       ?AllocRequestBuf@PipeInst@?$PipeServer@UCESERVER_REQ@@@@QAEPAUCESERVER_REQ@@K@Z 1001b860 f i PluginSrv.obj
 0001:0001a8e0       ??$wcscpy_c@$0BAE@@@YIHAAY0BAE@_WPB_W@Z 1001b8e0 f i PluginSrv.obj
 0001:0001a9f0       ?PackInputRecord@@YIHPBU_INPUT_RECORD@@PAUMsgStr@MSG64@@@Z 1001b9f0 f   Common.obj
 0001:0001ac00       ?UnpackInputRecord@@YIHPBUMsgStr@MSG64@@PAU_INPUT_RECORD@@@Z 1001bc00 f   Common.obj
 0001:0001ae60       ?TranslateKeyPress@@YIXGK_WHPAU_INPUT_RECORD@@1@Z 1001be60 f   Common.obj
 0001:0001afd0       ?CommonShutdown@@YIXXZ     1001bfd0 f   Common.obj
 0001:0001b000       ?GetImageSubsystem@@YI_NPB_WAAK11@Z 1001c000 f   Execute.obj
 0001:0001b350       ?GetImageSubsystem@@YI_NAAK0@Z 1001c350 f   Execute.obj
 0001:0001b400       ?GetImageSubsystem@@YI_NU_PROCESS_INFORMATION@@AAK1@Z 1001c400 f   Execute.obj
 0001:0001b5f0       ?GetEnclosingSectionHeader@@YIPAU_IMAGE_SECTION_HEADER@@KPAUIMAGE_MAPPING@@@Z 1001c5f0 f   Execute.obj
 0001:0001b680       ?GetPtrFromRVA@@YIPAXKPAUIMAGE_MAPPING@@@Z 1001c680 f   Execute.obj
 0001:0001b6e0       ?FindImageSubsystem@@YI_NPB_WAAK11@Z 1001c6e0 f   Execute.obj
 0001:0001bfb0       ?ModuleName@@YIPB_WPB_W@Z  1001cfb0 f   ConEmuCheck.obj
 0001:0001c090       ?ExecuteOpenPipe@@YIPAXPB_WAAY0CAI@_W0KKHPAX@Z 1001d090 f   ConEmuCheck.obj
 0001:0001c2c0       ?ExecutePrepareCmd@@YIXPAUCESERVER_REQ@@KI@Z 1001d2c0 f   ConEmuCheck.obj
 0001:0001c310       ?ExecutePrepareCmd@@YIXPAUCESERVER_REQ_HDR@@KI@Z 1001d310 f   ConEmuCheck.obj
 0001:0001c3b0       ?ExecuteNewCmd@@YIPAUCESERVER_REQ@@KI@Z 1001d3b0 f   ConEmuCheck.obj
 0001:0001c410       ?ExecuteNewCmd@@YIHAAPAUCESERVER_REQ@@AAKKI@Z 1001d410 f   ConEmuCheck.obj
 0001:0001c490       ?LoadSrvMapping@@YIHPAUHWND__@@AAUCESERVER_CONSOLE_MAPPING_HDR@@@Z 1001d490 f   ConEmuCheck.obj
 0001:0001c5b0       ?LoadGuiMapping@@YIHKAAUConEmuGuiMapping@@@Z 1001d5b0 f   ConEmuCheck.obj
 0001:0001c6d0       ?ExecuteNewCmdOnCreate@@YIPAUCESERVER_REQ@@PAUCESERVER_CONSOLE_MAPPING_HDR@@PAUHWND__@@W4CmdOnCreateType@@PB_W33PAK444HHPAX55@Z 1001d6d0 f   ConEmuCheck.obj
 0001:0001cb40       ?ExecuteGuiCmd@@YIPAUCESERVER_REQ@@PAUHWND__@@PAU1@0H@Z 1001db40 f   ConEmuCheck.obj
 0001:0001cbd0       ?ExecuteSrvCmd@@YIPAUCESERVER_REQ@@KPAU1@PAUHWND__@@HK@Z 1001dbd0 f   ConEmuCheck.obj
 0001:0001cc70       ?ExecuteHkCmd@@YIPAUCESERVER_REQ@@KPAU1@PAUHWND__@@H@Z 1001dc70 f   ConEmuCheck.obj
 0001:0001cd10       ?ExecuteCmd@@YIPAUCESERVER_REQ@@PB_WPAU1@KPAUHWND__@@HK@Z 1001dd10 f   ConEmuCheck.obj
 0001:0001cfd0       ?ExecuteFreeResult@@YIXAAPAUCESERVER_REQ@@@Z 1001dfd0 f   ConEmuCheck.obj
 0001:0001d010       ?myGetConsoleWindow@@YIPAUHWND__@@XZ 1001e010 f   ConEmuCheck.obj
 0001:0001d090       ?GetConEmuHWND@@YIPAUHWND__@@H@Z 1001e090 f   ConEmuCheck.obj
 0001:0001d240       ?ConEmuCheck@@YIHPAPAUHWND__@@@Z 1001e240 f   ConEmuCheck.obj
 0001:0001d280       ?GuiMessageBox@@YIHPAUHWND__@@PB_W1H@Z 1001e280 f   ConEmuCheck.obj
 0001:0001d440       ?InitName@?$MFileMapping@UConEmuGuiMapping@@@@QAEPB_WPB_WKK@Z 1001e440 f i ConEmuCheck.obj
 0001:0001d490       ?CloseMap@?$MFileMapping@UConEmuGuiMapping@@@@QAEXXZ 1001e490 f i ConEmuCheck.obj
 0001:0001d500       ?Open@?$MFileMapping@UConEmuGuiMapping@@@@QAEPAUConEmuGuiMapping@@HH@Z 1001e500 f i ConEmuCheck.obj
 0001:0001d520       ??0?$MFileMapping@UConEmuGuiMapping@@@@QAE@XZ 1001e520 f i ConEmuCheck.obj
 0001:0001d580       ??1?$MFileMapping@UConEmuGuiMapping@@@@QAE@XZ 1001e580 f i ConEmuCheck.obj
 0001:0001d5a0       ?ClosePtr@?$MFileMapping@UConEmuGuiMapping@@@@QAEXXZ 1001e5a0 f i ConEmuCheck.obj
 0001:0001d5d0       ?InternalOpenCreate@?$MFileMapping@UConEmuGuiMapping@@@@IAEPAUConEmuGuiMapping@@HHH@Z 1001e5d0 f i ConEmuCheck.obj
 0001:0001d7c0       ??$wcscpy_c@$0CA@@@YIHAAY0CA@_WPB_W@Z 1001e7c0 f i ConEmuCheck.obj
 0001:0001d7f0       ?LoadGuiMapping@@YIHPAUHWND__@@AAUConEmuGuiMapping@@@Z 1001e7f0 f   ConEmuCheckEx.obj
 0001:0001d830       ?IsConEmuExeExist@@YIHPB_WAAY0BAF@_W@Z 1001e830 f   ConEmuCheckEx.obj
 0001:0001d8e0       ?FindConEmuBaseDir@@YIHAAY0BAF@_W0PAUHINSTANCE__@@@Z 1001e8e0 f   ConEmuCheckEx.obj
 0001:0001de80       ??$wcscpy_c@$0BAF@@@YIHAAY0BAF@_WPB_W@Z 1001ee80 f i ConEmuCheckEx.obj
 0001:0001df90       ??$wcscpy_add@$0BAF@@@YIHPA_WAAY0BAF@_WPB_W@Z 1001ef90 f i ConEmuCheckEx.obj
 0001:0001dfe0       ??$wcscat_c@$0BAF@@@YIHAAY0BAF@_WPB_W@Z 1001efe0 f i ConEmuCheckEx.obj
 0001:0001e0d0       ?HeapInitialize@@YI_NXZ    1001f0d0 f   Memory.obj
 0001:0001e100       ?HeapDeinitialize@@YIXXZ   1001f100 f   Memory.obj
 0001:0001e130       ?xf_malloc@@YAPAXI@Z       1001f130 f   Memory.obj
 0001:0001e160       ?xf_calloc@@YAPAXII@Z      1001f160 f   Memory.obj
 0001:0001e190       ?xf_realloc@@YAPAXPAXI@Z   1001f190 f   Memory.obj
 0001:0001e1c0       ?xf_free@@YAXPAX@Z         1001f1c0 f   Memory.obj
 0001:0001e1f0       ?xf_validate@@YA_NPAX@Z    1001f1f0 f   Memory.obj
 0001:0001e220       ??2@YAPAXI@Z               1001f220 f   Memory.obj
 0001:0001e240       ??_U@YAPAXI@Z              1001f240 f   Memory.obj
 0001:0001e260       ??3@YAXPAX@Z               1001f260 f   Memory.obj
 0001:0001e280       ??_V@YAXPAX@Z              1001f280 f   Memory.obj
 0001:0001e2a0       ?lstrdup@@YIPADPBD@Z       1001f2a0 f   Memory.obj
 0001:0001e310       ?StringCchCopyA@@YGJPADIPBD@Z 1001f310 f i Memory.obj
 0001:0001e430       ?lstrdup@@YIPA_WPB_W@Z     1001f430 f   Memory.obj
 0001:0001e580       ?lstrdupW@@YIPA_WPBDI@Z    1001f580 f   Memory.obj
 0001:0001e600       ?lstrmerge@@YIPA_WPB_W000@Z 1001f600 f   Memory.obj
 0001:0001e720       ?lstrmerge@@YI_NPAPA_WPB_W11@Z 1001f720 f   Memory.obj
 0001:0001e780       ?FindMonitorsWorkspace@@YGHPAUHMONITOR__@@PAUHDC__@@PAUtagRECT@@J@Z 1001f780 f   Monitors.obj
 0001:0001e800       ?GetAllMonitorsWorkspace@@YI?AUtagRECT@@XZ 1001f800 f   Monitors.obj
 0001:0001e880       ?FindPrimaryMonitor@@YGHPAUHMONITOR__@@PAUHDC__@@PAUtagRECT@@J@Z 1001f880 f   Monitors.obj
 0001:0001e900       ?GetMonitorInfoSafe@@YI_NPAUHMONITOR__@@AAUtagMONITORINFO@@@Z 1001f900 f   Monitors.obj
 0001:0001e950       ?GetPrimaryMonitorInfo@@YIPAUHMONITOR__@@PAUtagMONITORINFO@@@Z 1001f950 f   Monitors.obj
 0001:0001ea00       ?GetNearestMonitorInfo@@YIPAUHMONITOR__@@PAUtagMONITORINFO@@PAU1@PBUtagRECT@@PAUHWND__@@@Z 1001fa00 f   Monitors.obj
 0001:0001eaf0       ?EnumAllMonitors@@YGHPAUHMONITOR__@@PAUHDC__@@PAUtagRECT@@J@Z 1001faf0 f   Monitors.obj
 0001:0001eb60       ?MonitorSortCallback@@YIHAAU_FindAllMonitorsItem@@0@Z 1001fb60 f   Monitors.obj
 0001:0001ebd0       ?GetNextMonitorInfo@@YIPAUHMONITOR__@@PAUtagMONITORINFO@@PBUtagRECT@@_N@Z 1001fbd0 f   Monitors.obj
 0001:0001ede0       ??0_FindAllMonitors@@QAE@XZ 1001fde0 f i Monitors.obj
 0001:0001ee00       ??1_FindAllMonitors@@QAE@XZ 1001fe00 f i Monitors.obj
 0001:0001ee20       ??0?$MArray@U_FindAllMonitorsItem@@@@QAE@XZ 1001fe20 f i Monitors.obj
 0001:0001ee60       ??1?$MArray@U_FindAllMonitorsItem@@@@QAE@XZ 1001fe60 f i Monitors.obj
 0001:0001ee80       ??A?$MArray@U_FindAllMonitorsItem@@@@QAEAAU_FindAllMonitorsItem@@H@Z 1001fe80 f i Monitors.obj
 0001:0001eea0       ?push_back@?$MArray@U_FindAllMonitorsItem@@@@QAEHABU_FindAllMonitorsItem@@@Z 1001fea0 f i Monitors.obj
 0001:0001ef30       ?size@?$MArray@U_FindAllMonitorsItem@@@@QBEHXZ 1001ff30 f i Monitors.obj
 0001:0001ef50       ?sort@?$MArray@U_FindAllMonitorsItem@@@@QAEXP6IHAAU_FindAllMonitorsItem@@0@Z@Z 1001ff50 f i Monitors.obj
 0001:0001f040       ?clear@?$MArray@U_FindAllMonitorsItem@@@@QAEXXZ 10020040 f i Monitors.obj
 0001:0001f090       ?addsize@?$MArray@U_FindAllMonitorsItem@@@@QAEXH@Z 10020090 f i Monitors.obj
 0001:0001f180       ?NullSecurity@@YIPAU_SECURITY_ATTRIBUTES@@XZ 10020180 f   MSecurity.obj
 0001:0001f1d0       ??0MNullDesc@@QAE@XZ       100201d0 f i MSecurity.obj
 0001:0001f230       ?NullSecurity@MNullDesc@@QAEPAU_SECURITY_ATTRIBUTES@@XZ 10020230 f i MSecurity.obj
 0001:0001f330       ?LoadAdvApi@MNullDesc@@IAEHXZ 10020330 f i MSecurity.obj
 0001:0001f550       ?UnloadAdvApi@MNullDesc@@IAEXXZ 10020550 f i MSecurity.obj
 0001:0001f580       ?LocalSecurity@@YIPAU_SECURITY_ATTRIBUTES@@XZ 10020580 f   MSecurity.obj
 0001:0001f5d0       ?LocalSecurity@MNullDesc@@QAEPAU_SECURITY_ATTRIBUTES@@XZ 100205d0 f i MSecurity.obj
 0001:0001f7f0       ?ShutdownSecurity@@YIXXZ   100207f0 f   MSecurity.obj
 0001:0001f840       ??_GMNullDesc@@QAEPAXI@Z   10020840 f i MSecurity.obj
 0001:0001f870       ??1MNullDesc@@QAE@XZ       10020870 f i MSecurity.obj
 0001:0001f8d0       ?msprintf@@YAPB_WPA_WIPB_WZZ 100208d0 f   MStrSafe.obj
 0001:0001fde0       ?msprintf@@YAPBDPADIPBDZZ  10020de0 f   MStrSafe.obj
 0001:00020240       ?lstrcmpni@@YIHPB_W0H@Z    10021240 f   MStrSafe.obj
 0001:000202e0       ?SetConEmuEnvHWND@@YIXPB_WPAUHWND__@@@Z 100212e0 f   SetEnvVar.obj
 0001:00020330       ?SetConEmuEnvVar@@YIXPAUHWND__@@@Z 10021330 f   SetEnvVar.obj
 0001:000203a0       ?SetConEmuEnvVarChild@@YIXPAUHWND__@@0@Z 100213a0 f   SetEnvVar.obj
 0001:000203d0       ?ShutdownConsole@@YGXXZ    100213d0 f   WinConsole.obj
 0001:00020420       ?SetConsoleInfo@@YIHPAUHWND__@@PAU_CONSOLE_INFO@@@Z 10021420 f   WinConsole.obj
 0001:00020700       ?ChangeScreenBufferSize@@YIXAAU_CONSOLE_SCREEN_BUFFER_INFO@@FFFF@Z 10021700 f   WinConsole.obj
 0001:00020810       ?GetConWindowSize@@YIHABU_CONSOLE_SCREEN_BUFFER_INFO@@HHKPAH1PAK@Z 10021810 f   WinConsole.obj
 0001:00020960       ?GetConsoleSizeInfo@@YIXPAU_CONSOLE_INFO@@@Z 10021960 f   WinConsole.obj
 0001:00020a10       ?apiGetConsoleScreenBufferInfoEx@@YIHPAXPAUMY_CONSOLE_SCREEN_BUFFER_INFOEX@@@Z 10021a10 f   WinConsole.obj
 0001:00020a80       ?apiSetConsoleScreenBufferInfoEx@@YIHPAXPAUMY_CONSOLE_SCREEN_BUFFER_INFOEX@@@Z 10021a80 f   WinConsole.obj
 0001:00020b00       ?apiGetConsoleFontSize@@YIHPAXAAH1AAY0CA@_W@Z 10021b00 f   WinConsole.obj
 0001:00020ba0       ?apiSetConsoleFontSize@@YIHPAXHHPB_W@Z 10021ba0 f   WinConsole.obj
 0001:00020c50       ?apiFixFontSizeForBufferSize@@YIHPAXU_COORD@@@Z 10021c50 f   WinConsole.obj
 0001:00021140       ?SetConsoleFontSizeTo@@YIXPAUHWND__@@HHPB_WGG@Z 10022140 f   WinConsole.obj
 0001:00021690       ?EvaluateDefaultFontWidth@@YIHHPB_W@Z 10022690 f   WinConsole.obj
 0001:000217d0       ?SetUserFriendlyFont@@YIXPAUHWND__@@@Z 100227d0 f   WinConsole.obj
 0001:00021c60       ?CorrectConsolePos@@YIXPAUHWND__@@@Z 10022c60 f   WinConsole.obj
 0001:00021da0       ?EmergencyShow@@YIXPAUHWND__@@@Z 10022da0 f   WinConsole.obj
 0001:00021e50       ?getWindowInfo@@YIXPAUHWND__@@AAY0EAA@_W@Z 10022e50 f   WinObjects.obj
 0001:00021fb0       ?apiSetForegroundWindow@@YIHPAUHWND__@@@Z 10022fb0 f   WinObjects.obj
 0001:00021fd0       ?apiShowWindow@@YIHPAUHWND__@@H@Z 10022fd0 f   WinObjects.obj
 0001:00022000       ?apiShowWindowAsync@@YIHPAUHWND__@@H@Z 10023000 f   WinObjects.obj
 0001:00022030       ?isWindow@@YIHPAUHWND__@@@Z 10023030 f   WinObjects.obj
 0001:000220a0       ?FileCompare@@YI_NPB_W0@Z  100230a0 f   WinObjects.obj
 0001:000222c0       ?FileExists@@YI_NPB_WPAK@Z 100232c0 f   WinObjects.obj
 0001:00022490       ?FileExistsSearch@@YI_NPA_WI@Z 10023490 f   WinObjects.obj
 0001:000226d0       ?DirectoryExists@@YI_NPB_W@Z 100236d0 f   WinObjects.obj
 0001:000227c0       ?MyCreateDirectory@@YI_NPA_W@Z 100237c0 f   WinObjects.obj
 0001:000228d0       ?IsFilePath@@YI_NPB_W@Z    100238d0 f   WinObjects.obj
 0001:000229b0       ?IsPathNeedQuot@@YI_NPB_W@Z 100239b0 f   WinObjects.obj
 0001:000229e0       ?GetShortFileName@@YIHPB_WHPA_WH@Z 100239e0 f   WinObjects.obj
 0001:00022bf0       ?GetShortFileNameEx@@YIPA_WPB_WH@Z 10023bf0 f   WinObjects.obj
 0001:00023000       ?IsUserAdmin@@YI_NXZ       10024000 f   WinObjects.obj
 0001:000230c0       ?GetLogonSID@@YI_NPAXPAPA_W@Z 100240c0 f   WinObjects.obj
 0001:000231e0       ?IsWine@@YI_NXZ            100241e0 f   WinObjects.obj
 0001:00023270       ?IsDbcs@@YI_NXZ            10024270 f   WinObjects.obj
 0001:00023290       ?IsWindows64@@YI_NXZ       10024290 f   WinObjects.obj
 0001:00023320       ?IsHwFullScreenAvailable@@YI_NXZ 10024320 f   WinObjects.obj
 0001:00023380       ?IsVsNetHostExe@@YI_NPB_W@Z 10024380 f   WinObjects.obj
 0001:00023400       ?GetProcessBits@@YIHKPAX@Z 10024400 f   WinObjects.obj
 0001:000234e0       ?GetProcessInfo@@YI_NKPAUtagPROCESSENTRY32W@@@Z 100244e0 f   WinObjects.obj
 0001:000235d0       ?isTerminalMode@@YI_NXZ    100245d0 f   WinObjects.obj
 0001:000238f0       ?IsModuleValid@@YI_NPAUHINSTANCE__@@@Z 100248f0 f   WinObjects.obj
 0001:00023a30       ?CheckCallbackPtr@@YI_NPAUHINSTANCE__@@IPAP6GHXZHH@Z 10024a30 f   WinObjects.obj
 0001:00023b80       ?RemoveOldComSpecC@@YIXXZ  10024b80 f   WinObjects.obj
 0001:00023cb0       ?PointToName@@YIPB_WPB_W@Z 10024cb0 f   WinObjects.obj
 0001:00023d00       ?PointToName@@YIPBDPBD@Z   10024d00 f   WinObjects.obj
 0001:00023d40       ?PointToExt@@YIPB_WPB_W@Z  10024d40 f   WinObjects.obj
 0001:00023d80       ?Unquote@@YIPB_WPA_W_N@Z   10024d80 f   WinObjects.obj
 0001:00023e10       ?ExpandMacroValues@@YIPA_WPB_WPAPB_WI@Z 10024e10 f   WinObjects.obj
 0001:00023fd0       ?ExpandEnvStr@@YIPA_WPB_W@Z 10024fd0 f   WinObjects.obj
 0001:000240b0       ?GetFullPathNameEx@@YIPA_WPB_W@Z 100250b0 f   WinObjects.obj
 0001:00024180       ??0MConHandle@@QAE@PB_W@Z  10025180 f   WinObjects.obj
 0001:00024200       ?LogHandle@MConHandle@@AAEXIPAX@Z 10025200 f   WinObjects.obj
 0001:00024270       ??1MConHandle@@QAE@XZ      10025270 f   WinObjects.obj
 0001:00024290       ?SetBufferPtr@MConHandle@@QAEXPAPAX@Z 10025290 f   WinObjects.obj
 0001:000242b0       ??BMConHandle@@QAEQAXXZ    100252b0 f   WinObjects.obj
 0001:000245a0       ?strrchr@@YAPADPADH@Z      100255a0 f i WinObjects.obj
 0001:000245c0       ?Close@MConHandle@@QAEXXZ  100255c0 f   WinObjects.obj
 0001:00024670       ??0MEvent@@QAE@XZ          10025670 f   WinObjects.obj
 0001:000246a0       ??1MEvent@@QAE@XZ          100256a0 f   WinObjects.obj
 0001:000246c0       ?Close@MEvent@@QAEXXZ      100256c0 f   WinObjects.obj
 0001:00024710       ?InitName@MEvent@@QAEXPB_WK@Z 10025710 f   WinObjects.obj
 0001:00024760       ?Open@MEvent@@QAEPAXXZ     10025760 f   WinObjects.obj
 0001:000247e0       ?Wait@MEvent@@QAEKKH@Z     100257e0 f   WinObjects.obj
 0001:00024840       ?GetHandle@MEvent@@QAEPAXXZ 10025840 f   WinObjects.obj
 0001:00024860       ??0MSetter@@QAE@PAH@Z      10025860 f   WinObjects.obj
 0001:000248a0       ??0MSetter@@QAE@PA_N@Z     100258a0 f   WinObjects.obj
 0001:000248e0       ??0MSetter@@QAE@PAKK@Z     100258e0 f   WinObjects.obj
 0001:00024920       ??1MSetter@@QAE@XZ         10025920 f   WinObjects.obj
 0001:00024940       ?Unlock@MSetter@@QAEXXZ    10025940 f   WinObjects.obj
 0001:000249b0       ??0MSection@@QAE@XZ        100259b0 f   WinObjects.obj
 0001:00024a50       ??1MSection@@QAE@XZ        10025a50 f   WinObjects.obj
 0001:00024ae0       ?Process_Lock@MSection@@IAEXXZ 10025ae0 f   WinObjects.obj
 0001:00024b00       ?Process_Unlock@MSection@@IAEXXZ 10025b00 f   WinObjects.obj
 0001:00024b20       ?ThreadTerminated@MSection@@QAEXK@Z 10025b20 f   WinObjects.obj
 0001:00024b70       ?AddRef@MSection@@IAEXK@Z  10025b70 f   WinObjects.obj
 0001:00024c60       ?ReleaseRef@MSection@@IAEHK@Z 10025c60 f   WinObjects.obj
 0001:00024d30       ?WaitUnlocked@MSection@@IAEXKK@Z 10025d30 f   WinObjects.obj
 0001:00024dd0       ?MyEnterCriticalSection@MSection@@IAE_NK@Z 10025dd0 f   WinObjects.obj
 0001:00024fa0       ?Lock@MSection@@IAEHHK@Z   10025fa0 f   WinObjects.obj
 0001:000250f0       ?Unlock@MSection@@IAEXH@Z  100260f0 f   WinObjects.obj
 0001:00025160       ?isLockedExclusive@MSection@@QAE_NXZ 10026160 f   WinObjects.obj
 0001:000251b0       ??0MSectionThread@@QAE@PAVMSection@@@Z 100261b0 f   WinObjects.obj
 0001:000251e0       ??1MSectionThread@@QAE@XZ  100261e0 f   WinObjects.obj
 0001:00025210       ??0MSectionLock@@QAE@XZ    10026210 f   WinObjects.obj
 0001:00025240       ??1MSectionLock@@QAE@XZ    10026240 f   WinObjects.obj
 0001:00025270       ?Lock@MSectionLock@@QAEHPAVMSection@@HK@Z 10026270 f   WinObjects.obj
 0001:000252f0       ?RelockExclusive@MSectionLock@@QAEHK@Z 100262f0 f   WinObjects.obj
 0001:00025360       ?Unlock@MSectionLock@@QAEXXZ 10026360 f   WinObjects.obj
 0001:000253a0       ?isLocked@MSectionLock@@QAEHH@Z 100263a0 f   WinObjects.obj
 0001:000253f0       ??0MSectionLockSimple@@QAE@XZ 100263f0 f   WinObjects.obj
 0001:00025410       ??1MSectionLockSimple@@QAE@XZ 10026410 f   WinObjects.obj
 0001:00025430       ?Lock@MSectionLockSimple@@QAEHPAU_RTL_CRITICAL_SECTION@@K@Z 10026430 f   WinObjects.obj
 0001:000254d0       ?Unlock@MSectionLockSimple@@QAEXXZ 100264d0 f   WinObjects.obj
 0001:00025510       ?isLocked@MSectionLockSimple@@QAEHXZ 10026510 f   WinObjects.obj
 0001:00025530       ??0MFileLog@@QAE@PB_W0K@Z  10026530 f   WinObjects.obj
 0001:000255a0       ?InitFileName@MFileLog@@IAEJPB_WK@Z 100265a0 f   WinObjects.obj
 0001:00025630       ??1MFileLog@@QAE@XZ        10026630 f   WinObjects.obj
 0001:00025680       ?CloseLogFile@MFileLog@@QAEXXZ 10026680 f   WinObjects.obj
 0001:00025710       ?CreateLogFile@MFileLog@@QAEJPB_WKK@Z 10026710 f   WinObjects.obj
 0001:00025d80       ?GetLogFileName@MFileLog@@QAEPB_WXZ 10026d80 f   WinObjects.obj
 0001:00025dc0       ?LogString@MFileLog@@QAEXPBD_N01I@Z 10026dc0 f   WinObjects.obj
 0001:00025f10       ?LogString@MFileLog@@QAEXPB_W_N01@Z 10026f10 f   WinObjects.obj
 0001:00026210       ?MonitorEnumProc@MFileLog@@KGHPAUHMONITOR__@@PAUHDC__@@PAUtagRECT@@J@Z 10027210 f   WinObjects.obj
 0001:00026340       ?LogStartEnv@MFileLog@@QAEXPAUCEStartupEnv@@@Z 10027340 f   WinObjects.obj
 0001:00026d20       ??0CToolTip@@QAE@XZ        10027d20 f   WinObjects.obj
 0001:00026d90       ??_ECToolTip@@UAEPAXI@Z    10027d90 f i WinObjects.obj
 0001:00026d90       ??_GCToolTip@@UAEPAXI@Z    10027d90 f i WinObjects.obj
 0001:00026dc0       ??1CToolTip@@UAE@XZ        10027dc0 f   WinObjects.obj
 0001:00026e60       ?ShowTip@CToolTip@@QAEXPAUHWND__@@0PB_WHUtagPOINT@@PAUHINSTANCE__@@@Z 10027e60 f   WinObjects.obj
 0001:00027140       ?HideTip@CToolTip@@QAEXXZ  10028140 f   WinObjects.obj
 0001:000271b0       ??0CTimer@@QAE@XZ          100281b0 f   WinObjects.obj
 0001:000271f0       ??1CTimer@@QAE@XZ          100281f0 f   WinObjects.obj
 0001:00027210       ?IsStarted@CTimer@@QAE_NXZ 10028210 f   WinObjects.obj
 0001:00027230       ?Start@CTimer@@QAEXI@Z     10028230 f   WinObjects.obj
 0001:00027290       ?Stop@CTimer@@QAEXXZ       10028290 f   WinObjects.obj
 0001:000272c0       ?Restart@CTimer@@QAEXI@Z   100282c0 f   WinObjects.obj
 0001:000272f0       ?Init@CTimer@@QAEXPAUHWND__@@II@Z 100282f0 f   WinObjects.obj
 0001:00027320       ?MyGetLargestConsoleWindowSize@@YI?AU_COORD@@PAX@Z 10028320 f   WinObjects.obj
 0001:000273a0       ?DuplicateProcessHandle@@YIPAXK@Z 100283a0 f   WinObjects.obj
 0001:00027410       ?FindComspec@@YIXPAUConEmuComspec@@_N@Z 10028410 f   WinObjects.obj
 0001:00027d70       ?GetEnvVar@@YIPA_WPB_WK@Z  10028d70 f   WinObjects.obj
 0001:00027e80       ?UpdateComspec@@YIXPAUConEmuComspec@@_N@Z 10028e80 f   WinObjects.obj
 0001:000281c0       ?SetEnvVarExpanded@@YIXPB_W0@Z 100291c0 f   WinObjects.obj
 0001:000282c0       ?GetComspecFromEnvVar@@YIPB_WPA_WKW4ComSpecBits@@@Z 100292c0 f   WinObjects.obj
 0001:00028480       ?GetComspec@@YIPA_WPBUConEmuComspec@@@Z 10029480 f   WinObjects.obj
 0001:000286c0       ?IsExportEnvVarAllowed@@YI_NPB_W@Z 100296c0 f   WinObjects.obj
 0001:00028730       ?ApplyExportEnvVar@@YIXPB_W@Z 10029730 f   WinObjects.obj
 0001:000287b0       ?CopyToClipboard@@YI_NPB_W@Z 100297b0 f   WinObjects.obj
 0001:00028860       ??$wcscpy_c@$0EAA@@@YIHAAY0EAA@_WPB_W@Z 10029860 f i WinObjects.obj
 0001:00028890       ??$wcscpy_c@$0BAA@@@YIHAAY0BAA@_WPB_W@Z 10029890 f i WinObjects.obj
 0001:000288c0       ??$wcscpy_c@$0EBA@@@YIHAAY0EBA@_WPB_W@Z 100298c0 f i WinObjects.obj
 0001:000288e8       _GetProcAddress@8          100298e8 f   kernel32:KERNEL32.dll
 0001:000288ee       _GetCurrentProcessId@0     100298ee f   kernel32:KERNEL32.dll
 0001:000288f4       _GetLastError@0            100298f4 f   kernel32:KERNEL32.dll
 0001:000288fa       _LoadLibraryW@4            100298fa f   kernel32:KERNEL32.dll
 0001:00028900       _GetModuleHandleW@4        10029900 f   kernel32:KERNEL32.dll
 0001:00028906       _IsDebuggerPresent@0       10029906 f   kernel32:KERNEL32.dll
 0001:0002890c       _SetEvent@4                1002990c f   kernel32:KERNEL32.dll
 0001:00028912       _lstrcpyW@8                10029912 f   kernel32:KERNEL32.dll
 0001:00028918       _lstrlenW@4                10029918 f   kernel32:KERNEL32.dll
 0001:0002891e       _SetEnvironmentVariableW@8 1002991e f   kernel32:KERNEL32.dll
 0001:00028924       _IsBadStringPtrW@8         10029924 f   kernel32:KERNEL32.dll
 0001:0002892a       _GetNumberOfConsoleInputEvents@8 1002992a f   kernel32:KERNEL32.dll
 0001:00028930       _GetStdHandle@4            10029930 f   kernel32:KERNEL32.dll
 0001:00028936       _GetTickCount@0            10029936 f   kernel32:KERNEL32.dll
 0001:0002893c       _SetLastError@4            1002993c f   kernel32:KERNEL32.dll
 0001:00028942       _GetCurrentThreadId@0      10029942 f   kernel32:KERNEL32.dll
 0001:00028948       _ReadConsoleInputW@16      10029948 f   kernel32:KERNEL32.dll
 0001:0002894e       _PeekConsoleInputW@16      1002994e f   kernel32:KERNEL32.dll
 0001:00028954       _lstrcatW@8                10029954 f   kernel32:KERNEL32.dll
 0001:0002895a       _GetModuleFileNameW@12     1002995a f   kernel32:KERNEL32.dll
 0001:00028960       _WriteConsoleInputW@16     10029960 f   kernel32:KERNEL32.dll
 0001:00028966       _WaitForSingleObject@8     10029966 f   kernel32:KERNEL32.dll
 0001:0002896c       _ReleaseSemaphore@12       1002996c f   kernel32:KERNEL32.dll
 0001:00028972       _WaitForMultipleObjects@16 10029972 f   kernel32:KERNEL32.dll
 0001:00028978       _ResetEvent@4              10029978 f   kernel32:KERNEL32.dll
 0001:0002897e       _InterlockedDecrement@4    1002997e f   kernel32:KERNEL32.dll
 0001:00028984       _InterlockedIncrement@4    10029984 f   kernel32:KERNEL32.dll
 0001:0002898a       _GetConsoleScreenBufferInfo@8 1002998a f   kernel32:KERNEL32.dll
 0001:00028990       _SuspendThread@4           10029990 f   kernel32:KERNEL32.dll
 0001:00028996       _ResumeThread@4            10029996 f   kernel32:KERNEL32.dll
 0001:0002899c       _TerminateProcess@8        1002999c f   kernel32:KERNEL32.dll
 0001:000289a2       _GetCurrentProcess@0       100299a2 f   kernel32:KERNEL32.dll
 0001:000289a8       _CloseHandle@4             100299a8 f   kernel32:KERNEL32.dll
 0001:000289ae       _Module32NextW@8           100299ae f   kernel32:KERNEL32.dll
 0001:000289b4       _Module32FirstW@8          100299b4 f   kernel32:KERNEL32.dll
 0001:000289ba       _CreateToolhelp32Snapshot@8 100299ba f   kernel32:KERNEL32.dll
 0001:000289c0       _GetEnvironmentVariableW@12 100299c0 f   kernel32:KERNEL32.dll
 0001:000289c6       _CreateThread@24           100299c6 f   kernel32:KERNEL32.dll
 0001:000289cc       _CreateSemaphoreW@16       100299cc f   kernel32:KERNEL32.dll
 0001:000289d2       _CreateEventW@16           100299d2 f   kernel32:KERNEL32.dll
 0001:000289d8       _OpenFileMappingW@12       100299d8 f   kernel32:KERNEL32.dll
 0001:000289de       _VirtualProtect@16         100299de f   kernel32:KERNEL32.dll
 0001:000289e4       _MapViewOfFile@20          100299e4 f   kernel32:KERNEL32.dll
 0001:000289ea       _CreateFileMappingW@24     100299ea f   kernel32:KERNEL32.dll
 0001:000289f0       _lstrcmpW@8                100299f0 f   kernel32:KERNEL32.dll
 0001:000289f6       _lstrcpynW@12              100299f6 f   kernel32:KERNEL32.dll
 0001:000289fc       _lstrcmpiW@8               100299fc f   kernel32:KERNEL32.dll
 0001:00028a02       _UnmapViewOfFile@4         10029a02 f   kernel32:KERNEL32.dll
 0001:00028a08       _TerminateThread@8         10029a08 f   kernel32:KERNEL32.dll
 0001:00028a0e       _SetConsoleTitleW@4        10029a0e f   kernel32:KERNEL32.dll
 0001:00028a14       _GetConsoleTitleW@8        10029a14 f   kernel32:KERNEL32.dll
 0001:00028a1a       _WideCharToMultiByte@32    10029a1a f   kernel32:KERNEL32.dll
 0001:00028a20       _DeleteFileW@4             10029a20 f   kernel32:KERNEL32.dll
 0001:00028a26       _CreateProcessW@40         10029a26 f   kernel32:KERNEL32.dll
 0001:00028a2c       _GetExitCodeProcess@8      10029a2c f   kernel32:KERNEL32.dll
 0001:00028a32       _SetConsoleMode@8          10029a32 f   kernel32:KERNEL32.dll
 0001:00028a38       _GetConsoleMode@8          10029a38 f   kernel32:KERNEL32.dll
 0001:00028a3e       _GetConsoleCursorInfo@8    10029a3e f   kernel32:KERNEL32.dll
 0001:00028a44       _Thread32Next@8            10029a44 f   kernel32:KERNEL32.dll
 0001:00028a4a       _Thread32First@8           10029a4a f   kernel32:KERNEL32.dll
 0001:00028a50       _ExpandEnvironmentStringsW@12 10029a50 f   kernel32:KERNEL32.dll
 0001:00028a56       _lstrcmpA@8                10029a56 f   kernel32:KERNEL32.dll
 0001:00028a5c       _MultiByteToWideChar@24    10029a5c f   kernel32:KERNEL32.dll
 0001:00028a62       _lstrlenA@4                10029a62 f   kernel32:KERNEL32.dll
 0001:00028a68       _lstrcpynA@12              10029a68 f   kernel32:KERNEL32.dll
 0001:00028a6e       _GetCurrentDirectoryW@8    10029a6e f   kernel32:KERNEL32.dll
 0001:00028a74       _lstrcpyA@8                10029a74 f   kernel32:KERNEL32.dll
 0001:00028a7a       _DisconnectNamedPipe@4     10029a7a f   kernel32:KERNEL32.dll
 0001:00028a80       _SetThreadPriority@8       10029a80 f   kernel32:KERNEL32.dll
 0001:00028a86       _Sleep@4                   10029a86 f   kernel32:KERNEL32.dll
 0001:00028a8c       _FlushFileBuffers@4        10029a8c f   kernel32:KERNEL32.dll
 0001:00028a92       _ReadFile@20               10029a92 f   kernel32:KERNEL32.dll
 0001:00028a98       _GetOverlappedResult@16    10029a98 f   kernel32:KERNEL32.dll
 0001:00028a9e       _WriteFile@20              10029a9e f   kernel32:KERNEL32.dll
 0001:00028aa4       _ConnectNamedPipe@8        10029aa4 f   kernel32:KERNEL32.dll
 0001:00028aaa       _CreateNamedPipeW@32       10029aaa f   kernel32:KERNEL32.dll
 0001:00028ab0       _SetFilePointer@16         10029ab0 f   kernel32:KERNEL32.dll
 0001:00028ab6       _GetFileInformationByHandle@8 10029ab6 f   kernel32:KERNEL32.dll
 0001:00028abc       _CreateFileW@28            10029abc f   kernel32:KERNEL32.dll
 0001:00028ac2       _ReadProcessMemory@20      10029ac2 f   kernel32:KERNEL32.dll
 0001:00028ac8       _FreeLibrary@4             10029ac8 f   kernel32:KERNEL32.dll
 0001:00028ace       _GetVersionExW@4           10029ace f   kernel32:KERNEL32.dll
 0001:00028ad4       _SearchPathW@24            10029ad4 f   kernel32:KERNEL32.dll
 0001:00028ada       _DebugBreak@0              10029ada f   kernel32:KERNEL32.dll
 0001:00028ae0       _SetNamedPipeHandleState@16 10029ae0 f   kernel32:KERNEL32.dll
 0001:00028ae6       _WaitNamedPipeW@8          10029ae6 f   kernel32:KERNEL32.dll
 0001:00028aec       _TransactNamedPipe@28      10029aec f   kernel32:KERNEL32.dll
 0001:00028af2       _GetConsoleWindow@0        10029af2 f   kernel32:KERNEL32.dll
 0001:00028af8       _HeapCreate@12             10029af8 f   kernel32:KERNEL32.dll
 0001:00028afe       _HeapDestroy@4             10029afe f   kernel32:KERNEL32.dll
 0001:00028b04       _HeapAlloc@12              10029b04 f   kernel32:KERNEL32.dll
 0001:00028b0a       _HeapReAlloc@16            10029b0a f   kernel32:KERNEL32.dll
 0001:00028b10       _HeapFree@12               10029b10 f   kernel32:KERNEL32.dll
 0001:00028b16       _HeapValidate@12           10029b16 f   kernel32:KERNEL32.dll
 0001:00028b1c       _LocalFree@4               10029b1c f   kernel32:KERNEL32.dll
 0001:00028b22       _LocalAlloc@8              10029b22 f   kernel32:KERNEL32.dll
 0001:00028b28       _SetConsoleWindowInfo@12   10029b28 f   kernel32:KERNEL32.dll
 0001:00028b2e       _GetConsoleOutputCP@0      10029b2e f   kernel32:KERNEL32.dll
 0001:00028b34       _GetFileSizeEx@8           10029b34 f   kernel32:KERNEL32.dll
 0001:00028b3a       _FindClose@4               10029b3a f   kernel32:KERNEL32.dll
 0001:00028b40       _FindNextFileW@8           10029b40 f   kernel32:KERNEL32.dll
 0001:00028b46       _FindFirstFileW@8          10029b46 f   kernel32:KERNEL32.dll
 0001:00028b4c       _CreateDirectoryW@8        10029b4c f   kernel32:KERNEL32.dll
 0001:00028b52       _OpenProcess@12            10029b52 f   kernel32:KERNEL32.dll
 0001:00028b58       _Process32NextW@8          10029b58 f   kernel32:KERNEL32.dll
 0001:00028b5e       _Process32FirstW@8         10029b5e f   kernel32:KERNEL32.dll
 0001:00028b64       _IsBadReadPtr@8            10029b64 f   kernel32:KERNEL32.dll
 0001:00028b6a       _VirtualFree@12            10029b6a f   kernel32:KERNEL32.dll
 0001:00028b70       _VirtualAlloc@16           10029b70 f   kernel32:KERNEL32.dll
 0001:00028b76       _GetSystemInfo@4           10029b76 f   kernel32:KERNEL32.dll
 0001:00028b7c       _GetFullPathNameW@16       10029b7c f   kernel32:KERNEL32.dll
 0001:00028b82       _GetModuleFileNameA@12     10029b82 f   kernel32:KERNEL32.dll
 0001:00028b88       _OpenEventW@12             10029b88 f   kernel32:KERNEL32.dll
 0001:00028b8e       _InitializeCriticalSection@4 10029b8e f   kernel32:KERNEL32.dll
 0001:00028b94       _DeleteCriticalSection@4   10029b94 f   kernel32:KERNEL32.dll
 0001:00028b9a       _EnterCriticalSection@4    10029b9a f   kernel32:KERNEL32.dll
 0001:00028ba0       _LeaveCriticalSection@4    10029ba0 f   kernel32:KERNEL32.dll
 0001:00028ba6       _TryEnterCriticalSection@4 10029ba6 f   kernel32:KERNEL32.dll
 0001:00028bac       _OpenThread@12             10029bac f   kernel32:KERNEL32.dll
 0001:00028bb2       _GetLocalTime@4            10029bb2 f   kernel32:KERNEL32.dll
 0001:00028bb8       _GetLargestConsoleWindowSize@4 10029bb8 f   kernel32:KERNEL32.dll
 0001:00028bbe       _DuplicateHandle@28        10029bbe f   kernel32:KERNEL32.dll
 0001:00028bc4       _GetWindowsDirectoryW@8    10029bc4 f   kernel32:KERNEL32.dll
 0001:00028bca       _GlobalUnlock@4            10029bca f   kernel32:KERNEL32.dll
 0001:00028bd0       _GlobalLock@4              10029bd0 f   kernel32:KERNEL32.dll
 0001:00028bd6       _GlobalAlloc@8             10029bd6 f   kernel32:KERNEL32.dll
 0001:00028bdc       _MessageBoxW@16            10029bdc f   user32:USER32.dll
 0001:00028be2       _wsprintfW                 10029be2 f   user32:USER32.dll
 0001:00028be8       _IsWindow@4                10029be8 f   user32:USER32.dll
 0001:00028bee       _GetWindowLongW@8          10029bee f   user32:USER32.dll
 0001:00028bf4       _GetParent@4               10029bf4 f   user32:USER32.dll
 0001:00028bfa       _PostMessageW@16           10029bfa f   user32:USER32.dll
 0001:00028c00       _RegisterWindowMessageW@4  10029c00 f   user32:USER32.dll
 0001:00028c06       _GetWindowThreadProcessId@8 10029c06 f   user32:USER32.dll
 0001:00028c0c       _IsWindowVisible@4         10029c0c f   user32:USER32.dll
 0001:00028c12       _CharUpperBuffW@8          10029c12 f   user32:USER32.dll
 0001:00028c18       _FillRect@12               10029c18 f   user32:USER32.dll
 0001:00028c1e       _ReleaseDC@8               10029c1e f   user32:USER32.dll
 0001:00028c24       _GetDC@4                   10029c24 f   user32:USER32.dll
 0001:00028c2a       _ActivateKeyboardLayout@8  10029c2a f   user32:USER32.dll
 0001:00028c30       _LoadKeyboardLayoutW@8     10029c30 f   user32:USER32.dll
 0001:00028c36       _MapVirtualKeyW@8          10029c36 f   user32:USER32.dll
 0001:00028c3c       _VkKeyScanW@4              10029c3c f   user32:USER32.dll
 0001:00028c42       _FindWindowW@8             10029c42 f   user32:USER32.dll
 0001:00028c48       _GetSystemMetrics@4        10029c48 f   user32:USER32.dll
 0001:00028c4e       _IsRectEmpty@4             10029c4e f   user32:USER32.dll
 0001:00028c54       _EnumDisplayMonitors@16    10029c54 f   user32:USER32.dll
 0001:00028c5a       _GetMonitorInfoW@8         10029c5a f   user32:USER32.dll
 0001:00028c60       _SystemParametersInfoW@16  10029c60 f   user32:USER32.dll
 0001:00028c66       _MonitorFromWindow@8       10029c66 f   user32:USER32.dll
 0001:00028c6c       _MonitorFromRect@8         10029c6c f   user32:USER32.dll
 0001:00028c72       _SetWindowPos@28           10029c72 f   user32:USER32.dll
 0001:00028c78       _ShowWindow@8              10029c78 f   user32:USER32.dll
 0001:00028c7e       _SendMessageW@16           10029c7e f   user32:USER32.dll
 0001:00028c84       _GetWindowRect@8           10029c84 f   user32:USER32.dll
 0001:00028c8a       _EnableWindow@8            10029c8a f   user32:USER32.dll
 0001:00028c90       _IsWindowEnabled@4         10029c90 f   user32:USER32.dll
 0001:00028c96       _SetForegroundWindow@4     10029c96 f   user32:USER32.dll
 0001:00028c9c       _ShowWindowAsync@8         10029c9c f   user32:USER32.dll
 0001:00028ca2       _wsprintfA                 10029ca2 f   user32:USER32.dll
 0001:00028ca8       _GetCursorPos@4            10029ca8 f   user32:USER32.dll
 0001:00028cae       _GetWindowTextW@12         10029cae f   user32:USER32.dll
 0001:00028cb4       _GetClassNameW@12          10029cb4 f   user32:USER32.dll
 0001:00028cba       _GetForegroundWindow@0     10029cba f   user32:USER32.dll
 0001:00028cc0       _GetKeyboardLayoutList@8   10029cc0 f   user32:USER32.dll
 0001:00028cc6       _GetKeyboardLayout@4       10029cc6 f   user32:USER32.dll
 0001:00028ccc       _DestroyWindow@4           10029ccc f   user32:USER32.dll
 0001:00028cd2       _GetClientRect@8           10029cd2 f   user32:USER32.dll
 0001:00028cd8       _CreateWindowExW@48        10029cd8 f   user32:USER32.dll
 0001:00028cde       _SetTimer@16               10029cde f   user32:USER32.dll
 0001:00028ce4       _KillTimer@8               10029ce4 f   user32:USER32.dll
 0001:00028cea       _CloseClipboard@0          10029cea f   user32:USER32.dll
 0001:00028cf0       _SetClipboardData@8        10029cf0 f   user32:USER32.dll
 0001:00028cf6       _EmptyClipboard@0          10029cf6 f   user32:USER32.dll
 0001:00028cfc       _OpenClipboard@4           10029cfc f   user32:USER32.dll
 0001:00028d02       _DeleteEnhMetaFile@4       10029d02 f   gdi32:GDI32.dll
 0001:00028d08       _GetEnhMetaFileBits@12     10029d08 f   gdi32:GDI32.dll
 0001:00028d0e       _CloseEnhMetaFile@4        10029d0e f   gdi32:GDI32.dll
 0001:00028d14       _GdiFlush@0                10029d14 f   gdi32:GDI32.dll
 0001:00028d1a       _SelectObject@8            10029d1a f   gdi32:GDI32.dll
 0001:00028d20       _DeleteDC@4                10029d20 f   gdi32:GDI32.dll
 0001:00028d26       _DeleteObject@4            10029d26 f   gdi32:GDI32.dll
 0001:00028d2c       _CreateSolidBrush@4        10029d2c f   gdi32:GDI32.dll
 0001:00028d32       _CreateDIBSection@24       10029d32 f   gdi32:GDI32.dll
 0001:00028d38       _CreateCompatibleDC@4      10029d38 f   gdi32:GDI32.dll
 0001:00028d3e       _CreateEnhMetaFileW@16     10029d3e f   gdi32:GDI32.dll
 0001:00028d44       _GetDeviceCaps@8           10029d44 f   gdi32:GDI32.dll
 0001:00028d4a       _GetTextMetricsW@8         10029d4a f   gdi32:GDI32.dll
 0001:00028d50       _CreateFontIndirectW@4     10029d50 f   gdi32:GDI32.dll
 0001:00028d56       _RegCloseKey@4             10029d56 f   advapi32:ADVAPI32.dll
 0001:00028d5c       _RegQueryValueExW@24       10029d5c f   advapi32:ADVAPI32.dll
 0001:00028d62       _RegOpenKeyExW@20          10029d62 f   advapi32:ADVAPI32.dll
 0001:00028d68       _RegCreateKeyExW@36        10029d68 f   advapi32:ADVAPI32.dll
 0001:00028d6e       _FreeSid@4                 10029d6e f   advapi32:ADVAPI32.dll
 0001:00028d74       _CheckTokenMembership@12   10029d74 f   advapi32:ADVAPI32.dll
 0001:00028d7a       _AllocateAndInitializeSid@44 10029d7a f   advapi32:ADVAPI32.dll
 0001:00028d80       _ConvertSidToStringSidW@8  10029d80 f   advapi32:ADVAPI32.dll
 0001:00028d86       _GetTokenInformation@20    10029d86 f   advapi32:ADVAPI32.dll
 0001:00028d8c       _OpenProcessToken@12       10029d8c f   advapi32:ADVAPI32.dll
 0001:00028d92       _RegEnumKeyExW@32          10029d92 f   advapi32:ADVAPI32.dll
 0001:00028d98       _SHGetFolderPathW@20       10029d98 f   shell32:SHELL32.dll
 0001:00028d9e       _VerQueryValueW@16         10029d9e f   version:VERSION.dll
 0001:00028da4       _GetFileVersionInfoW@16    10029da4 f   version:VERSION.dll
 0001:00028daa       _GetFileVersionInfoSizeW@8 10029daa f   version:VERSION.dll
 0001:00028db0       __alloca_probe             10029db0     LIBCMT:chkstk.obj
 0001:00028db0       __chkstk                   10029db0 f   LIBCMT:chkstk.obj
 0001:00028de0       _memset                    10029de0 f   LIBCMT:memset.obj
 0001:0002a3d0       _memcmp                    1002b3d0 f   LIBCMT:memcmp.obj
 0001:0002ba50       _memcpy                    1002ca50 f   LIBCMT:memcpy.obj
 0001:0002bdb5       _wcsrchr                   1002cdb5 f   LIBCMT:wcsrchr.obj
 0001:0002bdf0       _memmove                   1002cdf0 f   LIBCMT:memmove.obj
 0001:0002c155       _wcschr                    1002d155 f   LIBCMT:wcschr.obj
 0001:0002c17b       _wcsstr                    1002d17b f   LIBCMT:wcsstr.obj
 0001:0002c1e0       __ftol2_sse                1002d1e0 f   LIBCMT:ftol2.obj
 0001:0002c1e9       __ftol2_pentium4           1002d1e9 f   LIBCMT:ftol2.obj
 0001:0002c1fc       __ftol2_sse_excpt          1002d1fc f   LIBCMT:ftol2.obj
 0001:0002c216       __ftol2                    1002d216 f   LIBCMT:ftol2.obj
 0001:0002c28b       _wcsncmp                   1002d28b f   LIBCMT:wcsncmp.obj
 0001:0002c2c2       _wcspbrk                   1002d2c2 f   LIBCMT:wcspbrk.obj
 0001:0002c310       _strrchr                   1002d310 f   LIBCMT:strrchr.obj
 0001:0002c394       __VEC_memzero              1002d394 f   LIBCMT:p4_memset.obj
 0001:0002c473       __get_sse2_info            1002d473 f   LIBCMT:cpu_disp.obj
 0001:0002c4d5       ___sse2_available_init     1002d4d5 f   LIBCMT:cpu_disp.obj
 0001:0002c569       __VEC_memcpy               1002d569 f   LIBCMT:p4_memcpy.obj
 0001:0002c64c       __SEH_prolog4              1002d64c f   LIBCMT:sehprolg4.obj
 0001:0002c691       __SEH_epilog4              1002d691 f   LIBCMT:sehprolg4.obj
 0001:0002c6e0       __except_handler4          1002d6e0 f   LIBCMT:chandler4.obj
 0001:0002c86c       @__security_check_cookie@4 1002d86c f   LIBCMT:secchk.obj
 0001:0002c87c       __local_unwind4            1002d87c f   LIBCMT:exsup4.obj
 0001:0002c952       __seh_longjmp_unwind4@4    1002d952 f   LIBCMT:exsup4.obj
 0001:0002c96e       @_EH4_CallFilterFunc@8     1002d96e f   LIBCMT:exsup4.obj
 0001:0002c985       @_EH4_TransferToHandler@8  1002d985 f   LIBCMT:exsup4.obj
 0001:0002c99e       @_EH4_GlobalUnwind@4       1002d99e f   LIBCMT:exsup4.obj
 0001:0002c9b8       @_EH4_LocalUnwind@16       1002d9b8 f   LIBCMT:exsup4.obj
 0001:0002c9d0       __ValidateImageBase        1002d9d0 f   LIBCMT:pesect.obj
 0001:0002ca10       __FindPESection            1002da10 f   LIBCMT:pesect.obj
 0001:0002ca60       __IsNonwritableInCurrentImage 1002da60 f   LIBCMT:pesect.obj
 0001:0002cb1d       ___report_gsfailure        1002db1d f   LIBCMT:gs_report.obj
 0001:0002cc24       __global_unwind2           1002dc24 f   LIBCMT:exsup.obj
 0001:0002cc89       __local_unwind2            1002dc89 f   LIBCMT:exsup.obj
 0001:0002cd0d       __abnormal_termination     1002dd0d f   LIBCMT:exsup.obj
 0001:0002cd30       __NLG_Notify1              1002dd30 f   LIBCMT:exsup.obj
 0001:0002cd39       __NLG_Notify               1002dd39 f   LIBCMT:exsup.obj
 0001:0002cd50       __NLG_Dispatch             1002dd50     LIBCMT:exsup.obj
 0001:0002cd50       __NLG_Dispatch2            1002dd50     LIBCMT:exsup.obj
 0001:0002cd58       __NLG_Call                 1002dd58 f   LIBCMT:exsup.obj
 0001:0002cd5a       __NLG_Return2              1002dd5a     LIBCMT:exsup.obj
 0001:0002cd5b       __crt_debugger_hook        1002dd5b f   LIBCMT:dbghook.obj
 0001:0002cd64       _RtlUnwind@16              1002dd64 f   kernel32:KERNEL32.dll
 0001:0002cd6a       _UnhandledExceptionFilter@4 1002dd6a f   kernel32:KERNEL32.dll
 0001:0002cd70       _SetUnhandledExceptionFilter@4 1002dd70 f   kernel32:KERNEL32.dll
 0002:00000000       __imp__OpenProcessToken@12 1002e000     advapi32:ADVAPI32.dll
 0002:00000004       __imp__GetTokenInformation@20 1002e004     advapi32:ADVAPI32.dll
 0002:00000008       __imp__ConvertSidToStringSidW@8 1002e008     advapi32:ADVAPI32.dll
 0002:0000000c       __imp__AllocateAndInitializeSid@44 1002e00c     advapi32:ADVAPI32.dll
 0002:00000010       __imp__CheckTokenMembership@12 1002e010     advapi32:ADVAPI32.dll
 0002:00000014       __imp__FreeSid@4           1002e014     advapi32:ADVAPI32.dll
 0002:00000018       __imp__RegCreateKeyExW@36  1002e018     advapi32:ADVAPI32.dll
 0002:0000001c       __imp__RegOpenKeyExW@20    1002e01c     advapi32:ADVAPI32.dll
 0002:00000020       __imp__RegQueryValueExW@24 1002e020     advapi32:ADVAPI32.dll
 0002:00000024       __imp__RegCloseKey@4       1002e024     advapi32:ADVAPI32.dll
 0002:00000028       __imp__RegEnumKeyExW@32    1002e028     advapi32:ADVAPI32.dll
 0002:0000002c       \177ADVAPI32_NULL_THUNK_DATA 1002e02c     advapi32:ADVAPI32.dll
 0002:00000030       __imp__GetTextMetricsW@8   1002e030     gdi32:GDI32.dll
 0002:00000034       __imp__GetDeviceCaps@8     1002e034     gdi32:GDI32.dll
 0002:00000038       __imp__CreateEnhMetaFileW@16 1002e038     gdi32:GDI32.dll
 0002:0000003c       __imp__CreateCompatibleDC@4 1002e03c     gdi32:GDI32.dll
 0002:00000040       __imp__CreateDIBSection@24 1002e040     gdi32:GDI32.dll
 0002:00000044       __imp__CreateSolidBrush@4  1002e044     gdi32:GDI32.dll
 0002:00000048       __imp__DeleteObject@4      1002e048     gdi32:GDI32.dll
 0002:0000004c       __imp__DeleteDC@4          1002e04c     gdi32:GDI32.dll
 0002:00000050       __imp__SelectObject@8      1002e050     gdi32:GDI32.dll
 0002:00000054       __imp__GdiFlush@0          1002e054     gdi32:GDI32.dll
 0002:00000058       __imp__CloseEnhMetaFile@4  1002e058     gdi32:GDI32.dll
 0002:0000005c       __imp__CreateFontIndirectW@4 1002e05c     gdi32:GDI32.dll
 0002:00000060       __imp__DeleteEnhMetaFile@4 1002e060     gdi32:GDI32.dll
 0002:00000064       __imp__GetEnhMetaFileBits@12 1002e064     gdi32:GDI32.dll
 0002:00000068       \177GDI32_NULL_THUNK_DATA  1002e068     gdi32:GDI32.dll
 0002:0000006c       __imp__GetConsoleScreenBufferInfo@8 1002e06c     kernel32:KERNEL32.dll
 0002:00000070       __imp__SuspendThread@4     1002e070     kernel32:KERNEL32.dll
 0002:00000074       __imp__ResumeThread@4      1002e074     kernel32:KERNEL32.dll
 0002:00000078       __imp__TerminateProcess@8  1002e078     kernel32:KERNEL32.dll
 0002:0000007c       __imp__GetCurrentProcess@0 1002e07c     kernel32:KERNEL32.dll
 0002:00000080       __imp__CloseHandle@4       1002e080     kernel32:KERNEL32.dll
 0002:00000084       __imp__Module32NextW@8     1002e084     kernel32:KERNEL32.dll
 0002:00000088       __imp__Module32FirstW@8    1002e088     kernel32:KERNEL32.dll
 0002:0000008c       __imp__CreateToolhelp32Snapshot@8 1002e08c     kernel32:KERNEL32.dll
 0002:00000090       __imp__GetEnvironmentVariableW@12 1002e090     kernel32:KERNEL32.dll
 0002:00000094       __imp__CreateThread@24     1002e094     kernel32:KERNEL32.dll
 0002:00000098       __imp__CreateSemaphoreW@16 1002e098     kernel32:KERNEL32.dll
 0002:0000009c       __imp__CreateEventW@16     1002e09c     kernel32:KERNEL32.dll
 0002:000000a0       __imp__OpenFileMappingW@12 1002e0a0     kernel32:KERNEL32.dll
 0002:000000a4       __imp__VirtualProtect@16   1002e0a4     kernel32:KERNEL32.dll
 0002:000000a8       __imp__MapViewOfFile@20    1002e0a8     kernel32:KERNEL32.dll
 0002:000000ac       __imp__CreateFileMappingW@24 1002e0ac     kernel32:KERNEL32.dll
 0002:000000b0       __imp__lstrcmpW@8          1002e0b0     kernel32:KERNEL32.dll
 0002:000000b4       __imp__lstrcpynW@12        1002e0b4     kernel32:KERNEL32.dll
 0002:000000b8       __imp__lstrcmpiW@8         1002e0b8     kernel32:KERNEL32.dll
 0002:000000bc       __imp__UnmapViewOfFile@4   1002e0bc     kernel32:KERNEL32.dll
 0002:000000c0       __imp__TerminateThread@8   1002e0c0     kernel32:KERNEL32.dll
 0002:000000c4       __imp__SetConsoleTitleW@4  1002e0c4     kernel32:KERNEL32.dll
 0002:000000c8       __imp__GetConsoleTitleW@8  1002e0c8     kernel32:KERNEL32.dll
 0002:000000cc       __imp__WideCharToMultiByte@32 1002e0cc     kernel32:KERNEL32.dll
 0002:000000d0       __imp__DeleteFileW@4       1002e0d0     kernel32:KERNEL32.dll
 0002:000000d4       __imp__CreateProcessW@40   1002e0d4     kernel32:KERNEL32.dll
 0002:000000d8       __imp__GetExitCodeProcess@8 1002e0d8     kernel32:KERNEL32.dll
 0002:000000dc       __imp__SetConsoleMode@8    1002e0dc     kernel32:KERNEL32.dll
 0002:000000e0       __imp__GetConsoleMode@8    1002e0e0     kernel32:KERNEL32.dll
 0002:000000e4       __imp__GetConsoleCursorInfo@8 1002e0e4     kernel32:KERNEL32.dll
 0002:000000e8       __imp__Thread32Next@8      1002e0e8     kernel32:KERNEL32.dll
 0002:000000ec       __imp__Thread32First@8     1002e0ec     kernel32:KERNEL32.dll
 0002:000000f0       __imp__ExpandEnvironmentStringsW@12 1002e0f0     kernel32:KERNEL32.dll
 0002:000000f4       __imp__lstrcmpA@8          1002e0f4     kernel32:KERNEL32.dll
 0002:000000f8       __imp__MultiByteToWideChar@24 1002e0f8     kernel32:KERNEL32.dll
 0002:000000fc       __imp__lstrlenA@4          1002e0fc     kernel32:KERNEL32.dll
 0002:00000100       __imp__lstrcpynA@12        1002e100     kernel32:KERNEL32.dll
 0002:00000104       __imp__GetCurrentDirectoryW@8 1002e104     kernel32:KERNEL32.dll
 0002:00000108       __imp__lstrcpyA@8          1002e108     kernel32:KERNEL32.dll
 0002:0000010c       __imp__DisconnectNamedPipe@4 1002e10c     kernel32:KERNEL32.dll
 0002:00000110       __imp__SetThreadPriority@8 1002e110     kernel32:KERNEL32.dll
 0002:00000114       __imp__Sleep@4             1002e114     kernel32:KERNEL32.dll
 0002:00000118       __imp__FlushFileBuffers@4  1002e118     kernel32:KERNEL32.dll
 0002:0000011c       __imp__ReadFile@20         1002e11c     kernel32:KERNEL32.dll
 0002:00000120       __imp__GetOverlappedResult@16 1002e120     kernel32:KERNEL32.dll
 0002:00000124       __imp__WriteFile@20        1002e124     kernel32:KERNEL32.dll
 0002:00000128       __imp__ConnectNamedPipe@8  1002e128     kernel32:KERNEL32.dll
 0002:0000012c       __imp__CreateNamedPipeW@32 1002e12c     kernel32:KERNEL32.dll
 0002:00000130       __imp__SetFilePointer@16   1002e130     kernel32:KERNEL32.dll
 0002:00000134       __imp__InterlockedIncrement@4 1002e134     kernel32:KERNEL32.dll
 0002:00000138       __imp__CreateFileW@28      1002e138     kernel32:KERNEL32.dll
 0002:0000013c       __imp__ReadProcessMemory@20 1002e13c     kernel32:KERNEL32.dll
 0002:00000140       __imp__FreeLibrary@4       1002e140     kernel32:KERNEL32.dll
 0002:00000144       __imp__GetVersionExW@4     1002e144     kernel32:KERNEL32.dll
 0002:00000148       __imp__SearchPathW@24      1002e148     kernel32:KERNEL32.dll
 0002:0000014c       __imp__DebugBreak@0        1002e14c     kernel32:KERNEL32.dll
 0002:00000150       __imp__SetNamedPipeHandleState@16 1002e150     kernel32:KERNEL32.dll
 0002:00000154       __imp__WaitNamedPipeW@8    1002e154     kernel32:KERNEL32.dll
 0002:00000158       __imp__TransactNamedPipe@28 1002e158     kernel32:KERNEL32.dll
 0002:0000015c       __imp__GetConsoleWindow@0  1002e15c     kernel32:KERNEL32.dll
 0002:00000160       __imp__HeapCreate@12       1002e160     kernel32:KERNEL32.dll
 0002:00000164       __imp__HeapDestroy@4       1002e164     kernel32:KERNEL32.dll
 0002:00000168       __imp__HeapAlloc@12        1002e168     kernel32:KERNEL32.dll
 0002:0000016c       __imp__HeapReAlloc@16      1002e16c     kernel32:KERNEL32.dll
 0002:00000170       __imp__HeapFree@12         1002e170     kernel32:KERNEL32.dll
 0002:00000174       __imp__HeapValidate@12     1002e174     kernel32:KERNEL32.dll
 0002:00000178       __imp__LocalFree@4         1002e178     kernel32:KERNEL32.dll
 0002:0000017c       __imp__LocalAlloc@8        1002e17c     kernel32:KERNEL32.dll
 0002:00000180       __imp__SetConsoleWindowInfo@12 1002e180     kernel32:KERNEL32.dll
 0002:00000184       __imp__GetConsoleOutputCP@0 1002e184     kernel32:KERNEL32.dll
 0002:00000188       __imp__GetFileSizeEx@8     1002e188     kernel32:KERNEL32.dll
 0002:0000018c       __imp__FindClose@4         1002e18c     kernel32:KERNEL32.dll
 0002:00000190       __imp__FindNextFileW@8     1002e190     kernel32:KERNEL32.dll
 0002:00000194       __imp__FindFirstFileW@8    1002e194     kernel32:KERNEL32.dll
 0002:00000198       __imp__CreateDirectoryW@8  1002e198     kernel32:KERNEL32.dll
 0002:0000019c       __imp__OpenProcess@12      1002e19c     kernel32:KERNEL32.dll
 0002:000001a0       __imp__Process32NextW@8    1002e1a0     kernel32:KERNEL32.dll
 0002:000001a4       __imp__Process32FirstW@8   1002e1a4     kernel32:KERNEL32.dll
[...]
 0002:00003978       ??_C@_1EO@MPDKFAPM@?$AAL?$AAo?$AAg?$AAS?$AAt?$AAa?$AAr?$AAt?$AAE?$AAn?$AAv?$AA?5?$AAf?$AAa?$AAi?$AAl?$AAe?$AAd?$AA?0?$AA?5?$AAi?$AAn?$AAv?$AAa?$AAl?$AAi?$AAd?$AA?5?$AAa?$AAp?$AAS?$AAt@ 10031978     WinObjects.obj
 0002:000039c8       ??_7CToolTip@@6B@          100319c8     WinObjects.obj
 0002:000039cc       ??_C@_1CC@KPOKNCMJ@?$AAt?$AAo?$AAo?$AAl?$AAt?$AAi?$AAp?$AAs?$AA_?$AAc?$AAl?$AAa?$AAs?$AAs?$AA3?$AA2?$AA?$AA@ 100319cc     WinObjects.obj
 0002:000039f0       ??_C@_1FA@BFJDIMLC@?$AAC?$AA?3?$AA?2?$AAP?$AAr?$AAo?$AAg?$AAr?$AAa?$AAm?$AA?5?$AAF?$AAi?$AAl?$AAe?$AAs?$AA?2?$AAJ?$AAP?$AAS?$AAo?$AAf?$AAt?$AA?2?$AAT?$AAC?$AAC?$AAL?$AAE?$AA1?$AA3?$AA?2@ 100319f0     WinObjects.obj
 0002:00003a40       ??_C@_1EO@GBOKIPHE@?$AAC?$AA?3?$AA?2?$AAP?$AAr?$AAo?$AAg?$AAr?$AAa?$AAm?$AA?5?$AAF?$AAi?$AAl?$AAe?$AAs?$AA?2?$AAJ?$AAP?$AAS?$AAo?$AAf?$AAt?$AA?2?$AAT?$AAC?$AAM?$AAD?$AA1?$AA3?$AA?2?$AAt@ 10031a40     WinObjects.obj
 0002:00003a90       ??_C@_1CA@CBMLAMC@?$AAI?$AAn?$AAs?$AAt?$AAa?$AAl?$AAl?$AAL?$AAo?$AAc?$AAa?$AAt?$AAi?$AAo?$AAn?$AA?$AA@ 10031a90     WinObjects.obj
 0002:00003ab0       ??_C@_1BI@NAAHPGNK@?$AAJ?$AAP?$AA?5?$AAS?$AAo?$AAf?$AAt?$AAw?$AAa?$AAr?$AAe?$AA?$AA@ 10031ab0     WinObjects.obj
 0002:00003ac8       ??_C@_1BE@CCMLAJPM@?$AAP?$AAu?$AAb?$AAl?$AAi?$AAs?$AAh?$AAe?$AAr?$AA?$AA@ 10031ac8     WinObjects.obj
 0002:00003ae0       ??_C@_1GI@BAAGFBH@?$AAS?$AAO?$AAF?$AAT?$AAW?$AAA?$AAR?$AAE?$AA?2?$AAM?$AAi?$AAc?$AAr?$AAo?$AAs?$AAo?$AAf?$AAt?$AA?2?$AAW?$AAi?$AAn?$AAd?$AAo?$AAw?$AAs?$AA?2?$AAC?$AAu?$AAr?$AAr?$AAe@ 10031ae0     WinObjects.obj
 0002:00003b48       ??_C@_1BA@JFHFEKBP@?$AAt?$AAc?$AAc?$AA?4?$AAe?$AAx?$AAe?$AA?$AA@ 10031b48     WinObjects.obj
 0002:00003b58       ??_C@_1BE@BGAOJFLF@?$AA?2?$AAt?$AAc?$AAm?$AAd?$AA?4?$AAe?$AAx?$AAe?$AA?$AA@ 10031b58     WinObjects.obj
 0002:00003b6c       ??_C@_19NHABCBNP@?$AAP?$AAa?$AAt?$AAh?$AA?$AA@ 10031b6c     WinObjects.obj
 0002:00003b78       ??_C@_1CK@HMKJOJBO@?$AAS?$AAO?$AAF?$AAT?$AAW?$AAA?$AAR?$AAE?$AA?2?$AAJ?$AAP?$AA?5?$AAS?$AAo?$AAf?$AAt?$AAw?$AAa?$AAr?$AAe?$AA?$AA@ 10031b78     WinObjects.obj
 0002:00003ba4       ??_C@_1DA@EMHAGABM@?$AA?$CF?$AAC?$AAo?$AAn?$AAE?$AAm?$AAu?$AAB?$AAa?$AAs?$AAe?$AAD?$AAi?$AAr?$AA?$CF?$AA?2?$AAt?$AAc?$AAc?$AA?4?$AAe?$AAx?$AAe?$AA?$AA@ 10031ba4     WinObjects.obj
 0002:00003bd4       ??_C@_13PJJBFPED@?$AA?$DL?$AA?$AA@ 10031bd4     WinObjects.obj
 0002:00003bd8       ??_C@_1BA@DBKIDAPL@?$AAc?$AAm?$AAd?$AA?4?$AAe?$AAx?$AAe?$AA?$AA@ 10031bd8     WinObjects.obj
 0002:00003be8       ??_C@_1CE@ECCAMEKN@?$AA?2?$AAS?$AAy?$AAs?$AAW?$AAO?$AAW?$AA6?$AA4?$AA?2?$AAc?$AAm?$AAd?$AA?4?$AAe?$AAx?$AAe?$AA?$AA@ 10031be8     WinObjects.obj
 0002:00003c0c       ??_C@_1CC@PDLBBEEF@?$AAS?$AAy?$AAs?$AAW?$AAO?$AAW?$AA6?$AA4?$AA?2?$AAc?$AAm?$AAd?$AA?4?$AAe?$AAx?$AAe?$AA?$AA@ 10031c0c     WinObjects.obj
 0002:00003c30       ??_C@_1CE@PMNGKNKL@?$AA?2?$AAS?$AAy?$AAs?$AAt?$AAe?$AAm?$AA3?$AA2?$AA?2?$AAc?$AAm?$AAd?$AA?4?$AAe?$AAx?$AAe?$AA?$AA@ 10031c30     WinObjects.obj
 0002:00003c54       ??_C@_1CC@ENEHHNED@?$AAS?$AAy?$AAs?$AAt?$AAe?$AAm?$AA3?$AA2?$AA?2?$AAc?$AAm?$AAd?$AA?4?$AAe?$AAx?$AAe?$AA?$AA@ 10031c54     WinObjects.obj
 0002:00003c78       ??_C@_1CK@OLMGMMDO@?$AAC?$AAo?$AAn?$AAE?$AAm?$AAu?$AAS?$AAl?$AAe?$AAe?$AAp?$AAI?$AAn?$AAd?$AAi?$AAc?$AAa?$AAt?$AAo?$AAr?$AA?$AA@ 10031c78     WinObjects.obj
 0002:00003cb0       __load_config_used         10031cb0     LIBCMT:loadcfg.obj
 0002:00003d70       ___safe_se_handler_table   10031d70     <linker-defined>
 0002:00003dbc       __IMPORT_DESCRIPTOR_KERNEL32 10031dbc     kernel32:KERNEL32.dll
 0002:00003dd0       __IMPORT_DESCRIPTOR_USER32 10031dd0     user32:USER32.dll
 0002:00003de4       __IMPORT_DESCRIPTOR_GDI32  10031de4     gdi32:GDI32.dll
 0002:00003df8       __IMPORT_DESCRIPTOR_ADVAPI32 10031df8     advapi32:ADVAPI32.dll
 0002:00003e0c       __IMPORT_DESCRIPTOR_SHELL32 10031e0c     shell32:SHELL32.dll
 0002:00003e20       __IMPORT_DESCRIPTOR_VERSION 10031e20     version:VERSION.dll
 0002:00003e34       __NULL_IMPORT_DESCRIPTOR   10031e34     kernel32:KERNEL32.dll
 0003:00000000       ?gnPluginOpenFrom@@3HA     10034000     ConEmuPlugin.obj
 0003:00000004       ?gnReqCommand@@3KA         10034004     ConEmuPlugin.obj
 0003:00000008       ?lastModifiedStateW@@3HA   10034008     ConEmuPlugin.obj
 0003:0000000c       ?gFarMode@@3UHookModeFar@@A 1003400c     ConEmuPlugin.obj
 0003:00000028       ?gpPluginMenu@@3PAUPluginAndMenuCommands@@A 10034028     ConEmuPlugin.obj
 0003:000000e0       ?Far3Func@@3PAUExportFunc@@A 100340e0     ConEmuPlugin.obj
 0003:00000128       ?guid_ConEmu@@3U_GUID@@A   10034128     ConEmuPlugin2800.obj
 0003:00000138       ?guid_ConEmuPluginItems@@3U_GUID@@A 10034138     ConEmuPlugin2800.obj
 0003:00000148       ?guid_ConEmuPluginMenu@@3U_GUID@@A 10034148     ConEmuPlugin2800.obj
 0003:00000158       ?guid_ConEmuGuiMacroDlg@@3U_GUID@@A 10034158     ConEmuPlugin2800.obj
 0003:00000168       ?guid_ConEmuWaitEndSynchro@@3U_GUID@@A 10034168     ConEmuPlugin2800.obj
 0003:00000180       ___security_cookie         10034180     LIBCMT:gs_cookie.obj
 0003:00000184       ___security_cookie_complement 10034184     LIBCMT:gs_cookie.obj
 0003:00000188       __NLG_Destination          10034188     LIBCMT:exsup.obj
 0003:00000198       ?ghHooksModule@@3PAUHINSTANCE__@@A 10034198     ConEmuInjects.obj
 0003:0000019c       ?gbHooksModuleLoaded@@3HA  1003419c     ConEmuInjects.obj
 0003:000001a0       ?SetHookCallbacks@@3P6G_NPBDPB_WPAUHINSTANCE__@@P6GHPAUHookCallbackArg@@@ZP6GX3@Z5@ZA 100341a0     ConEmuInjects.obj
 0003:000001a4       ?SetLoadLibraryCallback@@3P6GXPAUHINSTANCE__@@P6GX0@Z1@ZA 100341a4     ConEmuInjects.obj
 0003:000001a8       ?SetFarHookMode@@3P6GXPAUHookModeFar@@@ZA 100341a8     ConEmuInjects.obj
 0003:000001b0       ?gszDir2@@3PA_WA           100341b0     ConEmuPlugin.obj
 0003:000009b0       ?gpConMap@@3PAV?$MFileMapping@UCESERVER_CONSOLE_MAPPING_HDR@@@@A 100349b0     ConEmuPlugin.obj
 0003:000009b8       ?gszRootKey@@3PA_WA        100349b8     ConEmuPlugin.obj
 0003:00000dc8       ?gsbiDetached@@3U_CONSOLE_SCREEN_BUFFER_INFO@@A 10034dc8     ConEmuPlugin.obj
 0003:00000de0       ?gszDir1@@3PA_WA           10034de0     ConEmuPlugin.obj
 0003:000015e0       ?ghPluginModule@@3PAUHINSTANCE__@@A 100355e0     ConEmuPlugin.obj
 0003:000015e4       ?ConEmuHwnd@@3PAUHWND__@@A 100355e4     ConEmuPlugin.obj
 0003:000015e8       ?gdwPreDetachGuiPID@@3KA   100355e8     ConEmuPlugin.obj
 0003:000015ec       ?gdwServerPID@@3KA         100355ec     ConEmuPlugin.obj
 0003:000015f0       ?TerminalMode@@3HA         100355f0     ConEmuPlugin.obj
 0003:000015f4       ?FarHwnd@@3PAUHWND__@@A    100355f4     ConEmuPlugin.obj
 0003:000015f8       ?gnMainThreadId@@3KA       100355f8     ConEmuPlugin.obj
 0003:000015fc       ?gnMainThreadIdInitial@@3KA 100355fc     ConEmuPlugin.obj
 0003:00001600       ?ghMonitorThread@@3PAXA    10035600     ConEmuPlugin.obj
 0003:00001604       ?gnMonitorThreadId@@3KA    10035604     ConEmuPlugin.obj
 0003:00001608       ?ghSetWndSendTabsEvent@@3PAXA 10035608     ConEmuPlugin.obj
 0003:0000160c       ?gFarVersion@@3UFarVersion@@A 1003560c     ConEmuPlugin.obj
 0003:00001614       ?maxTabCount@@3HA          10035614     ConEmuPlugin.obj
 0003:00001618       ?lastWindowCount@@3HA      10035618     ConEmuPlugin.obj
 0003:0000161c       ?gnCurTabCount@@3HA        1003561c     ConEmuPlugin.obj
 0003:00001620       ?gpTabs@@3PAUCESERVER_REQ@@A 10035620     ConEmuPlugin.obj
 0003:00001624       ?gnCurrentWindowType@@3HA  10035624     ConEmuPlugin.obj
 0003:00001628       ?gbIgnoreUpdateTabs@@3HA   10035628     ConEmuPlugin.obj
 0003:0000162c       ?gbRequestUpdateTabs@@3HA  1003562c     ConEmuPlugin.obj
 0003:00001630       ?gbClosingModalViewerEditor@@3HA 10035630     ConEmuPlugin.obj
 0003:00001634       ?gLastMouseReadEvent@@3U_MOUSE_EVENT_RECORD@@A 10035634     ConEmuPlugin.obj
 0003:00001644       ?gbUngetDummyMouseEvent@@3HA 10035644     ConEmuPlugin.obj
 0003:00001648       ?gnAllowDummyMouseEvent@@3JA 10035648     ConEmuPlugin.obj
 0003:0000164c       ?gnDummyMouseEventFromMacro@@3JA 1003564c     ConEmuPlugin.obj
 0003:00001650       ?csData@@3PAVMSection@@A   10035650     ConEmuPlugin.obj
 0003:00001654       ?gpCmdRet@@3PAUCESERVER_REQ@@A 10035654     ConEmuPlugin.obj
 0003:00001658       ?gpData@@3PAEA             10035658     ConEmuPlugin.obj
 0003:0000165c       ?gpCursor@@3PAEA           1003565c     ConEmuPlugin.obj
 0003:00001660       ?gnDataSize@@3KA           10035660     ConEmuPlugin.obj
 0003:00001664       ?gpReqCommandData@@3PAXA   10035664     ConEmuPlugin.obj
 0003:00001670       ?gnMsgTabChanged@@3IA      10035670     ConEmuPlugin.obj
 0003:00001674       ?csTabs@@3PAVMSection@@A   10035674     ConEmuPlugin.obj
 0003:00001678       ?gbPlugKeyChanged@@3HA     10035678     ConEmuPlugin.obj
 0003:0000167c       ?ghRegMonitorKey@@3PAUHKEY__@@A 1003567c     ConEmuPlugin.obj
 0003:00001680       ?ghRegMonitorEvt@@3PAXA    10035680     ConEmuPlugin.obj
 0003:00001684       ?ghPluginSemaphore@@3PAXA  10035684     ConEmuPlugin.obj
 0003:00001688       ?gsFarLang@@3PA_WA         10035688     ConEmuPlugin.obj
 0003:00001708       ?gbNeedPostTabSend@@3HA    10035708     ConEmuPlugin.obj
 0003:0000170c       ?gbNeedPostEditCheck@@3HA  1003570c     ConEmuPlugin.obj
 0003:00001710       ?gbNeedPostReloadFarInfo@@3HA 10035710     ConEmuPlugin.obj
 0003:00001714       ?gnNeedPostTabSendTick@@3KA 10035714     ConEmuPlugin.obj
 0003:00001718       ?gpConMapInfo@@3PBUCESERVER_CONSOLE_MAPPING_HDR@@B 10035718     ConEmuPlugin.obj
 0003:0000171c       ?gbStartedUnderConsole2@@3HA 1003571c     ConEmuPlugin.obj
 0003:00001720       ?gnSelfPID@@3KA            10035720     ConEmuPlugin.obj
 0003:00001724       ?ghFarInfoMapping@@3PAXA   10035724     ConEmuPlugin.obj
 0003:00001728       ?gpFarInfo@@3PAUCEFAR_INFO_MAPPING@@A 10035728     ConEmuPlugin.obj
 0003:0000172c       ?gpFarInfoMapping@@3PAUCEFAR_INFO_MAPPING@@A 1003572c     ConEmuPlugin.obj
 0003:00001730       ?ghFarAliveEvent@@3PAXA    10035730     ConEmuPlugin.obj
 0003:00001734       ?gPanelRegLeft@@3Utag_PanelViewRegInfo@@A 10035734     ConEmuPlugin.obj
 0003:0000174c       ?gPanelRegRight@@3Utag_PanelViewRegInfo@@A 1003574c     ConEmuPlugin.obj
 0003:00001764       ?ghConEmuCtrlPressed@@3PAXA 10035764     ConEmuPlugin.obj
 0003:00001768       ?ghConEmuShiftPressed@@3PAXA 10035768     ConEmuPlugin.obj
 0003:0000176c       ?gbWaitConsoleInputEmpty@@3HA 1003576c     ConEmuPlugin.obj
 0003:00001770       ?gbWaitConsoleWrite@@3HA   10035770     ConEmuPlugin.obj
 0003:00001774       ?ghConsoleInputEmpty@@3PAXA 10035774     ConEmuPlugin.obj
 0003:00001778       ?ghConsoleWrite@@3PAXA     10035778     ConEmuPlugin.obj
 0003:0000177c       ?gnSynchroCount@@3HA       1003577c     ConEmuPlugin.obj
 0003:00001780       ?gbSynchroProhibited@@3_NA 10035780     ConEmuPlugin.obj
 0003:00001781       ?gbInputSynchroPending@@3_NA 10035781     ConEmuPlugin.obj
 0003:00001784       ?gbInfoW_OK@@3HA           10035784     ConEmuPlugin.obj
 0003:00001788       ?gnPeekReadCount@@3KA      10035788     ConEmuPlugin.obj
 0003:0000178c       ?gbExitFarCalled@@3HA      1003578c     ConEmuPlugin.obj
 0003:00001798       ?gbWasDetached@@3HA        10035798     ConEmuPlugin.obj
 0003:000017a8       ?InfoW995@@3PAUPluginStartupInfo@@A 100357a8     ConEmuPlugin995.obj
 0003:000017ac       ?FSFW995@@3PAUFarStandardFunctions@@A 100357ac     ConEmuPlugin995.obj
 0003:000019c0       ?InfoW1900@@3PAUPluginStartupInfo@@A 100359c0     ConEmuPlugin1900.obj
 0003:000019c4       ?FSFW1900@@3PAUFarStandardFunctions@@A 100359c4     ConEmuPlugin1900.obj
 0003:00001c00       ?LastIndex@?1??Color2FgIndex@Far3Color@@SIXKAAG@Z@4HA 10035c00     ConEmuPlugin1900.obj
 0003:00001c04       ?LastColor@?1??Color2FgIndex@Far3Color@@SIXKAAG@Z@4KA 10035c04     ConEmuPlugin1900.obj
 0003:00001c08       ?LastIndex@?1??Color2BgIndex@Far3Color@@SIXKHAAG@Z@4HA 10035c08     ConEmuPlugin1900.obj
 0003:00001c0c       ?LastColor@?1??Color2BgIndex@Far3Color@@SIXKHAAG@Z@4KA 10035c0c     ConEmuPlugin1900.obj
 0003:00001c14       ?InfoW2800@@3PAUPluginStartupInfo@@A 10035c14     ConEmuPlugin2800.obj
 0003:00001c18       ?FSFW2800@@3PAUFarStandardFunctions@@A 10035c18     ConEmuPlugin2800.obj
 0003:00001e54       ?InfoA@@3PAUPluginStartupInfo@@A 10035e54     ConEmuPluginA.obj
 0003:00001e58       ?FSFA@@3PAUFarStandardFunctions@@A 10035e58     ConEmuPluginA.obj
 0003:00001f64       ?gbNeedBgActivate@@3HA     10035f64     PluginBackground.obj
 0003:00001f68       ?gbBgPluginsAllowed@@3HA   10035f68     PluginBackground.obj
 0003:00001f6c       ?gpBgPlugin@@3PAVCPluginBackground@@A 10035f6c     PluginBackground.obj
 0003:00001f70       ?gszPluginServerPipe@@3PA_WA 10035f70     PluginSrv.obj
 0003:00002178       ?gpPlugServer@@3PAU?$PipeServer@UCESERVER_REQ@@@@A 10036178     PluginSrv.obj
 0003:0000217c       ?ghServerTerminateEvent@@3PAXA 1003617c     PluginSrv.obj
 0003:00002180       ?gbInCommonShutdown@@3HA   10036180     Common.obj
 0003:00002184       ?OnShutdownConsole@@3P6GXXZA 10036184     Common.obj
 0003:00002188       ?gpLocalSecurity@@3PAU_SECURITY_ATTRIBUTES@@A 10036188     ConEmuCheck.obj
 0003:00002190       ?ghWorkingModule@@3_KA     10036190     ConEmuCheck.obj
 0003:000021e4       ?ghHeap@@3PAXA             100361e4     Memory.obj
 0003:000021e8       ?gNullDesc@@3PAVMNullDesc@@A 100361e8     MSecurity.obj
 0003:000021ec       ?gpConsoleInfoStr@@3PAU_CONSOLE_INFO@@A 100361ec     WinConsole.obj
 0003:000021f0       ?ghConsoleSection@@3PAXA   100361f0     WinConsole.obj
 0003:00002204       ?Is_Window@@3P6GHPAUHWND__@@@ZA 10036204     WinObjects.obj
 0003:0000256c       __debugger_hook_dummy      1003656c     <common>
 0003:00002570       __pDestructExceptionObject 10036570     <common>
 0003:00002574       ___sse2_available          10036574     <common>

 entry point at        0001:00001c30

 Static symbols

 0001:00000560       ?StringValidateDestW@@YGJPB_WII@Z 10001560 f   ConEmuInjects.obj
 0001:00000590       ?StringCopyWorkerW@@YGJPA_WIPAIPB_WI@Z 10001590 f   ConEmuInjects.obj
 0001:00001e20       ?LoadFarVersion@@YI_NAAUFarVersion@@AAY0CAA@_W@Z 10002e20 f   ConEmuPlugin.obj
 0001:00003350       ?StringValidateDestW@@YGJPB_WII@Z 10004350 f   ConEmuPlugin.obj
 0001:00003380       ?StringValidateDestAndLengthW@@YGJPB_WIPAII@Z 10004380 f   ConEmuPlugin.obj
 0001:000033d0       ?StringLengthWorkerW@@YGJPB_WIPAI@Z 100043d0 f   ConEmuPlugin.obj
 0001:00003440       ?StringCopyWorkerW@@YGJPA_WIPAIPB_WI@Z 10004440 f   ConEmuPlugin.obj
 0001:000034f0       ?ActivatePlugin@@YIHKPAXK@Z 100044f0 f   ConEmuPlugin.obj
 0001:00003780       ?WaitPluginActivateion@@YIKKPAPAXHK@Z 10004780 f   ConEmuPlugin.obj
 0001:00004520       ?ChangeExports@@YI_NPBUExportFunc@@PAUHINSTANCE__@@@Z 10005520 f   ConEmuPlugin.obj
 0001:00009200       ?GetPanelDir@@YIPA_WPAX@Z  1000a200 f   ConEmuPlugin995.obj
 0001:0000ac90       ?LoadFarSettingsW995@@YIXPAUCEFarInterfaceSettings@@PAUCEFarPanelSettings@@@Z 1000bc90 f   ConEmuPlugin995.obj
 0001:0000b0b0       ?CopyPanelInfoW@@YIXPAUPanelInfo@@PAUtag_BkPanelInfo@PaintBackgroundArg@@@Z 1000c0b0 f   ConEmuPlugin995.obj
 0001:0000b2a0       ?CallGuiMacroProc@@YIXXZ   1000c2a0 f   ConEmuPlugin995.obj
 0001:0000b5c0       ?CallGuiMacroDlg@@YGJPAXHHJ@Z 1000c5c0 f   ConEmuPlugin995.obj
 0001:0000c080       ?GetPanelDir@@YIPA_WPAX@Z  1000d080 f   ConEmuPlugin1900.obj
 0001:0000ea10       ?LoadFarSettingsW1900@@YIXPAUCEFarInterfaceSettings@@PAUCEFarPanelSettings@@@Z 1000fa10 f   ConEmuPlugin1900.obj
 0001:0000eba0       ?GetFarSetting@@YIHPAXIPB_W@Z 1000fba0 f   ConEmuPlugin1900.obj
 0001:0000f020       ?CopyPanelInfoW@@YIXPAUPanelInfo@@PAUtag_BkPanelInfo@PaintBackgroundArg@@@Z 10010020 f   ConEmuPlugin1900.obj
 0001:0000f300       ?CallGuiMacroProc@@YIXXZ   10010300 f   ConEmuPlugin1900.obj
 0001:0000f6b0       ?CallGuiMacroDlg@@YGHPAXHH0@Z 100106b0 f   ConEmuPlugin1900.obj
 0001:000102d0       ?GetPanelDir@@YIPA_WPAX@Z  100112d0 f   ConEmuPlugin2800.obj
 0001:00012530       ?LoadFarSettingsW2800@@YIXPAUCEFarInterfaceSettings@@PAUCEFarPanelSettings@@@Z 10013530 f   ConEmuPlugin2800.obj
 0001:000126c0       ?GetFarSetting@@YIHPAXIPB_W@Z 100136c0 f   ConEmuPlugin2800.obj
 0001:00012b40       ?CopyPanelInfoW@@YIXPAUPanelInfo@@PAUtag_BkPanelInfo@PaintBackgroundArg@@@Z 10013b40 f   ConEmuPlugin2800.obj
 0001:00012e20       ?CallGuiMacroProc@@YIXXZ   10013e20 f   ConEmuPlugin2800.obj
 0001:00013160       ?CallGuiMacroDlg@@YGHPAXHH0@Z 10014160 f   ConEmuPlugin2800.obj
 0001:000134e0       ?MAKEFARVERSION@@YI?AUVersionInfo@@KKKKW4VERSION_STAGE@@@Z 100144e0 f   ConEmuPlugin2800.obj
 0001:00015730       ?LoadFarSettingsA@@YIXPAUCEFarInterfaceSettings@@PAUCEFarPanelSettings@@@Z 10016730 f   ConEmuPluginA.obj
 0001:00015a10       ?CopyPanelInfo@@YIXPAUPanelInfo@@PAUtag_BkPanelInfo@PaintBackgroundArg@@@Z 10016a10 f   ConEmuPluginA.obj
 0001:00015b60       ?CallGuiMacroProc@@YIXXZ   10016b60 f   ConEmuPluginA.obj
 0001:00015f10       ?CallGuiMacroDlg@@YGJPAXHHJ@Z 10016f10 f   ConEmuPluginA.obj
 0001:00018650       ?StringValidateDestW@@YGJPB_WII@Z 10019650 f   PluginBackground.obj
 0001:00018680       ?StringCopyWorkerW@@YGJPA_WIPAIPB_WI@Z 10019680 f   PluginBackground.obj
 0001:0001a910       ?StringValidateDestW@@YGJPB_WII@Z 1001b910 f   PluginSrv.obj
 0001:0001a940       ?StringCopyWorkerW@@YGJPA_WIPAIPB_WI@Z 1001b940 f   PluginSrv.obj
 0001:0001bed0       ?StringValidateDestW@@YGJPB_WII@Z 1001ced0 f   Execute.obj
 0001:0001bf00       ?StringCopyWorkerW@@YGJPA_WIPAIPB_WI@Z 1001cf00 f   Execute.obj
 0001:0001ca60       ?StringValidateDestW@@YGJPB_WII@Z 1001da60 f   ConEmuCheck.obj
 0001:0001ca90       ?StringCopyWorkerW@@YGJPA_WIPAIPB_WI@Z 1001da90 f   ConEmuCheck.obj
 0001:0001deb0       ?StringValidateDestW@@YGJPB_WII@Z 1001eeb0 f   ConEmuCheckEx.obj
 0001:0001dee0       ?StringCopyWorkerW@@YGJPA_WIPAIPB_WI@Z 1001eee0 f   ConEmuCheckEx.obj
 0001:0001e010       ?StringValidateDestAndLengthW@@YGJPB_WIPAII@Z 1001f010 f   ConEmuCheckEx.obj
 0001:0001e060       ?StringLengthWorkerW@@YGJPB_WIPAI@Z 1001f060 f   ConEmuCheckEx.obj
 0001:0001e360       ?StringValidateDestA@@YGJPBDII@Z 1001f360 f   Memory.obj
 0001:0001e390       ?StringCopyWorkerA@@YGJPADIPAIPBDI@Z 1001f390 f   Memory.obj
 0001:0001e4a0       ?StringValidateDestW@@YGJPB_WII@Z 1001f4a0 f   Memory.obj
 0001:0001e4d0       ?StringCopyWorkerW@@YGJPA_WIPAIPB_WI@Z 1001f4d0 f   Memory.obj
 0001:00022b10       ?StringValidateDestW@@YGJPB_WII@Z 10023b10 f   WinObjects.obj
 0001:00022b40       ?StringCopyWorkerW@@YGJPA_WIPAIPB_WI@Z 10023b40 f   WinObjects.obj
 0001:00025cc0       ?StringValidateDestAndLengthW@@YGJPB_WIPAII@Z 10026cc0 f   WinObjects.obj
 0001:00025d10       ?StringLengthWorkerW@@YGJPB_WIPAI@Z 10026d10 f   WinObjects.obj
 0001:00028e5a       _cmpResult                 10029e5a f   LIBCMT:memcmp.obj
 0001:00028e6c       _cmpBYTE                   10029e6c f   LIBCMT:memcmp.obj
 0001:00028e84       _cmpWORD                   10029e84 f   LIBCMT:memcmp.obj
 0001:00028ec4       _cmpDWORD                  10029ec4 f   LIBCMT:memcmp.obj
 0001:00028f3c       _unaligned_memcmp          10029f3c f   LIBCMT:memcmp.obj
 0001:0002c33d       _fastzero_I                1002d33d f   LIBCMT:p4_memset.obj
 0001:0002c423       _has_osfxsr_set            1002d423 f   LIBCMT:cpu_disp.obj
 0001:0002c4e2       _fastcopy_I                1002d4e2 f   LIBCMT:p4_memcpy.obj
 0001:0002c6b0       _ValidateLocalCookies      1002d6b0 f   LIBCMT:chandler4.obj
 0001:0002c90c       __unwind_handler4          1002d90c f   LIBCMT:exsup4.obj
 0001:0002cc44       __unwind_handler           1002dc44 f   LIBCMT:exsup.obj
