 ConEmuLn.x64

 Timestamp is 5847d8c1 (Wed Dec  7 12:39:13 2016)

 Preferred load address is 0000000180000000

 Start         Length     Name                   Class
 0001:00000000 0000ef70H .text$mn                CODE
 0001:0000ef70 00000020H .text$mn$00             CODE
 0001:0000ef90 00000270H .text$x                 CODE
 0002:00000000 00000310H .idata$5                DATA
 0002:00000310 00000010H .00cfg                  DATA
 0002:00000320 00000008H .CRT$XCA                DATA
 0002:00000328 00000008H .CRT$XCZ                DATA
 0002:00000330 00000008H .CRT$XIA                DATA
 0002:00000338 00000018H .CRT$XIC                DATA
 0002:00000350 00000008H .CRT$XIZ                DATA
 0002:00000358 00000008H .CRT$XPA                DATA
 0002:00000360 00000010H .CRT$XPX                DATA
 0002:00000370 00000008H .CRT$XPXA               DATA
 0002:00000378 00000008H .CRT$XPZ                DATA
 0002:00000380 00000008H .CRT$XTA                DATA
 0002:00000388 00000008H .CRT$XTZ                DATA
 0002:00000390 000077f8H .rdata                  DATA
 0002:00007b88 00000000H .rdata$r                DATA
 0002:00007b88 000002a8H .rdata$zzzdbg           DATA
 0002:00007e30 00000008H .rtc$IAA                DATA
 0002:00007e38 00000008H .rtc$IZZ                DATA
 0002:00007e40 00000008H .rtc$TAA                DATA
 0002:00007e48 00000008H .rtc$TZZ                DATA
 0002:00007e50 00000be0H .xdata                  DATA
 0002:00008a30 00000190H .edata                  DATA
 0002:00008bc0 00000064H .idata$2                DATA
 0002:00008c24 00000014H .idata$3                DATA
 0002:00008c38 00000310H .idata$4                DATA
 0002:00008f48 000006b0H .idata$6                DATA
 0003:00000000 00000ab0H .data                   DATA
 0003:00000ab0 00000000H .data$r                 DATA
 0003:00000ab0 0000a1a8H .bss                    DATA
 0004:00000000 00000f24H .pdata                  DATA
 0005:00000000 00000080H .gfids$x                DATA
 0005:00000080 00000014H .gfids$y                DATA
 0006:00000000 00000060H .rsrc$01                DATA
 0006:00000060 00000318H .rsrc$02                DATA

  Address         Publics by Value              Rva+Base               Lib:Object

 0000:00000000       __guard_iat_table          0000000000000000     <absolute>
 0000:00000000       __dynamic_value_reloc_table 0000000000000000     <absolute>
 0000:00000000       __guard_iat_count          0000000000000000     <absolute>
 0000:00000000       __guard_longjmp_table      0000000000000000     <absolute>
 0000:00000000       __guard_longjmp_count      0000000000000000     <absolute>
 0000:00000000       __guard_fids_count         0000000000000000     <absolute>
 0000:00000000       ___safe_se_handler_table   0000000000000000     <absolute>
 0000:00000000       ___safe_se_handler_count   0000000000000000     <absolute>
 0000:00000000       __guard_fids_table         0000000000000000     <absolute>
 0000:00000100       __guard_flags              0000000000000100     <absolute>
 0000:00000000       __ImageBase                0000000180000000     <linker-defined>
 0001:00000000       ConfigureW                 0000000180001000 f   ConEmuLn.obj
 0001:00000038       ?ExitFARW3@@YAXPEAX@Z      0000000180001038 f   ConEmuLn.obj
 0001:00000038       ExitFARW                   0000000180001038 f   ConEmuLn.obj
 0001:00000070       ?ConfigureW3@@YAHPEAX@Z    0000000180001070 f   ConEmuLn.obj
 0001:0000020c       ?ExitPlugin@@YAXXZ         000000018000120c f   ConEmuLn.obj
 0001:00000260       ?GetMsgW@@YAPEB_WH@Z       0000000180001260 f   ConEmuLn.obj
 0001:0000029c       ?GetPluginInfoWcmn@@YAXPEAX@Z 000000018000129c f   ConEmuLn.obj
 0001:000002c0       ?LoadFarVersion@@YAHXZ     00000001800012c0 f   ConEmuLn.obj
 0001:000005d4       ?OnConEmuLoaded@@YAXPEAUConEmuLoadedArg@@@Z 00000001800015d4 f   ConEmuLn.obj
 0001:00000608       ?OpenPluginWcmn@@YAPEAXH_J@Z 0000000180001608 f   ConEmuLn.obj
 0001:00000640       ?OpenW@@YAPEAXPEBX@Z       0000000180001640 f   ConEmuLn.obj
 0001:00000670       ?PaintBack@@YAXPEAUHDC__@@KUtagRECT@@@Z 0000000180001670 f   ConEmuLn.obj
 0001:000006b8       ?PaintConEmuBackground@@YAHPEAUPaintBackgroundArg@@@Z 00000001800016b8 f   ConEmuLn.obj
 0001:00000950       ?PaintLines@@YAXPEAUHDC__@@KHHHHH@Z 0000000180001950 f   ConEmuLn.obj
 0001:00000a7c       ?SettingsLoad@@YAXXZ       0000000180001a7c f   ConEmuLn.obj
 0001:00000ad4       ?SettingsLoadReg@@YAXPEB_W@Z 0000000180001ad4 f   ConEmuLn.obj
 0001:00000be0       ?SettingsSave@@YAXXZ       0000000180001be0 f   ConEmuLn.obj
 0001:00000c18       ?SettingsSaveReg@@YAXPEB_W@Z 0000000180001c18 f   ConEmuLn.obj
 0001:00000cdc       ?StartPlugin@@YAXH@Z       0000000180001cdc f   ConEmuLn.obj
 0001:00000e78       ?StringCchCatW@@YAJPEA_W_KPEB_W@Z 0000000180001e78 f i ConEmuLn.obj
 0001:00000f48       ?StringCchCopyW@@YAJPEA_W_KPEB_W@Z 0000000180001f48 f i ConEmuLn.obj
 0001:00000fc0       DllMain                    0000000180001fc0 f   ConEmuLn.obj
 0001:00001018       GetMinFarVersionW          0000000180002018 f   ConEmuLn.obj
 0001:00001020       SetStartupInfoW            0000000180002020 f   ConEmuLn.obj
 0001:000019e0       ?ConfigureW995@@YAHH@Z     00000001800029e0 f   ConEmuLn995.obj
 0001:000019f4       ?ExitFARW995@@YAXXZ        00000001800029f4 f   ConEmuLn995.obj
 0001:00001a48       ?GetMsgW995@@YAPEB_WH@Z    0000000180002a48 f   ConEmuLn995.obj
 0001:00001a70       ?GetPluginInfoW995@@YAXPEAX@Z 0000000180002a70 f   ConEmuLn995.obj
 0001:00001ae0       ?SetStartupInfoW995@@YAXPEAX@Z 0000000180002ae0 f   ConEmuLn995.obj
 0001:00001c7c       ?SettingsLoadW995@@YAXXZ   0000000180002c7c f   ConEmuLn995.obj
 0001:00001c88       ?SettingsSaveW995@@YAXXZ   0000000180002c88 f   ConEmuLn995.obj
 0001:00001c94       OpenPluginW                0000000180002c94 f   ConEmuLn995.obj
 0001:0000268c       ?ConfigureW1900@@YAHH@Z    000000018000368c f   ConEmuLn1900.obj
 0001:000026a0       ?ExitFARW1900@@YAXXZ       00000001800036a0 f   ConEmuLn1900.obj
 0001:000026dc       ?GetMsgW1900@@YAPEB_WH@Z   00000001800036dc f   ConEmuLn1900.obj
 0001:00002708       ?GetPluginInfoW1900@@YAXPEAX@Z 0000000180003708 f   ConEmuLn1900.obj
 0001:0000278c       ?OpenW1900@@YAPEAXPEBX@Z   000000018000378c f   ConEmuLn1900.obj
 0001:0000278c       ?OpenW2800@@YAPEAXPEBX@Z   000000018000378c f   ConEmuLn2800.obj
 0001:000027a4       ?SetStartupInfoW1900@@YAXPEAX@Z 00000001800037a4 f   ConEmuLn1900.obj
 0001:000028d4       ?SettingsLoadW1900@@YAXXZ  00000001800038d4 f   ConEmuLn1900.obj
 0001:00002a14       ?SettingsSaveW1900@@YAXXZ  0000000180003a14 f   ConEmuLn1900.obj
 0001:00003604       ?ConfigureW2800@@YAHH@Z    0000000180004604 f   ConEmuLn2800.obj
 0001:00003618       ?ExitFARW2800@@YAXXZ       0000000180004618 f   ConEmuLn2800.obj
 0001:00003654       ?GetMsgW2800@@YAPEB_WH@Z   0000000180004654 f   ConEmuLn2800.obj
 0001:00003680       ?GetPluginInfoW2800@@YAXPEAX@Z 0000000180004680 f   ConEmuLn2800.obj
 0001:00003704       ?SetStartupInfoW2800@@YAXPEAX@Z 0000000180004704 f   ConEmuLn2800.obj
 0001:00003834       ?SettingsLoadW2800@@YAXXZ  0000000180004834 f   ConEmuLn2800.obj
 0001:0000397c       ?SettingsSaveW2800@@YAXXZ  000000018000497c f   ConEmuLn2800.obj
 0001:00003a98       GetGlobalInfoW             0000000180004a98 f   ConEmuLn2800.obj
 0001:000044f8       ?SettingsLoadA@@YAXXZ      00000001800054f8 f   ConEmuLnA.obj
 0001:00004504       ?SettingsSaveA@@YAXXZ      0000000180005504 f   ConEmuLnA.obj
 0001:00004510       Configure                  0000000180005510 f   ConEmuLnA.obj
 0001:00004524       ExitFAR                    0000000180005524 f   ConEmuLnA.obj
 0001:00004580       GetMinFarVersion           0000000180005580 f   ConEmuLnA.obj
 0001:000045b8       GetPluginInfo              00000001800055b8 f   ConEmuLnA.obj
 0001:00004640       OpenPlugin                 0000000180005640 f   ConEmuLnA.obj
 0001:00004660       SetStartupInfo             0000000180005660 f   ConEmuLnA.obj
 0001:00004824       ?HeapDeinitialize@@YAXXZ   0000000180005824 f   Memory.obj
 0001:00004848       ?HeapInitialize@@YA_NXZ    0000000180005848 f   Memory.obj
 0001:00004880       ?xf_calloc@@YAPEAX_K0@Z    0000000180005880 f   Memory.obj
 0001:0000489c       ?xf_free@@YAXPEAX@Z        000000018000589c f   Memory.obj
 0001:000048c2       GetFileVersionInfoSizeW    00000001800058c2 f   version:VERSION.dll
 0001:000048c8       GetFileVersionInfoW        00000001800058c8 f   version:VERSION.dll
 0001:000048ce       VerQueryValueW             00000001800058ce f   version:VERSION.dll
 0001:000048f0       _alloca_probe              00000001800058f0 f   LIBCMT:_chkstk_.obj
 0001:000048f0       __chkstk                   00000001800058f0 f   LIBCMT:_chkstk_.obj
 0001:00004c90       _DllMainCRTStartup         0000000180005c90 f   LIBCMT:dll_dllmain.obj
 0001:00004cd0       __scrt_acquire_startup_lock 0000000180005cd0 f   LIBCMT:utility.obj
 0001:00004d0c       __scrt_dllmain_after_initialize_c 0000000180005d0c f   LIBCMT:utility.obj
 0001:00004d40       __scrt_dllmain_before_initialize_c 0000000180005d40 f   LIBCMT:utility.obj
 0001:00004d58       __scrt_dllmain_crt_thread_attach 0000000180005d58 f   LIBCMT:utility.obj
 0001:00004d80       __scrt_dllmain_crt_thread_detach 0000000180005d80 f   LIBCMT:utility.obj
 0001:00004d98       __scrt_dllmain_exception_filter 0000000180005d98 f   LIBCMT:utility.obj
 0001:00004dfc       __scrt_dllmain_uninitialize_c 0000000180005dfc f   LIBCMT:utility.obj
 0001:00004e2c       __scrt_dllmain_uninitialize_critical 0000000180005e2c f   LIBCMT:utility.obj
 0001:00004e40       __scrt_initialize_crt      0000000180005e40 f   LIBCMT:utility.obj
 0001:00004e8c       __scrt_initialize_onexit_tables 0000000180005e8c f   LIBCMT:utility.obj
 0001:00004f58       __scrt_is_nonwritable_in_current_image 0000000180005f58 f   LIBCMT:utility.obj
 0001:00004ff4       __scrt_release_startup_lock 0000000180005ff4 f   LIBCMT:utility.obj
 0001:00005018       __scrt_uninitialize_crt    0000000180006018 f   LIBCMT:utility.obj
 0001:00005044       _onexit                    0000000180006044 f   LIBCMT:utility.obj
 0001:00005094       atexit                     0000000180006094 f   LIBCMT:utility.obj
 0001:000050ac       __security_init_cookie     00000001800060ac f   LIBCMT:gs_support.obj
 0001:00005158       ?__scrt_initialize_type_info@@YAXXZ 0000000180006158 f   LIBCMT:tncleanup.obj
 0001:00005168       ?__scrt_uninitialize_type_info@@YAXXZ 0000000180006168 f   LIBCMT:tncleanup.obj
 0001:00005174       __local_stdio_printf_options 0000000180006174 f i LIBCMT:default_local_stdio_options.obj
 0001:0000517c       __local_stdio_scanf_options 000000018000617c f i LIBCMT:default_local_stdio_options.obj
 0001:00005184       __scrt_initialize_default_local_stdio_options 0000000180006184 f   LIBCMT:default_local_stdio_options.obj
 0001:000051a0       __scrt_get_dyn_tls_init_callback 00000001800061a0 f   LIBCMT:dyn_tls_init.obj
 0001:000051a8       __crt_debugger_hook        00000001800061a8 f   LIBCMT:utility_desktop.obj
 0001:000051b0       __scrt_fastfail            00000001800061b0 f   LIBCMT:utility_desktop.obj
 0001:000052f8       _RTC_Initialize            00000001800062f8 f   LIBCMT:_initsect_.obj
 0001:00005344       _RTC_Terminate             0000000180006344 f   LIBCMT:_initsect_.obj
 0001:00005390       _guard_check_icall         0000000180006390 f i LIBCMT:checkcfg.obj
 0001:00005398       __isa_available_init       0000000180006398 f   LIBCMT:_cpu_disp_.obj
 0001:00005560       _get_startup_argv_mode     0000000180006560 f   LIBCMT:argv_mode.obj
 0001:00005568       __scrt_is_ucrt_dll_in_use  0000000180006568 f   LIBCMT:ucrt_detection.obj
 0001:00005574       _guard_check_icall_nop     0000000180006574 f i LIBCMT:guard_support.obj
 0001:00005574       __except_validate_context_record 0000000180006574 f i libvcruntime:jbcxrval.obj
 0001:00005580       __C_specific_handler       0000000180006580 f   libvcruntime:_chandler_.obj
 0001:00005790       memcpy                     0000000180006790 f   libvcruntime:memcpy.obj
 0001:00005790       memmove                    0000000180006790 f   libvcruntime:memcpy.obj
 0001:00005be0       memset                     0000000180006be0 f   libvcruntime:memset.obj
 0001:00005d80       __vcrt_initialize          0000000180006d80 f   libvcruntime:initialization.obj
 0001:00005db4       __vcrt_thread_attach       0000000180006db4 f   libvcruntime:initialization.obj
 0001:00005dc8       __vcrt_thread_detach       0000000180006dc8 f   libvcruntime:initialization.obj
 0001:00005ddc       __vcrt_uninitialize        0000000180006ddc f   libvcruntime:initialization.obj
 0001:00005dfc       __vcrt_uninitialize_critical 0000000180006dfc f   libvcruntime:initialization.obj
 0001:00005e0c       __std_type_info_destroy_list 0000000180006e0c f   libvcruntime:std_type_info.obj
 0001:00005e50       _local_unwind              0000000180006e50 f   libvcruntime:_jmpuwind_.obj
 0001:00005e80       _NLG_Notify                0000000180006e80 f   libvcruntime:_jmpuwind_.obj
 0001:00005ea0       __NLG_Dispatch2            0000000180006ea0 f   libvcruntime:_jmpuwind_.obj
 0001:00005eb0       __NLG_Return2              0000000180006eb0 f   libvcruntime:_jmpuwind_.obj
 0001:00005eb4       __vcrt_freefls             0000000180006eb4 f   libvcruntime:per_thread_data.obj
 0001:00005ed4       __vcrt_freeptd             0000000180006ed4 f   libvcruntime:per_thread_data.obj
 0001:00005f24       __vcrt_getptd_noexit       0000000180006f24 f   libvcruntime:per_thread_data.obj
 0001:00005fdc       __vcrt_initialize_ptd      0000000180006fdc f   libvcruntime:per_thread_data.obj
 0001:0000601c       __vcrt_uninitialize_ptd    000000018000701c f   libvcruntime:per_thread_data.obj
 0001:00006040       __vcrt_initialize_locks    0000000180007040 f   libvcruntime:locks.obj
 0001:00006088       __vcrt_uninitialize_locks  0000000180007088 f   libvcruntime:locks.obj
 0001:00006288       __vcrt_FlsAlloc            0000000180007288 f   libvcruntime:winapi_downlevel.obj
 0001:000062dc       __vcrt_FlsFree             00000001800072dc f   libvcruntime:winapi_downlevel.obj
 0001:00006330       __vcrt_FlsGetValue         0000000180007330 f   libvcruntime:winapi_downlevel.obj
 0001:00006384       __vcrt_FlsSetValue         0000000180007384 f   libvcruntime:winapi_downlevel.obj
 0001:000063ec       __vcrt_InitializeCriticalSectionEx 00000001800073ec f   libvcruntime:winapi_downlevel.obj
 0001:00006464       __vcrt_initialize_winapi_thunks 0000000180007464 f   libvcruntime:winapi_downlevel.obj
 0001:000064b0       __vcrt_uninitialize_winapi_thunks 00000001800074b0 f   libvcruntime:winapi_downlevel.obj
 0001:000064f0       __vcrt_initialize_pure_virtual_call_handler 00000001800074f0 f   libvcruntime:purevirt_data.obj
 0001:00006514       ??$is_overflow_condition@K@__crt_strtox@@YA_NIK@Z 0000000180007514 f i libucrt:strtox.obj
 0001:00006540       ??$make_c_string_character_source@_WPEAPEA_W@__crt_strtox@@YA?AV?$c_string_character_source@_W@0@QEB_WQEAPEA_W@Z 0000000180007540 f i libucrt:strtox.obj
 0001:00006540       ??$make_c_string_character_source@DPEAPEAD@__crt_strtox@@YA?AV?$c_string_character_source@D@0@QEBDQEAPEAD@Z 0000000180007540 f i libucrt:strtox.obj
 0001:00006554       ??$parse_integer@KV?$c_string_character_source@D@__crt_strtox@@@__crt_strtox@@YAKQEAU__crt_locale_pointers@@V?$c_string_character_source@D@0@H_N@Z 0000000180007554 f i libucrt:strtox.obj
 0001:00006868       ??$parse_integer@KV?$c_string_character_source@_W@__crt_strtox@@@__crt_strtox@@YAKQEAU__crt_locale_pointers@@V?$c_string_character_source@_W@0@H_N@Z 0000000180007868 f i libucrt:strtox.obj
 0001:00006f3c       ??0_LocaleUpdate@@QEAA@QEAU__crt_locale_pointers@@@Z 0000000180007f3c f i libucrt:strtox.obj
 0001:00006fcc       strtoul                    0000000180007fcc f   libucrt:strtox.obj
 0001:00006ffc       wcstoul                    0000000180007ffc f   libucrt:strtox.obj
 0001:0000702c       _initterm                  000000018000802c f   libucrt:initterm.obj
 0001:000070a4       _initterm_e                00000001800080a4 f   libucrt:initterm.obj
 0001:000070f0       _seh_filter_dll            00000001800080f0 f   libucrt:exception_filter.obj
 0001:00007104       _seh_filter_exe            0000000180008104 f   libucrt:exception_filter.obj
 0001:000074c4       __acrt_initialize_thread_local_exit_callback 00000001800084c4 f   libucrt:exit.obj
 0001:000074cc       _cexit                     00000001800084cc f   libucrt:exit.obj
 0001:000074dc       _exit                      00000001800084dc f   libucrt:exit.obj
 0001:000074e8       _is_c_termination_complete 00000001800084e8 f   libucrt:exit.obj
 0001:000076ac       __acrt_allocate_buffer_for_argv 00000001800086ac f   libucrt:argv_parsing.obj
 0001:00007710       _configure_narrow_argv     0000000180008710 f   libucrt:argv_parsing.obj
 0001:00007a6c       __dcrt_uninitialize_environments_nolock 0000000180008a6c f   libucrt:environment_initialization.obj
 0001:00007aa4       _initialize_narrow_environment 0000000180008aa4 f   libucrt:environment_initialization.obj
 0001:00007aac       ??$?RV<lambda_b8c45f8f788dd370798f47cfe8ac3a86>@@AEAV<lambda_4e60a939b0d047cfe11ddc22648dfba9>@@V<lambda_332c3edc96d0294ec56c57d38c1cdfd5>@@@?$__crt_seh_guarded_call@H@@QEAAH$$QEAV<lambda_b8c45f8f788dd370798f47cfe8ac3a86>@@AEAV<lambda_4e60a939b0d047cfe11ddc22648dfba9>@@$$QEAV<lambda_332c3edc96d0294ec56c57d38c1cdfd5>@@@Z 0000000180008aac f i libucrt:onexit.obj
 0001:00007ae8       ??$?RV<lambda_e24bbb7b643b32fcea6fa61b31d4c984>@@AEAV<lambda_275893d493268fdec8709772e3fcec0e>@@V<lambda_9d71df4d7cf3f480f8d633942495c3b0>@@@?$__crt_seh_guarded_call@H@@QEAAH$$QEAV<lambda_e24bbb7b643b32fcea6fa61b31d4c984>@@AEAV<lambda_275893d493268fdec8709772e3fcec0e>@@$$QEAV<lambda_9d71df4d7cf3f480f8d633942495c3b0>@@@Z 0000000180008ae8 f i libucrt:onexit.obj
 0001:00007e64       _crt_atexit                0000000180008e64 f   libucrt:onexit.obj
 0001:00007e74       _execute_onexit_table      0000000180008e74 f   libucrt:onexit.obj
 0001:00007eb0       _initialize_onexit_table   0000000180008eb0 f   libucrt:onexit.obj
 0001:00007ef0       _register_onexit_function  0000000180008ef0 f   libucrt:onexit.obj
 0001:00007f80       __acrt_uninitialize_command_line 0000000180008f80 f   libucrt:argv_data.obj
 0001:0000804c       ??$uninitialize@V<lambda_30a498feb8538b5c3153c22026e33470>@@@?$dual_state_global@PEAU__crt_multibyte_data@@@__crt_state_management@@QEAAX$$QEAV<lambda_30a498feb8538b5c3153c22026e33470>@@@Z 000000018000904c f i libucrt:initialization.obj
 0001:000080cc       __acrt_initialize          00000001800090cc f   libucrt:initialization.obj
 0001:000080e0       __acrt_thread_attach       00000001800090e0 f   libucrt:initialization.obj
 0001:000080f4       __acrt_thread_detach       00000001800090f4 f   libucrt:initialization.obj
 0001:00008104       __acrt_uninitialize        0000000180009104 f   libucrt:initialization.obj
 0001:00008118       __acrt_uninitialize_critical 0000000180009118 f   libucrt:initialization.obj
 0001:00008128       terminate                  0000000180009128 f   libucrt:terminate.obj
 0001:00008150       _free_base                 0000000180009150 f   libucrt:free_base.obj
 0001:00008190       _malloc_base               0000000180009190 f   libucrt:malloc_base.obj
 0001:000081f0       strcpy_s                   00000001800091f0 f   libucrt:strcpy_s.obj
 0001:00008250       abort                      0000000180009250 f   libucrt:abort.obj
 0001:000082a8       _calloc_base               00000001800092a8 f   libucrt:calloc_base.obj
 0001:00008320       __acrt_call_reportfault    0000000180009320 f   libucrt:invalid_parameter.obj
 0001:0000847c       __acrt_initialize_invalid_parameter_handler 000000018000947c f   libucrt:invalid_parameter.obj
 0001:00008484       _invalid_parameter         0000000180009484 f   libucrt:invalid_parameter.obj
 0001:0000852c       _invalid_parameter_noinfo  000000018000952c f   libucrt:invalid_parameter.obj
 0001:0000854c       _invoke_watson             000000018000954c f   libucrt:invalid_parameter.obj
 0001:00008594       __acrt_errno_from_os_error 0000000180009594 f   libucrt:errno.obj
 0001:000085dc       __acrt_errno_map_os_error  00000001800095dc f   libucrt:errno.obj
 0001:0000862c       __doserrno                 000000018000962c f   libucrt:errno.obj
 0001:0000864c       _errno                     000000018000964c f   libucrt:errno.obj
 0001:0000866c       __pctype_func              000000018000966c f   libucrt:ctype.obj
 0001:0000869c       iswctype                   000000018000969c f   libucrt:iswctype.obj
 0001:0000870c       _isctype_l                 000000018000970c f   libucrt:isctype.obj
 0001:0000881c       ??$?RV<lambda_46352004c1216016012b18bd6f87e700>@@AEAV<lambda_3bd07e1a1191394380780325891bf33f>@@V<lambda_334532d3f185bcaa59b5be82d7d22bff>@@@?$__crt_seh_guarded_call@X@@QEAAX$$QEAV<lambda_46352004c1216016012b18bd6f87e700>@@AEAV<lambda_3bd07e1a1191394380780325891bf33f>@@$$QEAV<lambda_334532d3f185bcaa59b5be82d7d22bff>@@@Z 000000018000981c f i libucrt:per_thread_data.obj
 0001:0000887c       ??$?RV<lambda_5e887d1dcbef67a5eb4283622ba103bf>@@AEAV<lambda_4466841279450cc726390878d4a41900>@@V<lambda_341c25c0346d94847f1f3c463c57e077>@@@?$__crt_seh_guarded_call@X@@QEAAX$$QEAV<lambda_5e887d1dcbef67a5eb4283622ba103bf>@@AEAV<lambda_4466841279450cc726390878d4a41900>@@$$QEAV<lambda_341c25c0346d94847f1f3c463c57e077>@@@Z 000000018000987c f i libucrt:per_thread_data.obj
 0001:000088c4       ??$?RV<lambda_72d1df2b273a38828b1ce30cbf4cdab5>@@AEAV<lambda_876a65b173b8412d3a47c70a915b0cf4>@@V<lambda_41932305e351933ebe8f8be3ed8bb5dc>@@@?$__crt_seh_guarded_call@X@@QEAAX$$QEAV<lambda_72d1df2b273a38828b1ce30cbf4cdab5>@@AEAV<lambda_876a65b173b8412d3a47c70a915b0cf4>@@$$QEAV<lambda_41932305e351933ebe8f8be3ed8bb5dc>@@@Z 00000001800098c4 f i libucrt:per_thread_data.obj
 0001:00008904       ??$?RV<lambda_fb3a7dec4e47f37f22dae91bb15c9095>@@AEAV<lambda_698284760c8add0bfb0756c19673e34b>@@V<lambda_dfb8eca1e75fef3034a8fb18dd509707>@@@?$__crt_seh_guarded_call@X@@QEAAX$$QEAV<lambda_fb3a7dec4e47f37f22dae91bb15c9095>@@AEAV<lambda_698284760c8add0bfb0756c19673e34b>@@$$QEAV<lambda_dfb8eca1e75fef3034a8fb18dd509707>@@@Z 0000000180009904 f i libucrt:per_thread_data.obj
 0001:00008b94       __acrt_freeptd             0000000180009b94 f   libucrt:per_thread_data.obj
 0001:00008bd8       __acrt_getptd              0000000180009bd8 f   libucrt:per_thread_data.obj
 0001:00008c6c       __acrt_getptd_head         0000000180009c6c f   libucrt:per_thread_data.obj
 0001:00008ce0       __acrt_getptd_noexit       0000000180009ce0 f   libucrt:per_thread_data.obj
 0001:00008d80       __acrt_initialize_ptd      0000000180009d80 f   libucrt:per_thread_data.obj
 0001:00008dbc       __acrt_uninitialize_ptd    0000000180009dbc f   libucrt:per_thread_data.obj
 0001:00008de0       __acrt_update_locale_info  0000000180009de0 f   libucrt:locale_update.obj
 0001:00008e14       __acrt_update_multibyte_info 0000000180009e14 f   libucrt:locale_update.obj
 0001:00008e48       ??$?RV<lambda_9431c60049192bb82166e0947f95a2e9>@@AEAV<lambda_85fa512c59a4d94d4a89f575eefd92a6>@@V<lambda_487febba6ca58d9ce348204d67e1dba3>@@@?$__crt_seh_guarded_call@X@@QEAAX$$QEAV<lambda_9431c60049192bb82166e0947f95a2e9>@@AEAV<lambda_85fa512c59a4d94d4a89f575eefd92a6>@@$$QEAV<lambda_487febba6ca58d9ce348204d67e1dba3>@@@Z 0000000180009e48 f i libucrt:wsetlocale.obj
 0001:00008eb8       __acrt_set_locale_changed  0000000180009eb8 f   libucrt:wsetlocale.obj
 0001:00008ec4       __acrt_uninitialize_locale 0000000180009ec4 f   libucrt:wsetlocale.obj
 0001:00008ef4       __acrt_initialize_locks    0000000180009ef4 f   libucrt:locks.obj
 0001:00008f3c       __acrt_lock                0000000180009f3c f   libucrt:locks.obj
 0001:00008f58       __acrt_uninitialize_locks  0000000180009f58 f   libucrt:locks.obj
 0001:00008f90       __acrt_unlock              0000000180009f90 f   libucrt:locks.obj
 0001:0000914c       __acrt_FlsAlloc            000000018000a14c f   libucrt:winapi_thunks.obj
 0001:000091a4       __acrt_FlsFree             000000018000a1a4 f   libucrt:winapi_thunks.obj
 0001:000091fc       __acrt_FlsGetValue         000000018000a1fc f   libucrt:winapi_thunks.obj
 0001:00009254       __acrt_FlsSetValue         000000018000a254 f   libucrt:winapi_thunks.obj
 0001:000092bc       __acrt_InitializeCriticalSectionEx 000000018000a2bc f   libucrt:winapi_thunks.obj
 0001:00009334       __acrt_LCMapStringEx       000000018000a334 f   libucrt:winapi_thunks.obj
 0001:00009424       __acrt_LocaleNameToLCID    000000018000a424 f   libucrt:winapi_thunks.obj
 0001:0000948c       __acrt_initialize_winapi_thunks 000000018000a48c f   libucrt:winapi_thunks.obj
 0001:000094c4       __acrt_is_packaged_app     000000018000a4c4 f   libucrt:winapi_thunks.obj
 0001:0000954c       __acrt_uninitialize_winapi_thunks 000000018000a54c f   libucrt:winapi_thunks.obj
 0001:00009a6c       ?expand_if_necessary@?$argument_list@D@?A0x5f5c8891@@AEAAHXZ 000000018000aa6c f i libucrt:argv_wildcards.obj
 0001:00009b34       __acrt_expand_narrow_argv_wildcards 000000018000ab34 f   libucrt:argv_wildcards.obj
 0001:00009b3c       ??$?RV<lambda_efb9b808e93e29b6b799d3875462c817>@@AEAV<lambda_2c5d36f8a66580c563e29092409944b2>@@V<lambda_31e551fca1567ef2425714047646aa90>@@@?$__crt_seh_guarded_call@X@@QEAAX$$QEAV<lambda_efb9b808e93e29b6b799d3875462c817>@@AEAV<lambda_2c5d36f8a66580c563e29092409944b2>@@$$QEAV<lambda_31e551fca1567ef2425714047646aa90>@@@Z 000000018000ab3c f i libucrt:mbctype.obj
 0001:0000a284       __acrt_initialize_multibyte 000000018000b284 f   libucrt:mbctype.obj
 0001:0000a2e4       __acrt_update_thread_multibyte_data 000000018000b2e4 f   libucrt:mbctype.obj
 0001:0000a300       _setmbcp_nolock            000000018000b300 f   libucrt:mbctype.obj
 0001:0000a620       _ismbblead                 000000018000b620 f   libucrt:ismbbyte.obj
 0001:0000a634       __acrt_initialize_command_line 000000018000b634 f   libucrt:argv_data.obj
 0001:0000a65c       __dcrt_get_narrow_environment_from_os 000000018000b65c f   libucrt:get_environment_from_os.obj
 0001:0000a760       _recalloc                  000000018000b760 f   libucrt:recalloc.obj
 0001:0000a768       _recalloc_base             000000018000b768 f   libucrt:recalloc.obj
 0001:0000a800       __acrt_initialize_heap     000000018000b800 f   libucrt:heap_handle.obj
 0001:0000a81c       __acrt_uninitialize_heap   000000018000b81c f   libucrt:heap_handle.obj
 0001:0000aa10       __acrt_initialize_lowio    000000018000ba10 f   libucrt:ioinit.obj
 0001:0000aa4c       __acrt_uninitialize_lowio  000000018000ba4c f   libucrt:ioinit.obj
 0001:0000aa8c       __acrt_execute_initializers 000000018000ba8c f   libucrt:shared_initialization.obj
 0001:0000ab20       __acrt_execute_uninitializers 000000018000bb20 f   libucrt:shared_initialization.obj
 0001:0000ab70       __acrt_initialize_new_handler 000000018000bb70 f   libucrt:new_handler.obj
 0001:0000ab78       _callnewh                  000000018000bb78 f   libucrt:new_handler.obj
 0001:0000abb8       _query_new_handler         000000018000bbb8 f   libucrt:new_handler.obj
 0001:0000abec       ??$?RV<lambda_c36588078e9f5dfd39652860aa6b3aaf>@@AEAV<lambda_ec61778202f4f5fc7e7711acc23c3bca>@@V<lambda_dc9d2797ccde5d239b4a0efae8ebd7db>@@@?$__crt_seh_guarded_call@P6AXH@Z@@QEAAP6AXH@Z$$QEAV<lambda_c36588078e9f5dfd39652860aa6b3aaf>@@AEAV<lambda_ec61778202f4f5fc7e7711acc23c3bca>@@$$QEAV<lambda_dc9d2797ccde5d239b4a0efae8ebd7db>@@@Z 000000018000bbec f i libucrt:signal.obj
 0001:0000ac34       __acrt_get_sigabrt_handler 000000018000bc34 f   libucrt:signal.obj
 0001:0000ac64       __acrt_initialize_signal_handlers 000000018000bc64 f   libucrt:signal.obj
 0001:0000ac84       raise                      000000018000bc84 f   libucrt:signal.obj
 0001:0000af20       __acrt_has_user_matherr    000000018000bf20 f   libucrt:matherr.obj
 0001:0000af40       __acrt_initialize_user_matherr 000000018000bf40 f   libucrt:matherr.obj
 0001:0000af48       __acrt_invoke_user_matherr 000000018000bf48 f   libucrt:matherr.obj
 0001:0000af90       _query_new_mode            000000018000bf90 f   libucrt:new_mode.obj
 0001:0000af98       _mbtowc_l                  000000018000bf98 f   libucrt:mbtowc.obj
 0001:0000b0e0       mbtowc                     000000018000c0e0 f   libucrt:mbtowc.obj
 0001:0000b0e8       _fileno                    000000018000c0e8 f   libucrt:fileno.obj
 0001:0000b110       __acrt_initialize_stdio    000000018000c110 f   libucrt:_file.obj
 0001:0000b230       __acrt_uninitialize_stdio  000000018000c230 f   libucrt:_file.obj
 0001:0000b28c       _lock_file                 000000018000c28c f   libucrt:_file.obj
 0001:0000b298       _unlock_file               000000018000c298 f   libucrt:_file.obj
 0001:0000b2a4       _isleadbyte_l              000000018000c2a4 f i libucrt:_wctype.obj
 0001:0000b2e4       __acrt_GetStringTypeA      000000018000c2e4 f   libucrt:getstringtypea.obj
 0001:0000b498       __acrt_add_locale_ref      000000018000c498 f   libucrt:locale_refcounting.obj
 0001:0000b524       __acrt_free_locale         000000018000c524 f   libucrt:locale_refcounting.obj
 0001:0000b69c       __acrt_locale_add_lc_time_reference 000000018000c69c f   libucrt:locale_refcounting.obj
 0001:0000b6c4       __acrt_locale_free_lc_time_if_unreferenced 000000018000c6c4 f   libucrt:locale_refcounting.obj
 0001:0000b6fc       __acrt_locale_release_lc_time_reference 000000018000c6fc f   libucrt:locale_refcounting.obj
 0001:0000b724       __acrt_release_locale_ref  000000018000c724 f   libucrt:locale_refcounting.obj
 0001:0000b7cc       __acrt_update_thread_locale_data 000000018000c7cc f   libucrt:locale_refcounting.obj
 0001:0000b83c       _updatetlocinfoEx_nolock   000000018000c83c f   libucrt:locale_refcounting.obj
 0001:0000b8a4       __acrt_locale_free_monetary 000000018000c8a4 f   libucrt:initmon.obj
 0001:0000b9b0       __acrt_locale_free_numeric 000000018000c9b0 f   libucrt:initnum.obj
 0001:0000ba74       __acrt_locale_free_time    000000018000ca74 f   libucrt:inittime.obj
 0001:0000bc44       __acrt_DownlevelLocaleNameToLCID 000000018000cc44 f   libucrt:lcidtoname_downlevel.obj
 0001:0000bd50       qsort                      000000018000cd50 f   libucrt:qsort.obj
 0001:0000c084       strncpy_s                  000000018000d084 f   libucrt:strncpy_s.obj
 0001:0000c158       strpbrk                    000000018000d158 f   libucrt:strpbrk.obj
 0001:0000c1f8       _mbsdec                    000000018000d1f8 f   libucrt:mbsdec.obj
 0001:0000c200       _mbsdec_l                  000000018000d200 f   libucrt:mbsdec.obj
 0001:0000c60c       __acrt_LCMapStringA        000000018000d60c f   libucrt:lcmapstringa.obj
 0001:0000c6a4       _msize                     000000018000d6a4 f   libucrt:msize.obj
 0001:0000c6e0       _realloc_base              000000018000d6e0 f   libucrt:realloc_base.obj
 0001:0000c764       __acrt_lowio_create_handle_array 000000018000d764 f   libucrt:osfinfo.obj
 0001:0000c7fc       __acrt_lowio_destroy_handle_array 000000018000d7fc f   libucrt:osfinfo.obj
 0001:0000c84c       __acrt_lowio_ensure_fh_exists 000000018000d84c f   libucrt:osfinfo.obj
 0001:0000c904       __acrt_lowio_lock_fh       000000018000d904 f   libucrt:osfinfo.obj
 0001:0000c928       __acrt_lowio_unlock_fh     000000018000d928 f   libucrt:osfinfo.obj
 0001:0000c94c       _free_osfhnd               000000018000d94c f   libucrt:osfinfo.obj
 0001:0000ca08       _get_osfhandle             000000018000da08 f   libucrt:osfinfo.obj
 0001:0000ca80       _isatty                    000000018000da80 f   libucrt:isatty.obj
 0001:0000cae0       __acrt_stdio_flush_nolock  000000018000dae0 f   libucrt:fflush.obj
 0001:0000cb58       _fflush_nolock             000000018000db58 f   libucrt:fflush.obj
 0001:0000cba4       _flushall                  000000018000dba4 f   libucrt:fflush.obj
 0001:0000cc94       _fcloseall                 000000018000dc94 f   libucrt:closeall.obj
 0001:0000cd48       __acrt_stdio_free_buffer_nolock 000000018000dd48 f   libucrt:_freebuf.obj
 0001:0000cd88       __strncnt                  000000018000dd88 f   libucrt:strncnt.obj
 0001:0000cda0       _query_app_type            000000018000dda0 f   libucrt:report_runtime_error.obj
 0001:0000cda8       ??$?RV<lambda_b521505b218e5242e90febf6bfebc422>@@AEAV<lambda_6978c1fb23f02e42e1d9e99668cc68aa>@@V<lambda_314360699dd331753a4119843814e9a7>@@@?$__crt_seh_guarded_call@H@@QEAAH$$QEAV<lambda_b521505b218e5242e90febf6bfebc422>@@AEAV<lambda_6978c1fb23f02e42e1d9e99668cc68aa>@@$$QEAV<lambda_314360699dd331753a4119843814e9a7>@@@Z 000000018000dda8 f i libucrt:commit.obj
 0001:0000ce34       _commit                    000000018000de34 f   libucrt:commit.obj
 0001:0000d468       _write                     000000018000e468 f   libucrt:write.obj
 0001:0000d554       _write_nolock              000000018000e554 f   libucrt:write.obj
 0001:0000d840       log10                      000000018000e840 f   libucrt:log10.obj
 0001:0000de88       _lseeki64_nolock           000000018000ee88 f   libucrt:lseek.obj
 0001:0000de90       _fclose_nolock             000000018000ee90 f   libucrt:fclose.obj
 0001:0000df14       fclose                     000000018000ef14 f   libucrt:fclose.obj
 0001:0000df80       _putwch_nolock             000000018000ef80 f   libucrt:putwch.obj
 0001:0000e100       _handle_error              000000018000f100 f   libucrt:libm_error.obj
 0001:0000e230       __acrt_initialize_fma3     000000018000f230 f   libucrt:fma3_available.obj
 0001:0000e2a0       _log10_special             000000018000f2a0 f   libucrt:log_special.obj
 0001:0000e358       ??$?RV<lambda_bfedae4ebbf01fab1bb6dcc6a9e276e0>@@AEAV<lambda_2fe9b910cf3cbf4a0ab98a02ba45b3ec>@@V<lambda_237c231691f317818eb88cc1d5d642d6>@@@?$__crt_seh_guarded_call@H@@QEAAH$$QEAV<lambda_bfedae4ebbf01fab1bb6dcc6a9e276e0>@@AEAV<lambda_2fe9b910cf3cbf4a0ab98a02ba45b3ec>@@$$QEAV<lambda_237c231691f317818eb88cc1d5d642d6>@@@Z 000000018000f358 f i libucrt:close.obj
 0001:0000e3cc       _close                     000000018000f3cc f   libucrt:close.obj
 0001:0000e470       _close_nolock              000000018000f470 f   libucrt:close.obj
 0001:0000e52c       ?__acrt_stdio_free_stream@@YAXV__crt_stdio_stream@@@Z 000000018000f52c f   libucrt:stream.obj
 0001:0000e570       __dcrt_lowio_initialize_console_output 000000018000f570 f   libucrt:initcon.obj
 0001:0000e5ac       __dcrt_terminate_console_output 000000018000f5ac f   libucrt:initcon.obj
 0001:0000e5e0       _get_fpsr                  000000018000f5e0 f   libucrt:fpsr.obj
 0001:0000e5f0       _set_fpsr                  000000018000f5f0 f   libucrt:fpsr.obj
 0001:0000e5fa       _fclrf                     000000018000f5fa f   libucrt:fpsr.obj
 0001:0000e60e       _frnd                      000000018000f60e f   libucrt:fpsr.obj
 0001:0000e630       _raise_exc                 000000018000f630 f   libucrt:fpexcept.obj
 0001:0000e658       _raise_exc_ex              000000018000f658 f   libucrt:fpexcept.obj
 0001:0000e960       _set_errno_from_matherr    000000018000f960 f   libucrt:fpexcept.obj
 0001:0000e990       _clrfp                     000000018000f990 f   libucrt:fpctrl.obj
 0001:0000e9b0       _ctrlfp                    000000018000f9b0 f   libucrt:fpctrl.obj
 0001:0000ea2c       _set_statfp                000000018000fa2c f   libucrt:fpctrl.obj
 0001:0000ea4c       _statfp                    000000018000fa4c f   libucrt:fpctrl.obj
 0001:0000ea5e       IsProcessorFeaturePresent  000000018000fa5e f   kernel32:KERNEL32.dll
 0001:0000ea64       RtlUnwindEx                000000018000fa64 f   kernel32:KERNEL32.dll
 0001:0000ea70       _FindPESection             000000018000fa70 f   LIBCMT:pesect.obj
 0001:0000eac0       _IsNonwritableInCurrentImage 000000018000fac0 f   LIBCMT:pesect.obj
 0001:0000eb10       _ValidateImageBase         000000018000fb10 f   LIBCMT:pesect.obj
 0001:0000eb40       __GSHandlerCheck           000000018000fb40 f   LIBCMT:_gshandler_.obj
 0001:0000eb60       __GSHandlerCheckCommon     000000018000fb60 f   LIBCMT:_gshandler_.obj
 0001:0000ebd0       __security_check_cookie    000000018000fbd0 f   LIBCMT:_amdsecgs_.obj
 0001:0000ebf4       __raise_securityfailure    000000018000fbf4 f   LIBCMT:gs_report.obj
 0001:0000ec28       __report_gsfailure         000000018000fc28 f   LIBCMT:gs_report.obj
 0001:0000ecfc       __report_rangecheckfailure 000000018000fcfc f   LIBCMT:gs_report.obj
 0001:0000ed10       __report_securityfailure   000000018000fd10 f   LIBCMT:gs_report.obj
 0001:0000eea0       memcmp                     000000018000fea0 f   libvcruntime:memcmp.obj
 0001:0000ef80       _guard_dispatch_icall_nop  000000018000ff80 f   LIBCMT:_guard_dispatch_.obj
 0002:00000000       __imp_RegQueryValueExW     0000000180011000     advapi32:ADVAPI32.dll
 0002:00000008       __imp_RegOpenKeyExW        0000000180011008     advapi32:ADVAPI32.dll
 0002:00000010       __imp_RegCreateKeyExW      0000000180011010     advapi32:ADVAPI32.dll
 0002:00000018       __imp_RegCloseKey          0000000180011018     advapi32:ADVAPI32.dll
 0002:00000020       __imp_RegSetValueExW       0000000180011020     advapi32:ADVAPI32.dll
 0002:00000028       \177ADVAPI32_NULL_THUNK_DATA 0000000180011028     advapi32:ADVAPI32.dll
 0002:00000030       __imp_SelectObject         0000000180011030     gdi32:GDI32.dll
 0002:00000038       __imp_LineTo               0000000180011038     gdi32:GDI32.dll
 0002:00000040       __imp_DeleteObject         0000000180011040     gdi32:GDI32.dll
 0002:00000048       __imp_CreateSolidBrush     0000000180011048     gdi32:GDI32.dll
 0002:00000050       __imp_CreatePen            0000000180011050     gdi32:GDI32.dll
 0002:00000058       __imp_MoveToEx             0000000180011058     gdi32:GDI32.dll
 0002:00000060       \177GDI32_NULL_THUNK_DATA  0000000180011060     gdi32:GDI32.dll
 0002:00000068       __imp_lstrlenW             0000000180011068     kernel32:KERNEL32.dll
 0002:00000070       __imp_lstrcpynW            0000000180011070     kernel32:KERNEL32.dll
 0002:00000078       __imp_lstrcpyA             0000000180011078     kernel32:KERNEL32.dll
 0002:00000080       __imp_lstrlenA             0000000180011080     kernel32:KERNEL32.dll
 0002:00000088       __imp_MultiByteToWideChar  0000000180011088     kernel32:KERNEL32.dll
 0002:00000090       __imp_HeapCreate           0000000180011090     kernel32:KERNEL32.dll
 0002:00000098       __imp_HeapDestroy          0000000180011098     kernel32:KERNEL32.dll
 0002:000000a0       __imp_HeapAlloc            00000001800110a0     kernel32:KERNEL32.dll
 0002:000000a8       __imp_lstrcpyW             00000001800110a8     kernel32:KERNEL32.dll
 0002:000000b0       __imp_HeapFree             00000001800110b0     kernel32:KERNEL32.dll
 0002:000000b8       __imp_WriteConsoleW        00000001800110b8     kernel32:KERNEL32.dll
 0002:000000c0       __imp_CloseHandle          00000001800110c0     kernel32:KERNEL32.dll
 0002:000000c8       __imp_GetModuleFileNameW   00000001800110c8     kernel32:KERNEL32.dll
 0002:000000d0       __imp_VirtualProtect       00000001800110d0     kernel32:KERNEL32.dll
 0002:000000d8       __imp_lstrcpynA            00000001800110d8     kernel32:KERNEL32.dll
 0002:000000e0       __imp_GetCurrentThreadId   00000001800110e0     kernel32:KERNEL32.dll
 0002:000000e8       __imp_SetLastError         00000001800110e8     kernel32:KERNEL32.dll
 0002:000000f0       __imp_GetLastError         00000001800110f0     kernel32:KERNEL32.dll
 0002:000000f8       __imp_RaiseException       00000001800110f8     kernel32:KERNEL32.dll
 0002:00000100       __imp_HeapReAlloc          0000000180011100     kernel32:KERNEL32.dll
 0002:00000108       __imp_IsDebuggerPresent    0000000180011108     kernel32:KERNEL32.dll
 0002:00000110       __imp_SetFilePointerEx     0000000180011110     kernel32:KERNEL32.dll
 0002:00000118       __imp_GetConsoleMode       0000000180011118     kernel32:KERNEL32.dll
 0002:00000120       __imp_GetConsoleCP         0000000180011120     kernel32:KERNEL32.dll
 0002:00000128       __imp_QueryPerformanceCounter 0000000180011128     kernel32:KERNEL32.dll
 0002:00000130       __imp_GetCurrentProcessId  0000000180011130     kernel32:KERNEL32.dll
 0002:00000138       __imp_GetSystemTimeAsFileTime 0000000180011138     kernel32:KERNEL32.dll
 0002:00000140       __imp_InitializeSListHead  0000000180011140     kernel32:KERNEL32.dll
 0002:00000148       __imp_RtlCaptureContext    0000000180011148     kernel32:KERNEL32.dll
 0002:00000150       __imp_RtlLookupFunctionEntry 0000000180011150     kernel32:KERNEL32.dll
 0002:00000158       __imp_RtlVirtualUnwind     0000000180011158     kernel32:KERNEL32.dll
 0002:00000160       __imp_UnhandledExceptionFilter 0000000180011160     kernel32:KERNEL32.dll
 0002:00000168       __imp_SetUnhandledExceptionFilter 0000000180011168     kernel32:KERNEL32.dll
 0002:00000170       __imp_GetStartupInfoW      0000000180011170     kernel32:KERNEL32.dll
 0002:00000178       __imp_IsProcessorFeaturePresent 0000000180011178     kernel32:KERNEL32.dll
 0002:00000180       __imp_GetModuleHandleW     0000000180011180     kernel32:KERNEL32.dll
 0002:00000188       __imp_RtlUnwindEx          0000000180011188     kernel32:KERNEL32.dll
 0002:00000190       __imp_InterlockedFlushSList 0000000180011190     kernel32:KERNEL32.dll
 0002:00000198       __imp_EnterCriticalSection 0000000180011198     kernel32:KERNEL32.dll
 0002:000001a0       __imp_LeaveCriticalSection 00000001800111a0     kernel32:KERNEL32.dll
 0002:000001a8       __imp_DeleteCriticalSection 00000001800111a8     kernel32:KERNEL32.dll
 0002:000001b0       __imp_InitializeCriticalSectionAndSpinCount 00000001800111b0     kernel32:KERNEL32.dll
 0002:000001b8       __imp_TlsAlloc             00000001800111b8     kernel32:KERNEL32.dll
 0002:000001c0       __imp_TlsGetValue          00000001800111c0     kernel32:KERNEL32.dll
 0002:000001c8       __imp_TlsSetValue          00000001800111c8     kernel32:KERNEL32.dll
 0002:000001d0       __imp_TlsFree              00000001800111d0     kernel32:KERNEL32.dll
 0002:000001d8       __imp_FreeLibrary          00000001800111d8     kernel32:KERNEL32.dll
 0002:000001e0       __imp_GetProcAddress       00000001800111e0     kernel32:KERNEL32.dll
 0002:000001e8       __imp_LoadLibraryExW       00000001800111e8     kernel32:KERNEL32.dll
 0002:000001f0       __imp_GetCurrentProcess    00000001800111f0     kernel32:KERNEL32.dll
 0002:000001f8       __imp_ExitProcess          00000001800111f8     kernel32:KERNEL32.dll
 0002:00000200       __imp_TerminateProcess     0000000180011200     kernel32:KERNEL32.dll
 0002:00000208       __imp_GetModuleHandleExW   0000000180011208     kernel32:KERNEL32.dll
 0002:00000210       __imp_GetModuleFileNameA   0000000180011210     kernel32:KERNEL32.dll
 0002:00000218       __imp_WideCharToMultiByte  0000000180011218     kernel32:KERNEL32.dll
 0002:00000220       __imp_GetStringTypeW       0000000180011220     kernel32:KERNEL32.dll
 0002:00000228       __imp_GetACP               0000000180011228     kernel32:KERNEL32.dll
 0002:00000230       __imp_LCMapStringW         0000000180011230     kernel32:KERNEL32.dll
 0002:00000238       __imp_FindClose            0000000180011238     kernel32:KERNEL32.dll
 0002:00000240       __imp_FindFirstFileExA     0000000180011240     kernel32:KERNEL32.dll
 0002:00000248       __imp_FindNextFileA        0000000180011248     kernel32:KERNEL32.dll
 0002:00000250       __imp_IsValidCodePage      0000000180011250     kernel32:KERNEL32.dll
 0002:00000258       __imp_GetOEMCP             0000000180011258     kernel32:KERNEL32.dll
 0002:00000260       __imp_GetCPInfo            0000000180011260     kernel32:KERNEL32.dll
 0002:00000268       __imp_GetCommandLineA      0000000180011268     kernel32:KERNEL32.dll
 0002:00000270       __imp_GetCommandLineW      0000000180011270     kernel32:KERNEL32.dll
 0002:00000278       __imp_GetEnvironmentStringsW 0000000180011278     kernel32:KERNEL32.dll
 0002:00000280       __imp_FreeEnvironmentStringsW 0000000180011280     kernel32:KERNEL32.dll
 0002:00000288       __imp_GetProcessHeap       0000000180011288     kernel32:KERNEL32.dll
 0002:00000290       __imp_GetStdHandle         0000000180011290     kernel32:KERNEL32.dll
 0002:00000298       __imp_GetFileType          0000000180011298     kernel32:KERNEL32.dll
 0002:000002a0       __imp_HeapSize             00000001800112a0     kernel32:KERNEL32.dll
 0002:000002a8       __imp_SetStdHandle         00000001800112a8     kernel32:KERNEL32.dll
 0002:000002b0       __imp_WriteFile            00000001800112b0     kernel32:KERNEL32.dll
 0002:000002b8       __imp_FlushFileBuffers     00000001800112b8     kernel32:KERNEL32.dll
 0002:000002c0       __imp_CreateFileW          00000001800112c0     kernel32:KERNEL32.dll
 0002:000002c8       \177KERNEL32_NULL_THUNK_DATA 00000001800112c8     kernel32:KERNEL32.dll
 0002:000002d0       __imp_wsprintfA            00000001800112d0     user32:USER32.dll
 0002:000002d8       __imp_wsprintfW            00000001800112d8     user32:USER32.dll
 0002:000002e0       __imp_FillRect             00000001800112e0     user32:USER32.dll
 0002:000002e8       \177USER32_NULL_THUNK_DATA 00000001800112e8     user32:USER32.dll
 0002:000002f0       __imp_GetFileVersionInfoW  00000001800112f0     version:VERSION.dll
 0002:000002f8       __imp_VerQueryValueW       00000001800112f8     version:VERSION.dll
 0002:00000300       __imp_GetFileVersionInfoSizeW 0000000180011300     version:VERSION.dll
 0002:00000308       \177VERSION_NULL_THUNK_DATA 0000000180011308     version:VERSION.dll
 0002:00000310       __guard_check_icall_fptr   0000000180011310     LIBCMT:guard_support.obj
 0002:00000318       __guard_dispatch_icall_fptr 0000000180011318     LIBCMT:guard_support.obj
 0002:00000320       __xc_a                     0000000180011320     LIBCMT:initializers.obj
 0002:00000328       __xc_z                     0000000180011328     LIBCMT:initializers.obj
 0002:00000330       __xi_a                     0000000180011330     LIBCMT:initializers.obj
 0002:00000338       __acrt_multibyte_initializer 0000000180011338     libucrt:multibyte_initializer.obj
 0002:00000340       __acrt_stdio_initializer   0000000180011340     libucrt:stdio_initializer.obj
 0002:00000348       __acrt_tran_fma3_initializer 0000000180011348     libucrt:fma3_initializer.obj
 0002:00000350       __xi_z                     0000000180011350     LIBCMT:initializers.obj
 0002:00000358       __xp_a                     0000000180011358     LIBCMT:initializers.obj
 0002:00000360       __acrt_locale_terminator   0000000180011360     libucrt:locale_initializer.obj
 0002:00000368       __dcrt_console_output_terminator 0000000180011368     libucrt:console_output_initializer.obj
 0002:00000370       __acrt_stdio_terminator    0000000180011370     libucrt:stdio_initializer.obj
 0002:00000378       __xp_z                     0000000180011378     LIBCMT:initializers.obj
 0002:00000380       __xt_a                     0000000180011380     LIBCMT:initializers.obj
 0002:00000388       __xt_z                     0000000180011388     LIBCMT:initializers.obj
 0002:00000390       ??_C@_1BM@GCLEPEKO@?$AAP?$AAl?$AAu?$AAg?$AAi?$AAn?$AAE?$AAn?$AAa?$AAb?$AAl?$AAe?$AAd?$AA?$AA@ 0000000180011390     ConEmuLn.obj
 0002:000003b0       ??_C@_1BG@GKMEIIHO@?$AAL?$AAi?$AAn?$AAe?$AAs?$AAP?$AAa?$AAn?$AAe?$AAl?$AA?$AA@ 00000001800113b0     ConEmuLn.obj
 0002:000003c8       ??_C@_1BG@FMPDIDHG@?$AAL?$AAi?$AAn?$AAe?$AAs?$AAC?$AAo?$AAl?$AAo?$AAr?$AA?$AA@ 00000001800113c8     ConEmuLn.obj
 0002:000003e0       ??_C@_1BI@DNACCAMK@?$AAL?$AAi?$AAn?$AAe?$AAs?$AAE?$AAd?$AAi?$AAt?$AAo?$AAr?$AA?$AA@ 00000001800113e0     ConEmuLn.obj
 0002:000003f8       ??_C@_1CC@LODMIFLF@?$AAL?$AAi?$AAn?$AAe?$AAs?$AAE?$AAd?$AAi?$AAt?$AAo?$AAr?$AAC?$AAo?$AAl?$AAo?$AAr?$AA?$AA@ 00000001800113f8     ConEmuLn.obj
 0002:00000420       ??_C@_1BI@IMFGPMJI@?$AAL?$AAi?$AAn?$AAe?$AAs?$AAV?$AAi?$AAe?$AAw?$AAe?$AAr?$AA?$AA@ 0000000180011420     ConEmuLn.obj
 0002:00000438       ??_C@_1CC@KGIANIMF@?$AAL?$AAi?$AAn?$AAe?$AAs?$AAV?$AAi?$AAe?$AAw?$AAe?$AAr?$AAC?$AAo?$AAl?$AAo?$AAr?$AA?$AA@ 0000000180011438     ConEmuLn.obj
 0002:00000460       ??_C@_1BI@PPOFOFEE@?$AAH?$AAi?$AAl?$AAi?$AAg?$AAh?$AAt?$AAT?$AAy?$AAp?$AAe?$AA?$AA@ 0000000180011460     ConEmuLn.obj
 0002:00000478       ??_C@_1BO@FGCOGFB@?$AAH?$AAi?$AAl?$AAi?$AAg?$AAh?$AAt?$AAP?$AAl?$AAu?$AAg?$AAi?$AAn?$AAs?$AA?$AA@ 0000000180011478     ConEmuLn.obj
 0002:00000498       ??_C@_1CA@GLKFLGCI@?$AAH?$AAi?$AAl?$AAi?$AAg?$AAh?$AAt?$AAP?$AAl?$AAu?$AAg?$AAB?$AAa?$AAc?$AAk?$AA?$AA@ 0000000180011498     ConEmuLn.obj
 0002:000004b8       ??_C@_08BCACMCCB@ExitFARW?$AA@ 00000001800114b8     ConEmuLn.obj
 0002:000004c8       ??_C@_0L@DJCGGOCO@ConfigureW?$AA@ 00000001800114c8     ConEmuLn.obj
 0002:000004d4       ??_C@_11LOCGONAA@?$AA?$AA@ 00000001800114d4     ConEmuLn.obj
 0002:000004d8       ??_C@_13FPGAJAPJ@?$AA?2?$AA?$AA@ 00000001800114d8     ConEmuLn.obj
 0002:000004e0       ??_C@_1FG@DPPGENBC@?$AAL?$AAo?$AAa?$AAd?$AAA?$AAp?$AAp?$AAV?$AAe?$AAr?$AAs?$AAi?$AAo?$AAn?$AA?4?$AAV?$AAe?$AAr?$AAQ?$AAu?$AAe?$AAr?$AAy?$AAV?$AAa?$AAl?$AAu?$AAe?$AA?$CI?$AA?$CC?$AA?2?$AA?$CC@ 00000001800114e0     ConEmuLn.obj
 0002:00000540       ??_C@_1FK@HILEEFML@?$AAL?$AAo?$AAa?$AAd?$AAA?$AAp?$AAp?$AAV?$AAe?$AAr?$AAs?$AAi?$AAo?$AAn?$AA?4?$AAG?$AAe?$AAt?$AAF?$AAi?$AAl?$AAe?$AAV?$AAe?$AAr?$AAs?$AAi?$AAo?$AAn?$AAI?$AAn?$AAf@ 0000000180011540     ConEmuLn.obj
 0002:000005a0       ??_C@_1GC@BINFLBDC@?$AAL?$AAo?$AAa?$AAd?$AAA?$AAp?$AAp?$AAV?$AAe?$AAr?$AAs?$AAi?$AAo?$AAn?$AA?5?$AAf?$AAa?$AAi?$AAl?$AAe?$AAd?$AA?$CB?$AA?5?$AAC?$AAa?$AAn?$AA?8?$AAt?$AA?5?$AAa?$AAl?$AAl@ 00000001800115a0     ConEmuLn.obj
 0002:00000610       ??_C@_1GC@CPPHDKJK@?$AAL?$AAo?$AAa?$AAd?$AAA?$AAp?$AAp?$AAV?$AAe?$AAr?$AAs?$AAi?$AAo?$AAn?$AA?4?$AAG?$AAe?$AAt?$AAF?$AAi?$AAl?$AAe?$AAV?$AAe?$AAr?$AAs?$AAi?$AAo?$AAn?$AAI?$AAn?$AAf@ 0000000180011610     ConEmuLn.obj
 0002:00000680       ??_C@_1EG@IINOBDEG@?$AAI?$AAn?$AAv?$AAa?$AAl?$AAi?$AAd?$AA?5?$AAa?$AAs?$AAM?$AAo?$AAd?$AAu?$AAl?$AAe?$AAP?$AAa?$AAt?$AAh?$AA?5?$AAw?$AAa?$AAs?$AA?5?$AAs?$AAp?$AAe?$AAc?$AAi?$AAf?$AAi@ 0000000180011680     ConEmuLn.obj
 0002:000006c8       ??_C@_1CA@GGFPMHLH@?$AA?6?$AAE?$AAr?$AAr?$AAC?$AAo?$AAd?$AAe?$AA?$DN?$AA0?$AAx?$AA?$CF?$AA0?$AA8?$AAX?$AA?$AA@ 00000001800116c8     ConEmuLn.obj
 0002:000006f0       ??_C@_1FG@LNADFPCE@?$AAL?$AAo?$AAa?$AAd?$AAF?$AAa?$AAr?$AAV?$AAe?$AAr?$AAs?$AAi?$AAo?$AAn?$AA?4?$AAG?$AAe?$AAt?$AAM?$AAo?$AAd?$AAu?$AAl?$AAe?$AAF?$AAi?$AAl?$AAe?$AAN?$AAa?$AAm?$AAe@ 00000001800116f0     ConEmuLn.obj
 0002:00000748       ??_C@_1BE@MMJMCNIO@?$AAC?$AAo?$AAn?$AAE?$AAm?$AAu?$AAL?$AAn?$AA?2?$AA?$AA@ 0000000180011748     ConEmuLn995.obj
 0002:00000760       ??_C@_1BC@KLDFICIN@?$AA0?$AAx?$AAX?$AAX?$AAX?$AAX?$AAX?$AAX?$AA?$AA@ 0000000180011760     ConEmuLn995.obj
 0002:00000778       ??_C@_19OMFGMPJN@?$AA?$CF?$AA0?$AA6?$AAX?$AA?$AA@ 0000000180011778     ConEmuLn995.obj
 0002:00000790       __xmm@0000000000000000000000000000000e 0000000180011790     ConEmuLn995.obj
 0002:000007a0       __xmm@0000000000000000000000000000000f 00000001800117a0     ConEmuLn995.obj
 0002:000007b0       __xmm@00000000000000000000002400000007 00000001800117b0     ConEmuLn995.obj
 0002:000007c0       __xmm@00000000000000000000002400000008 00000001800117c0     ConEmuLn995.obj
 0002:000007d0       __xmm@00000000000000000000002400000009 00000001800117d0     ConEmuLn995.obj
 0002:000007e0       __xmm@00000000000000050000000500000009 00000001800117e0     ConEmuLn995.obj
 0002:000007f0       __xmm@00000000000000070000000500000008 00000001800117f0     ConEmuLn995.obj
 0002:00000800       __xmm@00000000000000080000000500000008 0000000180011800     ConEmuLn995.obj
 0002:00000810       __xmm@00000000000000090000000500000008 0000000180011810     ConEmuLn995.obj
 0002:00000820       __xmm@000000000000000b0000000500000008 0000000180011820     ConEmuLn995.obj
 0002:00000830       __xmm@000000000000000f0000000000000007 0000000180011830     ConEmuLn995.obj
 0002:00000840       __xmm@00000001000000000000000000000003 0000000180011840     ConEmuLn995.obj
 0002:00000850       __xmm@000000240000000c0000001d00000006 0000000180011850     ConEmuLn995.obj
 0002:00000860       __xmm@00000026000000010000000300000003 0000000180011860     ConEmuLn995.obj
 0002:00000870       __xmm@00000000000000030000000500000008 0000000180011870     ConEmuLn1900.obj
 0002:00000880       __xmm@000000000000000c0000000500000000 0000000180011880     ConEmuLn1900.obj
 0002:00000890       __xmm@000000000000000e0000000000000000 0000000180011890     ConEmuLn1900.obj
 0002:000008a0       __xmm@00000024000000070000001d00000006 00000001800118a0     ConEmuLn1900.obj
 0002:000008b0       __xmm@00000024000000080000001d00000006 00000001800118b0     ConEmuLn1900.obj
 0002:000008c0       __xmm@00000024000000090000001d00000006 00000001800118c0     ConEmuLn1900.obj
 0002:000008d0       ??_C@_1CE@PCHJHFGJ@?$AAC?$AAo?$AAn?$AAE?$AAm?$AAu?$AA?5?$AAU?$AAn?$AAd?$AAe?$AAr?$AAl?$AAi?$AAn?$AAe?$AAs?$AA?$AA@ 00000001800118d0     ConEmuLn2800.obj
 0002:00000900       ??_C@_1GC@KMIACAL@?$AAP?$AAa?$AAi?$AAn?$AAt?$AA?5?$AAu?$AAn?$AAd?$AAe?$AAr?$AAl?$AAi?$AAn?$AAe?$AAd?$AA?5?$AAb?$AAa?$AAc?$AAk?$AAg?$AAr?$AAo?$AAu?$AAn?$AAd?$AA?5?$AAi?$AAn?$AA?5?$AAt@ 0000000180011900     ConEmuLn2800.obj
 0002:00000968       ??_C@_1DE@DJEAMLPH@?$AAC?$AAo?$AAn?$AAE?$AAm?$AAu?$AA?4?$AAM?$AAa?$AAx?$AAi?$AAm?$AAu?$AAs?$AA5?$AA?$EA?$AAg?$AAm?$AAa?$AAi?$AAl?$AA?4?$AAc?$AAo?$AAm?$AA?$AA@ 0000000180011968     ConEmuLn2800.obj
 0002:000009a0       __xmm@00000000000000000000000000000003 00000001800119a0     ConEmuLn2800.obj
 0002:000009b0       __xmm@00000000000000000000000000000005 00000001800119b0     ConEmuLn2800.obj
 0002:000009c0       __xmm@00000000000000000000000000000007 00000001800119c0     ConEmuLn2800.obj
 0002:000009d0       __xmm@00000000000000000000000000000008 00000001800119d0     ConEmuLn2800.obj
 0002:000009e0       __xmm@00000000000000000000000000000009 00000001800119e0     ConEmuLn2800.obj
 0002:000009f0       __xmm@0000000000000000000000000000000b 00000001800119f0     ConEmuLn2800.obj
 0002:00000a00       __xmm@0000000000000000000000000000000c 0000000180011a00     ConEmuLn2800.obj
 0002:00000a10       __xmm@00000000000000240000000000000007 0000000180011a10     ConEmuLn2800.obj
 0002:00000a20       __xmm@00000000000000240000000000000008 0000000180011a20     ConEmuLn2800.obj
 0002:00000a30       __xmm@00000000000000240000000000000009 0000000180011a30     ConEmuLn2800.obj
 0002:00000a40       __xmm@0000000000000024000000000000000c 0000000180011a40     ConEmuLn2800.obj
 0002:00000a50       __xmm@00000000000000260000000000000001 0000000180011a50     ConEmuLn2800.obj
 0002:00000a60       ??_C@_08KOICIHPP@0xXXXXXX?$AA@ 0000000180011a60     ConEmuLnA.obj
 0002:00000a6c       ??_C@_04JCFDBOEJ@?$CF06X?$AA@ 0000000180011a6c     ConEmuLnA.obj
 0002:00000a78       _pDefaultRawDllMain        0000000180011a78     LIBCMT:dll_dllmain.obj
 0002:00000a78       _pRawDllMain               0000000180011a78     LIBCMT:dll_dllmain.obj
 0002:00000aa0       ??_C@_1BC@DNHGCMLG@?$AAa?$AAd?$AAv?$AAa?$AAp?$AAi?$AA3?$AA2?$AA?$AA@ 0000000180011aa0     libvcruntime:winapi_downlevel.obj
 0002:00000ab8       ??_C@_1DM@KHCHBNEB@?$AAa?$AAp?$AAi?$AA?9?$AAm?$AAs?$AA?9?$AAw?$AAi?$AAn?$AA?9?$AAc?$AAo?$AAr?$AAe?$AA?9?$AAf?$AAi?$AAb?$AAe?$AAr?$AAs?$AA?9?$AAl?$AA1?$AA?9?$AA1?$AA?9?$AA1?$AA?$AA@ 0000000180011ab8     libvcruntime:winapi_downlevel.obj
 0002:00000af8       ??_C@_1DK@LPPGFMPP@?$AAa?$AAp?$AAi?$AA?9?$AAm?$AAs?$AA?9?$AAw?$AAi?$AAn?$AA?9?$AAc?$AAo?$AAr?$AAe?$AA?9?$AAs?$AAy?$AAn?$AAc?$AAh?$AA?9?$AAl?$AA1?$AA?9?$AA2?$AA?9?$AA0?$AA?$AA@ 0000000180011af8     libvcruntime:winapi_downlevel.obj
 0002:00000b38       ??_C@_1BC@GDMECMAK@?$AAk?$AAe?$AAr?$AAn?$AAe?$AAl?$AA3?$AA2?$AA?$AA@ 0000000180011b38     libvcruntime:winapi_downlevel.obj
 0002:00000b58       ??_C@_08KNHFBNJ@FlsAlloc?$AA@ 0000000180011b58     libvcruntime:winapi_downlevel.obj
 0002:00000b70       ??_C@_07PEJMOBNF@FlsFree?$AA@ 0000000180011b70     libvcruntime:winapi_downlevel.obj
 0002:00000b80       ??_C@_0M@GDNOONDI@FlsGetValue?$AA@ 0000000180011b80     libvcruntime:winapi_downlevel.obj
 0002:00000b98       ??_C@_0M@JCPCPOEF@FlsSetValue?$AA@ 0000000180011b98     libvcruntime:winapi_downlevel.obj
 0002:00000bb0       ??_C@_0BM@HCFOFFN@InitializeCriticalSectionEx?$AA@ 0000000180011bb0     libvcruntime:winapi_downlevel.obj
 0002:00000ef0       ??_C@_08EHJDFFNH@__based?$CI?$AA@ 0000000180011ef0     libvcruntime:undname.obj
 0002:00000f00       ??_C@_07KOLFKCDI@__cdecl?$AA@ 0000000180011f00     libvcruntime:undname.obj
 0002:00000f08       ??_C@_08GHMPAG@__pascal?$AA@ 0000000180011f08     libvcruntime:undname.obj
 0002:00000f18       ??_C@_09IFJBGAPI@__stdcall?$AA@ 0000000180011f18     libvcruntime:undname.obj
 0002:00000f28       ??_C@_0L@NPHFGOKO@__thiscall?$AA@ 0000000180011f28     libvcruntime:undname.obj
 0002:00000f38       ??_C@_0L@JMKHOMEK@__fastcall?$AA@ 0000000180011f38     libvcruntime:undname.obj
 0002:00000f48       ??_C@_0N@BCKKPABJ@__vectorcall?$AA@ 0000000180011f48     libvcruntime:undname.obj
 0002:00000f58       ??_C@_09HIJEGCPM@__clrcall?$AA@ 0000000180011f58     libvcruntime:undname.obj
 0002:00000f64       ??_C@_06GHPCKEAG@__eabi?$AA@ 0000000180011f64     libvcruntime:undname.obj
 0002:00000f70       ??_C@_07JOMMBBKO@__ptr64?$AA@ 0000000180011f70     libvcruntime:undname.obj
 0002:00000f78       ??_C@_0L@PILCLIHE@__restrict?$AA@ 0000000180011f78     libvcruntime:undname.obj
 0002:00000f88       ??_C@_0M@GFIIJFMG@__unaligned?$AA@ 0000000180011f88     libvcruntime:undname.obj
 0002:00000f98       ??_C@_09DHDLOLLB@restrict?$CI?$AA@ 0000000180011f98     libvcruntime:undname.obj
 0002:00000fa2       ??_C@_00CNPNBAHC@?$AA@     0000000180011fa2     libvcruntime:undname.obj
 0002:00000fa4       ??_C@_04NIHEBCM@?5new?$AA@ 0000000180011fa4     libvcruntime:undname.obj
 0002:00000fb0       ??_C@_07FPCDHGMM@?5delete?$AA@ 0000000180011fb0     libvcruntime:undname.obj
 0002:00000fb8       ??_C@_01NEMOKFLO@?$DN?$AA@ 0000000180011fb8     libvcruntime:undname.obj
 0002:00000fbc       ??_C@_02GPIOPFAK@?$DO?$DO?$AA@ 0000000180011fbc     libvcruntime:undname.obj
 0002:00000fc0       ??_C@_02FODMEDOG@?$DM?$DM?$AA@ 0000000180011fc0     libvcruntime:undname.obj
 0002:00000fc4       ??_C@_01DCLJPIOD@?$CB?$AA@ 0000000180011fc4     libvcruntime:undname.obj
 0002:00000fc8       ??_C@_02EGOFBIJA@?$DN?$DN?$AA@ 0000000180011fc8     libvcruntime:undname.obj
 0002:00000fcc       ??_C@_02FDNJECIE@?$CB?$DN?$AA@ 0000000180011fcc     libvcruntime:undname.obj
 0002:00000fd0       ??_C@_02GPECMEKF@?$FL?$FN?$AA@ 0000000180011fd0     libvcruntime:undname.obj
 0002:00000fd8       ??_C@_08LHJFAFGD@operator?$AA@ 0000000180011fd8     libvcruntime:undname.obj
 0002:00000fe4       ??_C@_02HBOOOICD@?9?$DO?$AA@ 0000000180011fe4     libvcruntime:undname.obj
 0002:00000fe8       ??_C@_01NBENCBCI@?$CK?$AA@ 0000000180011fe8     libvcruntime:undname.obj
 0002:00000fec       ??_C@_02ECNGHCIF@?$CL?$CL?$AA@ 0000000180011fec     libvcruntime:undname.obj
 0002:00000ff0       ??_C@_02BAABKJLB@?9?9?$AA@ 0000000180011ff0     libvcruntime:undname.obj
 0002:00000ff4       ??_C@_01JOAMLHOP@?9?$AA@   0000000180011ff4     libvcruntime:undname.obj
 0002:00000ff8       ??_C@_01MIFGBAGJ@?$CL?$AA@ 0000000180011ff8     libvcruntime:undname.obj
 0002:00000ffc       ??_C@_01HNPIGOCE@?$CG?$AA@ 0000000180011ffc     libvcruntime:undname.obj
 0002:00001000       ??_C@_03MNHNFDLC@?9?$DO?$CK?$AA@ 0000000180012000     libvcruntime:undname.obj
 0002:00001004       ??_C@_01KMDKNFGN@?1?$AA@   0000000180012004     libvcruntime:undname.obj
 0002:00001008       ??_C@_01FGNFDNOH@?$CF?$AA@ 0000000180012008     libvcruntime:undname.obj
 0002:0000100c       ??_C@_01MNNFJEPP@?$DM?$AA@ 000000018001200c     libvcruntime:undname.obj
 0002:00001010       ??_C@_02EHCHHCKH@?$DM?$DN?$AA@ 0000000180012010     libvcruntime:undname.obj
 0002:00001014       ??_C@_01PPODPGHN@?$DO?$AA@ 0000000180012014     libvcruntime:undname.obj
 0002:00001018       ??_C@_02EEKDKGMJ@?$DO?$DN?$AA@ 0000000180012018     libvcruntime:undname.obj
 0002:0000101c       ??_C@_01IHBHIGKO@?0?$AA@   000000018001201c     libvcruntime:undname.obj
 0002:00001020       ??_C@_02HCKGKOFO@?$CI?$CJ?$AA@ 0000000180012020     libvcruntime:undname.obj
 0002:00001024       ??_C@_01PJKLJHI@?$HO?$AA@  0000000180012024     libvcruntime:undname.obj
 0002:00001028       ??_C@_01JKBOJNNK@?$FO?$AA@ 0000000180012028     libvcruntime:undname.obj
 0002:0000102c       ??_C@_01DNKMNLPK@?$HM?$AA@ 000000018001202c     libvcruntime:undname.obj
 0002:00001030       ??_C@_02PPKAJPJL@?$CG?$CG?$AA@ 0000000180012030     libvcruntime:undname.obj
 0002:00001034       ??_C@_02NONPIBCD@?$HM?$HM?$AA@ 0000000180012034     libvcruntime:undname.obj
 0002:00001038       ??_C@_02FPIMKNGF@?$CK?$DN?$AA@ 0000000180012038     libvcruntime:undname.obj
 0002:0000103c       ??_C@_02FOEOMHFC@?$CL?$DN?$AA@ 000000018001203c     libvcruntime:undname.obj
 0002:00001040       ??_C@_02FKMDLLOA@?9?$DN?$AA@ 0000000180012040     libvcruntime:undname.obj
 0002:00001044       ??_C@_02FJEHGPIO@?1?$DN?$AA@ 0000000180012044     libvcruntime:undname.obj
 0002:00001048       ??_C@_02FENAOKFI@?$CF?$DN?$AA@ 0000000180012048     libvcruntime:undname.obj
 0002:0000104c       ??_C@_03IKFCCPFF@?$DO?$DO?$DN?$AA@ 000000018001204c     libvcruntime:undname.obj
 0002:00001050       ??_C@_03CDNPDDLA@?$DM?$DM?$DN?$AA@ 0000000180012050     libvcruntime:undname.obj
 0002:00001054       ??_C@_02FGJGFEAB@?$CG?$DN?$AA@ 0000000180012054     libvcruntime:undname.obj
 0002:00001058       ??_C@_02DHLNPPGH@?$HM?$DN?$AA@ 0000000180012058     libvcruntime:undname.obj
 0002:0000105c       ??_C@_02MHEGNOJ@?$FO?$DN?$AA@ 000000018001205c     libvcruntime:undname.obj
 0002:00001060       ??_C@_09IFPLHPGF@?$GAvftable?8?$AA@ 0000000180012060     libvcruntime:undname.obj
 0002:00001070       ??_C@_09BLBHBJP@?$GAvbtable?8?$AA@ 0000000180012070     libvcruntime:undname.obj
 0002:00001080       ??_C@_07FEEIOKP@?$GAvcall?8?$AA@ 0000000180012080     libvcruntime:undname.obj
 0002:00001088       ??_C@_08LLFFHHDJ@?$GAtypeof?8?$AA@ 0000000180012088     libvcruntime:undname.obj
 0002:00001098       ??_C@_0BF@KDPPACIK@?$GAlocal?5static?5guard?8?$AA@ 0000000180012098     libvcruntime:undname.obj
 0002:000010b0       ??_C@_08OBABFOLI@?$GAstring?8?$AA@ 00000001800120b0     libvcruntime:undname.obj
 0002:000010c0       ??_C@_0BD@JDLKDPAB@?$GAvbase?5destructor?8?$AA@ 00000001800120c0     libvcruntime:undname.obj
 0002:000010d8       ??_C@_0BN@DEGPLNFK@?$GAvector?5deleting?5destructor?8?$AA@ 00000001800120d8     libvcruntime:undname.obj
 0002:000010f8       ??_C@_0BO@OBMKPJIG@?$GAdefault?5constructor?5closure?8?$AA@ 00000001800120f8     libvcruntime:undname.obj
 0002:00001118       ??_C@_0BN@IMDCHIKM@?$GAscalar?5deleting?5destructor?8?$AA@ 0000000180012118     libvcruntime:undname.obj
 0002:00001138       ??_C@_0BO@PFGOCPJJ@?$GAvector?5constructor?5iterator?8?$AA@ 0000000180012138     libvcruntime:undname.obj
 0002:00001158       ??_C@_0BN@LFPFMEDL@?$GAvector?5destructor?5iterator?8?$AA@ 0000000180012158     libvcruntime:undname.obj
 0002:00001178       ??_C@_0CE@IKBNEHA@?$GAvector?5vbase?5constructor?5iterat@ 0000000180012178     libvcruntime:undname.obj
 0002:000011a0       ??_C@_0BL@NILFHHPC@?$GAvirtual?5displacement?5map?8?$AA@ 00000001800121a0     libvcruntime:undname.obj
 0002:000011c0       ??_C@_0CB@JONCMFFK@?$GAeh?5vector?5constructor?5iterator?8@ 00000001800121c0     libvcruntime:undname.obj
 0002:000011e8       ??_C@_0CA@GCEOPDGL@?$GAeh?5vector?5destructor?5iterator?8?$AA@ 00000001800121e8     libvcruntime:undname.obj
 0002:00001208       ??_C@_0CH@OOJPLCPH@?$GAeh?5vector?5vbase?5constructor?5ite@ 0000000180012208     libvcruntime:undname.obj
 0002:00001230       ??_C@_0BL@LLKPOHJI@?$GAcopy?5constructor?5closure?8?$AA@ 0000000180012230     libvcruntime:undname.obj
 0002:00001250       ??_C@_0BA@KBCDOMBN@?$GAudt?5returning?8?$AA@ 0000000180012250     libvcruntime:undname.obj
 0002:00001260       ??_C@_03KLGMFNMG@?$GAEH?$AA@ 0000000180012260     libvcruntime:undname.obj
 0002:00001264       ??_C@_05KHLCHHI@?$GARTTI?$AA@ 0000000180012264     libvcruntime:undname.obj
 0002:00001270       ??_C@_0BA@KKLDJDLB@?$GAlocal?5vftable?8?$AA@ 0000000180012270     libvcruntime:undname.obj
 0002:00001280       ??_C@_0CE@IIHCMGGL@?$GAlocal?5vftable?5constructor?5closu@ 0000000180012280     libvcruntime:undname.obj
 0002:000012a4       ??_C@_06FHBGPFGH@?5new?$FL?$FN?$AA@ 00000001800122a4     libvcruntime:undname.obj
 0002:000012b0       ??_C@_09LBNFPBCA@?5delete?$FL?$FN?$AA@ 00000001800122b0     libvcruntime:undname.obj
 0002:000012c0       ??_C@_0P@HJKNJFNN@?$GAomni?5callsig?8?$AA@ 00000001800122c0     libvcruntime:undname.obj
 0002:000012d0       ??_C@_0BL@CNOONJFP@?$GAplacement?5delete?5closure?8?$AA@ 00000001800122d0     libvcruntime:undname.obj
 0002:000012f0       ??_C@_0BN@CKNJLHMB@?$GAplacement?5delete?$FL?$FN?5closure?8?$AA@ 00000001800122f0     libvcruntime:undname.obj
 0002:00001310       ??_C@_0CG@CFDHKGGD@?$GAmanaged?5vector?5constructor?5iter@ 0000000180012310     libvcruntime:undname.obj
 0002:00001338       ??_C@_0CF@IMGKMJNO@?$GAmanaged?5vector?5destructor?5itera@ 0000000180012338     libvcruntime:undname.obj
 0002:00001360       ??_C@_0CG@HLDDJMAG@?$GAeh?5vector?5copy?5constructor?5iter@ 0000000180012360     libvcruntime:undname.obj
 0002:00001388       ??_C@_0CM@FCBBDIGB@?$GAeh?5vector?5vbase?5copy?5constructo@ 0000000180012388     libvcruntime:undname.obj
 0002:000013b8       ??_C@_0BL@CLIPGLGB@?$GAdynamic?5initializer?5for?5?8?$AA@ 00000001800123b8     libvcruntime:undname.obj
 0002:000013d8       ??_C@_0CB@PDBIFEP@?$GAdynamic?5atexit?5destructor?5for?5?8@ 00000001800123d8     libvcruntime:undname.obj
 0002:00001400       ??_C@_0CD@CGAJBKEJ@?$GAvector?5copy?5constructor?5iterato@ 0000000180012400     libvcruntime:undname.obj
 0002:00001428       ??_C@_0CJ@GJELGAMM@?$GAvector?5vbase?5copy?5constructor?5i@ 0000000180012428     libvcruntime:undname.obj
 0002:00001458       ??_C@_0CL@FGIJHLCE@?$GAmanaged?5vector?5copy?5constructor@ 0000000180012458     libvcruntime:undname.obj
 0002:00001488       ??_C@_0BM@PMGGMLDN@?$GAlocal?5static?5thread?5guard?8?$AA@ 0000000180012488     libvcruntime:undname.obj
 0002:000014a8       ??_C@_0N@BDNMDMOL@operator?5?$CC?$CC?5?$AA@ 00000001800124a8     libvcruntime:undname.obj
 0002:000014b8       ??_C@_0BC@DAFEJGAK@?5Type?5Descriptor?8?$AA@ 00000001800124b8     libvcruntime:undname.obj
 0002:000014d0       ??_C@_0BM@LDKODKLH@?5Base?5Class?5Descriptor?5at?5?$CI?$AA@ 00000001800124d0     libvcruntime:undname.obj
 0002:000014f0       ??_C@_0BD@LGICGFMM@?5Base?5Class?5Array?8?$AA@ 00000001800124f0     libvcruntime:undname.obj
 0002:00001508       ??_C@_0BN@MECKDCOJ@?5Class?5Hierarchy?5Descriptor?8?$AA@ 0000000180012508     libvcruntime:undname.obj
 0002:00001528       ??_C@_0BK@CFCOFLF@?5Complete?5Object?5Locator?8?$AA@ 0000000180012528     libvcruntime:undname.obj
 0002:00001550       __acrt_exception_action_table 0000000180012550     libucrt:exception_filter.obj
 0002:00001610       __acrt_signal_action_table_count 0000000180012610     libucrt:exception_filter.obj
 0002:00001618       __acrt_signal_action_first_fpe_index 0000000180012618     libucrt:exception_filter.obj
 0002:00001620       __acrt_signal_action_fpe_count 0000000180012620     libucrt:exception_filter.obj
 0002:00001628       ??_C@_1BI@BGOHAHKC@?$AAm?$AAs?$AAc?$AAo?$AAr?$AAe?$AAe?$AA?4?$AAd?$AAl?$AAl?$AA?$AA@ 0000000180012628     libucrt:exit.obj
 0002:00001640       ??_C@_0P@MIGLKIOC@CorExitProcess?$AA@ 0000000180012640     libucrt:exit.obj
 0002:000018b0       __newctype                 00000001800128b0     libucrt:ctype.obj
 0002:00001bb0       __newclmap                 0000000180012bb0     libucrt:ctype.obj
 0002:00001d30       __newcumap                 0000000180012d30     libucrt:ctype.obj
 0002:00001eb0       _wctype                    0000000180012eb0     libucrt:ctype.obj
 0002:000020c0       __lc_time_c                00000001800130c0     libucrt:nlsdata.obj
 0002:00002380       ??_C@_03KOEHGMDN@Sun?$AA@  0000000180013380     libucrt:nlsdata.obj
 0002:00002384       ??_C@_03PDAGKDH@Mon?$AA@   0000000180013384     libucrt:nlsdata.obj
 0002:00002388       ??_C@_03NAGEINEP@Tue?$AA@  0000000180013388     libucrt:nlsdata.obj
 0002:0000238c       ??_C@_03MHOMLAJA@Wed?$AA@  000000018001338c     libucrt:nlsdata.obj
 0002:00002390       ??_C@_03IOFIKPDN@Thu?$AA@  0000000180013390     libucrt:nlsdata.obj
 0002:00002394       ??_C@_03IDIOELNC@Fri?$AA@  0000000180013394     libucrt:nlsdata.obj
 0002:00002398       ??_C@_03FEFJNEK@Sat?$AA@   0000000180013398     libucrt:nlsdata.obj
 0002:0000239c       ??_C@_06OOPIFAJ@Sunday?$AA@ 000000018001339c     libucrt:nlsdata.obj
 0002:000023a4       ??_C@_06JLEDEDGH@Monday?$AA@ 00000001800133a4     libucrt:nlsdata.obj
 0002:000023b0       ??_C@_07BAAGCFCM@Tuesday?$AA@ 00000001800133b0     libucrt:nlsdata.obj
 0002:000023b8       ??_C@_09DLIGFAKA@Wednesday?$AA@ 00000001800133b8     libucrt:nlsdata.obj
 0002:000023c8       ??_C@_08HACCIKIA@Thursday?$AA@ 00000001800133c8     libucrt:nlsdata.obj
 0002:000023d4       ??_C@_06JECMNKMI@Friday?$AA@ 00000001800133d4     libucrt:nlsdata.obj
 0002:000023e0       ??_C@_08INBOOONO@Saturday?$AA@ 00000001800133e0     libucrt:nlsdata.obj
 0002:000023ec       ??_C@_03JIHJHPIE@Jan?$AA@  00000001800133ec     libucrt:nlsdata.obj
 0002:000023f0       ??_C@_03HJBDCHOM@Feb?$AA@  00000001800133f0     libucrt:nlsdata.obj
 0002:000023f4       ??_C@_03ODNJBKGA@Mar?$AA@  00000001800133f4     libucrt:nlsdata.obj
 0002:000023f8       ??_C@_03LEOLGMJP@Apr?$AA@  00000001800133f8     libucrt:nlsdata.obj
 0002:000023fc       ??_C@_03CNMDKL@May?$AA@    00000001800133fc     libucrt:nlsdata.obj
 0002:00002400       ??_C@_03IDFGHECI@Jun?$AA@  0000000180013400     libucrt:nlsdata.obj
 0002:00002404       ??_C@_03LBGABGKK@Jul?$AA@  0000000180013404     libucrt:nlsdata.obj
 0002:00002408       ??_C@_03IFJFEIGA@Aug?$AA@  0000000180013408     libucrt:nlsdata.obj
 0002:0000240c       ??_C@_03GGCAPAJC@Sep?$AA@  000000018001340c     libucrt:nlsdata.obj
 0002:00002410       ??_C@_03BMAOKBAD@Oct?$AA@  0000000180013410     libucrt:nlsdata.obj
 0002:00002414       ??_C@_03JPJOFNIA@Nov?$AA@  0000000180013414     libucrt:nlsdata.obj
 0002:00002418       ??_C@_03MKABNOCG@Dec?$AA@  0000000180013418     libucrt:nlsdata.obj
 0002:00002420       ??_C@_07CGJPFGJA@January?$AA@ 0000000180013420     libucrt:nlsdata.obj
 0002:00002428       ??_C@_08GNJGEPFN@February?$AA@ 0000000180013428     libucrt:nlsdata.obj
 0002:00002434       ??_C@_05HPCKOFNC@March?$AA@ 0000000180013434     libucrt:nlsdata.obj
 0002:0000243c       ??_C@_05DMJDNLEJ@April?$AA@ 000000018001343c     libucrt:nlsdata.obj
 0002:00002444       ??_C@_04CNLMGBGM@June?$AA@ 0000000180013444     libucrt:nlsdata.obj
 0002:0000244c       ??_C@_04MIEPOIFP@July?$AA@ 000000018001344c     libucrt:nlsdata.obj
 0002:00002454       ??_C@_06LBBHFDDG@August?$AA@ 0000000180013454     libucrt:nlsdata.obj
 0002:00002460       ??_C@_09BHHEALKD@September?$AA@ 0000000180013460     libucrt:nlsdata.obj
 0002:00002470       ??_C@_07JJNFCEND@October?$AA@ 0000000180013470     libucrt:nlsdata.obj
 0002:00002478       ??_C@_08HCHEGEOA@November?$AA@ 0000000180013478     libucrt:nlsdata.obj
 0002:00002488       ??_C@_08EDHMEBNP@December?$AA@ 0000000180013488     libucrt:nlsdata.obj
 0002:00002494       ??_C@_02DEDBPAFC@AM?$AA@   0000000180013494     libucrt:nlsdata.obj
 0002:00002498       ??_C@_02CJNFDJBF@PM?$AA@   0000000180013498     libucrt:nlsdata.obj
 0002:000024a0       ??_C@_08BPBNCDIB@MM?1dd?1yy?$AA@ 00000001800134a0     libucrt:nlsdata.obj
 0002:000024b0       ??_C@_0BE@CKGJFCPC@dddd?0?5MMMM?5dd?0?5yyyy?$AA@ 00000001800134b0     libucrt:nlsdata.obj
 0002:000024c8       ??_C@_08JCCMCCIL@HH?3mm?3ss?$AA@ 00000001800134c8     libucrt:nlsdata.obj
 0002:000024d8       ??_C@_17MBGCMIPB@?$AAS?$AAu?$AAn?$AA?$AA@ 00000001800134d8     libucrt:nlsdata.obj
 0002:000024e0       ??_C@_17KBOMKBF@?$AAM?$AAo?$AAn?$AA?$AA@ 00000001800134e0     libucrt:nlsdata.obj
 0002:000024e8       ??_C@_17BMKGEGOJ@?$AAT?$AAu?$AAe?$AA?$AA@ 00000001800134e8     libucrt:nlsdata.obj
 0002:000024f0       ??_C@_17CJEDCEPE@?$AAW?$AAe?$AAd?$AA?$AA@ 00000001800134f0     libucrt:nlsdata.obj
 0002:000024f8       ??_C@_17PDPHAADD@?$AAT?$AAh?$AAu?$AA?$AA@ 00000001800134f8     libucrt:nlsdata.obj
 0002:00002500       ??_C@_17HFOLPPLP@?$AAF?$AAr?$AAi?$AA?$AA@ 0000000180013500     libucrt:nlsdata.obj
 0002:00002508       ??_C@_17GGIBDPIH@?$AAS?$AAa?$AAt?$AA?$AA@ 0000000180013508     libucrt:nlsdata.obj
 0002:00002510       ??_C@_1O@IHNHDHPB@?$AAS?$AAu?$AAn?$AAd?$AAa?$AAy?$AA?$AA@ 0000000180013510     libucrt:nlsdata.obj
 0002:00002520       ??_C@_1O@MMNBFLIA@?$AAM?$AAo?$AAn?$AAd?$AAa?$AAy?$AA?$AA@ 0000000180013520     libucrt:nlsdata.obj
 0002:00002530       ??_C@_1BA@ENFBFFEK@?$AAT?$AAu?$AAe?$AAs?$AAd?$AAa?$AAy?$AA?$AA@ 0000000180013530     libucrt:nlsdata.obj
 0002:00002540       ??_C@_1BE@EBOGMDOH@?$AAW?$AAe?$AAd?$AAn?$AAe?$AAs?$AAd?$AAa?$AAy?$AA?$AA@ 0000000180013540     libucrt:nlsdata.obj
 0002:00002558       ??_C@_1BC@HHMNLIHE@?$AAT?$AAh?$AAu?$AAr?$AAs?$AAd?$AAa?$AAy?$AA?$AA@ 0000000180013558     libucrt:nlsdata.obj
 0002:00002570       ??_C@_1O@PDICJHAG@?$AAF?$AAr?$AAi?$AAd?$AAa?$AAy?$AA?$AA@ 0000000180013570     libucrt:nlsdata.obj
 0002:00002580       ??_C@_1BC@ENMNNPAJ@?$AAS?$AAa?$AAt?$AAu?$AAr?$AAd?$AAa?$AAy?$AA?$AA@ 0000000180013580     libucrt:nlsdata.obj
 0002:00002598       ??_C@_17DKNBKCHM@?$AAJ?$AAa?$AAn?$AA?$AA@ 0000000180013598     libucrt:nlsdata.obj
 0002:000025a0       ??_C@_17LMDJEKJN@?$AAF?$AAe?$AAb?$AA?$AA@ 00000001800135a0     libucrt:nlsdata.obj
 0002:000025a8       ??_C@_17CKNLEDEC@?$AAM?$AAa?$AAr?$AA?$AA@ 00000001800135a8     libucrt:nlsdata.obj
 0002:000025b0       ??_C@_17LFPOIHDD@?$AAA?$AAp?$AAr?$AA?$AA@ 00000001800135b0     libucrt:nlsdata.obj
 0002:000025b8       ??_C@_17PNNKMEED@?$AAM?$AAa?$AAy?$AA?$AA@ 00000001800135b8     libucrt:nlsdata.obj
 0002:000025c0       ??_C@_17KCJGOCPB@?$AAJ?$AAu?$AAn?$AA?$AA@ 00000001800135c0     libucrt:nlsdata.obj
 0002:000025c8       ??_C@_17IJPCKHK@?$AAJ?$AAu?$AAl?$AA?$AA@ 00000001800135c8     libucrt:nlsdata.obj
 0002:000025d0       ??_C@_17ICPELBCN@?$AAA?$AAu?$AAg?$AA?$AA@ 00000001800135d0     libucrt:nlsdata.obj
 0002:000025d8       ??_C@_17HCHCOKMG@?$AAS?$AAe?$AAp?$AA?$AA@ 00000001800135d8     libucrt:nlsdata.obj
 0002:000025e0       ??_C@_17FNLKOI@?$AAO?$AAc?$AAt?$AA?$AA@ 00000001800135e0     libucrt:nlsdata.obj
 0002:000025e8       ??_C@_17BBDMLCIG@?$AAN?$AAo?$AAv?$AA?$AA@ 00000001800135e8     libucrt:nlsdata.obj
 0002:000025f0       ??_C@_17EGKACKIF@?$AAD?$AAe?$AAc?$AA?$AA@ 00000001800135f0     libucrt:nlsdata.obj
 0002:000025f8       ??_C@_1BA@EFMEIEBA@?$AAJ?$AAa?$AAn?$AAu?$AAa?$AAr?$AAy?$AA?$AA@ 00000001800135f8     libucrt:nlsdata.obj
 0002:00002608       ??_C@_1BC@JGDDFFAM@?$AAF?$AAe?$AAb?$AAr?$AAu?$AAa?$AAr?$AAy?$AA?$AA@ 0000000180013608     libucrt:nlsdata.obj
 0002:00002620       ??_C@_1M@IKEENEDF@?$AAM?$AAa?$AAr?$AAc?$AAh?$AA?$AA@ 0000000180013620     libucrt:nlsdata.obj
 0002:00002630       ??_C@_1M@GJNLMHFD@?$AAA?$AAp?$AAr?$AAi?$AAl?$AA?$AA@ 0000000180013630     libucrt:nlsdata.obj
 0002:00002640       ??_C@_19EPFLPGAP@?$AAJ?$AAu?$AAn?$AAe?$AA?$AA@ 0000000180013640     libucrt:nlsdata.obj
 0002:00002650       ??_C@_19BIFMLPCD@?$AAJ?$AAu?$AAl?$AAy?$AA?$AA@ 0000000180013650     libucrt:nlsdata.obj
 0002:00002660       ??_C@_1O@PAHLKOAC@?$AAA?$AAu?$AAg?$AAu?$AAs?$AAt?$AA?$AA@ 0000000180013660     libucrt:nlsdata.obj
 0002:00002670       ??_C@_1BE@DKAAMBJL@?$AAS?$AAe?$AAp?$AAt?$AAe?$AAm?$AAb?$AAe?$AAr?$AA?$AA@ 0000000180013670     libucrt:nlsdata.obj
 0002:00002688       ??_C@_1BA@EPANDLNG@?$AAO?$AAc?$AAt?$AAo?$AAb?$AAe?$AAr?$AA?$AA@ 0000000180013688     libucrt:nlsdata.obj
 0002:00002698       ??_C@_1BC@BGLIFPF@?$AAN?$AAo?$AAv?$AAe?$AAm?$AAb?$AAe?$AAr?$AA?$AA@ 0000000180013698     libucrt:nlsdata.obj
 0002:000026b0       ??_C@_1BC@FEMKIFH@?$AAD?$AAe?$AAc?$AAe?$AAm?$AAb?$AAe?$AAr?$AA?$AA@ 00000001800136b0     libucrt:nlsdata.obj
 0002:000026c4       ??_C@_15ODEHAHHF@?$AAA?$AAM?$AA?$AA@ 00000001800136c4     libucrt:nlsdata.obj
 0002:000026cc       ??_C@_15CLMNNGEL@?$AAP?$AAM?$AA?$AA@ 00000001800136cc     libucrt:nlsdata.obj
 0002:000026d8       ??_C@_1BC@IEBCMHCM@?$AAM?$AAM?$AA?1?$AAd?$AAd?$AA?1?$AAy?$AAy?$AA?$AA@ 00000001800136d8     libucrt:nlsdata.obj
 0002:000026f0       ??_C@_1CI@KNAKOEBC@?$AAd?$AAd?$AAd?$AAd?$AA?0?$AA?5?$AAM?$AAM?$AAM?$AAM?$AA?5?$AAd?$AAd?$AA?0?$AA?5?$AAy?$AAy?$AAy?$AAy?$AA?$AA@ 00000001800136f0     libucrt:nlsdata.obj
 0002:00002718       ??_C@_1BC@GDGBMEMK@?$AAH?$AAH?$AA?3?$AAm?$AAm?$AA?3?$AAs?$AAs?$AA?$AA@ 0000000180013718     libucrt:nlsdata.obj
 0002:00002730       ??_C@_1M@BMHNFIME@?$AAe?$AAn?$AA?9?$AAU?$AAS?$AA?$AA@ 0000000180013730     libucrt:nlsdata.obj
 0002:000027e0       ??_C@_1EG@CNNIPFIM@?$AAa?$AAp?$AAi?$AA?9?$AAm?$AAs?$AA?9?$AAw?$AAi?$AAn?$AA?9?$AAa?$AAp?$AAp?$AAm?$AAo?$AAd?$AAe?$AAl?$AA?9?$AAr?$AAu?$AAn?$AAt?$AAi?$AAm?$AAe?$AA?9?$AAl?$AA1?$AA?9?$AA1@ 00000001800137e0     libucrt:winapi_thunks.obj
 0002:00002830       ??_C@_1EA@JGEFHKEI@?$AAa?$AAp?$AAi?$AA?9?$AAm?$AAs?$AA?9?$AAw?$AAi?$AAn?$AA?9?$AAc?$AAo?$AAr?$AAe?$AA?9?$AAd?$AAa?$AAt?$AAe?$AAt?$AAi?$AAm?$AAe?$AA?9?$AAl?$AA1?$AA?9?$AA1?$AA?9?$AA1?$AA?$AA@ 0000000180013830     libucrt:winapi_thunks.obj
 0002:00002870       ??_C@_1EI@MPIAOHOC@?$AAa?$AAp?$AAi?$AA?9?$AAm?$AAs?$AA?9?$AAw?$AAi?$AAn?$AA?9?$AAc?$AAo?$AAr?$AAe?$AA?9?$AAl?$AAo?$AAc?$AAa?$AAl?$AAi?$AAz?$AAa?$AAt?$AAi?$AAo?$AAn?$AA?9?$AAl?$AA1?$AA?9@ 0000000180013870     libucrt:winapi_thunks.obj
 0002:000028c0       ??_C@_1FK@FPHCKFIE@?$AAa?$AAp?$AAi?$AA?9?$AAm?$AAs?$AA?9?$AAw?$AAi?$AAn?$AA?9?$AAc?$AAo?$AAr?$AAe?$AA?9?$AAl?$AAo?$AAc?$AAa?$AAl?$AAi?$AAz?$AAa?$AAt?$AAi?$AAo?$AAn?$AA?9?$AAo?$AAb?$AAs@ 00000001800138c0     libucrt:winapi_thunks.obj
 0002:00002920       ??_C@_1EM@DILCGIIO@?$AAa?$AAp?$AAi?$AA?9?$AAm?$AAs?$AA?9?$AAw?$AAi?$AAn?$AA?9?$AAc?$AAo?$AAr?$AAe?$AA?9?$AAp?$AAr?$AAo?$AAc?$AAe?$AAs?$AAs?$AAt?$AAh?$AAr?$AAe?$AAa?$AAd?$AAs?$AA?9?$AAl@ 0000000180013920     libucrt:winapi_thunks.obj
 0002:00002970       ??_C@_1DM@LNCGDDPN@?$AAa?$AAp?$AAi?$AA?9?$AAm?$AAs?$AA?9?$AAw?$AAi?$AAn?$AA?9?$AAc?$AAo?$AAr?$AAe?$AA?9?$AAs?$AAt?$AAr?$AAi?$AAn?$AAg?$AA?9?$AAl?$AA1?$AA?9?$AA1?$AA?9?$AA0?$AA?$AA@ 0000000180013970     libucrt:winapi_thunks.obj
 0002:000029b0       ??_C@_1DO@FPAPJEMD@?$AAa?$AAp?$AAi?$AA?9?$AAm?$AAs?$AA?9?$AAw?$AAi?$AAn?$AA?9?$AAc?$AAo?$AAr?$AAe?$AA?9?$AAs?$AAy?$AAs?$AAi?$AAn?$AAf?$AAo?$AA?9?$AAl?$AA1?$AA?9?$AA2?$AA?9?$AA1?$AA?$AA@ 00000001800139b0     libucrt:winapi_thunks.obj
 0002:000029f0       ??_C@_1DK@NDHNAHIO@?$AAa?$AAp?$AAi?$AA?9?$AAm?$AAs?$AA?9?$AAw?$AAi?$AAn?$AA?9?$AAc?$AAo?$AAr?$AAe?$AA?9?$AAw?$AAi?$AAn?$AAr?$AAt?$AA?9?$AAl?$AA1?$AA?9?$AA1?$AA?9?$AA0?$AA?$AA@ 00000001800139f0     libucrt:winapi_thunks.obj
 0002:00002a30       ??_C@_1DM@KGHDGBCM@?$AAa?$AAp?$AAi?$AA?9?$AAm?$AAs?$AA?9?$AAw?$AAi?$AAn?$AA?9?$AAc?$AAo?$AAr?$AAe?$AA?9?$AAx?$AAs?$AAt?$AAa?$AAt?$AAe?$AA?9?$AAl?$AA2?$AA?9?$AA1?$AA?9?$AA0?$AA?$AA@ 0000000180013a30     libucrt:winapi_thunks.obj
 0002:00002a70       ??_C@_1EO@IJIOEFOH@?$AAa?$AAp?$AAi?$AA?9?$AAm?$AAs?$AA?9?$AAw?$AAi?$AAn?$AA?9?$AAr?$AAt?$AAc?$AAo?$AAr?$AAe?$AA?9?$AAn?$AAt?$AAu?$AAs?$AAe?$AAr?$AA?9?$AAw?$AAi?$AAn?$AAd?$AAo?$AAw?$AA?9@ 0000000180013a70     libucrt:winapi_thunks.obj
 0002:00002ac0       ??_C@_1FG@HHGEKANL@?$AAa?$AAp?$AAi?$AA?9?$AAm?$AAs?$AA?9?$AAw?$AAi?$AAn?$AA?9?$AAs?$AAe?$AAc?$AAu?$AAr?$AAi?$AAt?$AAy?$AA?9?$AAs?$AAy?$AAs?$AAt?$AAe?$AAm?$AAf?$AAu?$AAn?$AAc?$AAt?$AAi@ 0000000180013ac0     libucrt:winapi_thunks.obj
[...]
 0004:000008dc       $pdata$??R<lambda_2c5d36f8a66580c563e29092409944b2>@@QEBAXXZ 00000001800268dc     libucrt:mbctype.obj
 0004:000008e8       $pdata$?getSystemCP@@YAHH@Z 00000001800268e8     libucrt:mbctype.obj
 0004:000008f4       $pdata$?setSBCS@@YAXPEAU__crt_multibyte_data@@@Z 00000001800268f4     libucrt:mbctype.obj
 0004:00000900       $pdata$?setSBUpLow@@YAXPEAU__crt_multibyte_data@@@Z 0000000180026900     libucrt:mbctype.obj
 0004:0000090c       $pdata$?setmbcp_internal@@YAHH_NQEAU__acrt_ptd@@QEAPEAU__crt_multibyte_data@@@Z 000000018002690c     libucrt:mbctype.obj
 0004:00000918       $pdata$?update_thread_multibyte_data_internal@@YAPEAU__crt_multibyte_data@@QEAU__acrt_ptd@@QEAU1@@Z 0000000180026918     libucrt:mbctype.obj
 0004:00000924       $pdata$__acrt_initialize_multibyte 0000000180026924     libucrt:mbctype.obj
 0004:00000930       $pdata$__acrt_update_thread_multibyte_data 0000000180026930     libucrt:mbctype.obj
 0004:0000093c       $pdata$_setmbcp_nolock     000000018002693c     libucrt:mbctype.obj
 0004:00000948       $pdata$?x_ismbbtype_l@@YAHPEAU__crt_locale_pointers@@IHH@Z 0000000180026948     libucrt:ismbbyte.obj
 0004:00000954       $pdata$__acrt_initialize_command_line 0000000180026954     libucrt:argv_data.obj
 0004:00000960       $pdata$__dcrt_get_narrow_environment_from_os 0000000180026960     libucrt:get_environment_from_os.obj
 0004:0000096c       $pdata$_recalloc_base      000000018002696c     libucrt:recalloc.obj
 0004:00000978       $pdata$__acrt_initialize_heap 0000000180026978     libucrt:heap_handle.obj
 0004:00000984       $pdata$?initialize_inherited_file_handles_nolock@@YAXXZ 0000000180026984     libucrt:ioinit.obj
 0004:00000990       $pdata$?initialize_stdio_handles_nolock@@YAXXZ 0000000180026990     libucrt:ioinit.obj
 0004:0000099c       $pdata$__acrt_initialize_lowio 000000018002699c     libucrt:ioinit.obj
 0004:000009a8       $pdata$__acrt_uninitialize_lowio 00000001800269a8     libucrt:ioinit.obj
 0004:000009b4       $pdata$__acrt_execute_initializers 00000001800269b4     libucrt:shared_initialization.obj
 0004:000009c0       $pdata$__acrt_execute_uninitializers 00000001800269c0     libucrt:shared_initialization.obj
 0004:000009cc       $pdata$_callnewh           00000001800269cc     libucrt:new_handler.obj
 0004:000009d8       $pdata$_query_new_handler  00000001800269d8     libucrt:new_handler.obj
 0004:000009e4       $pdata$??$?RV<lambda_c36588078e9f5dfd39652860aa6b3aaf>@@AEAV<lambda_ec61778202f4f5fc7e7711acc23c3bca>@@V<lambda_dc9d2797ccde5d239b4a0efae8ebd7db>@@@?$__crt_seh_guarded_call@P6AXH@Z@@QEAAP6AXH@Z$$QEAV<lambda_c36588078e9f5dfd39652860aa6b3aaf>@@AEAV<lambda_ec61778202f4f5fc7e7711acc23c3bca>@@$$QEAV<lambda_dc9d2797ccde5d239b4a0efae8ebd7db>@@@Z 00000001800269e4     libucrt:signal.obj
 0004:000009f0       $pdata$__acrt_get_sigabrt_handler 00000001800269f0     libucrt:signal.obj
 0004:000009fc       $pdata$raise               00000001800269fc     libucrt:signal.obj
 0004:00000a08       $pdata$__acrt_invoke_user_matherr 0000000180026a08     libucrt:matherr.obj
 0004:00000a14       $pdata$_mbtowc_l           0000000180026a14     libucrt:mbtowc.obj
 0004:00000a20       $pdata$_fileno             0000000180026a20     libucrt:fileno.obj
 0004:00000a2c       $pdata$__acrt_initialize_stdio 0000000180026a2c     libucrt:_file.obj
 0004:00000a38       $pdata$__acrt_uninitialize_stdio 0000000180026a38     libucrt:_file.obj
 0004:00000a44       $pdata$_isleadbyte_l       0000000180026a44     libucrt:_wctype.obj
 0004:00000a50       $pdata$__acrt_GetStringTypeA 0000000180026a50     libucrt:getstringtypea.obj
 0004:00000a5c       $pdata$__acrt_free_locale  0000000180026a5c     libucrt:locale_refcounting.obj
 0004:00000a68       $pdata$__acrt_locale_free_lc_time_if_unreferenced 0000000180026a68     libucrt:locale_refcounting.obj
 0004:00000a74       $pdata$__acrt_release_locale_ref 0000000180026a74     libucrt:locale_refcounting.obj
 0004:00000a80       $pdata$__acrt_update_thread_locale_data 0000000180026a80     libucrt:locale_refcounting.obj
 0004:00000a8c       $pdata$_updatetlocinfoEx_nolock 0000000180026a8c     libucrt:locale_refcounting.obj
 0004:00000a98       $pdata$__acrt_locale_free_monetary 0000000180026a98     libucrt:initmon.obj
 0004:00000aa4       $pdata$__acrt_locale_free_numeric 0000000180026aa4     libucrt:initnum.obj
 0004:00000ab0       $pdata$?free_crt_array_internal@@YAXQEAPEBX_K@Z 0000000180026ab0     libucrt:inittime.obj
 0004:00000abc       $pdata$__acrt_locale_free_time 0000000180026abc     libucrt:inittime.obj
 0004:00000ac8       $pdata$?GetTableIndexFromLocaleName@@YAHPEB_W@Z 0000000180026ac8     libucrt:lcidtoname_downlevel.obj
 0004:00000ad4       $pdata$__acrt_DownlevelLocaleNameToLCID 0000000180026ad4     libucrt:lcidtoname_downlevel.obj
 0004:00000ae0       $pdata$?shortsort@@YAXPEAD0_KP6AHPEBX2@Z@Z 0000000180026ae0     libucrt:qsort.obj
 0004:00000aec       $pdata$2$?shortsort@@YAXPEAD0_KP6AHPEBX2@Z@Z 0000000180026aec     libucrt:qsort.obj
 0004:00000af8       $pdata$3$?shortsort@@YAXPEAD0_KP6AHPEBX2@Z@Z 0000000180026af8     libucrt:qsort.obj
 0004:00000b04       $pdata$qsort               0000000180026b04     libucrt:qsort.obj
 0004:00000b10       $pdata$4$qsort             0000000180026b10     libucrt:qsort.obj
 0004:00000b1c       $pdata$5$qsort             0000000180026b1c     libucrt:qsort.obj
 0004:00000b28       $pdata$strncpy_s           0000000180026b28     libucrt:strncpy_s.obj
 0004:00000b34       $pdata$strpbrk             0000000180026b34     libucrt:strpbrk.obj
 0004:00000b40       $pdata$_mbsdec_l           0000000180026b40     libucrt:mbsdec.obj
 0004:00000b4c       $pdata$?initialize_multibyte@@YAHXZ 0000000180026b4c     libucrt:multibyte_initializer.obj
 0004:00000b58       $pdata$?__acrt_LCMapStringA_stat@@YAHPEAU__crt_locale_pointers@@PEB_WKPEBDHPEADHHH@Z 0000000180026b58     libucrt:lcmapstringa.obj
 0004:00000b64       $pdata$__acrt_LCMapStringA 0000000180026b64     libucrt:lcmapstringa.obj
 0004:00000b70       $pdata$_msize              0000000180026b70     libucrt:msize.obj
 0004:00000b7c       $pdata$_realloc_base       0000000180026b7c     libucrt:realloc_base.obj
 0004:00000b88       $pdata$__acrt_lowio_create_handle_array 0000000180026b88     libucrt:osfinfo.obj
 0004:00000b94       $pdata$__acrt_lowio_destroy_handle_array 0000000180026b94     libucrt:osfinfo.obj
 0004:00000ba0       $pdata$__acrt_lowio_ensure_fh_exists 0000000180026ba0     libucrt:osfinfo.obj
 0004:00000bac       $pdata$_free_osfhnd        0000000180026bac     libucrt:osfinfo.obj
 0004:00000bb8       $pdata$_get_osfhandle      0000000180026bb8     libucrt:osfinfo.obj
 0004:00000bc4       $pdata$_isatty             0000000180026bc4     libucrt:isatty.obj
 0004:00000bd0       $pdata$__acrt_stdio_flush_nolock 0000000180026bd0     libucrt:fflush.obj
 0004:00000bdc       $pdata$_fflush_nolock      0000000180026bdc     libucrt:fflush.obj
 0004:00000be8       $pdata$common_flush_all    0000000180026be8     libucrt:fflush.obj
 0004:00000bf4       $pdata$_fcloseall          0000000180026bf4     libucrt:closeall.obj
 0004:00000c00       $pdata$__acrt_stdio_free_buffer_nolock 0000000180026c00     libucrt:_freebuf.obj
 0004:00000c0c       $pdata$??$?RV<lambda_b521505b218e5242e90febf6bfebc422>@@AEAV<lambda_6978c1fb23f02e42e1d9e99668cc68aa>@@V<lambda_314360699dd331753a4119843814e9a7>@@@?$__crt_seh_guarded_call@H@@QEAAH$$QEAV<lambda_b521505b218e5242e90febf6bfebc422>@@AEAV<lambda_6978c1fb23f02e42e1d9e99668cc68aa>@@$$QEAV<lambda_314360699dd331753a4119843814e9a7>@@@Z 0000000180026c0c     libucrt:commit.obj
 0004:00000c18       $pdata$_commit             0000000180026c18     libucrt:commit.obj
 0004:00000c24       $pdata$?write_double_translated_ansi_nolock@@YA?AUwrite_result@?A0x17268360@@HQEBDI@Z 0000000180026c24     libucrt:write.obj
 0004:00000c30       $pdata$?write_text_ansi_nolock@@YA?AUwrite_result@?A0x17268360@@HQEBDI@Z 0000000180026c30     libucrt:write.obj
 0004:00000c3c       $pdata$?write_text_utf16le_nolock@@YA?AUwrite_result@?A0x17268360@@HQEBDI@Z 0000000180026c3c     libucrt:write.obj
 0004:00000c48       $pdata$?write_text_utf8_nolock@@YA?AUwrite_result@?A0x17268360@@HQEBDI@Z 0000000180026c48     libucrt:write.obj
 0004:00000c54       $pdata$_write              0000000180026c54     libucrt:write.obj
 0004:00000c60       $pdata$_write_nolock       0000000180026c60     libucrt:write.obj
 0004:00000c78       $pdata$??$common_lseek_nolock@_J@@YA_JH_JH@Z 0000000180026c78     libucrt:lseek.obj
 0004:00000c84       $pdata$_fclose_nolock      0000000180026c84     libucrt:fclose.obj
 0004:00000c90       $pdata$fclose              0000000180026c90     libucrt:fclose.obj
 0004:00000c9c       $pdata$_putwch_nolock      0000000180026c9c     libucrt:putwch.obj
 0004:00000ca8       $pdata$_call_matherr       0000000180026ca8     libucrt:libm_error.obj
 0004:00000cb4       $pdata$_exception_enabled  0000000180026cb4     libucrt:libm_error.obj
 0004:00000cc0       $pdata$_handle_error       0000000180026cc0     libucrt:libm_error.obj
 0004:00000ccc       $pdata$__acrt_initialize_fma3 0000000180026ccc     libucrt:fma3_available.obj
 0004:00000cd8       $pdata$_log10_special      0000000180026cd8     libucrt:log_special.obj
 0004:00000ce4       $pdata$_log_special_common 0000000180026ce4     libucrt:log_special.obj
 0004:00000cf0       $pdata$??$?RV<lambda_bfedae4ebbf01fab1bb6dcc6a9e276e0>@@AEAV<lambda_2fe9b910cf3cbf4a0ab98a02ba45b3ec>@@V<lambda_237c231691f317818eb88cc1d5d642d6>@@@?$__crt_seh_guarded_call@H@@QEAAH$$QEAV<lambda_bfedae4ebbf01fab1bb6dcc6a9e276e0>@@AEAV<lambda_2fe9b910cf3cbf4a0ab98a02ba45b3ec>@@$$QEAV<lambda_237c231691f317818eb88cc1d5d642d6>@@@Z 0000000180026cf0     libucrt:close.obj
 0004:00000cfc       $pdata$_close              0000000180026cfc     libucrt:close.obj
 0004:00000d08       $pdata$_close_nolock       0000000180026d08     libucrt:close.obj
 0004:00000d14       $pdata$__dcrt_lowio_initialize_console_output 0000000180026d14     libucrt:initcon.obj
 0004:00000d20       $pdata$__dcrt_terminate_console_output 0000000180026d20     libucrt:initcon.obj
 0004:00000d38       $pdata$_raise_exc          0000000180026d38     libucrt:fpexcept.obj
 0004:00000d44       $pdata$_raise_exc_ex       0000000180026d44     libucrt:fpexcept.obj
 0004:00000d50       $pdata$_set_errno_from_matherr 0000000180026d50     libucrt:fpexcept.obj
 0004:00000d5c       $pdata$_clrfp              0000000180026d5c     libucrt:fpctrl.obj
 0004:00000d68       $pdata$_ctrlfp             0000000180026d68     libucrt:fpctrl.obj
 0004:00000d74       $pdata$_set_statfp         0000000180026d74     libucrt:fpctrl.obj
 0004:00000d80       $pdata$_statfp             0000000180026d80     libucrt:fpctrl.obj
 0004:00000d8c       $pdata$_IsNonwritableInCurrentImage 0000000180026d8c     LIBCMT:pesect.obj
 0004:00000d98       $pdata$__GSHandlerCheck    0000000180026d98     LIBCMT:_gshandler_.obj
 0004:00000da4       $pdata$__GSHandlerCheckCommon 0000000180026da4     LIBCMT:_gshandler_.obj
 0004:00000dbc       $pdata$__raise_securityfailure 0000000180026dbc     LIBCMT:gs_report.obj
 0004:00000dc8       $pdata$__report_gsfailure  0000000180026dc8     LIBCMT:gs_report.obj
 0004:00000dd4       $pdata$__report_rangecheckfailure 0000000180026dd4     LIBCMT:gs_report.obj
 0004:00000de0       $pdata$__report_securityfailure 0000000180026de0     LIBCMT:gs_report.obj
 0004:00000dec       $pdata$capture_current_context 0000000180026dec     LIBCMT:gs_report.obj
 0004:00000df8       $pdata$capture_previous_context 0000000180026df8     LIBCMT:gs_report.obj
 0004:00000e1c       $pdata$?fin$0@?0??dllmain_crt_process_attach@@YAHQEAUHINSTANCE__@@QEAX@Z@4HA 0000000180026e1c     LIBCMT:dll_dllmain.obj
 0004:00000e28       $pdata$?fin$0@?0??dllmain_crt_process_detach@@YAH_N@Z@4HA 0000000180026e28     LIBCMT:dll_dllmain.obj
 0004:00000e34       $pdata$?filt$0@?0??dllmain_dispatch@@YAHQEAUHINSTANCE__@@KQEAX@Z@4HA 0000000180026e34     LIBCMT:dll_dllmain.obj
 0004:00000e40       $pdata$__scrt_is_nonwritable_in_current_image$filt$0 0000000180026e40     LIBCMT:utility.obj
 0004:00000e4c       $pdata$?filt$0@?0??common_exit@@YAXHW4_crt_exit_cleanup_mode@@W4_crt_exit_return_mode@@@Z@4HA 0000000180026e4c     libucrt:exit.obj
 0004:00000e58       $pdata$?fin$1@?0??common_exit@@YAXHW4_crt_exit_cleanup_mode@@W4_crt_exit_return_mode@@@Z@4HA 0000000180026e58     libucrt:exit.obj
 0004:00000e64       $pdata$?fin$0@?0???$?RV<lambda_e24bbb7b643b32fcea6fa61b31d4c984>@@AEAV<lambda_275893d493268fdec8709772e3fcec0e>@@V<lambda_9d71df4d7cf3f480f8d633942495c3b0>@@@?$__crt_seh_guarded_call@H@@QEAAH$$QEAV<lambda_e24bbb7b643b32fcea6fa61b31d4c984>@@AEAV<lambda_275893d493268fdec8709772e3fcec0e>@@$$QEAV<lambda_9d71df4d7cf3f480f8d633942495c3b0>@@@Z@4HA 0000000180026e64     libucrt:onexit.obj
 0004:00000e70       $pdata$?fin$0@?0???$?RV<lambda_fb3a7dec4e47f37f22dae91bb15c9095>@@AEAV<lambda_698284760c8add0bfb0756c19673e34b>@@V<lambda_dfb8eca1e75fef3034a8fb18dd509707>@@@?$__crt_seh_guarded_call@X@@QEAAX$$QEAV<lambda_fb3a7dec4e47f37f22dae91bb15c9095>@@AEAV<lambda_698284760c8add0bfb0756c19673e34b>@@$$QEAV<lambda_dfb8eca1e75fef3034a8fb18dd509707>@@@Z@4HA 0000000180026e70     libucrt:per_thread_data.obj
 0004:00000e70       $pdata$?fin$0@?0???$?RV<lambda_b8c45f8f788dd370798f47cfe8ac3a86>@@AEAV<lambda_4e60a939b0d047cfe11ddc22648dfba9>@@V<lambda_332c3edc96d0294ec56c57d38c1cdfd5>@@@?$__crt_seh_guarded_call@H@@QEAAH$$QEAV<lambda_b8c45f8f788dd370798f47cfe8ac3a86>@@AEAV<lambda_4e60a939b0d047cfe11ddc22648dfba9>@@$$QEAV<lambda_332c3edc96d0294ec56c57d38c1cdfd5>@@@Z@4HA 0000000180026e70     libucrt:onexit.obj
 0004:00000e70       $pdata$?fin$0@?0???$?RV<lambda_72d1df2b273a38828b1ce30cbf4cdab5>@@AEAV<lambda_876a65b173b8412d3a47c70a915b0cf4>@@V<lambda_41932305e351933ebe8f8be3ed8bb5dc>@@@?$__crt_seh_guarded_call@X@@QEAAX$$QEAV<lambda_72d1df2b273a38828b1ce30cbf4cdab5>@@AEAV<lambda_876a65b173b8412d3a47c70a915b0cf4>@@$$QEAV<lambda_41932305e351933ebe8f8be3ed8bb5dc>@@@Z@4HA 0000000180026e70     libucrt:per_thread_data.obj
 0004:00000e70       $pdata$?fin$0@?0???$?RV<lambda_c36588078e9f5dfd39652860aa6b3aaf>@@AEAV<lambda_ec61778202f4f5fc7e7711acc23c3bca>@@V<lambda_dc9d2797ccde5d239b4a0efae8ebd7db>@@@?$__crt_seh_guarded_call@P6AXH@Z@@QEAAP6AXH@Z$$QEAV<lambda_c36588078e9f5dfd39652860aa6b3aaf>@@AEAV<lambda_ec61778202f4f5fc7e7711acc23c3bca>@@$$QEAV<lambda_dc9d2797ccde5d239b4a0efae8ebd7db>@@@Z@4HA 0000000180026e70     libucrt:signal.obj
 0004:00000e70       $pdata$?fin$0@?0???$?RV<lambda_5e887d1dcbef67a5eb4283622ba103bf>@@AEAV<lambda_4466841279450cc726390878d4a41900>@@V<lambda_341c25c0346d94847f1f3c463c57e077>@@@?$__crt_seh_guarded_call@X@@QEAAX$$QEAV<lambda_5e887d1dcbef67a5eb4283622ba103bf>@@AEAV<lambda_4466841279450cc726390878d4a41900>@@$$QEAV<lambda_341c25c0346d94847f1f3c463c57e077>@@@Z@4HA 0000000180026e70     libucrt:per_thread_data.obj
 0004:00000e70       $pdata$?fin$0@?0???$?RV<lambda_46352004c1216016012b18bd6f87e700>@@AEAV<lambda_3bd07e1a1191394380780325891bf33f>@@V<lambda_334532d3f185bcaa59b5be82d7d22bff>@@@?$__crt_seh_guarded_call@X@@QEAAX$$QEAV<lambda_46352004c1216016012b18bd6f87e700>@@AEAV<lambda_3bd07e1a1191394380780325891bf33f>@@$$QEAV<lambda_334532d3f185bcaa59b5be82d7d22bff>@@@Z@4HA 0000000180026e70     libucrt:per_thread_data.obj
 0004:00000e70       $pdata$?fin$0@?0???$?RV<lambda_efb9b808e93e29b6b799d3875462c817>@@AEAV<lambda_2c5d36f8a66580c563e29092409944b2>@@V<lambda_31e551fca1567ef2425714047646aa90>@@@?$__crt_seh_guarded_call@X@@QEAAX$$QEAV<lambda_efb9b808e93e29b6b799d3875462c817>@@AEAV<lambda_2c5d36f8a66580c563e29092409944b2>@@$$QEAV<lambda_31e551fca1567ef2425714047646aa90>@@@Z@4HA 0000000180026e70     libucrt:mbctype.obj
 0004:00000e7c       $pdata$?fin$0@?0???$?RV<lambda_9431c60049192bb82166e0947f95a2e9>@@AEAV<lambda_85fa512c59a4d94d4a89f575eefd92a6>@@V<lambda_487febba6ca58d9ce348204d67e1dba3>@@@?$__crt_seh_guarded_call@X@@QEAAX$$QEAV<lambda_9431c60049192bb82166e0947f95a2e9>@@AEAV<lambda_85fa512c59a4d94d4a89f575eefd92a6>@@$$QEAV<lambda_487febba6ca58d9ce348204d67e1dba3>@@@Z@4HA 0000000180026e7c     libucrt:wsetlocale.obj
 0004:00000e88       $pdata$?fin$0@?0??update_thread_multibyte_data_internal@@YAPEAU__crt_multibyte_data@@QEAU__acrt_ptd@@QEAU1@@Z@4HA 0000000180026e88     libucrt:mbctype.obj
 0004:00000e94       $pdata$__acrt_initialize_lowio$fin$0 0000000180026e94     libucrt:ioinit.obj
 0004:00000e94       $pdata$__acrt_lowio_ensure_fh_exists$fin$0 0000000180026e94     libucrt:osfinfo.obj
 0004:00000ea0       $pdata$_query_new_handler$fin$0 0000000180026ea0     libucrt:new_handler.obj
 0004:00000eac       $pdata$raise$fin$0         0000000180026eac     libucrt:signal.obj
 0004:00000eb8       $pdata$__acrt_update_thread_locale_data$fin$0 0000000180026eb8     libucrt:locale_refcounting.obj
 0004:00000ec4       $pdata$common_flush_all$fin$0 0000000180026ec4     libucrt:fflush.obj
 0004:00000ed0       $pdata$common_flush_all$fin$1 0000000180026ed0     libucrt:fflush.obj
 0004:00000edc       $pdata$_fcloseall$fin$0    0000000180026edc     libucrt:closeall.obj
 0004:00000ee8       $pdata$_write$fin$0        0000000180026ee8     libucrt:write.obj
 0004:00000ef4       $pdata$fclose$fin$0        0000000180026ef4     libucrt:fclose.obj
 0004:00000f00       $pdata$?fin$0@?0???$?RV<lambda_bfedae4ebbf01fab1bb6dcc6a9e276e0>@@AEAV<lambda_2fe9b910cf3cbf4a0ab98a02ba45b3ec>@@V<lambda_237c231691f317818eb88cc1d5d642d6>@@@?$__crt_seh_guarded_call@H@@QEAAH$$QEAV<lambda_bfedae4ebbf01fab1bb6dcc6a9e276e0>@@AEAV<lambda_2fe9b910cf3cbf4a0ab98a02ba45b3ec>@@$$QEAV<lambda_237c231691f317818eb88cc1d5d642d6>@@@Z@4HA 0000000180026f00     libucrt:close.obj
 0004:00000f00       $pdata$?fin$0@?0???$?RV<lambda_b521505b218e5242e90febf6bfebc422>@@AEAV<lambda_6978c1fb23f02e42e1d9e99668cc68aa>@@V<lambda_314360699dd331753a4119843814e9a7>@@@?$__crt_seh_guarded_call@H@@QEAAH$$QEAV<lambda_b521505b218e5242e90febf6bfebc422>@@AEAV<lambda_6978c1fb23f02e42e1d9e99668cc68aa>@@$$QEAV<lambda_314360699dd331753a4119843814e9a7>@@@Z@4HA 0000000180026f00     libucrt:commit.obj
 0004:00000f0c       $pdata$_ctrlfp$filt$0      0000000180026f0c     libucrt:fpctrl.obj
 0004:00000f18       $pdata$_IsNonwritableInCurrentImage$filt$0 0000000180026f18     LIBCMT:pesect.obj
 0005:00000000       __guard_fids__             0000000180027000     libucrt:initialization.obj
 0005:00000060       __guard_fids___acrt_initialize_ptd 0000000180027060     libucrt:per_thread_data.obj
 0005:00000064       __guard_fids_??$expand_argument_wildcards@D@@YAHQEAD0AEAV?$argument_list@D@?A0x5f5c8891@@@Z 0000000180027064     libucrt:argv_wildcards.obj
 0005:00000068       __guard_fids__             0000000180027068     libucrt:locale_initializer.obj
 0005:0000006c       __guard_fids__             000000018002706c     libucrt:multibyte_initializer.obj
 0005:00000070       __guard_fids__             0000000180027070     libucrt:stdio_initializer.obj
 0005:00000074       __guard_fids__             0000000180027074     libucrt:stdio_initializer.obj
 0005:00000078       __guard_fids__             0000000180027078     libucrt:fma3_initializer.obj
 0005:0000007c       __guard_fids__             000000018002707c     libucrt:console_output_initializer.obj
 0005:00000080       __guard_fids_?dllmain_crt_process_attach@@YAHQEAUHINSTANCE__@@QEAX@Z 0000000180027080     LIBCMT:dll_dllmain.obj
 0005:00000088       __guard_fids_?dllmain_dispatch@@YAHQEAUHINSTANCE__@@KQEAX@Z 0000000180027088     LIBCMT:dll_dllmain.obj
 0005:0000008c       __guard_fids__             000000018002708c     LIBCMT:guard_support.obj
 0005:00000090       __guard_fids___vcrt_initialize_ptd 0000000180027090     libvcruntime:per_thread_data.obj
 0006:00000060       $R000000                   0000000180028060     ConEmuLn.res
