 ConEmuTh.x64

 Timestamp is 51674f4c (Fri Apr 12 04:03:24 2013)

 Preferred load address is 0000000180000000

 Start         Length     Name                   Class
 0001:00000000 000168b0H .text                   CODE
 0001:000168b0 0000005eH .text$00                CODE
 0001:00016910 0000013cH .text$x                 CODE
 0002:00000000 000005d8H .idata$5                DATA
 0002:000005d8 00000008H .CRT$XCA                DATA
 0002:000005e0 00000008H .CRT$XCZ                DATA
 0002:000005e8 00000008H .CRT$XIA                DATA
 0002:000005f0 00000010H .CRT$XIC                DATA
 0002:00000600 00000008H .CRT$XIZ                DATA
 0002:00000608 00000008H .CRT$XPA                DATA
 0002:00000610 00000008H .CRT$XPZ                DATA
 0002:00000618 00000008H .CRT$XTA                DATA
 0002:00000620 00000008H .CRT$XTZ                DATA
 0002:00000630 00002248H .rdata                  DATA
 0002:00002878 00000008H .rtc$IAA                DATA
 0002:00002880 00000008H .rtc$IZZ                DATA
 0002:00002888 00000008H .rtc$TAA                DATA
 0002:00002890 00000008H .rtc$TZZ                DATA
 0002:00002898 00000cd4H .xdata                  DATA
 0002:0000356c 0000008cH .idata$2                DATA
 0002:000035f8 00000014H .idata$3                DATA
 0002:00003610 000005d8H .idata$4                DATA
 0002:00003be8 00000c9eH .idata$6                DATA
 0002:00004890 0000016cH .edata                  DATA
 0003:00000000 0000109cH .data                   DATA
 0003:000010a0 000028c0H .bss                    DATA
 0004:00000000 00000f84H .pdata                  DATA
 0005:00000000 000000e8H .rsrc$01                DATA
 0005:000000f0 00001358H .rsrc$02                DATA

  Address         Publics by Value              Rva+Base               Lib:Object

 0000:00000000       ___safe_se_handler_count   0000000000000000     <absolute>
 0000:00000000       ___safe_se_handler_table   0000000000000000     <absolute>
 0000:00000000       __ImageBase                0000000180000000     <linker-defined>
 0001:000001e8       GetMinFarVersionW          00000001800011e8 f   ConEmuTh.obj
 0001:000001f0       ?GetPluginInfoWcmn@@YAXPEAX@Z 00000001800011f0 f   ConEmuTh.obj
 0001:00000220       ?GetMainThreadId@@YAKXZ    0000000180001220 f   ConEmuTh.obj
 0001:0000041c       ?LoadFarVersion@@YAHXZ     000000018000141c f   ConEmuTh.obj
 0001:0000046c       ?OpenW@@YAPEAXPEBUOpenInfo@@@Z 000000018000146c f   ConEmuTh.obj
 0001:0000049c       ?ShowMessage@@YAHHH@Z      000000018000149c f   ConEmuTh.obj
 0001:000004e8       ?GetMsgW@@YAPEB_WH@Z       00000001800014e8 f   ConEmuTh.obj
 0001:00000534       ?PostMacro@@YAXPEA_W@Z     0000000180001534 f   ConEmuTh.obj
 0001:000006c4       ?ShowPluginMenu@@YAHXZ     00000001800016c4 f   ConEmuTh.obj
 0001:00000710       ?CheckPanelSettings@@YAHH@Z 0000000180001710 f   ConEmuTh.obj
 0001:0000075c       ?LoadPanelItemInfo@@YAXPEAUCeFullPanelInfo@@_J@Z 000000018000175c f   ConEmuTh.obj
 0001:000007a8       ?GetActivePanel@@YAPEAUCeFullPanelInfo@@XZ 00000001800017a8 f   ConEmuTh.obj
 0001:000007ec       ?ResetUngetBuffer@@YAXXZ   00000001800017ec f   ConEmuTh.obj
 0001:000007fc       ?OnPreReadConsole@@YAHPEAXPEAU_INPUT_RECORD@@KPEAKPEAH@Z 00000001800017fc f   ConEmuTh.obj
 0001:00000818       ?ShowLastError@@YAHXZ      0000000180001818 f   ConEmuTh.obj
 0001:00000894       ?CheckWindows@@YA_NXZ      0000000180001894 f   ConEmuTh.obj
 0001:00000934       ?CheckVarsInitialized@@YAXXZ 0000000180001934 f   ConEmuTh.obj
 0001:00000a6c       ?ExecuteInMainThread@@YAXPEAUConEmuThSynchroArg@@@Z 0000000180001a6c f   ConEmuTh.obj
 0001:00000af0       ?GetFarRect@@YAHPEAU_SMALL_RECT@@@Z 0000000180001af0 f   ConEmuTh.obj
 0001:00000b6c       ?SettingsLoad@@YAHPEB_WPEAK@Z 0000000180001b6c f   ConEmuTh.obj
 0001:00000bb8       ?SettingsLoadReg@@YAHPEB_W0PEAK@Z 0000000180001bb8 f   ConEmuTh.obj
 0001:00000c58       ?SettingsSave@@YAXPEB_WPEAK@Z 0000000180001c58 f   ConEmuTh.obj
 0001:00000ca4       ?SettingsSaveReg@@YAXPEB_W0PEAK@Z 0000000180001ca4 f   ConEmuTh.obj
 0001:00000d2c       ?SavePanelViewState@@YAXHK@Z 0000000180001d2c f   ConEmuTh.obj
 0001:00000d6c       ?isPreloadByDefault@@YA_NXZ 0000000180001d6c f   ConEmuTh.obj
 0001:00000d94       ?FreeUserData@CePluginPanelItem@@QEAAXXZ 0000000180001d94 f   ConEmuTh.obj
 0001:00000de8       ?FreeItem@CePluginPanelItem@@QEAAXXZ 0000000180001de8 f   ConEmuTh.obj
 0001:00000e08       ?StringCchCopyW@@YAJPEA_W_KPEB_W@Z 0000000180001e08 f i ConEmuTh.obj
 0001:00000e74       DllMain                    0000000180001e74 f   ConEmuTh.obj
 0001:00000f0c       ?ReloadResourcesW@@YAXXZ   0000000180001f0c f   ConEmuTh.obj
 0001:00000fa8       ?ReloadPanelsInfo@@YAXXZ   0000000180001fa8 f   ConEmuTh.obj
 0001:0000116c       ?OnPreWriteConsoleOutput@@YAHPEAXPEBU_CHAR_INFO@@U_COORD@@2PEAU_SMALL_RECT@@@Z 000000018000216c f   ConEmuTh.obj
 0001:000012e8       ?IsThumbnailsActive@@YAPEAUCeFullPanelInfo@@H@Z 00000001800022e8 f   ConEmuTh.obj
 0001:00001518       ?SettingsLoadOther@@YAXPEB_W@Z 0000000180002518 f   ConEmuTh.obj
 0001:00001678       ??$wcscpy_c@$0CAI@@@YAHAEAY0CAI@_WPEB_W@Z 0000000180002678 f i ConEmuTh.obj
 0001:000016c4       ?ProcessConsoleInput@@YAHHPEAU_INPUT_RECORD@@KPEAK@Z 00000001800026c4 f   ConEmuTh.obj
 0001:000019ec       ?UpdateEnvVar@@YAXH@Z      00000001800029ec f   ConEmuTh.obj
 0001:00001a1c       ?InitName@?$MFileMapping@UPanelViewSetMapping@@@@QEAAPEB_WPEB_WKK@Z 0000000180002a1c f i ConEmuTh.obj
 0001:00001a1c       ?InitName@?$MFileMapping@Utag_DetectedDialog@@@@QEAAPEB_WPEB_WKK@Z 0000000180002a1c f i ConEmuTh.obj
 0001:00001ab4       ?InternalOpenCreate@?$MFileMapping@Utag_DetectedDialog@@@@IEAAPEAUtag_DetectedDialog@@HHH@Z 0000000180002ab4 f i ConEmuTh.obj
 0001:00001c68       ?InternalOpenCreate@?$MFileMapping@UPanelViewSetMapping@@@@IEAAPEAUPanelViewSetMapping@@HHH@Z 0000000180002c68 f i ConEmuTh.obj
 0001:00001e1c       ?OnPostPeekConsole@@YAHPEAXPEAU_INPUT_RECORD@@KPEAKPEAH@Z 0000000180002e1c f   ConEmuTh.obj
 0001:00001e5c       ?OnPostReadConsole@@YAHPEAXPEAU_INPUT_RECORD@@KPEAKPEAH@Z 0000000180002e5c f   ConEmuTh.obj
 0001:00001ea0       ?ExitPlugin@@YAXXZ         0000000180002ea0 f   ConEmuTh.obj
 0001:00002000       ExitFARW                   0000000180003000 f   ConEmuTh.obj
 0001:00002000       ?ExitFARW3@@YAXPEAX@Z      0000000180003000 f   ConEmuTh.obj
 0001:0000203c       ?OnReadyForPanelsReload@@YAXXZ 000000018000303c f   ConEmuTh.obj
 0001:000021ac       ProcessSynchroEventW       00000001800031ac f   ConEmuTh.obj
 0001:00002318       ?LoadThSet@@YAHK@Z         0000000180003318 f   ConEmuTh.obj
 0001:00002478       ?CheckConEmu@@YAHH@Z       0000000180003478 f   ConEmuTh.obj
 0001:00002580       ?StartPlugin@@YAXH@Z       0000000180003580 f   ConEmuTh.obj
 0001:000026e4       ?OnPrePeekConsole@@YAHPEAXPEAU_INPUT_RECORD@@KPEAKPEAH@Z 00000001800036e4 f   ConEmuTh.obj
 0001:000027a8       ?EntryPoint@@YAXH_J_N@Z    00000001800037a8 f   ConEmuTh.obj
 0001:0000294c       SetStartupInfoW            000000018000394c f   ConEmuTh.obj
 0001:000029ac       ?OpenPluginWcmn@@YAPEAXH_J_N@Z 00000001800039ac f   ConEmuTh.obj
 0001:00002a18       ?GetPluginInfoW995@@YAXPEAX@Z 0000000180003a18 f   ConEmuTh995.obj
 0001:00002a90       ?SetStartupInfoW995@@YAXPEAX@Z 0000000180003a90 f   ConEmuTh995.obj
 0001:00002c30       OpenPluginW                0000000180003c30 f   ConEmuTh995.obj
 0001:00002c58       ?ExitFARW995@@YAXXZ        0000000180003c58 f   ConEmuTh995.obj
 0001:00002cac       ?ShowMessageW995@@YAHPEB_WH@Z 0000000180003cac f   ConEmuTh995.obj
 0001:00002ce8       ?ShowMessageW995@@YAHHH@Z  0000000180003ce8 f   ConEmuTh995.obj
 0001:00002d28       ?GetMsgW995@@YAPEB_WH@Z    0000000180003d28 f   ConEmuTh995.obj
 0001:00002d58       ?PostMacroW995@@YAXPEA_W@Z 0000000180003d58 f   ConEmuTh995.obj
 0001:00002dc0       ?ShowPluginMenuW995@@YAHXZ 0000000180003dc0 f   ConEmuTh995.obj
 0001:00002f44       ?LoadPanelItemInfoW995@@YAXPEAUCeFullPanelInfo@@_J@Z 0000000180003f44 f   ConEmuTh995.obj
 0001:00003134       ?LoadPanelInfo995@@YAHH@Z  0000000180004134 f   ConEmuTh995.obj
 0001:00003454       ?ReloadPanelsInfoW995@@YAXXZ 0000000180004454 f   ConEmuTh995.obj
 0001:00003478       ?SetCurrentPanelItemW995@@YAXH_J0@Z 0000000180004478 f   ConEmuTh995.obj
 0001:00003584       ?CheckPanelSettingsW995@@YAHH@Z 0000000180004584 f   ConEmuTh995.obj
 0001:00003600       ?ExecuteInMainThreadW995@@YAXPEAUConEmuThSynchroArg@@@Z 0000000180004600 f   ConEmuTh995.obj
 0001:00003628       ?GetFarRectW995@@YAXPEAU_SMALL_RECT@@@Z 0000000180004628 f   ConEmuTh995.obj
 0001:00003674       ?CheckFarPanelsW995@@YA_NXZ 0000000180004674 f   ConEmuTh995.obj
 0001:000036d4       ?SettingsLoadW995@@YAHPEB_WPEAK@Z 00000001800046d4 f   ConEmuTh995.obj
 0001:000036e8       ?SettingsSaveW995@@YAXPEB_WPEAK@Z 00000001800046e8 f   ConEmuTh995.obj
 0001:000036fc       ?SettingsLoadOtherW995@@YAXXZ 00000001800046fc f   ConEmuTh995.obj
 0001:00003708       ?GetStdIndex@Far3Color@@SAHK@Z 0000000180004708 f i ConEmuTh1900.obj
 0001:000037a0       ?Color2FgIndex@Far3Color@@SAXKAEAG@Z 00000001800047a0 f i ConEmuTh1900.obj
 0001:00003884       ?Color2BgIndex@Far3Color@@SAXKHAEAG@Z 0000000180004884 f i ConEmuTh1900.obj
 0001:00003988       ?FarColor_3_2@@YAEAEBUFarColor@@@Z 0000000180004988 f i ConEmuTh1900.obj
 0001:00003a2c       ?GetPluginInfoW1900@@YAXPEAX@Z 0000000180004a2c f   ConEmuTh1900.obj
 0001:00003a9c       ?SetStartupInfoW1900@@YAXPEAX@Z 0000000180004a9c f   ConEmuTh1900.obj
 0001:00003bd8       ?ExitFARW1900@@YAXXZ       0000000180004bd8 f   ConEmuTh1900.obj
 0001:00003c14       ?ShowMessageW1900@@YAHPEB_WH@Z 0000000180004c14 f   ConEmuTh1900.obj
 0001:00003ca4       ?ShowMessageW1900@@YAHHH@Z 0000000180004ca4 f   ConEmuTh1900.obj
 0001:00003ce8       ?GetMsgW1900@@YAPEB_WH@Z   0000000180004ce8 f   ConEmuTh1900.obj
 0001:00003d1c       ?PostMacroW1900@@YAXPEA_W@Z 0000000180004d1c f   ConEmuTh1900.obj
 0001:00003da8       ?ShowPluginMenuW1900@@YAHXZ 0000000180004da8 f   ConEmuTh1900.obj
 0001:00003fdc       ?LoadPanelItemInfoW1900@@YAXPEAUCeFullPanelInfo@@_J@Z 0000000180004fdc f   ConEmuTh1900.obj
 0001:000043a0       ?LoadPanelInfoW1900@@YAHH@Z 00000001800053a0 f   ConEmuTh1900.obj
 0001:00004804       ?ReloadPanelsInfoW1900@@YAXXZ 0000000180005804 f   ConEmuTh1900.obj
 0001:00004828       ?SetCurrentPanelItemW1900@@YAXH_J0@Z 0000000180005828 f   ConEmuTh1900.obj
 0001:0000495c       ?CheckPanelSettingsW1900@@YAHH@Z 000000018000595c f   ConEmuTh1900.obj
 0001:00004a2c       ?ExecuteInMainThreadW1900@@YAXPEAUConEmuThSynchroArg@@@Z 0000000180005a2c f   ConEmuTh1900.obj
 0001:00004a58       ?GetFarRectW1900@@YAXPEAU_SMALL_RECT@@@Z 0000000180005a58 f   ConEmuTh1900.obj
 0001:00004aa8       ?CheckFarPanelsW1900@@YA_NXZ 0000000180005aa8 f   ConEmuTh1900.obj
 0001:00004b04       ?SettingsLoadW1900@@YAHPEB_WPEAK@Z 0000000180005b04 f   ConEmuTh1900.obj
 0001:00004bd0       ?SettingsSaveW1900@@YAXPEB_WPEAK@Z 0000000180005bd0 f   ConEmuTh1900.obj
 0001:00004cb0       GetGlobalInfoW             0000000180005cb0 f   ConEmuTh2800.obj
 0001:00004d68       ?GetPluginInfoW2800@@YAXPEAX@Z 0000000180005d68 f   ConEmuTh2800.obj
 0001:00004dd8       ?SetStartupInfoW2800@@YAXPEAX@Z 0000000180005dd8 f   ConEmuTh2800.obj
 0001:00004f14       ?OpenW2800@@YAPEAXPEBX@Z   0000000180005f14 f   ConEmuTh2800.obj
 0001:00004f14       ?OpenW1900@@YAPEAXPEBX@Z   0000000180005f14 f   ConEmuTh1900.obj
 0001:00004f80       ?ProcessSynchroEventW3@@YA_JPEAX@Z 0000000180005f80 f   ConEmuTh2800.obj
 0001:00004f98       ?ExitFARW2800@@YAXXZ       0000000180005f98 f   ConEmuTh2800.obj
 0001:00004fd4       ?ShowMessageW2800@@YAHPEB_WH@Z 0000000180005fd4 f   ConEmuTh2800.obj
 0001:00005064       ?ShowMessageW2800@@YAHHH@Z 0000000180006064 f   ConEmuTh2800.obj
 0001:000050a8       ?GetMsgW2800@@YAPEB_WH@Z   00000001800060a8 f   ConEmuTh2800.obj
 0001:000050dc       ?PostMacroW2800@@YAXPEA_W@Z 00000001800060dc f   ConEmuTh2800.obj
 0001:00005168       ?ShowPluginMenuW2800@@YAHXZ 0000000180006168 f   ConEmuTh2800.obj
 0001:0000539c       ?FreePanelItemUserData2800@@YAXPEAX_KP6A_JXZ@Z 000000018000639c f   ConEmuTh2800.obj
 0001:000053d0       ?LoadPanelItemInfoW2800@@YAXPEAUCeFullPanelInfo@@_J@Z 00000001800063d0 f   ConEmuTh2800.obj
 0001:000057f4       ?LoadPanelInfoW2800@@YAHH@Z 00000001800067f4 f   ConEmuTh2800.obj
 0001:00005c5c       ?ReloadPanelsInfoW2800@@YAXXZ 0000000180006c5c f   ConEmuTh2800.obj
 0001:00005c80       ?SetCurrentPanelItemW2800@@YAXH_J0@Z 0000000180006c80 f   ConEmuTh2800.obj
 0001:00005dbc       ?CheckPanelSettingsW2800@@YAHH@Z 0000000180006dbc f   ConEmuTh2800.obj
 0001:00005e8c       ?ExecuteInMainThreadW2800@@YAXPEAUConEmuThSynchroArg@@@Z 0000000180006e8c f   ConEmuTh2800.obj
 0001:00005eb8       ?GetFarRectW2800@@YAXPEAU_SMALL_RECT@@@Z 0000000180006eb8 f   ConEmuTh2800.obj
 0001:00005f08       ?CheckFarPanelsW2800@@YA_NXZ 0000000180006f08 f   ConEmuTh2800.obj
 0001:00005f64       ?SettingsLoadW2800@@YAHPEB_WPEAK@Z 0000000180006f64 f   ConEmuTh2800.obj
 0001:00006034       ?SettingsSaveW2800@@YAXPEB_WPEAK@Z 0000000180007034 f   ConEmuTh2800.obj
 0001:0000611c       GetMinFarVersion           000000018000711c f   ConEmuThA.obj
 0001:00006154       GetPluginInfo              0000000180007154 f   ConEmuThA.obj
 0001:000061d4       ExitFAR                    00000001800071d4 f   ConEmuThA.obj
 0001:00006230       ?ShowMessageA@@YAHPEBDH@Z  0000000180007230 f   ConEmuThA.obj
 0001:00006278       ?ShowMessageA@@YAHHH@Z     0000000180007278 f   ConEmuThA.obj
 0001:000062c4       ?PostMacroA@@YAXPEAD@Z     00000001800072c4 f   ConEmuThA.obj
 0001:0000632c       ?ShowPluginMenuA@@YAHXZ    000000018000732c f   ConEmuThA.obj
 0001:000064d4       ?GetMsgA@@YAPEB_WHPEA_W@Z  00000001800074d4 f   ConEmuThA.obj
 0001:000065d0       ?LoadPanelInfoA@@YAHH@Z    00000001800075d0 f   ConEmuThA.obj
 0001:000069e4       ?ReloadPanelsInfoA@@YAXXZ  00000001800079e4 f   ConEmuThA.obj
 0001:00006a08       ?SetCurrentPanelItemA@@YAXH_J0@Z 0000000180007a08 f   ConEmuThA.obj
 0001:00006b28       ?CheckPanelSettingsA@@YAHH@Z 0000000180007b28 f   ConEmuThA.obj
 0001:00006bb0       ?CheckFarPanelsA@@YA_NXZ   0000000180007bb0 f   ConEmuThA.obj
 0001:00006c18       ?SettingsLoadA@@YAHPEB_WPEAK@Z 0000000180007c18 f   ConEmuThA.obj
 0001:00006c2c       ?SettingsSaveA@@YAXPEB_WPEAK@Z 0000000180007c2c f   ConEmuThA.obj
 0001:00006c40       ?SettingsLoadOtherA@@YAXXZ 0000000180007c40 f   ConEmuThA.obj
 0001:00006c4c       ?ReloadResourcesA@@YAXXZ   0000000180007c4c f   ConEmuThA.obj
 0001:00006d08       SetStartupInfo             0000000180007d08 f   ConEmuThA.obj
 0001:00006ed0       OpenPlugin                 0000000180007ed0 f   ConEmuThA.obj
 0001:00006f0c       ?GetIndexFromWndCoord@CeFullPanelInfo@@QEAAHHHAEA_J@Z 0000000180007f0c f   Display.obj
 0001:00006fa4       ?GetConCoordFromIndex@CeFullPanelInfo@@QEAAH_JAEAU_COORD@@@Z 0000000180007fa4 f   Display.obj
 0001:00007064       ?LoadItemColors@CeFullPanelInfo@@QEAAX_JPEAUCePluginPanelItem@@PEAUCePluginPanelItemColor@@HH@Z 0000000180008064 f   Display.obj
 0001:000072dc       ?GetItemColors@CeFullPanelInfo@@QEAAPEAUHBRUSH__@@_JPEAUCePluginPanelItem@@PEAUCePluginPanelItemColor@@HAEAK3@Z 00000001800082dc f   Display.obj
 0001:0000734c       ?CalcTopPanelItem@CeFullPanelInfo@@QEAA_J_J0@Z 000000018000834c f   Display.obj
 0001:00007420       ?DisplayReloadPanel@CeFullPanelInfo@@QEAAXXZ 0000000180008420 f   Display.obj
 0001:0000745c       ?UnregisterPanelView@CeFullPanelInfo@@QEAAH_N@Z 000000018000845c f   Display.obj
 0001:00007578       ?RequestSetPos@CeFullPanelInfo@@QEAAX_J0H@Z 0000000180008578 f   Display.obj
 0001:00007660       ?ReallocItems@CeFullPanelInfo@@QEAAH_J@Z 0000000180008660 f   Display.obj
 0001:000077c8       ?FarItem2CeItem@CeFullPanelInfo@@QEAAH_JPEB_W1KU_FILETIME@@_KHPEAX3P6A_JXZ3K@Z 00000001800087c8 f   Display.obj
 0001:00007b28       ?BisItem2CeItem@CeFullPanelInfo@@QEAAH_JH_KKKHH@Z 0000000180008b28 f   Display.obj
 0001:00007bcc       ?DrawItemText@CeFullPanelInfo@@QEAAHPEAUHDC__@@PEAUtagRECT@@1PEAUCePluginPanelItem@@PEB_WPEAUHBRUSH__@@H@Z 0000000180008bcc f   Display.obj
 0001:000081fc       ?Close@CeFullPanelInfo@@QEAAXXZ 00000001800091fc f   Display.obj
 0001:00008244       ?FinalRelease@CeFullPanelInfo@@QEAAXXZ 0000000180009244 f   Display.obj
 0001:00008358       ?PaintItem@CeFullPanelInfo@@QEAAHPEAUHDC__@@_JHHPEAUCePluginPanelItem@@PEAUCePluginPanelItemColor@@HHPEAUHBRUSH__@@4K@Z 0000000180009358 f   Display.obj
 0001:000088c8       ?Invalidate@CeFullPanelInfo@@QEAAXXZ 00000001800098c8 f   Display.obj
 0001:0000891c       ?Paint@CeFullPanelInfo@@QEAAXPEAUHWND__@@AEAUtagPAINTSTRUCT@@AEAUtagRECT@@@Z 000000018000991c f   Display.obj
 0001:00009364       ?OnSettingsChanged@CeFullPanelInfo@@QEAAHH@Z 000000018000a364 f   Display.obj
 0001:00009428       ?DisplayWndProc@CeFullPanelInfo@@SA_JPEAUHWND__@@I_K_J@Z 000000018000a428 f   Display.obj
 0001:000099d4       ?InvalidateAll@CeFullPanelInfo@@SAXXZ 000000018000a9d4 f   Display.obj
 0001:00009a24       ?RegisterPanelView@CeFullPanelInfo@@QEAAHXZ 000000018000aa24 f   Display.obj
 0001:00009cf4       ?CreateView@CeFullPanelInfo@@QEAAPEAUHWND__@@XZ 000000018000acf4 f   Display.obj
 0001:0000a09c       ?DisplayThread@CeFullPanelInfo@@SAKPEAX@Z 000000018000b09c f   Display.obj
 0001:0000a1bc       ?LoadModules@CImgCache@@IEAAXXZ 000000018000b1bc f   ImgCache.obj
 0001:0000a480       ?FreeModules@CImgCache@@IEAAXXZ 000000018000b480 f   ImgCache.obj
 0001:0000a554       ?SetCacheLocation@CImgCache@@QEAAXPEB_W@Z 000000018000b554 f   ImgCache.obj
 0001:0000a5cc       ?CheckLoadDibCreated@CImgCache@@IEAAHXZ 000000018000b5cc f   ImgCache.obj
 0001:0000a72c       ?CheckDrawDibCreated@CImgCache@@IEAAHXZ 000000018000b72c f   ImgCache.obj
 0001:0000a88c       ?FindInCache@CImgCache@@IEAAHPEAUCePluginPanelItem@@PEAHI@Z 000000018000b88c f   ImgCache.obj
 0001:0000aa90       ?CopyBits@CImgCache@@IEAAXU_COORD@@PEAEK01@Z 000000018000ba90 f   ImgCache.obj
 0001:0000ab18       ?LoadShellIcon@CImgCache@@QEAAHPEAUIMAGE_CACHE_INFO@@H@Z 000000018000bb18 f   ImgCache.obj
 0001:0000ae64       ?LoadThumbnail@CImgCache@@QEAAHPEAUIMAGE_CACHE_INFO@@@Z 000000018000be64 f   ImgCache.obj
 0001:0000b57c       ?IsStopRequested@?$CQueueProcessor@PEAUIMAGE_CACHE_INFO@@@@UEAA_NAEBQEAUIMAGE_CACHE_INFO@@@Z 000000018000c57c f i ImgCache.obj
 0001:0000b58c       ?ProcessItem@?$CQueueProcessor@PEAUIMAGE_CACHE_INFO@@@@MEAAJAEAPEAUIMAGE_CACHE_INFO@@_J@Z 000000018000c58c f i ImgCache.obj
 0001:0000b594       ?IsTerminationRequested@?$CQueueProcessor@PEAUIMAGE_CACHE_INFO@@@@MEAA_NXZ 000000018000c594 f i ImgCache.obj
 0001:0000b594       ?IsTerminationRequested@CImgLoader@@UEAA_NXZ 000000018000c594 f i ImgCache.obj
 0001:0000b59c       __set_flsgetvalue          000000018000c59c f i libcmt:tidtable.obj
 0001:0000b59c       ?OnThreadStarted@?$CQueueProcessor@PEAUIMAGE_CACHE_INFO@@@@MEAAJXZ 000000018000c59c f i ImgCache.obj
 0001:0000b5a0       ?CopyItem@?$CQueueProcessor@PEAUIMAGE_CACHE_INFO@@@@MEAAXPEBQEAUIMAGE_CACHE_INFO@@PEAPEAU2@@Z 000000018000c5a0 f i ImgCache.obj
 0001:0000b5c0       ?IsEqual@?$CQueueProcessor@PEAUIMAGE_CACHE_INFO@@@@MEAA_NAEBQEAUIMAGE_CACHE_INFO@@_J01@Z 000000018000c5c0 f i ImgCache.obj
 0001:0000b5e0       ?ApplyChanges@?$CQueueProcessor@PEAUIMAGE_CACHE_INFO@@@@MEAAXAEAPEAUIMAGE_CACHE_INFO@@AEBQEAU2@@Z 000000018000c5e0 f i ImgCache.obj
 0001:0000b5e0       ?FreeItem@?$CQueueProcessor@PEAUIMAGE_CACHE_INFO@@@@MEAAXAEBQEAUIMAGE_CACHE_INFO@@@Z 000000018000c5e0 f i ImgCache.obj
 0001:0000b5e0       _initp_misc_winxfltr       000000018000c5e0 f i libcmt:winxfltr.obj
 0001:0000b5e0       ?OnItemReady@?$CQueueProcessor@PEAUIMAGE_CACHE_INFO@@@@MEAAXAEAPEAUIMAGE_CACHE_INFO@@_J@Z 000000018000c5e0 f i ImgCache.obj
 0001:0000b5e0       ?SettingsLoadOtherW1900@@YAXXZ 000000018000c5e0 f i ConEmuTh1900.obj
 0001:0000b5e0       ?OnItemFailed@?$CQueueProcessor@PEAUIMAGE_CACHE_INFO@@@@MEAAXAEAPEAUIMAGE_CACHE_INFO@@_J@Z 000000018000c5e0 f i ImgCache.obj
 0001:0000b5e0       ?SettingsLoadOtherW2800@@YAXXZ 000000018000c5e0 f i ConEmuTh2800.obj
 0001:0000b5e0       ?LoadPanelItemInfoA@@YAXPEAUCeFullPanelInfo@@_J@Z 000000018000c5e0 f i ConEmuThA.obj
 0001:0000b5e0       ?OnThreadStopped@?$CQueueProcessor@PEAUIMAGE_CACHE_INFO@@@@MEAAXXZ 000000018000c5e0 f i ImgCache.obj
 0001:0000b5e4       ?CheckHighPriority@CImgLoader@@UEAA_NAEAPEBUIMAGE_CACHE_INFO@@@Z 000000018000c5e4 f i ImgCache.obj
 0001:0000b5e4       ?CheckHighPriority@?$CQueueProcessor@PEAUIMAGE_CACHE_INFO@@@@MEAA_NAEBQEAUIMAGE_CACHE_INFO@@@Z 000000018000c5e4 f i ImgCache.obj
 0001:0000b5e8       ?ClearQueue@?$CQueueProcessor@PEAUIMAGE_CACHE_INFO@@@@AEAAXXZ 000000018000c5e8 f i ImgCache.obj
 0001:0000b670       ?InitializeQueue@?$CQueueProcessor@PEAUIMAGE_CACHE_INFO@@@@AEAAXH@Z 000000018000c670 f i ImgCache.obj
 0001:0000b714       ?ProcessingStep@?$CQueueProcessor@PEAUIMAGE_CACHE_INFO@@@@IEAA_NXZ 000000018000c714 f i ImgCache.obj
 0001:0000b974       ??0CImgCache@@QEAA@PEAUHINSTANCE__@@@Z 000000018000c974 f   ImgCache.obj
 0001:0000bab0       ?PaintItem@CImgCache@@QEAAHPEAUHDC__@@HHHPEAUCePluginPanelItem@@PEAPEB_WPEAH@Z 000000018000cab0 f   ImgCache.obj
 0001:0000c014       ?FindOrCreate@?$CQueueProcessor@PEAUIMAGE_CACHE_INFO@@@@AEAAPEAUProcessingItem@1@AEBQEAUIMAGE_CACHE_INFO@@_J_NW4ProcessingPriority@@@Z 000000018000d014 f i ImgCache.obj
 0001:0000c244       ?ProcessingThread@?$CQueueProcessor@PEAUIMAGE_CACHE_INFO@@@@KAKPEAX@Z 000000018000d244 f i ImgCache.obj
 0001:0000c274       ?Reset@CImgCache@@QEAAXXZ  000000018000d274 f   ImgCache.obj
 0001:0000c440       ?Init@CImgCache@@QEAAXK@Z  000000018000d440 f   ImgCache.obj
 0001:0000c4a0       ??1?$CQueueProcessor@PEAUIMAGE_CACHE_INFO@@@@QEAA@XZ 000000018000d4a0 f i ImgCache.obj
 0001:0000c54c       ?CheckThread@?$CQueueProcessor@PEAUIMAGE_CACHE_INFO@@@@IEAAJXZ 000000018000d54c f i ImgCache.obj
 0001:0000c610       ?OnThreadStarted@CImgLoader@@UEAAJXZ 000000018000d610 f i ImgCache.obj
 0001:0000c624       ?OnThreadStopped@CImgLoader@@UEAAXXZ 000000018000d624 f i ImgCache.obj
 0001:0000c62c       ?IsEqual@CImgLoader@@UEAA_NAEAPEBUIMAGE_CACHE_INFO@@_JAEAPEAU2@1@Z 000000018000d62c f i ImgCache.obj
 0001:0000c644       ?ProcessItem@CImgLoader@@UEAAJAEAPEAUIMAGE_CACHE_INFO@@_J@Z 000000018000d644 f i ImgCache.obj
 0001:0000c69c       ?RequestItem@CImgCache@@QEAAHPEAUCePluginPanelItem@@I@Z 000000018000d69c f   ImgCache.obj
 0001:0000c7d4       ??1CImgCache@@QEAA@XZ      000000018000d7d4 f   ImgCache.obj
 0001:0000c89c       ??0CRgnDetect@@QEAA@XZ     000000018000d89c f   RgnDetect.obj
 0001:0000c970       ??1CRgnDetect@@QEAA@XZ     000000018000d970 f   RgnDetect.obj
 0001:0000c9cc       ?GetDetectedDialogsPtr@CRgnDetect@@QEBAPEBUtag_DetectedDialog@@XZ 000000018000d9cc f   RgnDetect.obj
 0001:0000c9d4       ?GetFlags@CRgnDetect@@QEBAKXZ 000000018000d9d4 f   RgnDetect.obj
 0001:0000c9dc       ?FindFrameRight_ByBottom@CRgnDetect@@IEAA_NPEA_WPEAUtag_CharAttr@@HHAEAH22@Z 000000018000d9dc f   RgnDetect.obj
 0001:0000cab4       ?FindFrameLeft_ByBottom@CRgnDetect@@IEAA_NPEA_WPEAUtag_CharAttr@@HHAEAH22@Z 000000018000dab4 f   RgnDetect.obj
 0001:0000cb80       ?FindFrameTop_ByLeft@CRgnDetect@@IEAA_NPEA_WPEAUtag_CharAttr@@HHAEAH22@Z 000000018000db80 f   RgnDetect.obj
 0001:0000cc30       ?FindFrameTop_ByRight@CRgnDetect@@IEAA_NPEA_WPEAUtag_CharAttr@@HHAEAH22@Z 000000018000dc30 f   RgnDetect.obj
 0001:0000cd18       ?FindFrameBottom_ByRight@CRgnDetect@@IEAA_NPEA_WPEAUtag_CharAttr@@HHAEAH22@Z 000000018000dd18 f   RgnDetect.obj
 0001:0000cdf4       ?FindFrameBottom_ByLeft@CRgnDetect@@IEAA_NPEA_WPEAUtag_CharAttr@@HHAEAH22@Z 000000018000ddf4 f   RgnDetect.obj
 0001:0000cea8       ?FindDialog_Inner@CRgnDetect@@IEAA_NPEA_WPEAUtag_CharAttr@@HHAEAH2@Z 000000018000dea8 f   RgnDetect.obj
 0001:0000d014       ?FindFrame_TopLeft@CRgnDetect@@IEAA_NPEA_WPEAUtag_CharAttr@@HHAEAH222@Z 000000018000e014 f   RgnDetect.obj
 0001:0000d114       ?ExpandDialogFrame@CRgnDetect@@IEAA_NPEA_WPEAUtag_CharAttr@@HHAEAH2HH22@Z 000000018000e114 f   RgnDetect.obj
 0001:0000d3b0       ?FindByBackground@CRgnDetect@@IEAA_NPEA_WPEAUtag_CharAttr@@HHAEAH222AEA_N@Z 000000018000e3b0 f   RgnDetect.obj
 0001:0000d4b0       ?MarkDialog@CRgnDetect@@IEAAHPEA_WPEAUtag_CharAttr@@HHHHHH_N2K@Z 000000018000e4b0 f   RgnDetect.obj
 0001:0000de84       ?OnWindowSizeChanged@CRgnDetect@@QEAAXXZ 000000018000ee84 f   RgnDetect.obj
 0001:0000de8c       ?OnWriteConsoleOutput@CRgnDetect@@QEAAXPEBU_CHAR_INFO@@U_COORD@@1PEAU_SMALL_RECT@@PEBK@Z 000000018000ee8c f   RgnDetect.obj
 0001:0000e0d8       ?SetFarRect@CRgnDetect@@QEAAXPEAU_SMALL_RECT@@@Z 000000018000f0d8 f   RgnDetect.obj
 0001:0000e15c       ?TextWidth@CRgnDetect@@QEAAHXZ 000000018000f15c f   RgnDetect.obj
 0001:0000e188       ?TextHeight@CRgnDetect@@QEAAHXZ 000000018000f188 f   RgnDetect.obj
 0001:0000e1b4       ?GetCharAttr@CRgnDetect@@QEAAHHHAEA_WAEAUtag_CharAttr@@@Z 000000018000f1b4 f   RgnDetect.obj
 0001:0000e244       ?FindFrameRight_ByTop@CRgnDetect@@IEAA_NPEA_WPEAUtag_CharAttr@@HHAEAH22@Z 000000018000f244 f   RgnDetect.obj
 0001:0000e380       ?FindFrameLeft_ByTop@CRgnDetect@@IEAA_NPEA_WPEAUtag_CharAttr@@HHAEAH22@Z 000000018000f380 f   RgnDetect.obj
 0001:0000e4e8       ?FindDialog_TopLeft@CRgnDetect@@IEAA_NPEA_WPEAUtag_CharAttr@@HHAEAH222AEA_N@Z 000000018000f4e8 f   RgnDetect.obj
 0001:0000e5f8       ?FindDialog_TopRight@CRgnDetect@@IEAA_NPEA_WPEAUtag_CharAttr@@HHAEAH222AEA_N@Z 000000018000f5f8 f   RgnDetect.obj
 0001:0000e710       ?FindDialog_Left@CRgnDetect@@IEAA_NPEA_WPEAUtag_CharAttr@@HHAEAH222AEA_N@Z 000000018000f710 f   RgnDetect.obj
 0001:0000e920       ?FindDialog_Right@CRgnDetect@@IEAA_NPEA_WPEAUtag_CharAttr@@HHAEAH222AEA_N@Z 000000018000f920 f   RgnDetect.obj
 0001:0000ea88       ?FindDialog_Any@CRgnDetect@@IEAA_NPEA_WPEAUtag_CharAttr@@HHAEAH222AEA_N@Z 000000018000fa88 f   RgnDetect.obj
 0001:0000ed1c       ?DetectDialog@CRgnDetect@@IEAA_NPEA_WPEAUtag_CharAttr@@HHHHPEAH2@Z 000000018000fd1c f   RgnDetect.obj
 0001:0000f184       ?InitializeSBI@CRgnDetect@@QEAAHPEBK@Z 0000000180010184 f   RgnDetect.obj
 0001:0000f5c8       ?PrepareTransparent@CRgnDetect@@QEAAXPEBUCEFAR_INFO_MAPPING@@PEBKPEBU_CONSOLE_SCREEN_BUFFER_INFO@@PEA_WPEAUtag_CharAttr@@HH@Z 00000001800105c8 f   RgnDetect.obj
 0001:0000fe44       ?PrepareTransparent@CRgnDetect@@QEAAXPEBUCEFAR_INFO_MAPPING@@PEBK@Z 0000000180010e44 f   RgnDetect.obj
 0001:0000ff18       ?CommonShutdown@@YAXXZ     0000000180010f18 f   Common.obj
 0001:0000ff40       ?HeapInitialize@@YA_NXZ    0000000180010f40 f   Memory.obj
 0001:0000ff78       ?HeapDeinitialize@@YAXXZ   0000000180010f78 f   Memory.obj
 0001:0000ff9c       ?xf_calloc@@YAPEAX_K0@Z    0000000180010f9c f   Memory.obj
 0001:0000ffb8       ?xf_free@@YAXPEAX@Z        0000000180010fb8 f   Memory.obj
 0001:0000ffe0       ?xf_malloc@@YAPEAX_K@Z     0000000180010fe0 f   Memory.obj
 0001:0000ffe0       ??2@YAPEAX_K@Z             0000000180010fe0 f   Memory.obj
 0001:0000fff4       ??3@YAXPEAX@Z              0000000180010ff4 f   Memory.obj
 0001:0000fffc       ?lstrdup@@YAPEA_WPEB_W@Z   0000000180010ffc f   Memory.obj
 0001:00010084       ?LoadAdvApi@MNullDesc@@IEAAHXZ 0000000180011084 f i MSecurity.obj
 0001:000101f0       ?LocalSecurity@MNullDesc@@QEAAPEAU_SECURITY_ATTRIBUTES@@XZ 00000001800111f0 f i MSecurity.obj
 0001:000103a4       ?LocalSecurity@@YAPEAU_SECURITY_ATTRIBUTES@@XZ 00000001800113a4 f   MSecurity.obj
 0001:00010404       ?ShutdownSecurity@@YAXXZ   0000000180011404 f   MSecurity.obj
 0001:00010468       ?msprintf@@YAPEB_WPEA_W_KPEB_WZZ 0000000180011468 f   MStrSafe.obj
 0001:00010794       ?apiShowWindow@@YAHPEAUHWND__@@H@Z 0000000180011794 f   WinObjects.obj
 0001:0001079c       ?isTerminalMode@@YA_NXZ    000000018001179c f   WinObjects.obj
 0001:000109d4       ?PointToName@@YAPEB_WPEB_W@Z 00000001800119d4 f   WinObjects.obj
 0001:00010a04       ??0MSection@@QEAA@XZ       0000000180011a04 f   WinObjects.obj
 0001:00010a80       ??1MSection@@QEAA@XZ       0000000180011a80 f   WinObjects.obj
 0001:00010ad4       ?AddRef@MSection@@IEAAXK@Z 0000000180011ad4 f   WinObjects.obj
 0001:00010b70       ?ReleaseRef@MSection@@IEAAHK@Z 0000000180011b70 f   WinObjects.obj
 0001:00010c10       ?WaitUnlocked@MSection@@IEAAXKK@Z 0000000180011c10 f   WinObjects.obj
 0001:00010ca4       ?MyEnterCriticalSection@MSection@@IEAA_NK@Z 0000000180011ca4 f   WinObjects.obj
 0001:00010e18       ?Lock@MSection@@IEAAHHK@Z  0000000180011e18 f   WinObjects.obj
 0001:00010f18       ?Unlock@MSection@@IEAAXH@Z 0000000180011f18 f   WinObjects.obj
 0001:00010f70       ??0MSectionLock@@QEAA@XZ   0000000180011f70 f   WinObjects.obj
 0001:00010f80       ?Lock@MSectionLock@@QEAAHPEAVMSection@@HK@Z 0000000180011f80 f   WinObjects.obj
 0001:00010fd4       ?Unlock@MSectionLock@@QEAAXXZ 0000000180011fd4 f   WinObjects.obj
 0001:00011000       ??1MSectionLock@@QEAA@XZ   0000000180012000 f   WinObjects.obj
 0001:00011024       VerQueryValueW             0000000180012024 f   version:VERSION.dll
 0001:0001102a       GetFileVersionInfoW        000000018001202a f   version:VERSION.dll
 0001:00011030       GetFileVersionInfoSizeW    0000000180012030 f   version:VERSION.dll
 0001:00011038       wcsrchr                    0000000180012038 f   libcmt:wcsrchr.obj
 0001:00011080       memset                     0000000180012080 f   libcmt:memset.obj
 0001:00011180       memmove                    0000000180012180     libcmt:memcpy.obj
 0001:00011180       memcpy                     0000000180012180 f   libcmt:memcpy.obj
 0001:000114d0       memcmp                     00000001800124d0 f   libcmt:memcmp.obj
 0001:00011598       wcschr                     0000000180012598 f   libcmt:wcschr.obj
 0001:000115b8       __C_specific_handler       00000001800125b8 f   libcmt:chandler.obj
 0001:0001175c       wcspbrk                    000000018001275c f   libcmt:wcspbrk.obj
 0001:000117a0       _CRT_INIT                  00000001800127a0 f   libcmt:dllcrt0.obj
 0001:000119f4       _DllMainCRTStartup         00000001800129f4 f   libcmt:dllcrt0.obj
 0001:00011a50       _local_unwind              0000000180012a50 f   libcmt:jmpuwind.obj
 0001:00011a80       _NLG_Notify                0000000180012a80 f   libcmt:jmpuwind.obj
 0001:00011aa0       __NLG_Dispatch2            0000000180012aa0 f   libcmt:jmpuwind.obj
 0001:00011ab0       __NLG_Return2              0000000180012ab0 f   libcmt:jmpuwind.obj
 0001:00011ac0       _ValidateImageBase         0000000180012ac0 f   libcmt:pesect.obj
 0001:00011af0       _FindPESection             0000000180012af0 f   libcmt:pesect.obj
 0001:00011b40       _IsNonwritableInCurrentImage 0000000180012b40 f   libcmt:pesect.obj
 0001:00011b84       _encode_pointer            0000000180012b84 f   libcmt:tidtable.obj
 0001:00011b8c       _encoded_null              0000000180012b8c f   libcmt:tidtable.obj
 0001:00011b98       _decode_pointer            0000000180012b98 f   libcmt:tidtable.obj
 0001:00011ba0       _mtterm                    0000000180012ba0 f   libcmt:tidtable.obj
 0001:00011bc8       _initptd                   0000000180012bc8 f   libcmt:tidtable.obj
 0001:00011c7c       _getptd_noexit             0000000180012c7c f   libcmt:tidtable.obj
 0001:00011d00       _getptd                    0000000180012d00 f   libcmt:tidtable.obj
 0001:00011d24       _freefls                   0000000180012d24 f   libcmt:tidtable.obj
 0001:00011e5c       _freeptd                   0000000180012e5c f   libcmt:tidtable.obj
 0001:00011e9c       _mtinit                    0000000180012e9c f   libcmt:tidtable.obj
 0001:00011f20       free                       0000000180012f20 f   libcmt:free.obj
 0001:00011f60       _malloc_crt                0000000180012f60 f   libcmt:crtheap.obj
 0001:00011fcc       _calloc_crt                0000000180012fcc f   libcmt:crtheap.obj
 0001:00012050       _realloc_crt               0000000180013050 f   libcmt:crtheap.obj
 0001:000120d8       _amsg_exit                 00000001800130d8 f   libcmt:crt0dat.obj
 0001:00012108       __crtCorExitProcess        0000000180013108 f   libcmt:crt0dat.obj
 0001:00012144       __crtExitProcess           0000000180013144 f   libcmt:crt0dat.obj
 0001:0001215c       _lockexit                  000000018001315c f   libcmt:crt0dat.obj
 0001:00012168       _unlockexit                0000000180013168 f   libcmt:crt0dat.obj
 0001:000121a8       _initterm_e                00000001800131a8 f   libcmt:crt0dat.obj
 0001:000121e4       _cinit                     00000001800131e4 f   libcmt:crt0dat.obj
 0001:00012420       _exit                      0000000180013420 f   libcmt:crt0dat.obj
 0001:0001242c       _cexit                     000000018001342c f   libcmt:crt0dat.obj
 0001:0001243c       _init_pointers             000000018001343c f   libcmt:crt0dat.obj
 0001:000124a4       _ioinit                    00000001800134a4 f   libcmt:ioinit.obj
 0001:00012794       _ioterm                    0000000180013794 f   libcmt:ioinit.obj
 0001:00012800       _setenvp                   0000000180013800 f   libcmt:stdenvp.obj
 0001:00012b00       _setargv                   0000000180013b00 f   libcmt:stdargv.obj
 0001:00012bf8       __crtGetEnvironmentStringsA 0000000180013bf8 f   libcmt:a_env.obj
 0001:00012dac       _RTC_Initialize            0000000180013dac f   libcmt:_initsect_.obj
 0001:00012de4       _RTC_Terminate             0000000180013de4 f   libcmt:_initsect_.obj
 0001:00012e1c       _heap_init                 0000000180013e1c f   libcmt:heapinit.obj
 0001:00012e68       _heap_term                 0000000180013e68 f   libcmt:heapinit.obj
 0001:00012e88       _XcptFilter                0000000180013e88 f   libcmt:winxfltr.obj
 0001:00013058       __CppXcptFilter            0000000180014058 f   libcmt:winxfltr.obj
 0001:00013078       __security_init_cookie     0000000180014078 f   libcmt:gs_support.obj
 0001:0001312c       _mtinitlocks               000000018001412c f   libcmt:mlock.obj
 0001:000131b8       _mtdeletelocks             00000001800141b8 f   libcmt:mlock.obj
 0001:0001323c       _unlock                    000000018001423c f   libcmt:mlock.obj
 0001:00013254       _mtinitlocknum             0000000180014254 f   libcmt:mlock.obj
 0001:0001333c       _lock                      000000018001433c f   libcmt:mlock.obj
 0001:00013380       __freetlocinfo             0000000180014380 f   libcmt:setlocal.obj
 0001:000134fc       __addlocaleref             00000001800144fc f   libcmt:setlocal.obj
 0001:00013594       __removelocaleref          0000000180014594 f   libcmt:setlocal.obj
 0001:00013694       __updatetlocinfo           0000000180014694 f   libcmt:setlocal.obj
 0001:00013984       __updatetmbcinfo           0000000180014984 f   libcmt:mbctype.obj
 0001:00013a40       ??0_LocaleUpdate@@QEAA@PEAUlocaleinfo_struct@@@Z 0000000180014a40 f i libcmt:mbctype.obj
 0001:00013b7c       _setmbcp_nolock            0000000180014b7c f   libcmt:mbctype.obj
 0001:00013df4       _setmbcp                   0000000180014df4 f   libcmt:mbctype.obj
 0001:00013fec       __initmbctable             0000000180014fec f   libcmt:mbctype.obj
 0001:00014014       _get_errno_from_oserr      0000000180015014 f   libcmt:dosmap.obj
 0001:0001405c       _errno                     000000018001505c f   libcmt:dosmap.obj
 0001:0001407c       malloc                     000000018001507c f   libcmt:malloc.obj
 0001:00014134       _calloc_impl               0000000180015134 f   libcmt:calloc_impl.obj
 0001:000141e4       realloc                    00000001800151e4 f   libcmt:realloc.obj
 0001:000142b8       _NMSG_WRITE                00000001800152b8 f   libcmt:crt0msg.obj
 0001:000144e0       _FF_MSGBANNER              00000001800154e0 f   libcmt:crt0msg.obj
 0001:00014524       _initp_misc_invarg         0000000180015524 f   libcmt:invarg.obj
 0001:0001452c       _invoke_watson             000000018001552c f   libcmt:invarg.obj
 0001:00014654       _invalid_parameter         0000000180015654 f   libcmt:invarg.obj
 0001:000146dc       __onexitinit               00000001800156dc f   libcmt:onexit.obj
 0001:00014720       _onexit                    0000000180015720 f   libcmt:onexit.obj
 0001:00014828       atexit                     0000000180015828 f   libcmt:onexit.obj
 0001:00014840       _initp_misc_cfltcvt_tab    0000000180015840 f   libcmt:cmiscdat.obj
 0001:00014878       ?terminate@@YAXXZ          0000000180015878 f   libcmt:hooks.obj
 0001:0001489c       _initp_eh_hooks            000000018001589c f   libcmt:hooks.obj
 0001:000148b8       _initp_misc_winsig         00000001800158b8 f   libcmt:winsig.obj
 0001:000148d8       __get_sigabrt              00000001800158d8 f   libcmt:winsig.obj
 0001:000148e4       raise                      00000001800158e4 f   libcmt:winsig.obj
 0001:00014b58       _initp_misc_rand_s         0000000180015b58 f   libcmt:rand_s.obj
 0001:00014b60       _initp_misc_purevirt       0000000180015b60 f   libcmt:inithelp.obj
 0001:00014b68       _initp_misc_initcrit       0000000180015b68 f   libcmt:initcrit.obj
 0001:00014b70       __crtInitCritSecAndSpinCount 0000000180015b70 f   libcmt:initcrit.obj
 0001:00014ba8       _initp_heap_handler        0000000180015ba8 f   libcmt:handler.obj
 0001:00014bb0       _callnewh                  0000000180015bb0 f   libcmt:handler.obj
 0001:00014be4       strcpy_s                   0000000180015be4 f   libcmt:strcpy_s.obj
 0001:00014c70       strlen                     0000000180015c70 f   libcmt:strlen.obj
 0001:00014d94       _ismbblead                 0000000180015d94 f   libcmt:ismbbyte.obj
 0001:00014da8       __free_lc_time             0000000180015da8 f   libcmt:inittime.obj
 0001:00014f94       __free_lconv_num           0000000180015f94 f   libcmt:initnum.obj
 0001:00014fdc       __free_lconv_mon           0000000180015fdc f   libcmt:initmon.obj
 0001:00015074       strcat_s                   0000000180016074 f   libcmt:strcat_s.obj
 0001:00015100       strncpy_s                  0000000180016100 f   libcmt:strncpy_s.obj
 0001:000151f0       strcmp                     00000001800161f0 f   libcmt:strcmp.obj
 0001:000152a0       __GSHandlerCheckCommon     00000001800162a0 f   libcmt:gshandler.obj
 0001:00015304       __GSHandlerCheck           0000000180016304 f   libcmt:gshandler.obj
 0001:00015340       __security_check_cookie    0000000180016340 f   libcmt:amdsecgs.obj
 0001:000155cc       __crtGetStringTypeA        00000001800165cc f   libcmt:a_str.obj
 0001:00015670       strncmp                    0000000180016670 f   libcmt:strncmp.obj
 0001:00015c68       __crtLCMapStringA          0000000180016c68 f   libcmt:a_map.obj
 0001:00015d00       _msize                     0000000180016d00 f   libcmt:msize.obj
 0001:00015d48       __crtMessageBoxA           0000000180016d48 f   libcmt:crtmbox.obj
 0001:00015f3c       _set_error_mode            0000000180016f3c f   libcmt:errmode.obj
 0001:00015f8c       __crt_debugger_hook        0000000180016f8c f   libcmt:dbghook.obj
 0001:00015f94       _fptrap                    0000000180016f94 f   libcmt:crt0fp.obj
 0001:00015fa0       abort                      0000000180016fa0 f   libcmt:abort.obj
 0001:00016044       _isleadbyte_l              0000000180017044 f i libcmt:_wctype.obj
 0001:0001608c       atol                       000000018001708c f   libcmt:atox.obj
 0001:00016098       __report_gsfailure         0000000180017098 f   libcmt:gs_report.obj
 0001:000161e4       __ansicp                   00000001800171e4 f   libcmt:convrtcp.obj
 0001:00016238       __convertcp                0000000180017238 f   libcmt:convrtcp.obj
 0001:000164c0       _isctype_l                 00000001800174c0 f   libcmt:isctype.obj
 0001:00016850       strtol                     0000000180017850 f   libcmt:strtol.obj
 0001:00016880       Thread32Next               0000000180017880 f   kernel32:KERNEL32.dll
 0001:00016886       Thread32First              0000000180017886 f   kernel32:KERNEL32.dll
 0001:0001688c       CreateToolhelp32Snapshot   000000018001788c f   kernel32:KERNEL32.dll
 0001:00016892       Process32NextW             0000000180017892 f   kernel32:KERNEL32.dll
 0001:00016898       Process32FirstW            0000000180017898 f   kernel32:KERNEL32.dll
 0001:0001689e       RtlUnwindEx                000000018001789e f   kernel32:KERNEL32.dll
 0001:000168a4       RtlVirtualUnwind           00000001800178a4 f   kernel32:KERNEL32.dll
 0001:000168aa       RtlLookupFunctionEntry     00000001800178aa f   kernel32:KERNEL32.dll
 0001:000168c0       _alloca_probe              00000001800178c0     libcmt:chkstk.obj
 0001:000168c0       __chkstk                   00000001800178c0 f   libcmt:chkstk.obj
 0002:00000000       __imp_RegCreateKeyExW      0000000180018000     advapi32:ADVAPI32.dll
 0002:00000008       __imp_RegSetValueExW       0000000180018008     advapi32:ADVAPI32.dll
 0002:00000010       __imp_RegOpenKeyExW        0000000180018010     advapi32:ADVAPI32.dll
 0002:00000018       __imp_RegQueryValueExW     0000000180018018     advapi32:ADVAPI32.dll
 0002:00000020       __imp_RegCloseKey          0000000180018020     advapi32:ADVAPI32.dll
 0002:00000028       \177ADVAPI32_NULL_THUNK_DATA 0000000180018028     advapi32:ADVAPI32.dll
 0002:00000030       __imp_CreateCompatibleBitmap 0000000180018030     gdi32:GDI32.dll
 0002:00000038       __imp_CreateCompatibleDC   0000000180018038     gdi32:GDI32.dll
 0002:00000040       __imp_CreateFontW          0000000180018040     gdi32:GDI32.dll
 0002:00000048       __imp_BitBlt               0000000180018048     gdi32:GDI32.dll
 0002:00000050       __imp_CreateDIBSection     0000000180018050     gdi32:GDI32.dll
 0002:00000058       __imp_GdiFlush             0000000180018058     gdi32:GDI32.dll
 0002:00000060       __imp_GetObjectW           0000000180018060     gdi32:GDI32.dll
 0002:00000068       __imp_StretchBlt           0000000180018068     gdi32:GDI32.dll
 0002:00000070       __imp_GdiAlphaBlend        0000000180018070     gdi32:GDI32.dll
 0002:00000078       __imp_SetStretchBltMode    0000000180018078     gdi32:GDI32.dll
 0002:00000080       __imp_DeleteDC             0000000180018080     gdi32:GDI32.dll
 0002:00000088       __imp_SelectObject         0000000180018088     gdi32:GDI32.dll
 0002:00000090       __imp_Rectangle            0000000180018090     gdi32:GDI32.dll
 0002:00000098       __imp_SetTextColor         0000000180018098     gdi32:GDI32.dll
 0002:000000a0       __imp_SetBkColor           00000001800180a0     gdi32:GDI32.dll
 0002:000000a8       __imp_CreatePen            00000001800180a8     gdi32:GDI32.dll
 0002:000000b0       __imp_MoveToEx             00000001800180b0     gdi32:GDI32.dll
 0002:000000b8       __imp_LineTo               00000001800180b8     gdi32:GDI32.dll
 0002:000000c0       __imp_GetStockObject       00000001800180c0     gdi32:GDI32.dll
 0002:000000c8       __imp_CreateSolidBrush     00000001800180c8     gdi32:GDI32.dll
 0002:000000d0       __imp_DeleteObject         00000001800180d0     gdi32:GDI32.dll
 0002:000000d8       \177GDI32_NULL_THUNK_DATA  00000001800180d8     gdi32:GDI32.dll
 0002:000000e0       __imp_LocalAlloc           00000001800180e0     kernel32:KERNEL32.dll
 0002:000000e8       __imp_lstrcmpW             00000001800180e8     kernel32:KERNEL32.dll
 0002:000000f0       __imp_FileTimeToSystemTime 00000001800180f0     kernel32:KERNEL32.dll
 0002:000000f8       __imp_GetExitCodeThread    00000001800180f8     kernel32:KERNEL32.dll
 0002:00000100       __imp_Sleep                0000000180018100     kernel32:KERNEL32.dll
 0002:00000108       __imp_WaitForMultipleObjects 0000000180018108     kernel32:KERNEL32.dll
 0002:00000110       __imp_CreateThread         0000000180018110     kernel32:KERNEL32.dll
 0002:00000118       __imp_CreateEventW         0000000180018118     kernel32:KERNEL32.dll
 0002:00000120       __imp_SetEvent             0000000180018120     kernel32:KERNEL32.dll
 0002:00000128       __imp_FindClose            0000000180018128     kernel32:KERNEL32.dll
 0002:00000130       __imp_FindNextFileW        0000000180018130     kernel32:KERNEL32.dll
 0002:00000138       __imp_FreeLibrary          0000000180018138     kernel32:KERNEL32.dll
 0002:00000140       __imp_LoadLibraryW         0000000180018140     kernel32:KERNEL32.dll
 0002:00000148       __imp_FindFirstFileW       0000000180018148     kernel32:KERNEL32.dll
 0002:00000150       __imp_GetTempPathW         0000000180018150     kernel32:KERNEL32.dll
 0002:00000158       __imp_GetTickCount         0000000180018158     kernel32:KERNEL32.dll
 0002:00000160       __imp_IsBadReadPtr         0000000180018160     kernel32:KERNEL32.dll
 0002:00000168       __imp_CreateFileW          0000000180018168     kernel32:KERNEL32.dll
 0002:00000170       __imp_InitializeCriticalSection 0000000180018170     kernel32:KERNEL32.dll
 0002:00000178       __imp_ResetEvent           0000000180018178     kernel32:KERNEL32.dll
 0002:00000180       __imp_LeaveCriticalSection 0000000180018180     kernel32:KERNEL32.dll
 0002:00000188       __imp_EnterCriticalSection 0000000180018188     kernel32:KERNEL32.dll
 0002:00000190       __imp_DeleteCriticalSection 0000000180018190     kernel32:KERNEL32.dll
 0002:00000198       __imp_ReadConsoleOutputW   0000000180018198     kernel32:KERNEL32.dll
 0002:000001a0       __imp_GetConsoleScreenBufferInfo 00000001800181a0     kernel32:KERNEL32.dll
 0002:000001a8       __imp_HeapCreate           00000001800181a8     kernel32:KERNEL32.dll
 0002:000001b0       __imp_HeapDestroy          00000001800181b0     kernel32:KERNEL32.dll
 0002:000001b8       __imp_HeapAlloc            00000001800181b8     kernel32:KERNEL32.dll
 0002:000001c0       __imp_HeapReAlloc          00000001800181c0     kernel32:KERNEL32.dll
 0002:000001c8       __imp_HeapFree             00000001800181c8     kernel32:KERNEL32.dll
 0002:000001d0       __imp_GetVersionExW        00000001800181d0     kernel32:KERNEL32.dll
 0002:000001d8       __imp_GetCurrentProcess    00000001800181d8     kernel32:KERNEL32.dll
 0002:000001e0       __imp_Process32NextW       00000001800181e0     kernel32:KERNEL32.dll
 0002:000001e8       __imp_Process32FirstW      00000001800181e8     kernel32:KERNEL32.dll
 0002:000001f0       __imp_TryEnterCriticalSection 00000001800181f0     kernel32:KERNEL32.dll
 0002:000001f8       __imp_OpenThread           00000001800181f8     kernel32:KERNEL32.dll
 0002:00000200       __imp_WriteFile            0000000180018200     kernel32:KERNEL32.dll
 0002:00000208       __imp_lstrlenA             0000000180018208     kernel32:KERNEL32.dll
 0002:00000210       __imp_RtlUnwindEx          0000000180018210     kernel32:KERNEL32.dll
 0002:00000218       __imp_FlsSetValue          0000000180018218     kernel32:KERNEL32.dll
 0002:00000220       __imp_GetCommandLineA      0000000180018220     kernel32:KERNEL32.dll
 0002:00000228       __imp_EncodePointer        0000000180018228     kernel32:KERNEL32.dll
 0002:00000230       __imp_DecodePointer        0000000180018230     kernel32:KERNEL32.dll
 0002:00000238       __imp_FlsGetValue          0000000180018238     kernel32:KERNEL32.dll
 0002:00000240       __imp_FlsFree              0000000180018240     kernel32:KERNEL32.dll
 0002:00000248       __imp_SetLastError         0000000180018248     kernel32:KERNEL32.dll
 0002:00000250       __imp_FlsAlloc             0000000180018250     kernel32:KERNEL32.dll
 0002:00000258       __imp_ExitProcess          0000000180018258     kernel32:KERNEL32.dll
 0002:00000260       __imp_SetHandleCount       0000000180018260     kernel32:KERNEL32.dll
 0002:00000268       __imp_GetFileType          0000000180018268     kernel32:KERNEL32.dll
 0002:00000270       __imp_GetStartupInfoA      0000000180018270     kernel32:KERNEL32.dll
 0002:00000278       __imp_FreeEnvironmentStringsA 0000000180018278     kernel32:KERNEL32.dll
 0002:00000280       __imp_GetEnvironmentStrings 0000000180018280     kernel32:KERNEL32.dll
 0002:00000288       __imp_FreeEnvironmentStringsW 0000000180018288     kernel32:KERNEL32.dll
 0002:00000290       __imp_GetEnvironmentStringsW 0000000180018290     kernel32:KERNEL32.dll
 0002:00000298       __imp_HeapSetInformation   0000000180018298     kernel32:KERNEL32.dll
 0002:000002a0       __imp_QueryPerformanceCounter 00000001800182a0     kernel32:KERNEL32.dll
 0002:000002a8       __imp_GetSystemTimeAsFileTime 00000001800182a8     kernel32:KERNEL32.dll
 0002:000002b0       __imp_GetCPInfo            00000001800182b0     kernel32:KERNEL32.dll
 0002:000002b8       __imp_GetACP               00000001800182b8     kernel32:KERNEL32.dll
 0002:000002c0       __imp_GetOEMCP             00000001800182c0     kernel32:KERNEL32.dll
 0002:000002c8       __imp_IsValidCodePage      00000001800182c8     kernel32:KERNEL32.dll
 0002:000002d0       __imp_MultiByteToWideChar  00000001800182d0     kernel32:KERNEL32.dll
 0002:000002d8       __imp_UnhandledExceptionFilter 00000001800182d8     kernel32:KERNEL32.dll
 0002:000002e0       __imp_SetUnhandledExceptionFilter 00000001800182e0     kernel32:KERNEL32.dll
 0002:000002e8       __imp_IsDebuggerPresent    00000001800182e8     kernel32:KERNEL32.dll
 0002:000002f0       __imp_RtlVirtualUnwind     00000001800182f0     kernel32:KERNEL32.dll
 0002:000002f8       __imp_RtlLookupFunctionEntry 00000001800182f8     kernel32:KERNEL32.dll
 0002:00000300       __imp_RtlCaptureContext    0000000180018300     kernel32:KERNEL32.dll
 0002:00000308       __imp_LoadLibraryA         0000000180018308     kernel32:KERNEL32.dll
 0002:00000310       __imp_InitializeCriticalSectionAndSpinCount 0000000180018310     kernel32:KERNEL32.dll
 0002:00000318       __imp_GetLocaleInfoA       0000000180018318     kernel32:KERNEL32.dll
 0002:00000320       __imp_GetStringTypeA       0000000180018320     kernel32:KERNEL32.dll
 0002:00000328       __imp_GetStringTypeW       0000000180018328     kernel32:KERNEL32.dll
 0002:00000330       __imp_LCMapStringA         0000000180018330     kernel32:KERNEL32.dll
 0002:00000338       __imp_LCMapStringW         0000000180018338     kernel32:KERNEL32.dll
 0002:00000340       __imp_HeapSize             0000000180018340     kernel32:KERNEL32.dll
 0002:00000348       __imp_lstrcpynA            0000000180018348     kernel32:KERNEL32.dll
 0002:00000350       __imp_GetModuleHandleW     0000000180018350     kernel32:KERNEL32.dll
 0002:00000358       __imp_GetProcAddress       0000000180018358     kernel32:KERNEL32.dll
 0002:00000360       __imp_WaitForSingleObject  0000000180018360     kernel32:KERNEL32.dll
 0002:00000368       __imp_TerminateThread      0000000180018368     kernel32:KERNEL32.dll
 0002:00000370       __imp_CreateFileMappingW   0000000180018370     kernel32:KERNEL32.dll
 0002:00000378       __imp_OpenFileMappingW     0000000180018378     kernel32:KERNEL32.dll
 0002:00000380       __imp_MapViewOfFile        0000000180018380     kernel32:KERNEL32.dll
 0002:00000388       __imp_SetEnvironmentVariableW 0000000180018388     kernel32:KERNEL32.dll
 0002:00000390       __imp_ReadConsoleInputW    0000000180018390     kernel32:KERNEL32.dll
 0002:00000398       __imp_lstrcmpiW            0000000180018398     kernel32:KERNEL32.dll
 0002:000003a0       __imp_lstrcpynW            00000001800183a0     kernel32:KERNEL32.dll
 0002:000003a8       __imp_UnmapViewOfFile      00000001800183a8     kernel32:KERNEL32.dll
 0002:000003b0       __imp_LocalFree            00000001800183b0     kernel32:KERNEL32.dll
 0002:000003b8       __imp_WideCharToMultiByte  00000001800183b8     kernel32:KERNEL32.dll
 0002:000003c0       __imp_GetStdHandle         00000001800183c0     kernel32:KERNEL32.dll
 0002:000003c8       __imp_WriteConsoleInputW   00000001800183c8     kernel32:KERNEL32.dll
 0002:000003d0       __imp_VirtualProtect       00000001800183d0     kernel32:KERNEL32.dll
 0002:000003d8       __imp_GetCurrentProcessId  00000001800183d8     kernel32:KERNEL32.dll
 0002:000003e0       __imp_CreateToolhelp32Snapshot 00000001800183e0     kernel32:KERNEL32.dll
 0002:000003e8       __imp_Thread32First        00000001800183e8     kernel32:KERNEL32.dll
 0002:000003f0       __imp_Thread32Next         00000001800183f0     kernel32:KERNEL32.dll
 0002:000003f8       __imp_CloseHandle          00000001800183f8     kernel32:KERNEL32.dll
 0002:00000400       __imp_GetCurrentThreadId   0000000180018400     kernel32:KERNEL32.dll
 0002:00000408       __imp_GetModuleFileNameW   0000000180018408     kernel32:KERNEL32.dll
 0002:00000410       __imp_lstrcpyW             0000000180018410     kernel32:KERNEL32.dll
 0002:00000418       __imp_GetLastError         0000000180018418     kernel32:KERNEL32.dll
 0002:00000420       __imp_lstrcatW             0000000180018420     kernel32:KERNEL32.dll
 0002:00000428       __imp_lstrlenW             0000000180018428     kernel32:KERNEL32.dll
 0002:00000430       __imp_GetModuleFileNameA   0000000180018430     kernel32:KERNEL32.dll
 0002:00000438       __imp_TerminateProcess     0000000180018438     kernel32:KERNEL32.dll
 0002:00000440       \177KERNEL32_NULL_THUNK_DATA 0000000180018440     kernel32:KERNEL32.dll
 0002:00000448       __imp_SHGetFileInfoW       0000000180018448     shell32:SHELL32.dll
 0002:00000450       \177SHELL32_NULL_THUNK_DATA 0000000180018450     shell32:SHELL32.dll
 0002:00000458       __imp_GetDC                0000000180018458     user32:USER32.dll
 0002:00000460       __imp_DestroyIcon          0000000180018460     user32:USER32.dll
 0002:00000468       __imp_DrawIconEx           0000000180018468     user32:USER32.dll
 0002:00000470       __imp_GetIconInfo          0000000180018470     user32:USER32.dll
 0002:00000478       __imp_LoadIconW            0000000180018478     user32:USER32.dll
 0002:00000480       __imp_ShowWindow           0000000180018480     user32:USER32.dll
 0002:00000488       __imp_GetMessageW          0000000180018488     user32:USER32.dll
 0002:00000490       __imp_UnregisterClassW     0000000180018490     user32:USER32.dll
 0002:00000498       __imp_LoadCursorW          0000000180018498     user32:USER32.dll
 0002:000004a0       __imp_RegisterClassW       00000001800184a0     user32:USER32.dll
 0002:000004a8       __imp_CreateWindowExW      00000001800184a8     user32:USER32.dll
 0002:000004b0       __imp_GetWindowLongPtrW    00000001800184b0     user32:USER32.dll
 0002:000004b8       __imp_ReleaseDC            00000001800184b8     user32:USER32.dll
 0002:000004c0       __imp_DefWindowProcW       00000001800184c0     user32:USER32.dll
 0002:000004c8       __imp_DestroyWindow        00000001800184c8     user32:USER32.dll
 0002:000004d0       __imp_PostThreadMessageW   00000001800184d0     user32:USER32.dll
 0002:000004d8       __imp_BeginPaint           00000001800184d8     user32:USER32.dll
 0002:000004e0       __imp_EndPaint             00000001800184e0     user32:USER32.dll
 0002:000004e8       __imp_SetWindowLongPtrW    00000001800184e8     user32:USER32.dll
 0002:000004f0       __imp_InvalidateRect       00000001800184f0     user32:USER32.dll
 0002:000004f8       __imp_IsWindow             00000001800184f8     user32:USER32.dll
 0002:00000500       __imp_DrawTextW            0000000180018500     user32:USER32.dll
 0002:00000508       __imp_FillRect             0000000180018508     user32:USER32.dll
 0002:00000510       __imp_ShowWindowAsync      0000000180018510     user32:USER32.dll
 0002:00000518       __imp_PostMessageW         0000000180018518     user32:USER32.dll
 0002:00000520       __imp_GetWindowThreadProcessId 0000000180018520     user32:USER32.dll
 0002:00000528       __imp_MessageBoxW          0000000180018528     user32:USER32.dll
 0002:00000530       __imp_MapVirtualKeyW       0000000180018530     user32:USER32.dll
 0002:00000538       __imp_IsWindowVisible      0000000180018538     user32:USER32.dll
 0002:00000540       __imp_GetClientRect        0000000180018540     user32:USER32.dll
 0002:00000548       __imp_MapWindowPoints      0000000180018548     user32:USER32.dll
 0002:00000550       __imp_ChildWindowFromPointEx 0000000180018550     user32:USER32.dll
 0002:00000558       __imp_WindowFromPoint      0000000180018558     user32:USER32.dll
 0002:00000560       __imp_GetClassNameW        0000000180018560     user32:USER32.dll
 0002:00000568       __imp_IntersectRect        0000000180018568     user32:USER32.dll
 0002:00000570       __imp_GetKeyState          0000000180018570     user32:USER32.dll
 0002:00000578       __imp_wsprintfW            0000000180018578     user32:USER32.dll
 0002:00000580       __imp_RegisterWindowMessageW 0000000180018580     user32:USER32.dll
 0002:00000588       __imp_SetWindowLongW       0000000180018588     user32:USER32.dll
 0002:00000590       __imp_DispatchMessageW     0000000180018590     user32:USER32.dll
 0002:00000598       \177USER32_NULL_THUNK_DATA 0000000180018598     user32:USER32.dll
 0002:000005a0       __imp_VerQueryValueW       00000001800185a0     version:VERSION.dll
 0002:000005a8       __imp_GetFileVersionInfoW  00000001800185a8     version:VERSION.dll
 0002:000005b0       __imp_GetFileVersionInfoSizeW 00000001800185b0     version:VERSION.dll
 0002:000005b8       \177VERSION_NULL_THUNK_DATA 00000001800185b8     version:VERSION.dll
 0002:000005c0       __imp_CoInitialize         00000001800185c0     ole32:ole32.dll
 0002:000005c8       __imp_CoUninitialize       00000001800185c8     ole32:ole32.dll
 0002:000005d0       \177ole32_NULL_THUNK_DATA  00000001800185d0     ole32:ole32.dll
 0002:000005d8       __xc_a                     00000001800185d8     libcmt:crt0init.obj
 0002:000005e0       __xc_z                     00000001800185e0     libcmt:crt0init.obj
 0002:000005e8       __xi_a                     00000001800185e8     libcmt:crt0init.obj
 0002:00000600       __xi_z                     0000000180018600     libcmt:crt0init.obj
 0002:00000608       __xp_a                     0000000180018608     libcmt:crt0init.obj
 0002:00000610       __xp_z                     0000000180018610     libcmt:crt0init.obj
 0002:00000618       __xt_a                     0000000180018618     libcmt:crt0init.obj
 0002:00000620       __xt_z                     0000000180018620     libcmt:crt0init.obj
 0002:00000630       ??_C@_0BF@NLPJFAHE@ProcessSynchroEventW?$AA@ 0000000180018630     ConEmuTh.obj
 0002:00000648       ??_C@_08BCACMCCB@ExitFARW?$AA@ 0000000180018648     ConEmuTh.obj
 0002:00000658       ??_C@_1CA@GGFPMHLH@?$AA?6?$AAE?$AAr?$AAr?$AAC?$AAo?$AAd?$AAe?$AA?$DN?$AA0?$AAx?$AA?$CF?$AA0?$AA8?$AAX?$AA?$AA@ 0000000180018658     ConEmuTh.obj
 0002:00000680       ??_C@_1FG@LNADFPCE@?$AAL?$AAo?$AAa?$AAd?$AAF?$AAa?$AAr?$AAV?$AAe?$AAr?$AAs?$AAi?$AAo?$AAn?$AA?4?$AAG?$AAe?$AAt?$AAM?$AAo?$AAd?$AAu?$AAl?$AAe?$AAF?$AAi?$AAl?$AAe?$AAN?$AAa?$AAm?$AAe@ 0000000180018680     ConEmuTh.obj
 0002:000006e0       ??_C@_1GC@COKOAMPP@?$AAL?$AAo?$AAa?$AAd?$AAF?$AAa?$AAr?$AAV?$AAe?$AAr?$AAs?$AAi?$AAo?$AAn?$AA?4?$AAG?$AAe?$AAt?$AAF?$AAi?$AAl?$AAe?$AAV?$AAe?$AAr?$AAs?$AAi?$AAo?$AAn?$AAI?$AAn?$AAf@ 00000001800186e0     ConEmuTh.obj
 0002:00000750       ??_C@_1GC@BJIMIHFH@?$AAL?$AAo?$AAa?$AAd?$AAF?$AAa?$AAr?$AAV?$AAe?$AAr?$AAs?$AAi?$AAo?$AAn?$AA?5?$AAf?$AAa?$AAi?$AAl?$AAe?$AAd?$AA?$CB?$AA?5?$AAC?$AAa?$AAn?$AA?8?$AAt?$AA?5?$AAa?$AAl?$AAl@ 0000000180018750     ConEmuTh.obj
 0002:000007c0       ??_C@_1FK@EOBKNMNM@?$AAL?$AAo?$AAa?$AAd?$AAF?$AAa?$AAr?$AAV?$AAe?$AAr?$AAs?$AAi?$AAo?$AAn?$AA?4?$AAG?$AAe?$AAt?$AAF?$AAi?$AAl?$AAe?$AAV?$AAe?$AAr?$AAs?$AAi?$AAo?$AAn?$AAI?$AAn?$AAf@ 00000001800187c0     ConEmuTh.obj
 0002:00000820       ??_C@_1FG@LALGGOEO@?$AAL?$AAo?$AAa?$AAd?$AAF?$AAa?$AAr?$AAV?$AAe?$AAr?$AAs?$AAi?$AAo?$AAn?$AA?4?$AAV?$AAe?$AAr?$AAQ?$AAu?$AAe?$AAr?$AAy?$AAV?$AAa?$AAl?$AAu?$AAe?$AA?$CI?$AA?$CC?$AA?2?$AA?$CC@ 0000000180018820     ConEmuTh.obj
 0002:00000878       ??_C@_13FPGAJAPJ@?$AA?2?$AA?$AA@ 0000000180018878     ConEmuTh.obj
 0002:0000087c       ??_C@_11LOCGONAA@?$AA?$AA@ 000000018001887c     ConEmuTh.obj
 0002:00000880       ??_C@_1BO@KCLMEFLE@?$AAR?$AAi?$AAg?$AAh?$AAt?$AAP?$AAa?$AAn?$AAe?$AAl?$AAV?$AAi?$AAe?$AAw?$AA?$AA@ 0000000180018880     ConEmuTh.obj
 0002:000008a0       ??_C@_1BM@HEIDIPPL@?$AAL?$AAe?$AAf?$AAt?$AAP?$AAa?$AAn?$AAe?$AAl?$AAV?$AAi?$AAe?$AAw?$AA?$AA@ 00000001800188a0     ConEmuTh.obj
 0002:000008c0       ??_C@_1DC@FOGHAECG@?$AAF?$AAa?$AAr?$AAM?$AAu?$AAl?$AAt?$AAi?$AAV?$AAi?$AAe?$AAw?$AAC?$AAo?$AAn?$AAt?$AAr?$AAo?$AAl?$AAC?$AAl?$AAa?$AAs?$AAs?$AA?$AA@ 00000001800188c0     ConEmuTh.obj
 0002:000008f8       ??_C@_1DG@DBEAEOKG@?$AAF?$AAa?$AAr?$AAP?$AAi?$AAc?$AAt?$AAu?$AAr?$AAe?$AAV?$AAi?$AAe?$AAw?$AAC?$AAo?$AAn?$AAt?$AAr?$AAo?$AAl?$AAC?$AAl?$AAa?$AAs?$AAs?$AA?$AA@ 00000001800188f8     ConEmuTh.obj
 0002:00000930       ??_C@_1BI@GILFJGEK@?$AAB?$AAu?$AAt?$AAt?$AAo?$AAn?$AAC?$AAo?$AAl?$AAo?$AAr?$AA?$AA@ 0000000180018930     ConEmuTh.obj
 0002:00000948       ??_C@_1BK@NFAPLMGI@?$AAS?$AAe?$AAp?$AAa?$AAr?$AAa?$AAt?$AAe?$AAT?$AAa?$AAb?$AAs?$AA?$AA@ 0000000180018948     ConEmuTh.obj
 0002:00000968       ??_C@_1CG@HOMCPCN@?$AA?2?$AAP?$AAl?$AAu?$AAg?$AAi?$AAn?$AAs?$AA?2?$AAP?$AAa?$AAn?$AAe?$AAl?$AAT?$AAa?$AAb?$AAs?$AA?$AA@ 0000000180018968     ConEmuTh.obj
 0002:00000990       ??_C@_1O@EMLLFJNI@?$AAA?$AAc?$AAt?$AAi?$AAv?$AAe?$AA?$AA@ 0000000180018990     ConEmuTh.obj
 0002:000009a0       ??_C@_1BM@OLHABKH@?$AAF?$AAa?$AAr?$AAT?$AAh?$AAu?$AAm?$AAb?$AAn?$AAa?$AAi?$AAl?$AAs?$AA?$AA@ 00000001800189a0     ConEmuTh.obj
 0002:000009c0       ??_C@_1FO@BGAPBIGG@?$AAC?$AAa?$AAn?$AA?8?$AAt?$AA?5?$AAm?$AAa?$AAp?$AA?5?$AAc?$AAo?$AAn?$AAs?$AAo?$AAl?$AAe?$AA?5?$AAi?$AAn?$AAf?$AAo?$AA?5?$AA?$CI?$AA?$CF?$AAs?$AA?$CJ?$AA?4?$AA?5?$AAE?$AAr?$AAr@ 00000001800189c0     ConEmuTh.obj
 0002:00000a20       ??_C@_19EOHDNDII@?$AAR?$AAe?$AAa?$AAd?$AA?$AA@ 0000000180018a20     ConEmuTh.obj
 0002:00000a30       ??_C@_1BE@HADLJAO@?$AAR?$AAe?$AAa?$AAd?$AAW?$AAr?$AAi?$AAt?$AAe?$AA?$AA@ 0000000180018a30     ConEmuTh.obj
 0002:00000a50       ??_C@_1GM@LGOLGABE@?$AAC?$AAa?$AAn?$AA?8?$AAt?$AA?5?$AA?$CF?$AAs?$AA?5?$AAc?$AAo?$AAn?$AAs?$AAo?$AAl?$AAe?$AA?5?$AAd?$AAa?$AAt?$AAa?$AA?5?$AAf?$AAi?$AAl?$AAe?$AA?5?$AAm?$AAa?$AAp?$AAp?$AAi@ 0000000180018a50     ConEmuTh.obj
 0002:00000ac0       ??_C@_19BDAJEHDN@?$AAo?$AAp?$AAe?$AAn?$AA?$AA@ 0000000180018ac0     ConEmuTh.obj
 0002:00000ad0       ??_C@_1O@KBENBEFG@?$AAc?$AAr?$AAe?$AAa?$AAt?$AAe?$AA?$AA@ 0000000180018ad0     ConEmuTh.obj
 0002:00000ae0       ??_C@_1GK@OGACKIKJ@?$AAI?$AAn?$AAt?$AAe?$AAr?$AAn?$AAa?$AAl?$AA?5?$AAe?$AAr?$AAr?$AAo?$AAr?$AA?4?$AA?5?$AAM?$AAa?$AAp?$AAp?$AAi?$AAn?$AAg?$AA?5?$AAf?$AAi?$AAl?$AAe?$AA?5?$AAn?$AAa?$AAm@ 0000000180018ae0     ConEmuTh.obj
 0002:00000b50       ??_C@_1DM@JLCDNDHD@?$AAC?$AAo?$AAn?$AAE?$AAm?$AAu?$AAP?$AAa?$AAn?$AAe?$AAl?$AAV?$AAi?$AAe?$AAw?$AAD?$AAl?$AAg?$AAs?$AAM?$AAa?$AAp?$AAp?$AAi?$AAn?$AAg?$AA?4?$AA?$CF?$AAu?$AA?$AA@ 0000000180018b50     ConEmuTh.obj
 0002:00000b90       ??_C@_1BC@DJOGOIHN@?$AAC?$AAo?$AAn?$AAE?$AAm?$AAu?$AAT?$AAh?$AA?$AA@ 0000000180018b90     ConEmuTh.obj
 0002:00000ba8       ??_C@_1DA@BMIFHIMF@?$AAC?$AAo?$AAn?$AAE?$AAm?$AAu?$AAV?$AAi?$AAe?$AAw?$AAS?$AAe?$AAt?$AAM?$AAa?$AAp?$AAp?$AAi?$AAn?$AAg?$AA?4?$AA?$CF?$AAu?$AA?$AA@ 0000000180018ba8     ConEmuTh.obj
 0002:00000bd8       ??_C@_0M@FMNOKGGE@GetFarHWND2?$AA@ 0000000180018bd8     ConEmuTh.obj
 0002:00000be8       ??_C@_0BC@MKJHPCEO@RegisterPanelView?$AA@ 0000000180018be8     ConEmuTh.obj
 0002:00000c00       ??_C@_1BO@ONHPLONP@?$AAC?$AAo?$AAn?$AAE?$AAm?$AAu?$AA?4?$AAx?$AA6?$AA4?$AA?4?$AAd?$AAl?$AAl?$AA?$AA@ 0000000180018c00     ConEmuTh.obj
 0002:00000c20       ??_C@_1BE@LFJLOEAN@?$AAC?$AAo?$AAn?$AAE?$AAm?$AAu?$AAT?$AAh?$AA?2?$AA?$AA@ 0000000180018c20     ConEmuTh995.obj
 0002:00000c38       ??_C@_17JLFEDMMI@?$AA?$DP?$AA?$DP?$AA?$DP?$AA?$AA@ 0000000180018c38     ConEmuTh995.obj
 0002:00000c40       ??_C@_1BC@IALIJCAM@?$AAS?$AAo?$AAr?$AAt?$AAM?$AAo?$AAd?$AAe?$AA?$AA@ 0000000180018c40     ConEmuTh1900.obj
 0002:00000c58       ??_C@_1BG@MHMKAABO@?$AAS?$AAt?$AAa?$AAt?$AAu?$AAs?$AAL?$AAi?$AAn?$AAe?$AA?$AA@ 0000000180018c58     ConEmuTh1900.obj
 0002:00000c70       ??_C@_1BK@MBFACEDG@?$AAC?$AAo?$AAl?$AAu?$AAm?$AAn?$AAT?$AAi?$AAt?$AAl?$AAe?$AAs?$AA?$AA@ 0000000180018c70     ConEmuTh1900.obj
 0002:00000c90       ??_C@_1O@PDEOIOBG@?$AAK?$AAe?$AAy?$AAB?$AAa?$AAr?$AA?$AA@ 0000000180018c90     ConEmuTh1900.obj
 0002:00000ca0       ??_C@_1BI@EKLHEFDO@?$AAS?$AAh?$AAo?$AAw?$AAM?$AAe?$AAn?$AAu?$AAB?$AAa?$AAr?$AA?$AA@ 0000000180018ca0     ConEmuTh1900.obj
 0002:00000cb8       ??_C@_1DE@DJEAMLPH@?$AAC?$AAo?$AAn?$AAE?$AAm?$AAu?$AA?4?$AAM?$AAa?$AAx?$AAi?$AAm?$AAu?$AAs?$AA5?$AA?$EA?$AAg?$AAm?$AAa?$AAi?$AAl?$AA?4?$AAc?$AAo?$AAm?$AA?$AA@ 0000000180018cb8     ConEmuTh2800.obj
 0002:00000cf0       ??_C@_1EM@OOFEGLCO@?$AAT?$AAh?$AAu?$AAm?$AAb?$AAn?$AAa?$AAi?$AAl?$AAs?$AA?5?$AAa?$AAn?$AAd?$AA?5?$AAT?$AAi?$AAl?$AAe?$AAs?$AA?5?$AAi?$AAn?$AA?5?$AAC?$AAo?$AAn?$AAE?$AAm?$AAu?$AA?5?$AAw@ 0000000180018cf0     ConEmuTh2800.obj
 0002:00000d40       ??_C@_1CG@DMGPLFKD@?$AAC?$AAo?$AAn?$AAE?$AAm?$AAu?$AA?5?$AAP?$AAa?$AAn?$AAe?$AAl?$AA?5?$AAV?$AAi?$AAe?$AAw?$AAs?$AA?$AA@ 0000000180018d40     ConEmuTh2800.obj
 0002:00000d90       ??_C@_1EK@NOCLDABL@?$AAi?$AAf?$AA?5?$AA?$CF?$AAc?$AAP?$AAa?$AAn?$AAe?$AAl?$AA?4?$AAL?$AAe?$AAf?$AAt?$AA?5?$AAt?$AAh?$AAe?$AAn?$AA?5?$AAK?$AAe?$AAy?$AAs?$AA?$CI?$AA?$CC?$AAT?$AAa?$AAb?$AA?$CC?$AA?$CJ@ 0000000180018d90     Display.obj
 0002:00000de0       ??_C@_1DI@DLGGKEIH@?$AA$?$AAI?$AAf?$AA?5?$AA?$CI?$AA?$CF?$AAc?$AAP?$AAa?$AAn?$AAe?$AAl?$AA?4?$AAL?$AAe?$AAf?$AAt?$AA?$CJ?$AA?5?$AAT?$AAa?$AAb?$AA?5?$AA$?$AAE?$AAn?$AAd?$AA?$AA@ 0000000180018de0     Display.obj
 0002:00000e18       ??_C@_1M@KOMOBEPM@?$AA?$CF?$AAi?$AA?5?$AA?$CF?$AAc?$AA?$AA@ 0000000180018e18     Display.obj
 0002:00000e28       ??_C@_1BC@IBHKOKF@?$AA?$CF?$AAi?$AA?0?$AA?$CF?$AAi?$AA?5?$AA?$CF?$AAc?$AA?$AA@ 0000000180018e28     Display.obj
 0002:00000e40       ??_C@_1O@NLGMKEDN@?$AAB?$AAK?$AAM?$AAG?$AAT?$AAP?$AA?$AA@ 0000000180018e40     Display.obj
 0002:00000e50       ??_C@_1CO@LEOKLKOD@?$AA?$CF?$AA0?$AA2?$AAi?$AA?4?$AA?$CF?$AA0?$AA2?$AAi?$AA?4?$AA?$CF?$AA0?$AA2?$AAi?$AA?5?$AA?$CF?$AAi?$AA?3?$AA?$CF?$AA0?$AA2?$AAi?$AA?$AA@ 0000000180018e50     Display.obj
 0002:00000e80       ??_C@_1CM@MJKKOLFD@?$AAC?$AAo?$AAn?$AAE?$AAm?$AAu?$AA?4?$AA?$CF?$AAs?$AAP?$AAa?$AAn?$AAe?$AAl?$AAV?$AAi?$AAe?$AAw?$AA?4?$AA?$CF?$AAi?$AA?$AA@ 0000000180018e80     Display.obj
 0002:00000eb0       ??_C@_1M@KDEMMBOH@?$AAR?$AAi?$AAg?$AAh?$AAt?$AA?$AA@ 0000000180018eb0     Display.obj
 0002:00000ec0       ??_C@_19DKAIAFPE@?$AAL?$AAe?$AAf?$AAt?$AA?$AA@ 0000000180018ec0     Display.obj
 0002:00000ed0       ??_C@_1CI@GNBJKMME@?$AAC?$AAo?$AAn?$AAE?$AAm?$AAu?$AAT?$AAh?$AA?3?$AA?3?$AAM?$AAa?$AAp?$AAC?$AAo?$AAo?$AAr?$AAd?$AAs?$AA?$AA@ 0000000180018ed0     Display.obj
 0002:00000ef8       ??_C@_1CG@OILEFJJN@?$AAC?$AAo?$AAn?$AAE?$AAm?$AAu?$AAT?$AAh?$AA?3?$AA?3?$AAS?$AAe?$AAt?$AAt?$AAi?$AAn?$AAg?$AAs?$AA?$AA@ 0000000180018ef8     Display.obj
 0002:00000f20       ??_C@_1BO@IPKBELC@?$AAC?$AAo?$AAn?$AAE?$AAm?$AAu?$AAT?$AAh?$AA?3?$AA?3?$AAF?$AAa?$AAd?$AAe?$AA?$AA@ 0000000180018f20     Display.obj
 0002:00000f40       ??_C@_0L@DOHHADLD@CET_Cancel?$AA@ 0000000180018f40     ImgCache.obj
 0002:00000f50       ??_C@_08PFMFDMEL@CET_Free?$AA@ 0000000180018f50     ImgCache.obj
 0002:00000f60       ??_C@_08DBEDCDF@CET_Load?$AA@ 0000000180018f60     ImgCache.obj
 0002:00000f70       ??_C@_08CBCDAPII@CET_Done?$AA@ 0000000180018f70     ImgCache.obj
 0002:00000f80       ??_C@_08DHJJJJMJ@CET_Init?$AA@ 0000000180018f80     ImgCache.obj
 0002:00000f90       ??_C@_1M@KCMICNEG@?$AA?$CK?$AA?4?$AAt?$AA6?$AA4?$AA?$AA@ 0000000180018f90     ImgCache.obj
 0002:00000fa0       ??_C@_1BO@EOFABIPH@?$AAC?$AAo?$AAn?$AAE?$AAm?$AAu?$AAT?$AAh?$AA?4?$AAc?$AAa?$AAc?$AAh?$AAe?$AA?$AA@ 0000000180018fa0     ImgCache.obj
 0002:00000fc0       ??_C@_15DDHGOCBH@?$AA?4?$AA?4?$AA?$AA@ 0000000180018fc0     ImgCache.obj
 0002:00000fc8       ??_C@_19DDLLJDOO@?$AAF?$AAi?$AAl?$AAe?$AA?$AA@ 0000000180018fc8     ImgCache.obj
 0002:00000fd8       ??_C@_0N@DDFPJHDO@_GetFileData?$AA@ 0000000180018fd8     ImgCache.obj
 0002:00000fe8       ??_C@_1BE@DFPCIADA@?$AAP?$AAB?$AAF?$AAa?$AAr?$AA?4?$AAd?$AAl?$AAl?$AA?$AA@ 0000000180018fe8     ImgCache.obj
 0002:00001000       ??_C@_19EBFDIIDI@?$AA?4?$AAw?$AAm?$AAf?$AA?$AA@ 0000000180019000     ImgCache.obj
 0002:00001010       ??_C@_19HFLOJEOK@?$AA?4?$AAp?$AAn?$AAg?$AA?$AA@ 0000000180019010     ImgCache.obj
 0002:00001020       ??_C@_19GPGAIFNL@?$AA?4?$AAi?$AAc?$AAo?$AA?$AA@ 0000000180019020     ImgCache.obj
 0002:00001030       ??_C@_19KGHJPLAF@?$AA?4?$AAg?$AAi?$AAf?$AA?$AA@ 0000000180019030     ImgCache.obj
 0002:00001040       ??_C@_19HKLPDE@?$AA?4?$AAb?$AAm?$AAp?$AA?$AA@ 0000000180019040     ImgCache.obj
 0002:00001050       ??_7?$CQueueProcessor@PEAUIMAGE_CACHE_INFO@@@@6B@ 0000000180019050     ImgCache.obj
 0002:000010b0       ??_7CImgLoader@@6B@        00000001800190b0     ImgCache.obj
 0002:00001120       ??_C@_1CA@DHOHMJCG@?$AAU?$AAn?$AAi?$AAc?$AAo?$AAd?$AAe?$AA?5?$AAC?$AAh?$AAa?$AAr?$AAM?$AAa?$AAp?$AA?$AA@ 0000000180019120     RgnDetect.obj
 0002:00001140       ??_C@_0BK@DNNLOFO@SetSecurityDescriptorDacl?$AA@ 0000000180019140     MSecurity.obj
 0002:00001160       ??_C@_0BN@FNLANPJJ@InitializeSecurityDescriptor?$AA@ 0000000180019160     MSecurity.obj
 0002:00001180       ??_C@_0O@GKCEJBAA@InitializeAcl?$AA@ 0000000180019180     MSecurity.obj
 0002:00001190       ??_C@_0N@HBKDHKNL@GetLengthSid?$AA@ 0000000180019190     MSecurity.obj
 0002:000011a0       ??_C@_0BJ@ECIKFEOL@AllocateAndInitializeSid?$AA@ 00000001800191a0     MSecurity.obj
 0002:000011c0       ??_C@_0BD@EIGAJLOG@AddAccessDeniedAce?$AA@ 00000001800191c0     MSecurity.obj
 0002:000011d8       ??_C@_0BE@IPKPLIM@AddAccessAllowedAce?$AA@ 00000001800191d8     MSecurity.obj
 0002:000011f0       ??_C@_1BK@BIGILECK@?$AAA?$AAd?$AAv?$AAa?$AAp?$AAi?$AA3?$AA2?$AA?4?$AAd?$AAl?$AAl?$AA?$AA@ 00000001800191f0     MSecurity.obj
 0002:00001210       ??_C@_1BO@HJHEFHMO@?$AAK?$AAe?$AAr?$AAn?$AAe?$AAl?$AAB?$AAa?$AAs?$AAe?$AA?4?$AAd?$AAl?$AAl?$AA?$AA@ 0000000180019210     MSecurity.obj
 0002:00001230       ??_C@_15LKGMKBFA@?$AA0?$AA0?$AA?$AA@ 0000000180019230     MStrSafe.obj
 0002:00001238       ??_C@_1BC@LMIJMNIA@?$AA0?$AA0?$AA0?$AA0?$AA0?$AA0?$AA0?$AA0?$AA?$AA@ 0000000180019238     MStrSafe.obj
 0002:00001250       ??_C@_1EHK@JMHPNAMN@?$AAA?$AAC?$AAT?$AAI?$AAV?$AAA?$AAT?$AAE?$AA?$AA?$AAA?$AAL?$AAI?$AAA?$AAS?$AA?$AA?$AAA?$AAS?$AAS?$AAO?$AAC?$AA?$AA?$AAA?$AAT?$AAT?$AAR?$AAI?$AAB?$AA?$AA?$AAB?$AAE?$AAE?$AAP@ 0000000180019250     WinObjects.obj
 0002:000016d0       ??_C@_1BI@MPDCNJBA@?$AAt?$AAl?$AAn?$AAt?$AAs?$AAv?$AAr?$AA?4?$AAe?$AAx?$AAe?$AA?$AA@ 00000001800196d0     WinObjects.obj
 0002:000016e8       ??_C@_1BK@HHKNEJDC@?$AAt?$AAl?$AAn?$AAt?$AAs?$AAe?$AAs?$AAs?$AA?4?$AAe?$AAx?$AAe?$AA?$AA@ 00000001800196e8     WinObjects.obj
 0002:00001704       ??_C@_02PCIJFNDE@?$AN?6?$AA@ 0000000180019704     WinObjects.obj
 0002:00001708       _pDefaultRawDllMain        0000000180019708     libcmt:dllcrt0.obj
 0002:00001708       _pRawDllMain               0000000180019708     libcmt:dllcrt0.obj
 0002:00001710       ??_C@_0P@MIGLKIOC@CorExitProcess?$AA@ 0000000180019710     libcmt:crt0dat.obj
 0002:00001720       ??_C@_1BI@BGOHAHKC@?$AAm?$AAs?$AAc?$AAo?$AAr?$AAe?$AAe?$AA?4?$AAd?$AAl?$AAl?$AA?$AA@ 0000000180019720     libcmt:crt0dat.obj
 0002:00001740       _XcptActTab                0000000180019740     libcmt:winxfltr.obj
 0002:00001860       ??_C@_0P@GGKDKEEG@runtime?5error?5?$AA@ 0000000180019860     libcmt:crt0msg.obj
 0002:00001870       ??_C@_0O@MJNIPGOH@TLOSS?5error?$AN?6?$AA@ 0000000180019870     libcmt:crt0msg.obj
 0002:00001880       ??_C@_0N@BONNPDHF@SING?5error?$AN?6?$AA@ 0000000180019880     libcmt:crt0msg.obj
 0002:00001890       ??_C@_0P@MBDAJNE@DOMAIN?5error?$AN?6?$AA@ 0000000180019890     libcmt:crt0msg.obj
 0002:000018a0       ??_C@_0JL@DFDOOABL@R6034?$AN?6An?5application?5has?5made?5a@ 00000001800198a0     libcmt:crt0msg.obj
 0002:00001940       ??_C@_0PH@EPAFIJ@R6033?$AN?6?9?5Attempt?5to?5use?5MSIL?5cod@ 0000000180019940     libcmt:crt0msg.obj
 0002:00001a38       ??_C@_0DD@BKEEABMM@R6032?$AN?6?9?5not?5enough?5space?5for?5lo@ 0000000180019a38     libcmt:crt0msg.obj
 0002:00001a70       ??_C@_0GD@OFKILIED@R6031?$AN?6?9?5Attempt?5to?5initialize?5t@ 0000000180019a70     libcmt:crt0msg.obj
 0002:00001ad8       ??_C@_0BP@LPMHJOKI@R6030?$AN?6?9?5CRT?5not?5initialized?$AN?6?$AA@ 0000000180019ad8     libcmt:crt0msg.obj
 0002:00001af8       ??_C@_0CF@KJDAIALP@R6028?$AN?6?9?5unable?5to?5initialize?5he@ 0000000180019af8     libcmt:crt0msg.obj
 0002:00001b20       ??_C@_0DF@GAKBPDFP@R6027?$AN?6?9?5not?5enough?5space?5for?5lo@ 0000000180019b20     libcmt:crt0msg.obj
 0002:00001b58       ??_C@_0DF@IBLNNAIG@R6026?$AN?6?9?5not?5enough?5space?5for?5st@ 0000000180019b58     libcmt:crt0msg.obj
 0002:00001b90       ??_C@_0CG@IOHKGFNJ@R6025?$AN?6?9?5pure?5virtual?5function?5c@ 0000000180019b90     libcmt:crt0msg.obj
 0002:00001bb8       ??_C@_0DF@JIJJFJDC@R6024?$AN?6?9?5not?5enough?5space?5for?5_o@ 0000000180019bb8     libcmt:crt0msg.obj
 0002:00001bf0       ??_C@_0CJ@EGEJHFME@R6019?$AN?6?9?5unable?5to?5open?5console?5@ 0000000180019bf0     libcmt:crt0msg.obj
 0002:00001c20       ??_C@_0CB@GNHNIELH@R6018?$AN?6?9?5unexpected?5heap?5error?$AN?6@ 0000000180019c20     libcmt:crt0msg.obj
 0002:00001c48       ??_C@_0CN@FOLDKNG@R6017?$AN?6?9?5unexpected?5multithread?5@ 0000000180019c48     libcmt:crt0msg.obj
 0002:00001c78       ??_C@_0CM@FAHFJNHO@R6016?$AN?6?9?5not?5enough?5space?5for?5th@ 0000000180019c78     libcmt:crt0msg.obj
 0002:00001cb0       ??_C@_0JG@LBKMGKLD@?$AN?6This?5application?5has?5requested@ 0000000180019cb0     libcmt:crt0msg.obj
 0002:00001d48       ??_C@_0CM@FLCNIPKK@R6009?$AN?6?9?5not?5enough?5space?5for?5en@ 0000000180019d48     libcmt:crt0msg.obj
 0002:00001d78       ??_C@_0CK@KMMJOAPP@R6008?$AN?6?9?5not?5enough?5space?5for?5ar@ 0000000180019d78     libcmt:crt0msg.obj
 0002:00001da8       ??_C@_0CN@LEKKICBM@R6002?$AN?6?9?5floating?5point?5support?5@ 0000000180019da8     libcmt:crt0msg.obj
 0002:00001dd8       ??_C@_0CF@GOGNBNAK@Microsoft?5Visual?5C?$CL?$CL?5Runtime?5Lib@ 0000000180019dd8     libcmt:crt0msg.obj
 0002:00001e00       ??_C@_02PHMGELLB@?6?6?$AA@ 0000000180019e00     libcmt:crt0msg.obj
 0002:00001e04       ??_C@_03KHICJKCI@?4?4?4?$AA@ 0000000180019e04     libcmt:crt0msg.obj
 0002:00001e08       ??_C@_0BH@DNAGHKFM@?$DMprogram?5name?5unknown?$DO?$AA@ 0000000180019e08     libcmt:crt0msg.obj
 0002:00001e20       ??_C@_0BK@OFGJDLJJ@Runtime?5Error?$CB?6?6Program?3?5?$AA@ 0000000180019e20     libcmt:crt0msg.obj
 0002:00001e40       __newctype                 0000000180019e40     libcmt:ctype.obj
 0002:00002140       _wctype                    000000018001a140     libcmt:ctype.obj
 0002:00002350       __newclmap                 000000018001a350     libcmt:ctype.obj
 0002:000024d0       __newcumap                 000000018001a4d0     libcmt:ctype.obj
 0002:00002650       ??_C@_08JCCMCCIL@HH?3mm?3ss?$AA@ 000000018001a650     libcmt:strftime.obj
 0002:00002660       ??_C@_0BE@CKGJFCPC@dddd?0?5MMMM?5dd?0?5yyyy?$AA@ 000000018001a660     libcmt:strftime.obj
 0002:00002678       ??_C@_08BPBNCDIB@MM?1dd?1yy?$AA@ 000000018001a678     libcmt:strftime.obj
 0002:00002684       ??_C@_02CJNFDJBF@PM?$AA@   000000018001a684     libcmt:strftime.obj
 0002:00002688       ??_C@_02DEDBPAFC@AM?$AA@   000000018001a688     libcmt:strftime.obj
 0002:00002690       ??_C@_08EDHMEBNP@December?$AA@ 000000018001a690     libcmt:strftime.obj
 0002:000026a0       ??_C@_08HCHEGEOA@November?$AA@ 000000018001a6a0     libcmt:strftime.obj
 0002:000026b0       ??_C@_07JJNFCEND@October?$AA@ 000000018001a6b0     libcmt:strftime.obj
 0002:000026b8       ??_C@_09BHHEALKD@September?$AA@ 000000018001a6b8     libcmt:strftime.obj
 0002:000026c4       ??_C@_06LBBHFDDG@August?$AA@ 000000018001a6c4     libcmt:strftime.obj
 0002:000026cc       ??_C@_04MIEPOIFP@July?$AA@ 000000018001a6cc     libcmt:strftime.obj
 0002:000026d4       ??_C@_04CNLMGBGM@June?$AA@ 000000018001a6d4     libcmt:strftime.obj
 0002:000026dc       ??_C@_05DMJDNLEJ@April?$AA@ 000000018001a6dc     libcmt:strftime.obj
 0002:000026e4       ??_C@_05HPCKOFNC@March?$AA@ 000000018001a6e4     libcmt:strftime.obj
 0002:000026f0       ??_C@_08GNJGEPFN@February?$AA@ 000000018001a6f0     libcmt:strftime.obj
 0002:00002700       ??_C@_07CGJPFGJA@January?$AA@ 000000018001a700     libcmt:strftime.obj
 0002:00002708       ??_C@_03MKABNOCG@Dec?$AA@  000000018001a708     libcmt:strftime.obj
 0002:0000270c       ??_C@_03JPJOFNIA@Nov?$AA@  000000018001a70c     libcmt:strftime.obj
 0002:00002710       ??_C@_03BMAOKBAD@Oct?$AA@  000000018001a710     libcmt:strftime.obj
 0002:00002714       ??_C@_03GGCAPAJC@Sep?$AA@  000000018001a714     libcmt:strftime.obj
 0002:00002718       ??_C@_03IFJFEIGA@Aug?$AA@  000000018001a718     libcmt:strftime.obj
 0002:0000271c       ??_C@_03LBGABGKK@Jul?$AA@  000000018001a71c     libcmt:strftime.obj
 0002:00002720       ??_C@_03IDFGHECI@Jun?$AA@  000000018001a720     libcmt:strftime.obj
 0002:00002724       ??_C@_03CNMDKL@May?$AA@    000000018001a724     libcmt:strftime.obj
 0002:00002728       ??_C@_03LEOLGMJP@Apr?$AA@  000000018001a728     libcmt:strftime.obj
 0002:0000272c       ??_C@_03ODNJBKGA@Mar?$AA@  000000018001a72c     libcmt:strftime.obj
 0002:00002730       ??_C@_03HJBDCHOM@Feb?$AA@  000000018001a730     libcmt:strftime.obj
 0002:00002734       ??_C@_03JIHJHPIE@Jan?$AA@  000000018001a734     libcmt:strftime.obj
 0002:00002738       ??_C@_08INBOOONO@Saturday?$AA@ 000000018001a738     libcmt:strftime.obj
 0002:00002744       ??_C@_06JECMNKMI@Friday?$AA@ 000000018001a744     libcmt:strftime.obj
 0002:00002750       ??_C@_08HACCIKIA@Thursday?$AA@ 000000018001a750     libcmt:strftime.obj
 0002:00002760       ??_C@_09DLIGFAKA@Wednesday?$AA@ 000000018001a760     libcmt:strftime.obj
 0002:00002770       ??_C@_07BAAGCFCM@Tuesday?$AA@ 000000018001a770     libcmt:strftime.obj
 0002:00002778       ??_C@_06JLEDEDGH@Monday?$AA@ 000000018001a778     libcmt:strftime.obj
 0002:00002780       ??_C@_06OOPIFAJ@Sunday?$AA@ 000000018001a780     libcmt:strftime.obj
 0002:00002788       ??_C@_03FEFJNEK@Sat?$AA@   000000018001a788     libcmt:strftime.obj
 0002:0000278c       ??_C@_03IDIOELNC@Fri?$AA@  000000018001a78c     libcmt:strftime.obj
 0002:00002790       ??_C@_03IOFIKPDN@Thu?$AA@  000000018001a790     libcmt:strftime.obj
 0002:00002794       ??_C@_03MHOMLAJA@Wed?$AA@  000000018001a794     libcmt:strftime.obj
 0002:00002798       ??_C@_03NAGEINEP@Tue?$AA@  000000018001a798     libcmt:strftime.obj
 0002:0000279c       ??_C@_03PDAGKDH@Mon?$AA@   000000018001a79c     libcmt:strftime.obj
 0002:000027a0       ??_C@_03KOEHGMDN@Sun?$AA@  000000018001a7a0     libcmt:strftime.obj
 0002:000027a4       ??_C@_13NOLLCAOD@?$AA?$AA?$AA?$AA@ 000000018001a7a4     libcmt:a_str.obj
 0002:000027a8       ??_C@_0BI@DFKBFLJE@GetProcessWindowStation?$AA@ 000000018001a7a8     libcmt:crtmbox.obj
 0002:000027c0       ??_C@_0BK@CIDNPOGP@GetUserObjectInformationA?$AA@ 000000018001a7c0     libcmt:crtmbox.obj
 0002:000027e0       ??_C@_0BD@HHGDFDBJ@GetLastActivePopup?$AA@ 000000018001a7e0     libcmt:crtmbox.obj
 0002:000027f8       ??_C@_0BA@HNOPNCHB@GetActiveWindow?$AA@ 000000018001a7f8     libcmt:crtmbox.obj
 0002:00002808       ??_C@_0M@CHKKJDAI@MessageBoxA?$AA@ 000000018001a808     libcmt:crtmbox.obj
 0002:00002818       ??_C@_0L@NDEGIDAG@USER32?4DLL?$AA@ 000000018001a818     libcmt:crtmbox.obj
 0002:00002828       __dnames                   000000018001a828     libcmt:timeset.obj
 0002:00002840       __mnames                   000000018001a840     libcmt:timeset.obj
 0002:00002878       __rtc_iaa                  000000018001a878     libcmt:_initsect_.obj
 0002:00002880       __rtc_izz                  000000018001a880     libcmt:_initsect_.obj
 0002:00002888       __rtc_taa                  000000018001a888     libcmt:_initsect_.obj
 0002:00002890       __rtc_tzz                  000000018001a890     libcmt:_initsect_.obj
 0002:0000356c       __IMPORT_DESCRIPTOR_VERSION 000000018001b56c     version:VERSION.dll
 0002:00003580       __IMPORT_DESCRIPTOR_KERNEL32 000000018001b580     kernel32:KERNEL32.dll
 0002:00003594       __IMPORT_DESCRIPTOR_USER32 000000018001b594     user32:USER32.dll
 0002:000035a8       __IMPORT_DESCRIPTOR_GDI32  000000018001b5a8     gdi32:GDI32.dll
 0002:000035bc       __IMPORT_DESCRIPTOR_ADVAPI32 000000018001b5bc     advapi32:ADVAPI32.dll
 0002:000035d0       __IMPORT_DESCRIPTOR_SHELL32 000000018001b5d0     shell32:SHELL32.dll
 0002:000035e4       __IMPORT_DESCRIPTOR_ole32  000000018001b5e4     ole32:ole32.dll
 0002:000035f8       __NULL_IMPORT_DESCRIPTOR   000000018001b5f8     version:VERSION.dll
 0003:00000000       ?gbPreloadByDefault@@3HA   000000018001d000     ConEmuTh.obj
 0003:00000008       ?gcrCurColors@@3PEAKEA     000000018001d008     ConEmuTh.obj
 0003:00000010       ?Far3Func@@3PAUExportFunc@@A 000000018001d010     ConEmuTh.obj
 0003:00000058       ?guid_ConEmuTh@@3U_GUID@@A 000000018001d058     ConEmuTh2800.obj
 0003:00000068       ?guid_ConEmuThPluginMenu@@3U_GUID@@A 000000018001d068     ConEmuTh2800.obj
 0003:00000078       ?gsInternalCommands@@3PEB_WEB 000000018001d078     WinObjects.obj
 0003:00000080       __flsindex                 000000018001d080     libcmt:tidtable.obj
 0003:00000088       _aexit_rtn                 000000018001d088     libcmt:crt0dat.obj
 0003:00000090       __badioinfo                000000018001d090     libcmt:ioinit.obj
 0003:000000e8       _amblksiz                  000000018001d0e8     libcmt:heapinit.obj
 0003:000000ec       _First_FPE_Indx            000000018001d0ec     libcmt:winxfltr.obj
 0003:000000f0       _Num_FPE                   000000018001d0f0     libcmt:winxfltr.obj
 0003:000000f4       _XcptActTabSize            000000018001d0f4     libcmt:winxfltr.obj
 0003:000000f8       _XcptActTabCount           000000018001d0f8     libcmt:winxfltr.obj
 0003:00000350       __clocalestr               000000018001d350     libcmt:nlsdata2.obj
 0003:00000360       __initiallocinfo           000000018001d360     libcmt:nlsdata2.obj
 0003:000004c0       __ptlocinfo                000000018001d4c0     libcmt:nlsdata2.obj
 0003:000004c8       __lc_clike                 000000018001d4c8     libcmt:nlsdata2.obj
 0003:000004d0       __initiallocalestructinfo  000000018001d4d0     libcmt:nlsdata2.obj
 0003:000004e0       __initialmbcinfo           000000018001d4e0     libcmt:mbctype.obj
 0003:00000700       _mbctype                   000000018001d700     libcmt:mbctype.obj
 0003:00000810       _mbcasemap                 000000018001d810     libcmt:mbctype.obj
 0003:00000910       __ptmbcinfo                000000018001d910     libcmt:mbctype.obj
 0003:00000cf0       _cfltcvt_tab               000000018001dcf0     libcmt:cmiscdat.obj
 0003:00000d40       __security_cookie          000000018001dd40     libcmt:gs_cookie.obj
 0003:00000d48       __security_cookie_complement 000000018001dd48     libcmt:gs_cookie.obj
 0003:00000d50       _pctype                    000000018001dd50     libcmt:ctype.obj
 0003:00000d58       _pwctype                   000000018001dd58     libcmt:ctype.obj
 0003:00000d60       __lc_time_c                000000018001dd60     libcmt:strftime.obj
 0003:00000ec8       __lc_time_curr             000000018001dec8     libcmt:strftime.obj
 0003:00000ed0       __lconv_static_decimal     000000018001ded0     libcmt:lconv.obj
 0003:00000ee0       __lconv_c                  000000018001dee0     libcmt:lconv.obj
 0003:00000f38       __lconv                    000000018001df38     libcmt:lconv.obj
 0003:00000f40       __globallocalestatus       000000018001df40     libcmt:glstatus.obj
 0003:00000f48       __mb_cur_max               000000018001df48     libcmt:nlsdata1.obj
 0003:00000f4c       __decimal_point            000000018001df4c     libcmt:nlsdata1.obj
 0003:00000f50       __decimal_point_length     000000018001df50     libcmt:nlsdata1.obj
 0003:00000f60       __abort_behavior           000000018001df60     libcmt:abort.obj
 0003:00000f70       _timezone                  000000018001df70     libcmt:timeset.obj
 0003:00000f74       _daylight                  000000018001df74     libcmt:timeset.obj
 0003:00000f78       _dstbias                   000000018001df78     libcmt:timeset.obj
 0003:00001000       _tzname                    000000018001e000     libcmt:timeset.obj
 0003:00001030       _lpdays                    000000018001e030     libcmt:days.obj
 0003:00001068       _days                      000000018001e068     libcmt:days.obj
 0003:000010a0       ?gsHardLink@@3PA_WA        000000018001e0a0     ConEmuTh.obj
 0003:00001120       ?gsJunction@@3PA_WA        000000018001e120     ConEmuTh.obj
 0003:000011a0       ?gsSymLink@@3PA_WA         000000018001e1a0     ConEmuTh.obj
 0003:00001220       ?gsTitleThumbs@@3PA_WA     000000018001e220     ConEmuTh.obj
 0003:000012a0       ?gsTitleTiles@@3PA_WA      000000018001e2a0     ConEmuTh.obj
 0003:00001320       ?gsFolder@@3PA_WA          000000018001e320     ConEmuTh.obj
 0003:000013a0       ?gdwModes@@3PAKA           000000018001e3a0     ConEmuTh.obj
 0003:000013a8       ?ghConEmuRoot@@3PEAUHWND__@@EA 000000018001e3a8     ConEmuTh.obj
 0003:000013b0       ?gThSet@@3UPanelViewSetMapping@@A 000000018001e3b0     ConEmuTh.obj
 0003:000015c8       ?ghConEmuWnd@@3PEAUHWND__@@EA 000000018001e5c8     ConEmuTh.obj
 0003:000015d0       ?ghPluginModule@@3PEAUHINSTANCE__@@EA 000000018001e5d0     ConEmuTh.obj
 0003:000015d8       ?TerminalMode@@3HA         000000018001e5d8     ConEmuTh.obj
 0003:000015dc       ?gnSelfPID@@3KA            000000018001e5dc     ConEmuTh.obj
 0003:000015e0       ?gnMainThreadId@@3KA       000000018001e5e0     ConEmuTh.obj
 0003:000015e4       ?gnMainThreadIdInitial@@3KA 000000018001e5e4     ConEmuTh.obj
 0003:000015e8       ?ghDisplayThread@@3PEAXEA  000000018001e5e8     ConEmuTh.obj
 0003:000015f0       ?gnDisplayThreadId@@3KA    000000018001e5f0     ConEmuTh.obj
 0003:000015f4       ?gbFadeColors@@3_NA        000000018001e5f4     ConEmuTh.obj
 0003:000015f5       ?gbFarPanelsReady@@3_NA    000000018001e5f5     ConEmuTh.obj
 0003:000015f6       ?gbConsoleChangesSyncho@@3_NA 000000018001e5f6     ConEmuTh.obj
 0003:000015f7       ?gbSynchoRedrawPanelRequested@@3_NA 000000018001e5f7     ConEmuTh.obj
 0003:000015f8       ?gFarVersion@@3UFarVersion@@A 000000018001e5f8     ConEmuTh.obj
 0003:00001600       ?gfRegisterPanelView@@3P6AHPEAUPanelViewInit@@@ZEA 000000018001e600     ConEmuTh.obj
 0003:00001608       ?gfGetFarHWND2@@3P6APEAUHWND__@@H@ZEA 000000018001e608     ConEmuTh.obj
 0003:00001610       ?pviLeft@@3UCeFullPanelInfo@@A 000000018001e610     ConEmuTh.obj
 0003:000018d0       ?pviRight@@3UCeFullPanelInfo@@A 000000018001e8d0     ConEmuTh.obj
 0003:00001b90       ?gpRgnDetect@@3PEAVCRgnDetect@@EA 000000018001eb90     ConEmuTh.obj
 0003:00001b98       ?gpImgCache@@3PEAVCImgCache@@EA 000000018001eb98     ConEmuTh.obj
 0003:00001ba0       ?gFarInfo@@3UCEFAR_INFO_MAPPING@@A 000000018001eba0     ConEmuTh.obj
 0003:000020d8       ?gnRgnDetectFlags@@3KA     000000018001f0d8     ConEmuTh.obj
 0003:000020dc       ?gFarPanelSettings@@3UCEFarPanelSettings@@A 000000018001f0dc     ConEmuTh.obj
 0003:000020e0       ?gpLocalSecurity@@3PEAU_SECURITY_ATTRIBUTES@@EA 000000018001f0e0     ConEmuTh.obj
 0003:000020e8       ?gFarInterfaceSettings@@3UCEFarInterfaceSettings@@A 000000018001f0e8     ConEmuTh.obj
 0003:000020ec       ?gnWaitForKeySeqTick@@3KA  000000018001f0ec     ConEmuTh.obj
 0003:000020f0       ?wScanCodeUp@@3GA          000000018001f0f0     ConEmuTh.obj
 0003:000020f4       ?wScanCodeDown@@3GA        000000018001f0f4     ConEmuTh.obj
 0003:000020f8       ?gnConsoleChanges@@3KA     000000018001f0f8     ConEmuTh.obj
 0003:000020fc       ?gbInfoW_OK@@3HA           000000018001f0fc     ConEmuTh.obj
 0003:00002100       ?gpLastSynchroArg@@3PEAUConEmuThSynchroArg@@EA 000000018001f100     ConEmuTh.obj
 0003:00002108       ?gpDbgDlg@@3PEAV?$MFileMapping@Utag_DetectedDialog@@@@EA 000000018001f108     ConEmuTh.obj
 0003:00002118       ?InfoW995@@3PEAUPluginStartupInfo@@EA 000000018001f118     ConEmuTh995.obj
 0003:00002120       ?FSFW995@@3PEAUFarStandardFunctions@@EA 000000018001f120     ConEmuTh995.obj
 0003:00002340       ?InfoW1900@@3PEAUPluginStartupInfo@@EA 000000018001f340     ConEmuTh1900.obj
 0003:00002348       ?FSFW1900@@3PEAUFarStandardFunctions@@EA 000000018001f348     ConEmuTh1900.obj
 0003:00002350       ?LastIndex@?1??Color2FgIndex@Far3Color@@SAXKAEAG@Z@4HA 000000018001f350     ConEmuTh1900.obj
 0003:00002354       ?LastColor@?1??Color2FgIndex@Far3Color@@SAXKAEAG@Z@4KA 000000018001f354     ConEmuTh1900.obj
 0003:00002358       ?LastIndex@?1??Color2BgIndex@Far3Color@@SAXKHAEAG@Z@4HA 000000018001f358     ConEmuTh1900.obj
 0003:0000235c       ?LastColor@?1??Color2BgIndex@Far3Color@@SAXKHAEAG@Z@4KA 000000018001f35c     ConEmuTh1900.obj
 0003:00002570       ?InfoW2800@@3PEAUPluginStartupInfo@@EA 000000018001f570     ConEmuTh2800.obj
 0003:00002578       ?FSFW2800@@3PEAUFarStandardFunctions@@EA 000000018001f578     ConEmuTh2800.obj
 0003:00002790       ?InfoA@@3PEAUPluginStartupInfo@@EA 000000018001f790     ConEmuThA.obj
 0003:00002798       ?FSFA@@3PEAUFarStandardFunctions@@EA 000000018001f798     ConEmuThA.obj
 0003:000028b8       ?ghCreateEvent@@3PEAXEA    000000018001f8b8     Display.obj
 0003:000028c0       ?gnCreateViewError@@3HA    000000018001f8c0     Display.obj
 0003:000028c4       ?gnWin32Error@@3KA         000000018001f8c4     Display.obj
 0003:000028c8       ?gbCancelAll@@3HA          000000018001f8c8     Display.obj
 0003:000028cc       ?gnConEmuFadeMsg@@3IA      000000018001f8cc     Display.obj
 0003:000028d0       ?gnConEmuSettingsMsg@@3IA  000000018001f8d0     Display.obj
 0003:000028d4       ?gnMapCoordMsg@@3IA        000000018001f8d4     Display.obj
 0003:000028d8       ?ghUpIcon@@3PEAUHICON__@@EA 000000018001f8d8     ImgCache.obj
 0003:000028e8       ?gbInCommonShutdown@@3HA   000000018001f8e8     Common.obj
 0003:000028f0       ?OnShutdownConsole@@3P6AXXZEA 000000018001f8f0     Common.obj
 0003:000028f8       ?ghHeap@@3PEAXEA           000000018001f8f8     Memory.obj
 0003:00002900       ?gNullDesc@@3PEAVMNullDesc@@EA 000000018001f900     MSecurity.obj
 0003:00002908       ?Is_Window@@3P6AHPEAUHWND__@@@ZEA 000000018001f908     WinObjects.obj
 0003:0000291c       __error_mode               000000018001f91c     libcmt:dllcrt0.obj
 0003:00002920       _aenvptr                   000000018001f920     libcmt:dllcrt0.obj
 0003:00002928       _wenvptr                   000000018001f928     libcmt:dllcrt0.obj
 0003:00002930       __app_type                 000000018001f930     libcmt:dllcrt0.obj
 0003:00002934       _maxwait                   000000018001f934     libcmt:crtheap.obj
 0003:00002938       _umaskval                  000000018001f938     libcmt:crt0dat.obj
 0003:0000293c       __argc                     000000018001f93c     libcmt:crt0dat.obj
 0003:00002940       __argv                     000000018001f940     libcmt:crt0dat.obj
 0003:00002948       __wargv                    000000018001f948     libcmt:crt0dat.obj
 0003:00002950       _environ                   000000018001f950     libcmt:crt0dat.obj
 0003:00002958       __initenv                  000000018001f958     libcmt:crt0dat.obj
 0003:00002960       _wenviron                  000000018001f960     libcmt:crt0dat.obj
 0003:00002968       __winitenv                 000000018001f968     libcmt:crt0dat.obj
 0003:00002970       _pgmptr                    000000018001f970     libcmt:crt0dat.obj
 0003:00002978       _wpgmptr                   000000018001f978     libcmt:crt0dat.obj
 0003:00002980       _exitflag                  000000018001f980     libcmt:crt0dat.obj
 0003:00002984       _C_Termination_Done        000000018001f984     libcmt:crt0dat.obj
 0003:00002988       _C_Exit_Done               000000018001f988     libcmt:crt0dat.obj
 0003:00002aa0       _crtheap                   000000018001faa0     libcmt:heapinit.obj
 0003:00002ce0       __locale_changed           000000018001fce0     libcmt:setlocal.obj
 0003:00002ce8       __lc_handle                000000018001fce8     libcmt:nlsdata2.obj
 0003:00002d00       __lc_codepage              000000018001fd00     libcmt:nlsdata2.obj
 0003:00002d04       __lc_collate_cp            000000018001fd04     libcmt:nlsdata2.obj
 0003:00002d10       __mbulinfo                 000000018001fd10     libcmt:mbctype.obj
 0003:00002d1c       __mbcodepage               000000018001fd1c     libcmt:mbctype.obj
 0003:00002d20       __ismbcodepage             000000018001fd20     libcmt:mbctype.obj
 0003:00002d24       __mblcid                   000000018001fd24     libcmt:mbctype.obj
 0003:00003048       __pInvalidArgHandler       0000000180020048     libcmt:invarg.obj
 0003:00003050       ?__pInconsistency@@3P6AXXZEA 0000000180020050     libcmt:hooks.obj
 0003:00003090       __pPurecall                0000000180020090     libcmt:inithelp.obj
 0003:000030a0       ?_pnhHeap@@3P6AH_K@ZEA     00000001800200a0     libcmt:handler.obj
 0003:000030a8       __lconv_static_null        00000001800200a8     libcmt:lconv.obj
 0003:000030b4       _newmode                   00000001800200b4     libcmt:_newmode.obj
 0003:00003710       _debugger_hook_dummy       0000000180020710     <common>
 0003:00003714       _nhandle                   0000000180020714     <common>
 0003:00003720       __pioinfo                  0000000180020720     <common>
 0003:00003920       __env_initialized          0000000180020920     <common>
 0003:00003928       __onexitend                0000000180020928     <common>
 0003:00003930       __onexitbegin              0000000180020930     <common>
 0003:00003938       __mbctype_initialized      0000000180020938     <common>
 0003:00003940       _FPinit                    0000000180020940     <common>
 0003:00003948       __dyn_tls_init_callback    0000000180020948     <common>
 0003:00003950       _acmdln                    0000000180020950     <common>
 0003:00003958       _pDestructExceptionObject  0000000180020958     <common>

 entry point at        0001:000119f4

 Static symbols

 0001:00000000       ?LoadFarVersion@@YA_NAEAUFarVersion@@AEAY0CAA@_W@Z 0000000180001000 f   ConEmuTh.obj
 0001:000002b8       ?ChangeExports@@YA_NPEBUExportFunc@@PEAUHINSTANCE__@@@Z 00000001800012b8 f   ConEmuTh.obj
 0001:000030d8       ?LoadFarSettingsW995@@YAXPEAUCEFarInterfaceSettings@@PEAUCEFarPanelSettings@@@Z 00000001800040d8 f   ConEmuTh995.obj
 0001:00004218       ?GetFarSetting@@YAHPEAX_KPEB_W@Z 0000000180005218 f   ConEmuTh1900.obj
 0001:00004268       ?LoadFarSettingsW1900@@YAXPEAUCEFarInterfaceSettings@@PEAUCEFarPanelSettings@@@Z 0000000180005268 f   ConEmuTh1900.obj
 0001:00005664       ?GetFarSetting@@YAHPEAX_KPEB_W@Z 0000000180006664 f   ConEmuTh2800.obj
 0001:000056bc       ?LoadFarSettingsW2800@@YAXPEAUCEFarInterfaceSettings@@PEAUCEFarPanelSettings@@@Z 00000001800066bc f   ConEmuTh2800.obj
 0001:00006570       ?LoadFarSettingsA@@YAXPEAUCEFarInterfaceSettings@@PEAUCEFarPanelSettings@@@Z 0000000180007570 f   ConEmuThA.obj
 0001:000118dc       __DllMainCRTStartup        00000001800128dc f   libcmt:dllcrt0.obj
 0001:00012174       _initterm                  0000000180013174 f   libcmt:crt0dat.obj
 0001:00012294       doexit                     0000000180013294 f   libcmt:crt0dat.obj
 0001:00012930       parse_cmdline              0000000180013930 f   libcmt:stdargv.obj
 0001:0001363c       _updatetlocinfoEx_nolock   000000018001463c f   libcmt:setlocal.obj
 0001:0001370c       ?setSBCS@@YAXPEAUthreadmbcinfostruct@@@Z 000000018001470c f   libcmt:mbctype.obj
 0001:000137a0       ?setSBUpLow@@YAXPEAUthreadmbcinfostruct@@@Z 00000001800147a0 f   libcmt:mbctype.obj
 0001:00013aec       ?getSystemCP@@YAHH@Z       0000000180014aec f   libcmt:mbctype.obj
 0001:00014d18       ?x_ismbbtype_l@@YAHPEAUlocaleinfo_struct@@IHH@Z 0000000180015d18 f   libcmt:ismbbyte.obj
 0001:00015360       ?__crtGetStringTypeA_stat@@YAHPEAUlocaleinfo_struct@@KPEBDHPEAGHHH@Z 0000000180016360 f   libcmt:a_str.obj
 0001:00015728       ?__crtLCMapStringA_stat@@YAHPEAUlocaleinfo_struct@@KKPEBDHPEADHHH@Z 0000000180016728 f   libcmt:a_map.obj
 0001:000165cc       ?strtoxl@@YAKPEAUlocaleinfo_struct@@PEBDPEAPEBDHH@Z 00000001800175cc f   libcmt:strtol.obj
 0001:00016910       __DllMainCRTStartup$filt$0 0000000180017910 f   libcmt:dllcrt0.obj
 0001:00016930       _IsNonwritableInCurrentImage$filt$0 0000000180017930 f   libcmt:pesect.obj
 0001:00016951       _freefls$fin$1             0000000180017951 f   libcmt:tidtable.obj
 0001:00016951       _initptd$fin$1             0000000180017951 f   libcmt:tidtable.obj
 0001:00016971       _freefls$fin$0             0000000180017971 f   libcmt:tidtable.obj
 0001:00016971       _initptd$fin$0             0000000180017971 f   libcmt:tidtable.obj
 0001:0001698a       doexit$fin$0               000000018001798a f   libcmt:crt0dat.obj
 0001:000169ac       _mtinitlocknum$fin$0       00000001800179ac f   libcmt:mlock.obj
 0001:000169c8       __updatetlocinfo$fin$0     00000001800179c8 f   libcmt:setlocal.obj
 0001:000169e1       __updatetmbcinfo$fin$0     00000001800179e1 f   libcmt:mbctype.obj
 0001:000169e1       _setmbcp$fin$0             00000001800179e1 f   libcmt:mbctype.obj
 0001:000169fa       _onexit$fin$0              00000001800179fa f   libcmt:onexit.obj
 0001:00016a0e       raise$fin$0                0000000180017a0e f   libcmt:winsig.obj
 0001:00016a2a       __crtInitCritSecAndSpinCount$filt$0 0000000180017a2a f   libcmt:initcrit.obj
