 ico

 Timestamp is 52ae3ad2 (Mon Dec 16 03:27:14 2013)

 Preferred load address is 0000000180000000

 Start         Length     Name                   Class
 0001:00000000 000000f0H .idata$5                CODE
 0001:000000f0 00000700H .rdata                  CODE
 0001:000007f0 00000060H .rdata$debug            CODE
 0001:00000850 000023f4H .text                   CODE
 0001:00002c50 0000005eH .text$00                CODE
 0001:00002cb0 000002f0H .xdata                  CODE
 0001:00002fa0 00000050H .idata$2                CODE
 0001:00002ff0 00000014H .idata$3                CODE
 0001:00003008 000000f0H .idata$4                CODE
 0001:000030f8 00000200H .idata$6                CODE
 0001:00003300 00000091H .edata                  CODE
 0002:00000000 00000000H .data                   DATA
 0002:00000000 00000080H .bss                    DATA
 0003:00000000 00000264H .pdata                  DATA
 0004:00000000 00000058H .rsrc$01                DATA
 0004:00000060 00000258H .rsrc$02                DATA

  Address         Publics by Value              Rva+Base               Lib:Object

 0000:00000000       ___safe_se_handler_table   0000000000000000     <absolute>
 0000:00000000       ___safe_se_handler_count   0000000000000000     <absolute>
 0000:00000000       __ImageBase                0000000180000000     <linker-defined>
 0001:00000000       __imp_HeapFree             0000000180001000     kernel32:KERNEL32.dll
 0001:00000008       __imp_GetProcessHeap       0000000180001008     kernel32:KERNEL32.dll
 0001:00000010       __imp_HeapAlloc            0000000180001010     kernel32:KERNEL32.dll
 0001:00000018       __imp_HeapReAlloc          0000000180001018     kernel32:KERNEL32.dll
 0001:00000020       __imp_SystemTimeToFileTime 0000000180001020     kernel32:KERNEL32.dll
 0001:00000028       __imp_GetLocalTime         0000000180001028     kernel32:KERNEL32.dll
 0001:00000030       __imp_HeapCreate           0000000180001030     kernel32:KERNEL32.dll
 0001:00000038       __imp_HeapDestroy          0000000180001038     kernel32:KERNEL32.dll
 0001:00000040       __imp_HeapValidate         0000000180001040     kernel32:KERNEL32.dll
 0001:00000048       __imp_MultiByteToWideChar  0000000180001048     kernel32:KERNEL32.dll
 0001:00000050       __imp_lstrlenA             0000000180001050     kernel32:KERNEL32.dll
 0001:00000058       __imp_lstrlenW             0000000180001058     kernel32:KERNEL32.dll
 0001:00000060       \177KERNEL32_NULL_THUNK_DATA 0000000180001060     kernel32:KERNEL32.dll
 0001:00000068       __imp_wsprintfW            0000000180001068     user32:USER32.dll
 0001:00000070       \177USER32_NULL_THUNK_DATA 0000000180001070     user32:USER32.dll
 0001:00000078       __imp_GdipCloneImage       0000000180001078     gdiplus:gdiplus.dll
 0001:00000080       __imp_GdiplusStartup       0000000180001080     gdiplus:gdiplus.dll
 0001:00000088       __imp_GdipAlloc            0000000180001088     gdiplus:gdiplus.dll
 0001:00000090       __imp_GdipFree             0000000180001090     gdiplus:gdiplus.dll
 0001:00000098       __imp_GdipDisposeImage     0000000180001098     gdiplus:gdiplus.dll
 0001:000000a0       __imp_GdipGetImagePixelFormat 00000001800010a0     gdiplus:gdiplus.dll
 0001:000000a8       __imp_GdipCreateBitmapFromStream 00000001800010a8     gdiplus:gdiplus.dll
 0001:000000b0       __imp_GdipCreateBitmapFromStreamICM 00000001800010b0     gdiplus:gdiplus.dll
 0001:000000b8       __imp_GdipBitmapLockBits   00000001800010b8     gdiplus:gdiplus.dll
 0001:000000c0       __imp_GdipBitmapUnlockBits 00000001800010c0     gdiplus:gdiplus.dll
 0001:000000c8       __imp_GdiplusShutdown      00000001800010c8     gdiplus:gdiplus.dll
 0001:000000d0       \177gdiplus_NULL_THUNK_DATA 00000001800010d0     gdiplus:gdiplus.dll
 0001:000000d8       __imp_CoUninitialize       00000001800010d8     ole32:ole32.dll
 0001:000000e0       __imp_CoInitialize         00000001800010e0     ole32:ole32.dll
 0001:000000e8       \177ole32_NULL_THUNK_DATA  00000001800010e8     ole32:ole32.dll
 0001:00000110       ??_7Image@Gdiplus@@6B@     0000000180001110     ico.obj
 0001:00000120       ??_7Bitmap@Gdiplus@@6B@    0000000180001120     ico.obj
 0001:00000130       ??_7MStream@@6B@           0000000180001130     ico.obj
 0001:000001a0       ??_C@_1BA@HKGHICED@?$AAI?$AAC?$AAO?$AA?4?$AAD?$AAI?$AAB?$AA?$AA@ 00000001800011a0     ico.obj
 0001:000001b0       ??_C@_1BA@KIENHNBI@?$AAI?$AAC?$AAO?$AA?4?$AAP?$AAN?$AAG?$AA?$AA@ 00000001800011b0     ico.obj
 0001:000001c0       ??_C@_1DE@JEFKLGFF@?$AA?$CF?$AAi?$AA?5?$AAx?$AA?5?$AA?$CF?$AAi?$AA?5?$AAx?$AA?5?$AA?$CF?$AAi?$AAb?$AAp?$AAp?$AA?5?$AA?$FL?$AA?$CF?$AAi?$AA?$FN?$AA?5?$AA?$CF?$AAs?$AA?$CF?$AAs?$AA?$AA@ 00000001800011c0     ico.obj
 0001:000001f8       ??_C@_1O@PALLNO@?$AA?5?$AA?$FL?$AAP?$AAN?$AAG?$AA?$FN?$AA?$AA@ 00000001800011f8     ico.obj
 0001:00000208       ??_C@_17IILLPF@?$AAC?$AAU?$AAR?$AA?$AA@ 0000000180001208     ico.obj
 0001:00000210       ??_C@_11LOCGONAA@?$AA?$AA@ 0000000180001210     ico.obj
 0001:00000218       ??_C@_17OGLEMJPJ@?$AAI?$AAC?$AAO?$AA?$AA@ 0000000180001218     ico.obj
 0001:00000220       IID_IUnknown               0000000180001220     uuid:unknwn_i.obj
 0001:00000230       IID_AsyncIUnknown          0000000180001230     uuid:unknwn_i.obj
 0001:00000240       IID_IClassFactory          0000000180001240     uuid:unknwn_i.obj
 0001:00000250       IID_IMarshal               0000000180001250     uuid:objidl_i.obj
 0001:00000260       IID_IMarshal2              0000000180001260     uuid:objidl_i.obj
 0001:00000270       IID_IMalloc                0000000180001270     uuid:objidl_i.obj
 0001:00000280       IID_IMallocSpy             0000000180001280     uuid:objidl_i.obj
 0001:00000290       IID_IStdMarshalInfo        0000000180001290     uuid:objidl_i.obj
 0001:000002a0       IID_IExternalConnection    00000001800012a0     uuid:objidl_i.obj
 0001:000002b0       IID_IMultiQI               00000001800012b0     uuid:objidl_i.obj
 0001:000002c0       IID_AsyncIMultiQI          00000001800012c0     uuid:objidl_i.obj
 0001:000002d0       IID_IInternalUnknown       00000001800012d0     uuid:objidl_i.obj
 0001:000002e0       IID_IEnumUnknown           00000001800012e0     uuid:objidl_i.obj
 0001:000002f0       IID_IBindCtx               00000001800012f0     uuid:objidl_i.obj
 0001:00000300       IID_IEnumMoniker           0000000180001300     uuid:objidl_i.obj
 0001:00000310       IID_IRunnableObject        0000000180001310     uuid:objidl_i.obj
 0001:00000320       IID_IRunningObjectTable    0000000180001320     uuid:objidl_i.obj
 0001:00000330       IID_IPersist               0000000180001330     uuid:objidl_i.obj
 0001:00000340       IID_IPersistStream         0000000180001340     uuid:objidl_i.obj
 0001:00000350       IID_IMoniker               0000000180001350     uuid:objidl_i.obj
 0001:00000360       IID_IROTData               0000000180001360     uuid:objidl_i.obj
 0001:00000370       IID_IEnumString            0000000180001370     uuid:objidl_i.obj
 0001:00000380       IID_ISequentialStream      0000000180001380     uuid:objidl_i.obj
 0001:00000390       IID_IStream                0000000180001390     uuid:objidl_i.obj
 0001:000003a0       IID_IEnumSTATSTG           00000001800013a0     uuid:objidl_i.obj
 0001:000003b0       IID_IStorage               00000001800013b0     uuid:objidl_i.obj
 0001:000003c0       IID_IPersistFile           00000001800013c0     uuid:objidl_i.obj
 0001:000003d0       IID_IPersistStorage        00000001800013d0     uuid:objidl_i.obj
 0001:000003e0       IID_ILockBytes             00000001800013e0     uuid:objidl_i.obj
 0001:000003f0       IID_IEnumFORMATETC         00000001800013f0     uuid:objidl_i.obj
 0001:00000400       IID_IEnumSTATDATA          0000000180001400     uuid:objidl_i.obj
 0001:00000410       IID_IRootStorage           0000000180001410     uuid:objidl_i.obj
 0001:00000420       IID_IAdviseSink            0000000180001420     uuid:objidl_i.obj
 0001:00000430       IID_AsyncIAdviseSink       0000000180001430     uuid:objidl_i.obj
 0001:00000440       IID_IAdviseSink2           0000000180001440     uuid:objidl_i.obj
 0001:00000450       IID_AsyncIAdviseSink2      0000000180001450     uuid:objidl_i.obj
 0001:00000460       IID_IDataObject            0000000180001460     uuid:objidl_i.obj
 0001:00000470       IID_IDataAdviseHolder      0000000180001470     uuid:objidl_i.obj
 0001:00000480       IID_IMessageFilter         0000000180001480     uuid:objidl_i.obj
 0001:00000490       IID_IRpcChannelBuffer      0000000180001490     uuid:objidl_i.obj
 0001:000004a0       IID_IRpcChannelBuffer2     00000001800014a0     uuid:objidl_i.obj
 0001:000004b0       IID_IAsyncRpcChannelBuffer 00000001800014b0     uuid:objidl_i.obj
 0001:000004c0       IID_IRpcChannelBuffer3     00000001800014c0     uuid:objidl_i.obj
 0001:000004d0       IID_IRpcSyntaxNegotiate    00000001800014d0     uuid:objidl_i.obj
 0001:000004e0       IID_IRpcProxyBuffer        00000001800014e0     uuid:objidl_i.obj
 0001:000004f0       IID_IRpcStubBuffer         00000001800014f0     uuid:objidl_i.obj
 0001:00000500       IID_IPSFactoryBuffer       0000000180001500     uuid:objidl_i.obj
 0001:00000510       IID_IChannelHook           0000000180001510     uuid:objidl_i.obj
 0001:00000520       IID_IClientSecurity        0000000180001520     uuid:objidl_i.obj
 0001:00000530       IID_IServerSecurity        0000000180001530     uuid:objidl_i.obj
 0001:00000540       IID_IClassActivator        0000000180001540     uuid:objidl_i.obj
 0001:00000550       IID_IRpcOptions            0000000180001550     uuid:objidl_i.obj
 0001:00000560       IID_IGlobalOptions         0000000180001560     uuid:objidl_i.obj
 0001:00000570       IID_IFillLockBytes         0000000180001570     uuid:objidl_i.obj
 0001:00000580       IID_IProgressNotify        0000000180001580     uuid:objidl_i.obj
 0001:00000590       IID_ILayoutStorage         0000000180001590     uuid:objidl_i.obj
 0001:000005a0       IID_IBlockingLock          00000001800015a0     uuid:objidl_i.obj
 0001:000005b0       IID_ITimeAndNoticeControl  00000001800015b0     uuid:objidl_i.obj
 0001:000005c0       IID_IOplockStorage         00000001800015c0     uuid:objidl_i.obj
 0001:000005d0       IID_ISurrogate             00000001800015d0     uuid:objidl_i.obj
 0001:000005e0       IID_IGlobalInterfaceTable  00000001800015e0     uuid:objidl_i.obj
 0001:000005f0       IID_IDirectWriterLock      00000001800015f0     uuid:objidl_i.obj
 0001:00000600       IID_ISynchronize           0000000180001600     uuid:objidl_i.obj
 0001:00000610       IID_ISynchronizeHandle     0000000180001610     uuid:objidl_i.obj
 0001:00000620       IID_ISynchronizeEvent      0000000180001620     uuid:objidl_i.obj
 0001:00000630       IID_ISynchronizeContainer  0000000180001630     uuid:objidl_i.obj
 0001:00000640       IID_ISynchronizeMutex      0000000180001640     uuid:objidl_i.obj
 0001:00000650       IID_ICancelMethodCalls     0000000180001650     uuid:objidl_i.obj
 0001:00000660       IID_IAsyncManager          0000000180001660     uuid:objidl_i.obj
 0001:00000670       IID_ICallFactory           0000000180001670     uuid:objidl_i.obj
 0001:00000680       IID_IRpcHelper             0000000180001680     uuid:objidl_i.obj
 0001:00000690       IID_IReleaseMarshalBuffers 0000000180001690     uuid:objidl_i.obj
 0001:000006a0       IID_IWaitMultiple          00000001800016a0     uuid:objidl_i.obj
 0001:000006b0       IID_IUrlMon                00000001800016b0     uuid:objidl_i.obj
 0001:000006c0       IID_IForegroundTransfer    00000001800016c0     uuid:objidl_i.obj
 0001:000006d0       IID_IAddrTrackingControl   00000001800016d0     uuid:objidl_i.obj
 0001:000006e0       IID_IAddrExclusionControl  00000001800016e0     uuid:objidl_i.obj
 0001:000006f0       IID_IPipeByte              00000001800016f0     uuid:objidl_i.obj
 0001:00000700       IID_AsyncIPipeByte         0000000180001700     uuid:objidl_i.obj
 0001:00000710       IID_IPipeLong              0000000180001710     uuid:objidl_i.obj
 0001:00000720       IID_AsyncIPipeLong         0000000180001720     uuid:objidl_i.obj
 0001:00000730       IID_IPipeDouble            0000000180001730     uuid:objidl_i.obj
 0001:00000740       IID_AsyncIPipeDouble       0000000180001740     uuid:objidl_i.obj
 0001:00000750       IID_IThumbnailExtractor    0000000180001750     uuid:objidl_i.obj
 0001:00000760       IID_IDummyHICONIncluder    0000000180001760     uuid:objidl_i.obj
 0001:00000770       IID_IEnumContextProps      0000000180001770     uuid:objidl_i.obj
 0001:00000780       IID_IContext               0000000180001780     uuid:objidl_i.obj
 0001:00000790       IID_IObjContext            0000000180001790     uuid:objidl_i.obj
 0001:000007a0       IID_IProcessLock           00000001800017a0     uuid:objidl_i.obj
 0001:000007b0       IID_ISurrogateService      00000001800017b0     uuid:objidl_i.obj
 0001:000007c0       IID_IComThreadingInfo      00000001800017c0     uuid:objidl_i.obj
 0001:000007d0       IID_IProcessInitControl    00000001800017d0     uuid:objidl_i.obj
 0001:000007e0       IID_IInitializeSpy         00000001800017e0     uuid:objidl_i.obj
 0001:00000850       ??2GdiplusBase@Gdiplus@@SAPEAX_K@Z 0000000180001850 f i ico.obj
 0001:00000858       ??0Rect@Gdiplus@@QEAA@HHHH@Z 0000000180001858 f i ico.obj
 0001:00000870       ??0GdiplusStartupInput@Gdiplus@@QEAA@P6AXW4DebugEventLevel@1@PEAD@ZHH@Z 0000000180001870 f i ico.obj
 0001:00000888       ??0Image@Gdiplus@@IEAA@XZ  0000000180001888 f i ico.obj
 0001:00000898       ??3GdiplusBase@Gdiplus@@SAXPEAX@Z 0000000180001898 f i ico.obj
 0001:000008a0       ?SetStatus@Image@Gdiplus@@IEBA?AW4Status@2@W432@@Z 00000001800018a0 f i ico.obj
 0001:000008b0       ??1Image@Gdiplus@@UEAA@XZ  00000001800018b0 f i ico.obj
 0001:000008c4       ?GetPixelFormat@Image@Gdiplus@@QEAAHXZ 00000001800018c4 f i ico.obj
 0001:000008ec       ?SetNativeImage@Image@Gdiplus@@IEAAXPEAVGpImage@2@@Z 00000001800018ec f i ico.obj
 0001:000008f4       ??0Bitmap@Gdiplus@@QEAA@PEAUIStream@@H@Z 00000001800018f4 f i ico.obj
 0001:00000940       ??1Bitmap@Gdiplus@@UEAA@XZ 0000000180001940 f i ico.obj
 0001:00000954       ?FromStream@Bitmap@Gdiplus@@SAPEAV12@PEAUIStream@@H@Z 0000000180001954 f i ico.obj
 0001:000009c8       ?LockBits@Bitmap@Gdiplus@@QEAA?AW4Status@2@PEBVRect@2@IHPEAVBitmapData@2@@Z 00000001800019c8 f i ico.obj
 0001:000009f8       ?UnlockBits@Bitmap@Gdiplus@@QEAA?AW4Status@2@PEAVBitmapData@2@@Z 00000001800019f8 f i ico.obj
 0001:00000a1c       ??_H@YAXPEAX_KHP6APEAX0@Z@Z 0000000180001a1c f i ico.obj
 0001:00000a60       ??1MStream@@QEAA@XZ        0000000180001a60 f i ico.obj
 0001:00000ab8       IsEqualGUID                0000000180001ab8 f i ico.obj
 0001:00000ae4       ==                         0000000180001ae4 f i ico.obj
 0001:00000b10       ?SetData@MStream@@QEAAXPEBXK@Z 0000000180001b10 f i ico.obj
 0001:00000b78       ?QueryInterface@MStream@@UEAAJAEBU_GUID@@PEAPEAX@Z 0000000180001b78 f i ico.obj
 0001:00000c18       ?AddRef@MStream@@UEAAKXZ   0000000180001c18 f i ico.obj
 0001:00000c28       ?Read@MStream@@UEAAJPEAXKPEAK@Z 0000000180001c28 f i ico.obj
 0001:00000cb0       ?Write@MStream@@UEAAJPEBXKPEAK@Z 0000000180001cb0 f i ico.obj
 0001:00000d78       ?Seek@MStream@@UEAAJT_LARGE_INTEGER@@KPEAT_ULARGE_INTEGER@@@Z 0000000180001d78 f i ico.obj
 0001:00000de8       ?SetSize@MStream@@UEAAJT_ULARGE_INTEGER@@@Z 0000000180001de8 f i ico.obj
 0001:00000e9c       ?CopyTo@MStream@@UEAAJPEAUIStream@@T_ULARGE_INTEGER@@PEAT3@2@Z 0000000180001e9c f i ico.obj
 0001:00000ea4       ?Commit@MStream@@UEAAJK@Z  0000000180001ea4 f i ico.obj
 0001:00000eb0       ?Revert@MStream@@UEAAJXZ   0000000180001eb0 f i ico.obj
 0001:00000eb8       ?LockRegion@MStream@@UEAAJT_ULARGE_INTEGER@@0K@Z 0000000180001eb8 f i ico.obj
 0001:00000ec0       ?UnlockRegion@MStream@@UEAAJT_ULARGE_INTEGER@@0K@Z 0000000180001ec0 f i ico.obj
 0001:00000ec8       ?Stat@MStream@@UEAAJPEAUtagSTATSTG@@K@Z 0000000180001ec8 f i ico.obj
 0001:00000f28       ?Clone@MStream@@UEAAJPEAPEAUIStream@@@Z 0000000180001f28 f i ico.obj
 0001:00000f30       ??_GMStream@@QEAAPEAXI@Z   0000000180001f30 f i ico.obj
 0001:00000fa4       ??0IUnknown@@QEAA@XZ       0000000180001fa4 f i ico.obj
 0001:00000fa8       ?LoadPageInfo@@YAKPEAUICONCONTEXT@@HAEAI111PEAPEB_W@Z 0000000180001fa8 f   ico.obj
 0001:0000112c       ?Decode1BPP@@YAPEAEIIPEAUtagRGBQUAD@@PEAE1AEAK@Z 000000018000212c f   ico.obj
 0001:00001240       ?Decode4BPP@@YAPEAEIIPEAUtagRGBQUAD@@PEAE1AEAK@Z 0000000180002240 f   ico.obj
 0001:0000137c       ?Decode8BPP@@YAPEAEAEAIIPEAUtagRGBQUAD@@PEAE2AEAK@Z 000000018000237c f   ico.obj
 0001:000014a4       ?Decode24BPP@@YAPEAEAEAIIPEAE1AEAK@Z 00000001800024a4 f   ico.obj
 0001:000016a0       ?Decode32BPP@@YAPEAEAEAIIPEAE1AEAK@Z 00000001800026a0 f   ico.obj
 0001:000017ac       ?DecodeDummy@@YAPEAEIIAEAK@Z 00000001800027ac f   ico.obj
 0001:0000180c       ?Init@ICODecoder@@QEAAHPEAUCET_Init@@@Z 000000018000280c f i ico.obj
 0001:00001880       ?Close@ICODecoder@@QEAAXXZ 0000000180002880 f i ico.obj
 0001:000018c8       ?Open@ICOImage@@QEAAH_NPEB_WPEBEKU_COORD@@@Z 00000001800028c8 f i ico.obj
 0001:00001ae8       ?Close@ICOImage@@QEAAXXZ   0000000180002ae8 f i ico.obj
 0001:00001b68       ?CET_Init@@YAHPEAU0@@Z     0000000180002b68 f   ico.obj
 0001:00001c2c       ?CET_Done@@YAXPEAUCET_Init@@@Z 0000000180002c2c f   ico.obj
 0001:00001c8c       ?CET_Free@@YAXPEAUCET_LoadInfo@@@Z 0000000180002c8c f   ico.obj
 0001:00001ccc       ?CET_Cancel@@YAXPEAX@Z     0000000180002ccc f   ico.obj
 0001:00001ce4       ??_EImage@Gdiplus@@UEAAPEAXI@Z 0000000180002ce4 f i ico.obj
 0001:00001ce4       ??_GImage@Gdiplus@@UEAAPEAXI@Z 0000000180002ce4 f i ico.obj
 0001:00001d24       ??0Image@Gdiplus@@IEAA@PEAVGpImage@1@W4Status@1@@Z 0000000180002d24 f i ico.obj
 0001:00001d3c       ??_EBitmap@Gdiplus@@UEAAPEAXI@Z 0000000180002d3c f i ico.obj
 0001:00001d3c       ??_GBitmap@Gdiplus@@UEAAPEAXI@Z 0000000180002d3c f i ico.obj
 0001:00001d7c       ?Release@MStream@@UEAAKXZ  0000000180002d7c f i ico.obj
 0001:00001da8       ??0ISequentialStream@@QEAA@XZ 0000000180002da8 f i ico.obj
 0001:00001dac       ?Clone@Image@Gdiplus@@UEAAPEAV12@XZ 0000000180002dac f i ico.obj
 0001:00001e04       ??0IStream@@QEAA@XZ        0000000180002e04 f i ico.obj
 0001:00001e08       ??0MStream@@QEAA@XZ        0000000180002e08 f i ico.obj
 0001:00001e30       ?PageDecode@ICOImage@@QEAAHPEAUCET_LoadInfo@@@Z 0000000180002e30 f i ico.obj
 0001:00002264       ?GetPageBits@ICOImage@@QEAAHPEAUCET_LoadInfo@@@Z 0000000180003264 f i ico.obj
 0001:000023dc       ?CET_Load@@YAHPEAUCET_LoadInfo@@@Z 00000001800033dc f   ico.obj
 0001:0000263c       ?HeapInitialize@@YA_NXZ    000000018000363c f   Memory.obj
 0001:00002674       ?HeapDeinitialize@@YAXXZ   0000000180003674 f   Memory.obj
 0001:00002698       ?xf_malloc@@YAPEAX_K@Z     0000000180003698 f   Memory.obj
 0001:000026ac       ?xf_calloc@@YAPEAX_K0@Z    00000001800036ac f   Memory.obj
 0001:000026c8       ?xf_realloc@@YAPEAXPEAX_K@Z 00000001800036c8 f   Memory.obj
 0001:000026e4       ?xf_free@@YAXPEAX@Z        00000001800036e4 f   Memory.obj
 0001:0000270c       ?xf_validate@@YA_NPEAX@Z   000000018000370c f   Memory.obj
 0001:00002730       ??2@YAPEAX_K@Z             0000000180003730 f   Memory.obj
 0001:00002744       ??_U@YAPEAX_K@Z            0000000180003744 f   Memory.obj
 0001:00002758       ??3@YAXPEAX@Z              0000000180003758 f   Memory.obj
 0001:00002760       ??_V@YAXPEAX@Z             0000000180003760 f   Memory.obj
 0001:00002768       ?lstrdupW@@YAPEA_WPEBDI@Z  0000000180003768 f   Memory.obj
 0001:000027f8       ?StringCchCopyA@@YAJPEAD_KPEBD@Z 00000001800037f8 f i Memory.obj
 0001:0000285c       ?StringCchCopyW@@YAJPEA_W_KPEB_W@Z 000000018000385c f i Memory.obj
 0001:000028c8       ?lstrdup@@YAPEADPEBD@Z     00000001800038c8 f   Memory.obj
 0001:00002964       ?lstrdup@@YAPEA_WPEB_W@Z   0000000180003964 f   Memory.obj
 0001:000029ec       ?lstrmerge@@YAPEA_WPEB_W000@Z 00000001800039ec f   Memory.obj
 0001:00002ad8       ?lstrmerge@@YA_NPEAPEA_WPEB_W11@Z 0000000180003ad8 f   Memory.obj
 0001:00002b20       memmove                    0000000180003b20 f   libCRT64:memmove.obj
 0001:00002b80       memset                     0000000180003b80 f   libCRT64:memset.obj
 0001:00002ba8       HeapFree                   0000000180003ba8 f   kernel32:KERNEL32.dll
 0001:00002bae       GetProcessHeap             0000000180003bae f   kernel32:KERNEL32.dll
 0001:00002bb4       HeapAlloc                  0000000180003bb4 f   kernel32:KERNEL32.dll
 0001:00002bba       HeapReAlloc                0000000180003bba f   kernel32:KERNEL32.dll
 0001:00002bc0       SystemTimeToFileTime       0000000180003bc0 f   kernel32:KERNEL32.dll
 0001:00002bc6       GetLocalTime               0000000180003bc6 f   kernel32:KERNEL32.dll
 0001:00002bcc       HeapCreate                 0000000180003bcc f   kernel32:KERNEL32.dll
 0001:00002bd2       HeapDestroy                0000000180003bd2 f   kernel32:KERNEL32.dll
 0001:00002bd8       HeapValidate               0000000180003bd8 f   kernel32:KERNEL32.dll
 0001:00002bde       MultiByteToWideChar        0000000180003bde f   kernel32:KERNEL32.dll
 0001:00002be4       lstrlenA                   0000000180003be4 f   kernel32:KERNEL32.dll
 0001:00002bea       lstrlenW                   0000000180003bea f   kernel32:KERNEL32.dll
 0001:00002bf0       wsprintfW                  0000000180003bf0 f   user32:USER32.dll
 0001:00002bf6       CoInitialize               0000000180003bf6 f   ole32:ole32.dll
 0001:00002bfc       CoUninitialize             0000000180003bfc f   ole32:ole32.dll
 0001:00002c02       GdipAlloc                  0000000180003c02 f   gdiplus:gdiplus.dll
 0001:00002c08       GdipFree                   0000000180003c08 f   gdiplus:gdiplus.dll
 0001:00002c0e       GdipDisposeImage           0000000180003c0e f   gdiplus:gdiplus.dll
 0001:00002c14       GdipGetImagePixelFormat    0000000180003c14 f   gdiplus:gdiplus.dll
 0001:00002c1a       GdipCreateBitmapFromStream 0000000180003c1a f   gdiplus:gdiplus.dll
 0001:00002c20       GdipCreateBitmapFromStreamICM 0000000180003c20 f   gdiplus:gdiplus.dll
 0001:00002c26       GdipBitmapLockBits         0000000180003c26 f   gdiplus:gdiplus.dll
 0001:00002c2c       GdipBitmapUnlockBits       0000000180003c2c f   gdiplus:gdiplus.dll
 0001:00002c32       GdiplusShutdown            0000000180003c32 f   gdiplus:gdiplus.dll
 0001:00002c38       GdiplusStartup             0000000180003c38 f   gdiplus:gdiplus.dll
 0001:00002c3e       GdipCloneImage             0000000180003c3e f   gdiplus:gdiplus.dll
 0001:00002c60       _alloca_probe              0000000180003c60     chkstk.obj
 0001:00002c60       __chkstk                   0000000180003c60 f   chkstk.obj
 0001:00002fa0       __IMPORT_DESCRIPTOR_KERNEL32 0000000180003fa0     kernel32:KERNEL32.dll
 0001:00002fb4       __IMPORT_DESCRIPTOR_USER32 0000000180003fb4     user32:USER32.dll
 0001:00002fc8       __IMPORT_DESCRIPTOR_ole32  0000000180003fc8     ole32:ole32.dll
 0001:00002fdc       __IMPORT_DESCRIPTOR_gdiplus 0000000180003fdc     gdiplus:gdiplus.dll
 0001:00002ff0       __NULL_IMPORT_DESCRIPTOR   0000000180003ff0     kernel32:KERNEL32.dll
 0002:00000068       ?gnLastWin32Error@@3KA     0000000180005068     ico.obj
 0002:00000070       ?ghModule@@3PEAUHINSTANCE__@@EA 0000000180005070     ico.obj
 0002:00000078       ?ghHeap@@3PEAXEA           0000000180005078     Memory.obj

 entry point at        0000:00000000

 Static symbols

 0001:00002548       ?StringValidateDestA@@YAJPEBD_K_K@Z 0000000180003548 f   Memory.obj
 0001:0000255c       ?StringValidateDestW@@YAJPEB_W_K_K@Z 000000018000355c f   Memory.obj
 0001:00002570       ?StringCopyWorkerA@@YAJPEAD_KPEA_KPEBD1@Z 0000000180003570 f   Memory.obj
 0001:000025cc       ?StringCopyWorkerW@@YAJPEA_W_KPEA_KPEB_W1@Z 00000001800035cc f   Memory.obj
