 ConEmuTh

 Timestamp is 564922f2 (Mon Nov 16 03:27:30 2015)

 Preferred load address is 10000000

 Start         Length     Name                   Class
 0001:00000000 00014ea2H .text                   CODE
 0002:00000000 00000318H .idata$5                DATA
 0002:00000318 00000004H .CRT$XCA                DATA
 0002:0000031c 00000004H .CRT$XCZ                DATA
 0002:00000320 00000004H .CRT$XIA                DATA
 0002:00000324 00000008H .CRT$XIC                DATA
 0002:0000032c 00000004H .CRT$XIZ                DATA
 0002:00000330 00000004H .CRT$XPA                DATA
 0002:00000334 00000004H .CRT$XPZ                DATA
 0002:00000338 00000004H .CRT$XTA                DATA
 0002:0000033c 00000004H .CRT$XTZ                DATA
 0002:00000340 000026d4H .rdata                  DATA
 0002:00002a18 00000374H .xdata$x                DATA
 0002:00002d8c 0000008cH .idata$2                DATA
 0002:00002e18 00000014H .idata$3                DATA
 0002:00002e2c 00000318H .idata$4                DATA
 0002:00003144 00000d72H .idata$6                DATA
 0002:00003ec0 00000168H .edata                  DATA
 0003:00000000 00000e10H .data                   DATA
 0003:00000e20 00029a4cH .bss                    DATA
 0004:00000000 000000e8H .rsrc$01                DATA
 0004:000000f0 000013a8H .rsrc$02                DATA

  Address         Publics by Value              Rva+Base       Lib:Object

 0000:00000000       __except_list              00000000     <absolute>
 0000:00000000       ___safe_se_handler_table   00000000     <absolute>
 0000:00000000       ___safe_se_handler_count   00000000     <absolute>
 0000:00000000       ___ImageBase               10000000     <linker-defined>
 0001:00000000       ??BCmdArg@@QBEPB_WXZ       10001000 f   CmdArg.obj
 0001:00000003       ?GetBuffer@CmdArg@@QAEPA_WH@Z 10001003 f   CmdArg.obj
 0001:0000007c       ?Empty@CmdArg@@QAEXXZ      1000107c f   CmdArg.obj
 0001:0000009e       ?IsEmpty@CmdArg@@QAE_NXZ   1000109e f   CmdArg.obj
 0001:000000b1       ?StringCchCopyNW@@YGJPA_WIPB_WI@Z 100010b1 f i CmdArg.obj
 0001:0000012d       ??0CmdArg@@QAE@XZ          1000112d f   CmdArg.obj
 0001:00000143       ??1CmdArg@@QAE@XZ          10001143 f   CmdArg.obj
 0001:00000179       ?AttachInt@CmdArg@@AAEPB_WAAPA_W@Z 10001179 f   CmdArg.obj
 0001:000001b7       ?Set@CmdArg@@QAEPB_WPB_WH@Z 100011b7 f   CmdArg.obj
 0001:00000218       ?SavePathVar@CmdArg@@QAEXPB_W@Z 10001218 f   CmdArg.obj
 0001:00000243       ?Attach@CmdArg@@QAEPB_WPA_W@Z 10001243 f   CmdArg.obj
 0001:00000250       ?PointToName@@YIPB_WPB_W@Z 10001250 f   CmdLine.obj
 0001:0000028b       ?PointToExt@@YIPB_WPB_W@Z  1000128b f   CmdLine.obj
 0001:000002a0       ?Unquote@@YIPB_WPA_W_N@Z   100012a0 f   CmdLine.obj
 0001:000002e3       ?CommonShutdown@@YIXXZ     100012e3 f   Common.obj
 0001:0000034d       ?ExecutePrepareCmd@@YIXPAUCESERVER_REQ_HDR@@KI@Z 1000134d f   ConEmuCheck.obj
 0001:000003b0       ?ExecuteFreeResult@@YIXAAPAUCESERVER_REQ@@@Z 100013b0 f   ConEmuCheck.obj
 0001:000003c1       ?StringCchCopyW@@YGJPA_WIPB_W@Z 100013c1 f i ConEmuCheck.obj
 0001:000003f3       ?ExecutePrepareCmd@@YIXPAUCESERVER_REQ@@KI@Z 100013f3 f   ConEmuCheck.obj
 0001:00000421       ?ExecuteNewCmd@@YIPAUCESERVER_REQ@@KI@Z 10001421 f   ConEmuCheck.obj
 0001:0000045b       ?ModuleName@@YIPB_WPB_W@Z  1000145b f   ConEmuCheck.obj
 0001:000004e3       ?ExecuteOpenPipe@@YIPAXPB_WAAY0CAI@_W0KKHPAXH@Z 100014e3 f   ConEmuCheck.obj
 0001:00000632       ?ExecuteCmd@@YIPAUCESERVER_REQ@@PB_WPAU1@KPAUHWND__@@HKH@Z 10001632 f   ConEmuCheck.obj
 0001:00000791       ?ExecuteGuiCmd@@YIPAUCESERVER_REQ@@PAUHWND__@@PAU1@0H@Z 10001791 f   ConEmuCheck.obj
 0001:0000082e       _GetMinFarVersionW@0       1000182e f   ConEmuTh.obj
 0001:00000834       ?GetPluginInfoWcmn@@YGXPAX@Z 10001834 f   ConEmuTh.obj
 0001:00000861       ?GetMainThreadId@@YIKXZ    10001861 f   ConEmuTh.obj
 0001:00000a03       ?OpenW@@YGPAXPBUOpenInfo@@@Z 10001a03 f   ConEmuTh.obj
 0001:00000a32       ?ShowMessage@@YIHHH@Z      10001a32 f   ConEmuTh.obj
 0001:00000a6a       ?GetMsgW@@YIPB_WH@Z        10001a6a f   ConEmuTh.obj
 0001:00000aa3       ?PostMacro@@YIXPA_W@Z      10001aa3 f   ConEmuTh.obj
 0001:00000bd7       ?ShowPluginMenu@@YIHXZ     10001bd7 f   ConEmuTh.obj
 0001:00000c0f       ?CheckPanelSettings@@YIHH@Z 10001c0f f   ConEmuTh.obj
 0001:00000c47       ?LoadPanelItemInfo@@YIXPAUCeFullPanelInfo@@H@Z 10001c47 f   ConEmuTh.obj
 0001:00000c7f       ?GetActivePanel@@YIPAUCeFullPanelInfo@@XZ 10001c7f f   ConEmuTh.obj
 0001:00000cc0       ?ResetUngetBuffer@@YIXXZ   10001cc0 f   ConEmuTh.obj
 0001:00000ccf       ?OnPreReadConsole@@YGHPAXPAU_INPUT_RECORD@@KPAKPAH@Z 10001ccf f   ConEmuTh.obj
 0001:00000ceb       ?ShowLastError@@YIHXZ      10001ceb f   ConEmuTh.obj
 0001:00000d58       ?GetFocusedThumbnails@@YIPAUCeFullPanelInfo@@XZ 10001d58 f   ConEmuTh.obj
 0001:00000da3       ?CheckWindows@@YI_NXZ      10001da3 f   ConEmuTh.obj
 0001:00000e1a       ?CheckVarsInitialized@@YIXXZ 10001e1a f   ConEmuTh.obj
 0001:00000f2f       ?ExecuteInMainThread@@YIXPAUConEmuThSynchroArg@@@Z 10001f2f f   ConEmuTh.obj
 0001:00000f9b       ?GetFarRect@@YIHPAU_SMALL_RECT@@@Z 10001f9b f   ConEmuTh.obj
 0001:00001009       ?SettingsLoad@@YIHPB_WPAK@Z 10002009 f   ConEmuTh.obj
 0001:00001041       ?SettingsLoadReg@@YIHPB_W0PAK@Z 10002041 f   ConEmuTh.obj
 0001:000010a3       ?SettingsSave@@YIXPB_WPAK@Z 100020a3 f   ConEmuTh.obj
 0001:000010db       ?SettingsSaveReg@@YIXPB_W0PAK@Z 100020db f   ConEmuTh.obj
 0001:00001127       ?SavePanelViewState@@YIXHK@Z 10002127 f   ConEmuTh.obj
 0001:00001154       ?isPreloadByDefault@@YI_NXZ 10002154 f   ConEmuTh.obj
 0001:0000117c       ?FreeUserData@CePluginPanelItem@@QAEXXZ 1000217c f   ConEmuTh.obj
 0001:000011bd       ?FreeItem@CePluginPanelItem@@QAEXXZ 100021bd f   ConEmuTh.obj
 0001:000011d2       ??0?$MFileMapping@UPanelViewSetMapping@@@@QAE@XZ 100021d2 f i ConEmuTh.obj
 0001:000011d2       ??0?$MFileMapping@Utag_DetectedDialog@@@@QAE@XZ 100021d2 f i ConEmuTh.obj
 0001:000011f6       ?ClosePtr@?$MFileMapping@Utag_DetectedDialog@@@@QAEXXZ 100021f6 f i ConEmuTh.obj
 0001:000011f6       ?ClosePtr@?$MFileMapping@UPanelViewSetMapping@@@@QAEXXZ 100021f6 f i ConEmuTh.obj
 0001:0000120d       ?StringCchCatW@@YGJPA_WIPB_W@Z 1000220d f i ConEmuTh.obj
 0001:000014d4       ?LoadFarVersion@@YIHXZ     100024d4 f   ConEmuTh.obj
 0001:0000151f       ?ReloadResourcesW@@YIXXZ   1000251f f   ConEmuTh.obj
 0001:00001582       ?ReloadPanelsInfo@@YIXXZ   10002582 f   ConEmuTh.obj
 0001:000016d8       ?OnPreWriteConsoleOutput@@YGHPAXPBU_CHAR_INFO@@U_COORD@@2PAU_SMALL_RECT@@@Z 100026d8 f   ConEmuTh.obj
 0001:000017eb       ?IsThumbnailsActive@@YIPAUCeFullPanelInfo@@H@Z 100027eb f   ConEmuTh.obj
 0001:00001983       ?SettingsLoadOther@@YIXPB_W@Z 10002983 f   ConEmuTh.obj
 0001:00001a7d       ?SetFrom@?$MFileMapping@Utag_DetectedDialog@@@@QAE_NPBUtag_DetectedDialog@@H@Z 10002a7d f i ConEmuTh.obj
 0001:00001acd       ?CloseMap@?$MFileMapping@UPanelViewSetMapping@@@@QAEXXZ 10002acd f i ConEmuTh.obj
 0001:00001acd       ?CloseMap@?$MFileMapping@Utag_DetectedDialog@@@@QAEXXZ 10002acd f i ConEmuTh.obj
 0001:00001b01       _DllMain@12                10002b01 f   ConEmuTh.obj
 0001:00001ba6       ?ProcessConsoleInput@@YIHHPAU_INPUT_RECORD@@KPAK@Z 10002ba6 f   ConEmuTh.obj
 0001:00001e49       ?UpdateEnvVar@@YIXH@Z      10002e49 f   ConEmuTh.obj
 0001:00001e69       ?InitName@?$MFileMapping@UPanelViewSetMapping@@@@QAEPB_WPB_WKK@Z 10002e69 f i ConEmuTh.obj
 0001:00001e69       ?InitName@?$MFileMapping@Utag_DetectedDialog@@@@QAEPB_WPB_WKK@Z 10002e69 f i ConEmuTh.obj
 0001:00001e99       ?InternalOpenCreate@?$MFileMapping@Utag_DetectedDialog@@@@IAEPAUtag_DetectedDialog@@HHH@Z 10002e99 f i ConEmuTh.obj
 0001:00001fb0       ?InternalOpenCreate@?$MFileMapping@UPanelViewSetMapping@@@@IAEPAUPanelViewSetMapping@@HHH@Z 10002fb0 f i ConEmuTh.obj
 0001:000020c7       ??_G?$MFileMapping@Utag_DetectedDialog@@@@QAEPAXI@Z 100030c7 f i ConEmuTh.obj
 0001:000020e8       ?OnPostPeekConsole@@YGHPAXPAU_INPUT_RECORD@@KPAKPAH@Z 100030e8 f   ConEmuTh.obj
 0001:00002125       ?OnPostReadConsole@@YGHPAXPAU_INPUT_RECORD@@KPAKPAH@Z 10003125 f   ConEmuTh.obj
 0001:00002163       ?ExitPlugin@@YIXXZ         10003163 f   ConEmuTh.obj
 0001:0000225c       _ExitFARW@0                1000325c f   ConEmuTh.obj
 0001:00002283       ?ExitFARW3@@YGXPAX@Z       10003283 f   ConEmuTh.obj
 0001:000022b1       ?OnReadyForPanelsReload@@YIXXZ 100032b1 f   ConEmuTh.obj
 0001:000023cb       ?ProcessSynchroEventCommon@@YIHHPAX@Z 100033cb f   ConEmuTh.obj
 0001:0000250b       _ProcessSynchroEventW@8    1000350b f   ConEmuTh.obj
 0001:0000251b       ?LoadThSet@@YIHK@Z         1000351b f   ConEmuTh.obj
 0001:00002676       ?CheckConEmu@@YIHH@Z       10003676 f   ConEmuTh.obj
 0001:00002750       ?StartPlugin@@YIXH@Z       10003750 f   ConEmuTh.obj
 0001:00002864       ?OnPrePeekConsole@@YGHPAXPAU_INPUT_RECORD@@KPAKPAH@Z 10003864 f   ConEmuTh.obj
 0001:00002907       ?EntryPoint@@YIXHH_N@Z     10003907 f   ConEmuTh.obj
 0001:00002a83       _SetStartupInfoW@4         10003a83 f   ConEmuTh.obj
 0001:00002ad7       ?OpenPluginWcmn@@YIPAXHH_N@Z 10003ad7 f   ConEmuTh.obj
 0001:00002b18       ?GetStdIndex@Far3Color@@SIHKPBK@Z 10003b18 f i ConEmuTh1900.obj
 0001:00002b32       ?Color2FgIndex@Far3Color@@SIXKAAGPBK@Z 10003b32 f i ConEmuTh1900.obj
 0001:00002c01       ?Color2BgIndex@Far3Color@@SIXKHAAGPBK@Z 10003c01 f i ConEmuTh1900.obj
 0001:00002ce7       ?FarColor_3_2@@YIEABUFarColor@@@Z 10003ce7 f i ConEmuTh1900.obj
 0001:00002d78       ?GetPluginInfoW1900@@YIXPAX@Z 10003d78 f   ConEmuTh1900.obj
 0001:00002dc9       ?SetStartupInfoW1900@@YIXPAX@Z 10003dc9 f   ConEmuTh1900.obj
 0001:00002eb7       ?OpenW1900@@YIPAXPBX@Z     10003eb7 f   ConEmuTh1900.obj
 0001:00002f0f       ?ExitFARW1900@@YIXXZ       10003f0f f   ConEmuTh1900.obj
 0001:00002f3e       ?ShowMessageW1900@@YIHPB_WH@Z 10003f3e f   ConEmuTh1900.obj
 0001:00002fae       ?ShowMessageW1900@@YIHHH@Z 10003fae f   ConEmuTh1900.obj
 0001:00002fde       ?GetMsgW1900@@YIPB_WH@Z    10003fde f   ConEmuTh1900.obj
 0001:00002ffd       ?PostMacroW1900@@YIXPA_W@Z 10003ffd f   ConEmuTh1900.obj
 0001:00003062       ?ShowPluginMenuW1900@@YIHXZ 10004062 f   ConEmuTh1900.obj
 0001:000031fb       ?LoadPanelItemInfoW1900@@YIXPAUCeFullPanelInfo@@H@Z 100041fb f   ConEmuTh1900.obj
 0001:000034bb       ?LoadPanelInfoW1900@@YIHH@Z 100044bb f   ConEmuTh1900.obj
 0001:000038ca       ?ReloadPanelsInfoW1900@@YIXXZ 100048ca f   ConEmuTh1900.obj
 0001:000038e3       ?SetCurrentPanelItemW1900@@YIXHHH@Z 100048e3 f   ConEmuTh1900.obj
 0001:000039bb       ?CheckPanelSettingsW1900@@YIHH@Z 100049bb f   ConEmuTh1900.obj
 0001:00003a5c       ?ExecuteInMainThreadW1900@@YIXPAUConEmuThSynchroArg@@@Z 10004a5c f   ConEmuTh1900.obj
 0001:00003a73       ?GetFarRectW1900@@YIXPAU_SMALL_RECT@@@Z 10004a73 f   ConEmuTh1900.obj
 0001:00003aa1       ?CheckFarPanelsW1900@@YI_NXZ 10004aa1 f   ConEmuTh1900.obj
 0001:00003ae5       ?SettingsLoadW1900@@YIHPB_WPAK@Z 10004ae5 f   ConEmuTh1900.obj
 0001:00003b7a       ?SettingsSaveW1900@@YIXPB_WPAK@Z 10004b7a f   ConEmuTh1900.obj
 0001:00003c14       ?LoadPanelItemInfoA@@YIXPAUCeFullPanelInfo@@H@Z 10004c14 f   ConEmuThA.obj
 0001:00003c14       ?SettingsLoadOtherW1900@@YIXXZ 10004c14 f   ConEmuTh1900.obj
 0001:00003c14       ?OnThreadStopped@?$CQueueProcessor@PAUIMAGE_CACHE_INFO@@@@MAEXXZ 10004c14 f   ImgCache.obj
 0001:00003c14       ?SettingsLoadOtherW2800@@YIXXZ 10004c14 f   ConEmuTh2800.obj
 0001:00003c14       __initp_misc_winxfltr      10004c14 f   libcmt:winxfltr.obj
 0001:00003c15       ?IsFarLua@FarVersion@@QBE_NXZ 10004c15 f i ConEmuTh2800.obj
 0001:00003c30       _GetGlobalInfoW@4          10004c30 f   ConEmuTh2800.obj
 0001:00003cbe       ?GetPluginInfoW2800@@YIXPAX@Z 10004cbe f   ConEmuTh2800.obj
 0001:00003d0f       ?SetStartupInfoW2800@@YIXPAX@Z 10004d0f f   ConEmuTh2800.obj
 0001:00003dfd       ?ProcessSynchroEventW3@@YGHPAX@Z 10004dfd f   ConEmuTh2800.obj
 0001:00003e0f       ?ExitFARW2800@@YIXXZ       10004e0f f   ConEmuTh2800.obj
 0001:00003e3e       ?ShowMessageW2800@@YIHPB_WH@Z 10004e3e f   ConEmuTh2800.obj
 0001:00003eae       ?ShowMessageW2800@@YIHHH@Z 10004eae f   ConEmuTh2800.obj
 0001:00003ede       ?GetMsgW2800@@YIPB_WH@Z    10004ede f   ConEmuTh2800.obj
 0001:00003efd       ?PostMacroW2800@@YIXPA_W@Z 10004efd f   ConEmuTh2800.obj
 0001:00003f64       ?ShowPluginMenuW2800@@YIHXZ 10004f64 f   ConEmuTh2800.obj
 0001:000040fd       ?FreePanelItemUserData2800@@YIXPAXKP6GHXZ@Z 100050fd f   ConEmuTh2800.obj
 0001:00004126       ?LoadPanelItemInfoW2800@@YIXPAUCeFullPanelInfo@@H@Z 10005126 f   ConEmuTh2800.obj
 0001:00004422       ?LoadPanelInfoW2800@@YIHH@Z 10005422 f   ConEmuTh2800.obj
 0001:00004831       ?ReloadPanelsInfoW2800@@YIXXZ 10005831 f   ConEmuTh2800.obj
 0001:0000484a       ?SetCurrentPanelItemW2800@@YIXHHH@Z 1000584a f   ConEmuTh2800.obj
 0001:0000491c       ?SetCurrentPanelItemW2800Int@@YIXHHH@Z 1000591c f   ConEmuTh2800.obj
 0001:000049f0       ?CheckPanelSettingsW2800@@YIHH@Z 100059f0 f   ConEmuTh2800.obj
 0001:00004a91       ?ExecuteInMainThreadW2800@@YIXPAUConEmuThSynchroArg@@@Z 10005a91 f   ConEmuTh2800.obj
 0001:00004aa8       ?GetFarRectW2800@@YIXPAU_SMALL_RECT@@@Z 10005aa8 f   ConEmuTh2800.obj
 0001:00004ad6       ?CheckFarPanelsW2800@@YI_NXZ 10005ad6 f   ConEmuTh2800.obj
 0001:00004b34       ?SettingsLoadW2800@@YIHPB_WPAK@Z 10005b34 f   ConEmuTh2800.obj
 0001:00004bbf       ?SettingsSaveW2800@@YIXPB_WPAK@Z 10005bbf f   ConEmuTh2800.obj
 0001:00004c4f       ?OpenW2800@@YIPAXPBX@Z     10005c4f f   ConEmuTh2800.obj
 0001:00004cf1       ?GetPluginInfoW995@@YIXPAX@Z 10005cf1 f   ConEmuTh995.obj
 0001:00004d49       ?SetStartupInfoW995@@YIXPAX@Z 10005d49 f   ConEmuTh995.obj
 0001:00004e8e       _OpenPluginW@8             10005e8e f   ConEmuTh995.obj
 0001:00004ebe       ?ExitFARW995@@YIXXZ        10005ebe f   ConEmuTh995.obj
 0001:00004f04       ?ShowMessageW995@@YIHPB_WH@Z 10005f04 f   ConEmuTh995.obj
 0001:00004f29       ?ShowMessageW995@@YIHHH@Z  10005f29 f   ConEmuTh995.obj
 0001:00004f57       ?GetMsgW995@@YIPB_WH@Z     10005f57 f   ConEmuTh995.obj
 0001:00004f74       ?PostMacroW995@@YIXPA_W@Z  10005f74 f   ConEmuTh995.obj
 0001:00004fc7       ?ShowPluginMenuW995@@YIHXZ 10005fc7 f   ConEmuTh995.obj
 0001:000050e5       ?LoadPanelItemInfoW995@@YIXPAUCeFullPanelInfo@@H@Z 100060e5 f   ConEmuTh995.obj
 0001:0000522a       ?LoadPanelInfo995@@YIHH@Z  1000622a f   ConEmuTh995.obj
 0001:000054de       ?ReloadPanelsInfoW995@@YIXXZ 100064de f   ConEmuTh995.obj
 0001:000054f7       ?SetCurrentPanelItemW995@@YIXHHH@Z 100064f7 f   ConEmuTh995.obj
 0001:000055be       ?CheckPanelSettingsW995@@YIHH@Z 100065be f   ConEmuTh995.obj
 0001:0000561a       ?ExecuteInMainThreadW995@@YIXPAUConEmuThSynchroArg@@@Z 1000661a f   ConEmuTh995.obj
 0001:0000562d       ?GetFarRectW995@@YIXPAU_SMALL_RECT@@@Z 1000662d f   ConEmuTh995.obj
 0001:00005657       ?CheckFarPanelsW995@@YI_NXZ 10006657 f   ConEmuTh995.obj
 0001:0000569c       ?SettingsLoadW995@@YIHPB_WPAK@Z 1000669c f   ConEmuTh995.obj
 0001:000056ad       ?SettingsSaveW995@@YIXPB_WPAK@Z 100066ad f   ConEmuTh995.obj
 0001:000056be       ?SettingsLoadOtherW995@@YIXXZ 100066be f   ConEmuTh995.obj
 0001:000056c9       _GetMinFarVersion@0        100066c9 f   ConEmuThA.obj
 0001:000056f8       _GetPluginInfo@4           100066f8 f   ConEmuThA.obj
 0001:00005759       _ExitFAR@0                 10006759 f   ConEmuThA.obj
 0001:000057a4       ?ShowMessageA@@YIHPBDH@Z   100067a4 f   ConEmuThA.obj
 0001:000057d3       ?ShowMessageA@@YIHHH@Z     100067d3 f   ConEmuThA.obj
 0001:0000580b       ?PostMacroA@@YIXPAD@Z      1000680b f   ConEmuThA.obj
 0001:00005863       ?ShowPluginMenuA@@YIHXZ    10006863 f   ConEmuThA.obj
 0001:000059e3       ?GetMsgA@@YIPB_WHPA_W@Z    100069e3 f   ConEmuThA.obj
 0001:00005a83       ?LoadPanelInfoA@@YIHH@Z    10006a83 f   ConEmuThA.obj
 0001:00005dda       ?ReloadPanelsInfoA@@YIXXZ  10006dda f   ConEmuThA.obj
 0001:00005df3       ?SetCurrentPanelItemA@@YIXHHH@Z 10006df3 f   ConEmuThA.obj
 0001:00005ecb       ?CheckPanelSettingsA@@YIHH@Z 10006ecb f   ConEmuThA.obj
 0001:00005f33       ?CheckFarPanelsA@@YI_NXZ   10006f33 f   ConEmuThA.obj
 0001:00005f96       ?SettingsLoadA@@YIHPB_WPAK@Z 10006f96 f   ConEmuThA.obj
 0001:00005fa7       ?SettingsSaveA@@YIXPB_WPAK@Z 10006fa7 f   ConEmuThA.obj
 0001:00005fb8       ?SettingsLoadOtherA@@YIXXZ 10006fb8 f   ConEmuThA.obj
 0001:00005fc6       ?ReloadResourcesA@@YIXXZ   10006fc6 f   ConEmuThA.obj
 0001:00006051       _SetStartupInfo@4          10007051 f   ConEmuThA.obj
 0001:000061c1       _OpenPlugin@8              100071c1 f   ConEmuThA.obj
 0001:000061e4       ?GetIndexFromWndCoord@CeFullPanelInfo@@QAEHHHAAH@Z 100071e4 f   Display.obj
 0001:0000625b       ?GetConCoordFromIndex@CeFullPanelInfo@@QAEHHAAU_COORD@@@Z 1000725b f   Display.obj
 0001:000062f1       ?LoadItemColors@CeFullPanelInfo@@QAEXHPAUCePluginPanelItem@@PAUCePluginPanelItemColor@@HH@Z 100072f1 f   Display.obj
 0001:00006519       ?GetItemColors@CeFullPanelInfo@@QAEPAUHBRUSH__@@HPAUCePluginPanelItem@@PAUCePluginPanelItemColor@@HAAK2@Z 10007519 f   Display.obj
 0001:00006573       ?CalcTopPanelItem@CeFullPanelInfo@@QAEHHH@Z 10007573 f   Display.obj
 0001:00006621       ?DisplayReloadPanel@CeFullPanelInfo@@QAEXXZ 10007621 f   Display.obj
 0001:00006644       ?UnregisterPanelView@CeFullPanelInfo@@QAEH_N@Z 10007644 f   Display.obj
 0001:00006741       ?RequestSetPos@CeFullPanelInfo@@QAEXHHH@Z 10007741 f   Display.obj
 0001:000067f8       ?ReallocItems@CeFullPanelInfo@@QAEHH@Z 100077f8 f   Display.obj
 0001:0000691b       ?FarItem2CeItem@CeFullPanelInfo@@QAEHHPB_W0KU_FILETIME@@_KHPAXKP6GHXZ2K@Z 1000791b f   Display.obj
 0001:00006be0       ?BisItem2CeItem@CeFullPanelInfo@@QAEHHH_KKKHH@Z 10007be0 f   Display.obj
 0001:00006c6b       ?DrawItemText@CeFullPanelInfo@@QAEHPAUHDC__@@PAUtagRECT@@1PAUCePluginPanelItem@@PB_WPAUHBRUSH__@@H@Z 10007c6b f   Display.obj
 0001:00007116       ?Close@CeFullPanelInfo@@QAEXXZ 10008116 f   Display.obj
 0001:0000714a       ?FinalRelease@CeFullPanelInfo@@QAEXXZ 1000814a f   Display.obj
 0001:00007214       ?PaintItem@CeFullPanelInfo@@QAEHPAUHDC__@@HHHPAUCePluginPanelItem@@PAUCePluginPanelItemColor@@HHPAUHBRUSH__@@3K@Z 10008214 f   Display.obj
 0001:00007636       ?Invalidate@CeFullPanelInfo@@QAEXXZ 10008636 f   Display.obj
 0001:00007679       ?Paint@CeFullPanelInfo@@QAEXPAUHWND__@@AAUtagPAINTSTRUCT@@AAUtagRECT@@@Z 10008679 f   Display.obj
 0001:00007d90       ?OnSettingsChanged@CeFullPanelInfo@@QAEHH@Z 10008d90 f   Display.obj
 0001:00007e21       ?DisplayWndProc@CeFullPanelInfo@@SGJPAUHWND__@@IIJ@Z 10008e21 f   Display.obj
 0001:000082c9       ?InvalidateAll@CeFullPanelInfo@@SIXXZ 100092c9 f   Display.obj
 0001:00008307       ?RegisterPanelView@CeFullPanelInfo@@QAEHXZ 10009307 f   Display.obj
 0001:00008579       ?CreateView@CeFullPanelInfo@@QAEPAUHWND__@@XZ 10009579 f   Display.obj
 0001:00008832       ?DisplayThread@CeFullPanelInfo@@SGKPAX@Z 10009832 f   Display.obj
 0001:00008926       ?LoadModules@CImgCache@@IAEXXZ 10009926 f   ImgCache.obj
 0001:00008b6c       ?FreeModules@CImgCache@@IAEXXZ 10009b6c f   ImgCache.obj
 0001:00008c27       ?SetCacheLocation@CImgCache@@QAEXPB_W@Z 10009c27 f   ImgCache.obj
 0001:00008c83       ?CheckLoadDibCreated@CImgCache@@IAEHXZ 10009c83 f   ImgCache.obj
 0001:00008d8f       ?CheckDrawDibCreated@CImgCache@@IAEHXZ 10009d8f f   ImgCache.obj
 0001:00008e9b       ?FindInCache@CImgCache@@IAEHPAUCePluginPanelItem@@PAHI@Z 10009e9b f   ImgCache.obj
 0001:00009038       ?CopyBits@CImgCache@@IAEXU_COORD@@PAEK01@Z 1000a038 f   ImgCache.obj
 0001:00009090       ?LoadShellIcon@CImgCache@@QAEHPAUIMAGE_CACHE_INFO@@H@Z 1000a090 f   ImgCache.obj
 0001:00009319       ?LoadThumbnail@CImgCache@@QAEHPAUIMAGE_CACHE_INFO@@@Z 1000a319 f   ImgCache.obj
 0001:0000983b       ??0?$CQueueProcessor@PAUIMAGE_CACHE_INFO@@@@QAE@XZ 1000a83b f i ImgCache.obj
 0001:0000988c       ?IsStopRequested@?$CQueueProcessor@PAUIMAGE_CACHE_INFO@@@@UAE_NABQAUIMAGE_CACHE_INFO@@@Z 1000a88c f i ImgCache.obj
 0001:0000989d       ?ProcessItem@?$CQueueProcessor@PAUIMAGE_CACHE_INFO@@@@MAEJAAPAUIMAGE_CACHE_INFO@@J@Z 1000a89d f i ImgCache.obj
 0001:000098a5       ?OnItemFailed@?$CQueueProcessor@PAUIMAGE_CACHE_INFO@@@@MAEXAAPAUIMAGE_CACHE_INFO@@J@Z 1000a8a5 f i ImgCache.obj
 0001:000098a5       ?ApplyChanges@?$CQueueProcessor@PAUIMAGE_CACHE_INFO@@@@MAEXAAPAUIMAGE_CACHE_INFO@@ABQAU2@@Z 1000a8a5 f i ImgCache.obj
 0001:000098a5       ?OnItemReady@?$CQueueProcessor@PAUIMAGE_CACHE_INFO@@@@MAEXAAPAUIMAGE_CACHE_INFO@@J@Z 1000a8a5 f i ImgCache.obj
 0001:000098a8       ?IsTerminationRequested@CImgLoader@@UAE_NXZ 1000a8a8 f i ImgCache.obj
 0001:000098a8       ?IsTerminationRequested@?$CQueueProcessor@PAUIMAGE_CACHE_INFO@@@@MAE_NXZ 1000a8a8 f i ImgCache.obj
 0001:000098ac       ?OnThreadStarted@?$CQueueProcessor@PAUIMAGE_CACHE_INFO@@@@MAEJXZ 1000a8ac f i ImgCache.obj
 0001:000098af       ?CopyItem@?$CQueueProcessor@PAUIMAGE_CACHE_INFO@@@@MAEXPBQAUIMAGE_CACHE_INFO@@PAPAU2@@Z 1000a8af f i ImgCache.obj
 0001:000098cb       ?IsEqual@?$CQueueProcessor@PAUIMAGE_CACHE_INFO@@@@MAE_NABQAUIMAGE_CACHE_INFO@@J0J@Z 1000a8cb f i ImgCache.obj
 0001:00009901       ?FreeItem@?$CQueueProcessor@PAUIMAGE_CACHE_INFO@@@@MAEXABQAUIMAGE_CACHE_INFO@@@Z 1000a901 f i ImgCache.obj
 0001:00009904       ?CheckHighPriority@CImgLoader@@UAE_NAAPBUIMAGE_CACHE_INFO@@@Z 1000a904 f i ImgCache.obj
 0001:00009904       ?CheckHighPriority@?$CQueueProcessor@PAUIMAGE_CACHE_INFO@@@@MAE_NABQAUIMAGE_CACHE_INFO@@@Z 1000a904 f i ImgCache.obj
 0001:00009909       ?ClearQueue@?$CQueueProcessor@PAUIMAGE_CACHE_INFO@@@@AAEXXZ 1000a909 f i ImgCache.obj
 0001:00009966       ?InitializeQueue@?$CQueueProcessor@PAUIMAGE_CACHE_INFO@@@@AAEXH@Z 1000a966 f i ImgCache.obj
 0001:000099d7       ?CheckWaitingCount@?$CQueueProcessor@PAUIMAGE_CACHE_INFO@@@@AAEXXZ 1000a9d7 f i ImgCache.obj
 0001:00009a0e       ?ProcessItem@?$CQueueProcessor@PAUIMAGE_CACHE_INFO@@@@IAEJPAUProcessingItem@1@@Z 1000aa0e f i ImgCache.obj
 0001:00009a4f       ??0CImgCache@@QAE@PAUHINSTANCE__@@@Z 1000aa4f f   ImgCache.obj
 0001:00009b4f       ?PaintItem@CImgCache@@QAEHPAUHDC__@@HHHPAUCePluginPanelItem@@PAPB_WPAH@Z 1000ab4f f   ImgCache.obj
 0001:00009f7d       ?Terminate@?$CQueueProcessor@PAUIMAGE_CACHE_INFO@@@@QAEXK@Z 1000af7d f i ImgCache.obj
 0001:00009fc8       ?FindOrCreate@?$CQueueProcessor@PAUIMAGE_CACHE_INFO@@@@AAEPAUProcessingItem@1@ABQAUIMAGE_CACHE_INFO@@J_NW4ProcessingPriority@@@Z 1000afc8 f i ImgCache.obj
 0001:0000a134       ?ProcessingStep@?$CQueueProcessor@PAUIMAGE_CACHE_INFO@@@@IAE_NXZ 1000b134 f i ImgCache.obj
 0001:0000a2a5       ??$SafeDelete@UMSectionSimple@@@@YIXAAPAUMSectionSimple@@@Z 1000b2a5 f i ImgCache.obj
 0001:0000a2c3       ?Reset@CImgCache@@QAEXXZ   1000b2c3 f   ImgCache.obj
 0001:0000a408       ?Init@CImgCache@@QAEXK@Z   1000b408 f   ImgCache.obj
 0001:0000a44c       ??1?$CQueueProcessor@PAUIMAGE_CACHE_INFO@@@@UAE@XZ 1000b44c f i ImgCache.obj
 0001:0000a4a2       ?ProcessingThread@?$CQueueProcessor@PAUIMAGE_CACHE_INFO@@@@KGKPAX@Z 1000b4a2 f i ImgCache.obj
 0001:0000a4c5       ??1CImgCache@@QAE@XZ       1000b4c5 f   ImgCache.obj
 0001:0000a558       ?OnThreadStarted@CImgLoader@@UAEJXZ 1000b558 f i ImgCache.obj
 0001:0000a563       ?OnThreadStopped@CImgLoader@@UAEXXZ 1000b563 f i ImgCache.obj
 0001:0000a569       ?IsEqual@CImgLoader@@UAE_NAAPBUIMAGE_CACHE_INFO@@JAAPAU2@J@Z 1000b569 f i ImgCache.obj
 0001:0000a58b       ?ProcessItem@CImgLoader@@UAEJAAPAUIMAGE_CACHE_INFO@@J@Z 1000b58b f i ImgCache.obj
 0001:0000a5d0       ?CheckThread@?$CQueueProcessor@PAUIMAGE_CACHE_INFO@@@@IAEJXZ 1000b5d0 f i ImgCache.obj
 0001:0000a660       ??_GCImgLoader@@UAEPAXI@Z  1000b660 f i ImgCache.obj
 0001:0000a660       ??_E?$CQueueProcessor@PAUIMAGE_CACHE_INFO@@@@UAEPAXI@Z 1000b660 f i ImgCache.obj
 0001:0000a660       ??_ECImgLoader@@UAEPAXI@Z  1000b660 f i ImgCache.obj
 0001:0000a660       ??_G?$CQueueProcessor@PAUIMAGE_CACHE_INFO@@@@UAEPAXI@Z 1000b660 f i ImgCache.obj
 0001:0000a67c       ?RequestItem@?$CQueueProcessor@PAUIMAGE_CACHE_INFO@@@@QAEJ_NW4ProcessingPriority@@QAUIMAGE_CACHE_INFO@@J@Z 1000b67c f i ImgCache.obj
 0001:0000a720       ?RequestItem@CImgCache@@QAEHPAUCePluginPanelItem@@I@Z 1000b720 f   ImgCache.obj
 0001:0000a7c1       ?HeapInitialize@@YI_NXZ    1000b7c1 f   Memory.obj
 0001:0000a7e7       ?HeapDeinitialize@@YIXXZ   1000b7e7 f   Memory.obj
 0001:0000a7ff       ?xf_malloc@@YAPAXI@Z       1000b7ff f   Memory.obj
 0001:0000a812       ?xf_calloc@@YAPAXII@Z      1000b812 f   Memory.obj
 0001:0000a82b       ?xf_realloc@@YAPAXPAXI@Z   1000b82b f   Memory.obj
 0001:0000a850       ?xf_free@@YAXPAX@Z         1000b850 f   Memory.obj
 0001:0000a86e       ??2@YAPAXI@Z               1000b86e f   Memory.obj
 0001:0000a86e       ??_U@YAPAXI@Z              1000b86e f   Memory.obj
 0001:0000a873       ??3@YAXPAX@Z               1000b873 f   Memory.obj
 0001:0000a873       ??_V@YAXPAX@Z              1000b873 f   Memory.obj
 0001:0000a878       ?lstrdup@@YIPA_WPB_WI@Z    1000b878 f   Memory.obj
 0001:0000a8bb       ?lstrmerge@@YIPA_WPB_W0000@Z 1000b8bb f   Memory.obj
 0001:0000a951       ??0MSection@@QAE@XZ        1000b951 f   MSection.obj
 0001:0000a9b6       ??1MSection@@QAE@XZ        1000b9b6 f   MSection.obj
 0001:0000aa11       ?AddRef@MSection@@IAEXK@Z  1000ba11 f   MSection.obj
 0001:0000aa6f       ?ReleaseRef@MSection@@IAEHK@Z 1000ba6f f   MSection.obj
 0001:0000aad8       ?WaitUnlocked@MSection@@IAEXKK@Z 1000bad8 f   MSection.obj
 0001:0000ab33       ?MyEnterCriticalSection@MSection@@IAE_NK@Z 1000bb33 f   MSection.obj
 0001:0000ac1d       ?Lock@MSection@@IAEHHK@Z   1000bc1d f   MSection.obj
 0001:0000ace2       ?Unlock@MSection@@IAEXH@Z  1000bce2 f   MSection.obj
 0001:0000ad1c       ??0MSectionLock@@QAE@XZ    1000bd1c f   MSection.obj
 0001:0000ad29       ?Lock@MSectionLock@@QAEHPAVMSection@@HK@Z 1000bd29 f   MSection.obj
 0001:0000ad73       ?Unlock@MSectionLock@@QAEXXZ 1000bd73 f   MSection.obj
 0001:0000ad90       ??1MSectionLock@@QAE@XZ    1000bd90 f   MSection.obj
 0001:0000ada9       ?Init@MSectionSimple@@QAEXXZ 1000bda9 f   MSectionSimple.obj
 0001:0000adbf       ?Close@MSectionSimple@@QAEXXZ 1000bdbf f   MSectionSimple.obj
 0001:0000add5       ?Enter@MSectionSimple@@QAEXXZ 1000bdd5 f   MSectionSimple.obj
 0001:0000addd       ?Leave@MSectionSimple@@QAEXXZ 1000bddd f   MSectionSimple.obj
 0001:0000ade5       ?TryEnter@MSectionSimple@@QAE_NXZ 1000bde5 f   MSectionSimple.obj
 0001:0000ae04       ?RecreateAndLock@MSectionSimple@@QAE_NXZ 1000be04 f   MSectionSimple.obj
 0001:0000ae4f       ??0MSectionLockSimple@@QAE@XZ 1000be4f f   MSectionSimple.obj
 0001:0000ae59       ?Unlock@MSectionLockSimple@@QAEXXZ 1000be59 f   MSectionSimple.obj
 0001:0000ae75       ??0MSectionSimple@@QAE@_N@Z 1000be75 f   MSectionSimple.obj
 0001:0000ae9e       ??1MSectionSimple@@QAE@XZ  1000be9e f   MSectionSimple.obj
 0001:0000aea3       ??1MSectionLockSimple@@QAE@XZ 1000bea3 f   MSectionSimple.obj
 0001:0000aeaf       ?Lock@MSectionLockSimple@@QAEHPAUMSectionSimple@@K@Z 1000beaf f   MSectionSimple.obj
 0001:0000af1b       ?UnloadAdvApi@MNullDesc@@IAEXXZ 1000bf1b f i MSecurity.obj
 0001:0000af32       ??0MNullDesc@@QAE@XZ       1000bf32 f i MSecurity.obj
 0001:0000af54       ??1MNullDesc@@QAE@XZ       1000bf54 f i MSecurity.obj
 0001:0000af8c       ?LoadAdvApi@MNullDesc@@IAEHXZ 1000bf8c f i MSecurity.obj
 0001:0000b0bf       ?LocalSecurity@MNullDesc@@QAEPAU_SECURITY_ATTRIBUTES@@XZ 1000c0bf f i MSecurity.obj
 0001:0000b1f8       ?LocalSecurity@@YIPAU_SECURITY_ATTRIBUTES@@XZ 1000c1f8 f   MSecurity.obj
 0001:0000b226       ?ShutdownSecurity@@YIXXZ   1000c226 f   MSecurity.obj
 0001:0000b248       ?msprintf@@YAPB_WPA_WIPB_WZZ 1000c248 f   MStrSafe.obj
 0001:0000b5b7       _wmemcmp                   1000c5b7 f i RgnDetect.obj
 0001:0000b5e8       ??0CRgnDetect@@QAE@XZ      1000c5e8 f   RgnDetect.obj
 0001:0000b6af       ??1CRgnDetect@@QAE@XZ      1000c6af f   RgnDetect.obj
 0001:0000b6f8       ?GetDetectedDialogsPtr@CRgnDetect@@QBEPBUtag_DetectedDialog@@XZ 1000c6f8 f   RgnDetect.obj
 0001:0000b6fc       ?GetFlags@CRgnDetect@@QBEKXZ 1000c6fc f   RgnDetect.obj
 0001:0000b703       ?FindFrameRight_ByBottom@CRgnDetect@@IAE_NPA_WPAUtag_CharAttr@@HHAAH22@Z 1000c703 f   RgnDetect.obj
 0001:0000b7b3       ?FindFrameLeft_ByBottom@CRgnDetect@@IAE_NPA_WPAUtag_CharAttr@@HHAAH22@Z 1000c7b3 f   RgnDetect.obj
 0001:0000b85c       ?FindFrameTop_ByLeft@CRgnDetect@@IAE_NPA_WPAUtag_CharAttr@@HHAAH22@Z 1000c85c f   RgnDetect.obj
 0001:0000b8e1       ?FindFrameTop_ByRight@CRgnDetect@@IAE_NPA_WPAUtag_CharAttr@@HHAAH22@Z 1000c8e1 f   RgnDetect.obj
 0001:0000b994       ?FindFrameBottom_ByRight@CRgnDetect@@IAE_NPA_WPAUtag_CharAttr@@HHAAH22@Z 1000c994 f   RgnDetect.obj
 0001:0000ba46       ?FindFrameBottom_ByLeft@CRgnDetect@@IAE_NPA_WPAUtag_CharAttr@@HHAAH22@Z 1000ca46 f   RgnDetect.obj
 0001:0000bad0       ?FindDialog_Inner@CRgnDetect@@IAE_NPA_WPAUtag_CharAttr@@HHAAH2@Z 1000cad0 f   RgnDetect.obj
 0001:0000bbe6       ?FindFrame_TopLeft@CRgnDetect@@IAE_NPA_WPAUtag_CharAttr@@HHAAH222@Z 1000cbe6 f   RgnDetect.obj
 0001:0000bca6       ?ExpandDialogFrame@CRgnDetect@@IAE_NPA_WPAUtag_CharAttr@@HHAAH2HH22@Z 1000cca6 f   RgnDetect.obj
 0001:0000bf58       ?FindByBackground@CRgnDetect@@IAE_NPA_WPAUtag_CharAttr@@HHAAH222AA_N@Z 1000cf58 f   RgnDetect.obj
 0001:0000c028       ?MarkDialog@CRgnDetect@@IAEHPA_WPAUtag_CharAttr@@HHHHHH_N2K@Z 1000d028 f   RgnDetect.obj
 0001:0000c6fd       ?OnWindowSizeChanged@CRgnDetect@@QAEXXZ 1000d6fd f   RgnDetect.obj
 0001:0000c705       ?OnWriteConsoleOutput@CRgnDetect@@QAEXPBU_CHAR_INFO@@U_COORD@@1PAU_SMALL_RECT@@PBK@Z 1000d705 f   RgnDetect.obj
 0001:0000c940       ?SetFarRect@CRgnDetect@@QAEXPAU_SMALL_RECT@@@Z 1000d940 f   RgnDetect.obj
 0001:0000c9d1       ?TextWidth@CRgnDetect@@QAEHXZ 1000d9d1 f   RgnDetect.obj
 0001:0000c9f6       ?TextHeight@CRgnDetect@@QAEHXZ 1000d9f6 f   RgnDetect.obj
 0001:0000ca1b       ?GetCharAttr@CRgnDetect@@QAEHHHAA_WAAUtag_CharAttr@@@Z 1000da1b f   RgnDetect.obj
 0001:0000ca8f       ?FindFrameRight_ByTop@CRgnDetect@@IAE_NPA_WPAUtag_CharAttr@@HHAAH22@Z 1000da8f f   RgnDetect.obj
 0001:0000cb77       ?FindFrameLeft_ByTop@CRgnDetect@@IAE_NPA_WPAUtag_CharAttr@@HHAAH22@Z 1000db77 f   RgnDetect.obj
 0001:0000cc8b       ?FindDialog_TopLeft@CRgnDetect@@IAE_NPA_WPAUtag_CharAttr@@HHAAH222AA_N@Z 1000dc8b f   RgnDetect.obj
 0001:0000cd11       ?FindDialog_TopRight@CRgnDetect@@IAE_NPA_WPAUtag_CharAttr@@HHAAH222AA_N@Z 1000dd11 f   RgnDetect.obj
 0001:0000cda4       ?FindDialog_Left@CRgnDetect@@IAE_NPA_WPAUtag_CharAttr@@HHAAH222AA_N@Z 1000dda4 f   RgnDetect.obj
 0001:0000cee9       ?FindDialog_Right@CRgnDetect@@IAE_NPA_WPAUtag_CharAttr@@HHAAH222AA_N@Z 1000dee9 f   RgnDetect.obj
 0001:0000cfaf       ?FindDialog_Any@CRgnDetect@@IAE_NPA_WPAUtag_CharAttr@@HHAAH222AA_N@Z 1000dfaf f   RgnDetect.obj
 0001:0000d178       ?DetectDialog@CRgnDetect@@IAE_NPA_WPAUtag_CharAttr@@HHHHPAH2@Z 1000e178 f   RgnDetect.obj
 0001:0000d3e3       ?InitializeSBI@CRgnDetect@@QAEHPBK@Z 1000e3e3 f   RgnDetect.obj
 0001:0000d714       ?PrepareTransparent@CRgnDetect@@QAEXPBUCEFAR_INFO_MAPPING@@PBKPBU_CONSOLE_SCREEN_BUFFER_INFO@@PA_WPAUtag_CharAttr@@HH@Z 1000e714 f   RgnDetect.obj
 0001:0000dda1       ?PrepareTransparent@CRgnDetect@@QAEXPBUCEFAR_INFO_MAPPING@@PBK@Z 1000eda1 f   RgnDetect.obj
 0001:0000de44       ?SearchAppPaths@@YI_NPB_WAAUCmdArg@@_NPAU1@@Z 1000ee44 f   WFiles.obj
 0001:0000e139       ?FileExists@@YI_NPB_WPAK@Z 1000f139 f   WObjects.obj
 0001:0000e251       ?IsWindows64@@YI_NXZ       1000f251 f   WObjects.obj
 0001:0000e2b7       ?isTerminalMode@@YI_NXZ    1000f2b7 f   WObjects.obj
 0001:0000e4b2       ?ExpandEnvStr@@YIPA_WPB_W@Z 1000f4b2 f   WObjects.obj
 0001:0000e52d       ?GetEnvVar@@YIPA_WPB_W@Z   1000f52d f   WObjects.obj
 0001:0000e59c       ?apiTerminateThreadEx@@YIHPAXKPBDH@Z 1000f59c f   WThreads.obj
 0001:0000e656       ?SetThreadName@@YIXKPAD@Z  1000f656 f   WThreads.obj
 0001:0000e69e       ?apiThreadHelper@@YGKPAX@Z 1000f69e f   WThreads.obj
 0001:0000e804       ?apiCreateThread@@YIPAXP6GKPAX@Z0PAKPBDH@Z 1000f804 f   WThreads.obj
 0001:0000e8f3       ?apiShowWindow@@YI_NPAUHWND__@@H@Z 1000f8f3 f   WUser.obj
 0001:0000e910       _wcschr                    1000f910 f   libCRT:strchr.obj
 0001:0000e940       _wcsrchr                   1000f940 f   libCRT:strrchr.obj
 0001:0000e970       _wcspbrk                   1000f970 f   libCRT:strpbrk.obj
 0001:0000e9c0       _strrchr                   1000f9c0 f   libCRT:strrchr.obj
 0001:0000e9f0       _memmove                   1000f9f0 f   libCRT:memmove.obj
 0001:0000ea50       _memset                    1000fa50 f   libCRT:memset.obj
 0001:0000ea90       __allshr                   1000fa90 f   libCRT:vc_llshr.obj
 0001:0000eac0       __alldiv                   1000fac0 f   libCRT:vc_lldiv.obj
 0001:0000eb70       __allmul                   1000fb70 f   libCRT:vc_llmul.obj
 0001:0000ebb0       _strchr                    1000fbb0 f   libCRT:strchr.obj
 0001:0000ebc6       _VerQueryValueW@16         1000fbc6 f   version:VERSION.dll
 0001:0000ebcc       _GetFileVersionInfoW@16    1000fbcc f   version:VERSION.dll
 0001:0000ebd2       _GetFileVersionInfoSizeW@8 1000fbd2 f   version:VERSION.dll
 0001:0000ebe0       __ftol2_sse                1000fbe0 f   libcmt:ftol2.obj
 0001:0000ebe9       __ftol2_pentium4           1000fbe9 f   libcmt:ftol2.obj
 0001:0000ebfc       __ftol2_sse_excpt          1000fbfc f   libcmt:ftol2.obj
 0001:0000ec16       __ftol2                    1000fc16 f   libcmt:ftol2.obj
 0001:0000ec8c       __SEH_prolog               1000fc8c f   libcmt:sehprolg.obj
 0001:0000ecc7       __SEH_epilog               1000fcc7 f   libcmt:sehprolg.obj
 0001:0000ece0       __except_handler3          1000fce0 f   libcmt:exsup3.obj
 0001:0000edde       __seh_longjmp_unwind@4     1000fdde f   libcmt:exsup3.obj
 0001:0000edf9       ___CppXcptFilter           1000fdf9 f i libcmt:dllcrt0.obj
 0001:0000ee19       ___CRT_INIT@12             1000fe19 f   libcmt:dllcrt0.obj
 0001:0000efc5       __CRT_INIT@12              1000ffc5 f   libcmt:dllcrt0.obj
 0001:0000f226       __DllMainCRTStartup@12     10010226 f   libcmt:dllcrt0.obj
 0001:0000f28c       __get_sse2_info            1001028c f   libcmt:cpu_disp.obj
 0001:0000f2ee       ___sse2_available_init     100102ee f   libcmt:cpu_disp.obj
 0001:0000f2fb       _CallDestructExceptionObject 100102fb f   libcmt:calldtor.obj
 0001:0000f334       __global_unwind2           10010334 f   libcmt:exsup.obj
 0001:0000f399       __local_unwind2            10010399 f   libcmt:exsup.obj
 0001:0000f41d       __abnormal_termination     1001041d f   libcmt:exsup.obj
 0001:0000f440       __NLG_Notify1              10010440 f   libcmt:exsup.obj
 0001:0000f449       __NLG_Notify               10010449 f   libcmt:exsup.obj
 0001:0000f460       __NLG_Dispatch2            10010460     libcmt:exsup.obj
 0001:0000f460       __NLG_Dispatch             10010460     libcmt:exsup.obj
 0001:0000f468       __NLG_Call                 10010468 f   libcmt:exsup.obj
 0001:0000f46a       __NLG_Return2              1001046a     libcmt:exsup.obj
 0001:0000f530       __ValidateEH3RN            10010530 f   libcmt:eh3valid.obj
 0001:0000f898       __XcptFilter               10010898 f   libcmt:winxfltr.obj
 0001:0000f9f8       __initterm_e               100109f8 f i libcmt:crt0dat.obj
 0001:0000fa1c       __amsg_exit                10010a1c f   libcmt:crt0dat.obj
 0001:0000fa45       ___crtCorExitProcess       10010a45 f   libcmt:crt0dat.obj
 0001:0000fa70       ___crtExitProcess          10010a70 f   libcmt:crt0dat.obj
 0001:0000faa5       __get_osplatform           10010aa5 f   libcmt:crt0dat.obj
 0001:0000fae1       __get_winmajor             10010ae1 f   libcmt:crt0dat.obj
 0001:0000fb22       __cinit                    10010b22 f   libcmt:crt0dat.obj
 0001:0000fc78       __exit                     10010c78 f   libcmt:crt0dat.obj
 0001:0000fc8e       __cexit                    10010c8e f   libcmt:crt0dat.obj
 0001:0000fc9d       __init_pointers            10010c9d f   libcmt:crt0dat.obj
 0001:0000fcdf       __encode_pointer           10010cdf f   libcmt:tidtable.obj
 0001:0000fd52       __encoded_null             10010d52 f   libcmt:tidtable.obj
 0001:0000fd5b       __decode_pointer           10010d5b f   libcmt:tidtable.obj
 0001:0000fdce       ___crtTlsAlloc@4           10010dce f   libcmt:tidtable.obj
 0001:0000fdd7       ___set_flsgetvalue         10010dd7 f   libcmt:tidtable.obj
 0001:0000fe01       __mtterm                   10010e01 f   libcmt:tidtable.obj
 0001:0000fe3e       __initptd                  10010e3e f   libcmt:tidtable.obj
 0001:0000ff06       __getptd_noexit            10010f06 f   libcmt:tidtable.obj
 0001:0000ff82       __getptd                   10010f82 f   libcmt:tidtable.obj
 0001:0000ff9c       __freefls@4                10010f9c f   libcmt:tidtable.obj
 0001:000100e7       __freeptd                  100110e7 f   libcmt:tidtable.obj
 0001:00010155       __mtinit                   10011155 f   libcmt:tidtable.obj
 0001:000102cf       _free                      100112cf f   libcmt:free.obj
 0001:0001035d       __calloc_impl              1001135d f   libcmt:calloc.obj
 0001:0001047b       _calloc                    1001147b f   libcmt:calloc.obj
 0001:000104bc       __ioinit                   100114bc f   libcmt:ioinit.obj
 0001:000106f6       __ioterm                   100116f6 f   libcmt:ioinit.obj
 0001:00010744       __setenvp                  10011744 f   libcmt:stdenvp.obj
 0001:0001084a       _ULongLongToULong          1001184a f i libcmt:stdargv.obj
 0001:00010875       _ULongAdd                  10011875 f i libcmt:stdargv.obj
 0001:00010a7e       __setargv                  10011a7e f   libcmt:stdargv.obj
 0001:00010b6d       ___crtGetEnvironmentStringsA 10011b6d f   libcmt:a_env.obj
 0001:00010ca4       ___heap_select             10011ca4 f   libcmt:heapinit.obj
 0001:00010d01       __heap_init                10011d01 f   libcmt:heapinit.obj
 0001:00010d61       __heap_term                10011d61 f   libcmt:heapinit.obj
 0001:00010dd5       @__security_check_cookie@4 10011dd5 f   libcmt:secchk.obj
 0001:00010de5       ___security_init_cookie    10011de5 f   libcmt:gs_support.obj
 0001:00010e78       __SEH_prolog4              10011e78 f   libcmt:sehprolg4.obj
 0001:00010ebd       __SEH_epilog4              10011ebd f   libcmt:sehprolg4.obj
 0001:00010ee0       __except_handler4          10011ee0 f   libcmt:chandler4.obj
 0001:00011070       __ValidateImageBase        10012070 f   libcmt:pesect.obj
 0001:000110b0       __FindPESection            100120b0 f   libcmt:pesect.obj
 0001:000110f4       __IsNonwritableInCurrentImage 100120f4 f   libcmt:pesect.obj
 0001:00011160       __NMSG_WRITE               10012160 f   libcmt:crt0msg.obj
 0001:000112e5       __FF_MSGBANNER             100122e5 f   libcmt:crt0msg.obj
 0001:0001131e       __mtinitlocks              1001231e f   libcmt:mlock.obj
 0001:0001136f       __mtdeletelocks            1001236f f   libcmt:mlock.obj
 0001:000113c6       __unlock                   100123c6 f   libcmt:mlock.obj
 0001:000113dd       __mtinitlocknum            100123dd f   libcmt:mlock.obj
 0001:000114a0       __lock                     100124a0 f   libcmt:mlock.obj
 0001:000114d3       __invoke_watson            100124d3 f   libcmt:invarg.obj
 0001:00011579       __invalid_parameter        10012579 f   libcmt:invarg.obj
 0001:00011584       __get_errno_from_oserr     10012584 f   libcmt:dosmap.obj
 0001:000115c6       __errno                    100125c6 f   libcmt:dosmap.obj
 0001:000115d9       __initp_misc_cfltcvt_tab   100125d9 f   libcmt:cmiscdat.obj
 0001:000115fa       ?terminate@@YAXXZ          100125fa f   libcmt:hooks.obj
 0001:00011633       __initp_eh_hooks           10012633 f   libcmt:hooks.obj
 0001:00011644       __initp_misc_winsig        10012644 f   libcmt:winsig.obj
 0001:00011699       ___get_sigabrt             10012699 f   libcmt:winsig.obj
 0001:000116a6       _raise                     100126a6 f   libcmt:winsig.obj
 0001:00011856       __initp_misc_rand_s        10012856 f   libcmt:rand_s.obj
 0001:00011865       __initp_misc_initcrit      10012865 f   libcmt:initcrit.obj
 0001:00011889       ___crtInitCritSecAndSpinCount 10012889 f   libcmt:initcrit.obj
 0001:0001195d       ___crtInitCritSecAndSpinCountEx 1001295d f   libcmt:initcrit.obj
 0001:00011971       __initp_heap_handler       10012971 f   libcmt:handler.obj
 0001:00011980       __callnewh                 10012980 f   libcmt:handler.obj
 0001:000119a8       ___freetlocinfo            100129a8 f   libcmt:setlocal.obj
 0001:00011af1       ___addlocaleref            10012af1 f   libcmt:setlocal.obj
 0001:00011b80       ___removelocaleref         10012b80 f   libcmt:setlocal.obj
 0001:00011c57       ___updatetlocinfo          10012c57 f   libcmt:setlocal.obj
 0001:00011ef8       ___updatetmbcinfo          10012ef8 f   libcmt:mbctype.obj
 0001:00011fa3       ??0_LocaleUpdate@@QAE@PAUlocaleinfo_struct@@@Z 10012fa3 f i libcmt:mbctype.obj
 0001:000120c0       __setmbcp_nolock           100130c0 f   libcmt:mbctype.obj
 0001:00012277       __setmbcp                  10013277 f   libcmt:mbctype.obj
 0001:00012411       ___initmbctable            10013411 f   libcmt:mbctype.obj
 0001:0001242f       __calloc_crt               1001342f f   libcmt:crtheap.obj
 0001:0001247b       ___sbh_heap_init           1001347b f   libcmt:sbheap.obj
 0001:000124c9       ___sbh_find_block          100134c9 f   libcmt:sbheap.obj
 0001:000124f9       ___sbh_free_block          100134f9 f   libcmt:sbheap.obj
 0001:0001280f       ___sbh_alloc_new_region    1001380f f   libcmt:sbheap.obj
 0001:000128bf       ___sbh_alloc_new_group     100138bf f   libcmt:sbheap.obj
 0001:000129c7       ___sbh_alloc_block         100139c7 f   libcmt:sbheap.obj
 0001:00012cac       _strcpy_s                  10013cac f   libcmt:strcpy_s.obj
 0001:00012d67       __ismbblead                10013d67 f   libcmt:ismbbyte.obj
 0001:00012d7f       _V6_HeapAlloc              10013d7f f   libcmt:malloc.obj
 0001:00012dce       _malloc                    10013dce f   libcmt:malloc.obj
 0001:00012ea0       _memcpy                    10013ea0 f   libcmt:memcpy.obj
 0001:00013205       ___report_gsfailure        10014205 f   libcmt:gs_report.obj
 0001:000132e8       __local_unwind4            100142e8 f   libcmt:exsup4.obj
 0001:000133be       __seh_longjmp_unwind4@4    100143be f   libcmt:exsup4.obj
 0001:000133da       @_EH4_CallFilterFunc@8     100143da f   libcmt:exsup4.obj
 0001:000133f1       @_EH4_TransferToHandler@8  100143f1 f   libcmt:exsup4.obj
 0001:0001340a       @_EH4_GlobalUnwind@4       1001440a f   libcmt:exsup4.obj
 0001:00013424       @_EH4_LocalUnwind@16       10014424 f   libcmt:exsup4.obj
 0001:0001343b       ___crtMessageBoxA          1001443b f   libcmt:crtmbox.obj
 0001:000135dd       _strcat_s                  100145dd f   libcmt:strcat_s.obj
 0001:00013651       __set_error_mode           10014651 f   libcmt:errmode.obj
 0001:0001369c       __fptrap                   1001469c f   libcmt:crt0fp.obj
 0001:000136a5       _abort                     100146a5 f   libcmt:abort.obj
 0001:000137bc       ___free_lc_time            100147bc f   libcmt:inittime.obj
 0001:00013b33       ___free_lconv_num          10014b33 f   libcmt:initnum.obj
 0001:00013b9c       ___free_lconv_mon          10014b9c f   libcmt:initmon.obj
 0001:00013c9a       __MarkAllocaS              10014c9a f i libcmt:_strftime.obj
 0001:00013cb0       __freea                    10014cb0 f i libcmt:_strftime.obj
 0001:00013cd0       _strcspn                   10014cd0 f   libcmt:strcspn.obj
 0001:00013ed0       ___crtGetStringTypeA       10014ed0 f   libcmt:_a_str.obj
 0001:000143c6       ___crtLCMapStringA         100153c6 f   libcmt:_a_map.obj
 0001:00014493       __VEC_memcpy               10015493 f   libcmt:p4_memcpy.obj
 0001:00014580       ___ascii_stricmp           10015580 f   libcmt:_stricmp.obj
 0001:000145ce       __isleadbyte_l             100155ce f i libcmt:__wctype.obj
 0001:00014610       __alloca_probe_16          10015610 f   libcmt:alloca16.obj
 0001:00014626       __alloca_probe_8           10015626     libcmt:alloca16.obj
 0001:0001463c       _atol                      1001563c f   libcmt:atox.obj
 0001:0001465e       ___ansicp                  1001565e f   libcmt:convrtcp.obj
 0001:000146a7       ___convertcp               100156a7 f   libcmt:convrtcp.obj
 0001:00014861       __resetstkoflw             10015861 f   libcmt:resetstk.obj
 0001:000149c8       __SEH_prolog4_GS           100159c8 f   libcmt:sehprolg4gs.obj
 0001:00014a10       __SEH_epilog4_GS           10015a10 f   libcmt:sehprolg4gs.obj
 0001:00014a20       __alloca_probe             10015a20     libcmt:chkstk.obj
 0001:00014a20       __chkstk                   10015a20 f   libcmt:chkstk.obj
 0001:00014c86       _strtolX                   10015c86 f   libcmt:_strtol.obj
 0001:00014cc0       ___ascii_strnicmp          10015cc0 f   libcmt:_strnicm.obj
 0001:00014d30       __aulldvrm                 10015d30 f   libcmt:ulldvrm.obj
 0001:00014dc5       __isctype_l                10015dc5 f   libcmt:_isctype.obj
 0001:00014e7e       _Thread32Next@8            10015e7e f   kernel32:KERNEL32.dll
 0001:00014e84       _Thread32First@8           10015e84 f   kernel32:KERNEL32.dll
 0001:00014e8a       _CreateToolhelp32Snapshot@8 10015e8a f   kernel32:KERNEL32.dll
 0001:00014e90       _Process32NextW@8          10015e90 f   kernel32:KERNEL32.dll
 0001:00014e96       _Process32FirstW@8         10015e96 f   kernel32:KERNEL32.dll
 0001:00014e9c       _RtlUnwind@16              10015e9c f   kernel32:KERNEL32.dll
 0002:00000000       __imp__RegCreateKeyExW@36  10016000     advapi32:ADVAPI32.dll
 0002:00000004       __imp__RegSetValueExW@24   10016004     advapi32:ADVAPI32.dll
 0002:00000008       __imp__RegOpenKeyExW@20    10016008     advapi32:ADVAPI32.dll
 0002:0000000c       __imp__RegQueryValueExW@24 1001600c     advapi32:ADVAPI32.dll
 0002:00000010       __imp__RegCloseKey@4       10016010     advapi32:ADVAPI32.dll
 0002:00000014       \177ADVAPI32_NULL_THUNK_DATA 10016014     advapi32:ADVAPI32.dll
 0002:00000018       __imp__CreateCompatibleBitmap@12 10016018     gdi32:GDI32.dll
 0002:0000001c       __imp__CreateCompatibleDC@4 1001601c     gdi32:GDI32.dll
 0002:00000020       __imp__CreateFontW@56      10016020     gdi32:GDI32.dll
 0002:00000024       __imp__BitBlt@36           10016024     gdi32:GDI32.dll
 0002:00000028       __imp__CreateDIBSection@24 10016028     gdi32:GDI32.dll
 0002:0000002c       __imp__GdiFlush@0          1001602c     gdi32:GDI32.dll
 0002:00000030       __imp__GetObjectW@12       10016030     gdi32:GDI32.dll
 0002:00000034       __imp__StretchBlt@44       10016034     gdi32:GDI32.dll
 0002:00000038       __imp__GdiAlphaBlend@44    10016038     gdi32:GDI32.dll
 0002:0000003c       __imp__SetStretchBltMode@8 1001603c     gdi32:GDI32.dll
 0002:00000040       __imp__DeleteDC@4          10016040     gdi32:GDI32.dll
 0002:00000044       __imp__SelectObject@8      10016044     gdi32:GDI32.dll
 0002:00000048       __imp__Rectangle@20        10016048     gdi32:GDI32.dll
 0002:0000004c       __imp__SetTextColor@8      1001604c     gdi32:GDI32.dll
 0002:00000050       __imp__SetBkColor@8        10016050     gdi32:GDI32.dll
 0002:00000054       __imp__CreatePen@12        10016054     gdi32:GDI32.dll
 0002:00000058       __imp__MoveToEx@16         10016058     gdi32:GDI32.dll
 0002:0000005c       __imp__LineTo@12           1001605c     gdi32:GDI32.dll
 0002:00000060       __imp__GetStockObject@4    10016060     gdi32:GDI32.dll
 0002:00000064       __imp__CreateSolidBrush@4  10016064     gdi32:GDI32.dll
 0002:00000068       __imp__DeleteObject@4      10016068     gdi32:GDI32.dll
 0002:0000006c       \177GDI32_NULL_THUNK_DATA  1001606c     gdi32:GDI32.dll
 0002:00000070       __imp__Thread32Next@8      10016070     kernel32:KERNEL32.dll
 0002:00000074       __imp__Thread32First@8     10016074     kernel32:KERNEL32.dll
 0002:00000078       __imp__CreateToolhelp32Snapshot@8 10016078     kernel32:KERNEL32.dll
 0002:0000007c       __imp__VirtualProtect@16   1001607c     kernel32:KERNEL32.dll
 0002:00000080       __imp__WriteConsoleInputW@16 10016080     kernel32:KERNEL32.dll
 0002:00000084       __imp__GetStdHandle@4      10016084     kernel32:KERNEL32.dll
 0002:00000088       __imp__WideCharToMultiByte@32 10016088     kernel32:KERNEL32.dll
 0002:0000008c       __imp__LocalFree@4         1001608c     kernel32:KERNEL32.dll
 0002:00000090       __imp__lstrcpyW@8          10016090     kernel32:KERNEL32.dll
 0002:00000094       __imp__ReadConsoleInputW@16 10016094     kernel32:KERNEL32.dll
 0002:00000098       __imp__lstrcpynA@12        10016098     kernel32:KERNEL32.dll
 0002:0000009c       __imp__MultiByteToWideChar@24 1001609c     kernel32:KERNEL32.dll
 0002:000000a0       __imp__lstrlenA@4          100160a0     kernel32:KERNEL32.dll
 0002:000000a4       __imp__LocalAlloc@8        100160a4     kernel32:KERNEL32.dll
 0002:000000a8       __imp__FileTimeToSystemTime@8 100160a8     kernel32:KERNEL32.dll
 0002:000000ac       __imp__GetExitCodeThread@8 100160ac     kernel32:KERNEL32.dll
 0002:000000b0       __imp__WaitForMultipleObjects@16 100160b0     kernel32:KERNEL32.dll
 0002:000000b4       __imp__CreateEventW@16     100160b4     kernel32:KERNEL32.dll
 0002:000000b8       __imp__SetEvent@4          100160b8     kernel32:KERNEL32.dll
 0002:000000bc       __imp__VirtualAlloc@16     100160bc     kernel32:KERNEL32.dll
 0002:000000c0       __imp__FindClose@4         100160c0     kernel32:KERNEL32.dll
 0002:000000c4       __imp__FindNextFileW@8     100160c4     kernel32:KERNEL32.dll
 0002:000000c8       __imp__FreeLibrary@4       100160c8     kernel32:KERNEL32.dll
 0002:000000cc       __imp__FindFirstFileW@8    100160cc     kernel32:KERNEL32.dll
 0002:000000d0       __imp__lstrcatW@8          100160d0     kernel32:KERNEL32.dll
 0002:000000d4       __imp__GetTempPathW@8      100160d4     kernel32:KERNEL32.dll
 0002:000000d8       __imp__IsBadReadPtr@8      100160d8     kernel32:KERNEL32.dll
 0002:000000dc       __imp__ResetEvent@4        100160dc     kernel32:KERNEL32.dll
 0002:000000e0       __imp__HeapCreate@12       100160e0     kernel32:KERNEL32.dll
 0002:000000e4       __imp__HeapDestroy@4       100160e4     kernel32:KERNEL32.dll
 0002:000000e8       __imp__HeapAlloc@12        100160e8     kernel32:KERNEL32.dll
 0002:000000ec       __imp__HeapReAlloc@16      100160ec     kernel32:KERNEL32.dll
 0002:000000f0       __imp__HeapFree@12         100160f0     kernel32:KERNEL32.dll
 0002:000000f4       __imp__OpenThread@12       100160f4     kernel32:KERNEL32.dll
 0002:000000f8       __imp__InitializeCriticalSection@4 100160f8     kernel32:KERNEL32.dll
 0002:000000fc       __imp__DeleteCriticalSection@4 100160fc     kernel32:KERNEL32.dll
 0002:00000100       __imp__EnterCriticalSection@4 10016100     kernel32:KERNEL32.dll
 0002:00000104       __imp__LeaveCriticalSection@4 10016104     kernel32:KERNEL32.dll
 0002:00000108       __imp__TryEnterCriticalSection@4 10016108     kernel32:KERNEL32.dll
 0002:0000010c       __imp__VerifyVersionInfoW@16 1001610c     kernel32:KERNEL32.dll
 0002:00000110       __imp__VerSetConditionMask@16 10016110     kernel32:KERNEL32.dll
 0002:00000114       __imp__ReadConsoleOutputW@20 10016114     kernel32:KERNEL32.dll
 0002:00000118       __imp__GetConsoleScreenBufferInfo@8 10016118     kernel32:KERNEL32.dll
 0002:0000011c       __imp__GetFileInformationByHandle@8 1001611c     kernel32:KERNEL32.dll
 0002:00000120       __imp__GetCurrentProcess@0 10016120     kernel32:KERNEL32.dll
 0002:00000124       __imp__CreateFileMappingW@24 10016124     kernel32:KERNEL32.dll
 0002:00000128       __imp__Process32FirstW@8   10016128     kernel32:KERNEL32.dll
 0002:0000012c       __imp__VirtualFree@12      1001612c     kernel32:KERNEL32.dll
 0002:00000130       __imp__GetSystemInfo@4     10016130     kernel32:KERNEL32.dll
 0002:00000134       __imp__ExpandEnvironmentStringsW@12 10016134     kernel32:KERNEL32.dll
 0002:00000138       __imp__GetEnvironmentVariableW@12 10016138     kernel32:KERNEL32.dll
 0002:0000013c       __imp__TerminateThread@8   1001613c     kernel32:KERNEL32.dll
 0002:00000140       __imp__RaiseException@16   10016140     kernel32:KERNEL32.dll
 0002:00000144       __imp__ResumeThread@4      10016144     kernel32:KERNEL32.dll
 0002:00000148       __imp__CreateThread@24     10016148     kernel32:KERNEL32.dll
 0002:0000014c       __imp__GetCommandLineA@0   1001614c     kernel32:KERNEL32.dll
 0002:00000150       __imp__GetVersionExA@4     10016150     kernel32:KERNEL32.dll
 0002:00000154       __imp__RtlUnwind@16        10016154     kernel32:KERNEL32.dll
 0002:00000158       __imp__VirtualQuery@12     10016158     kernel32:KERNEL32.dll
 0002:0000015c       __imp__InterlockedExchange@8 1001615c     kernel32:KERNEL32.dll
 0002:00000160       __imp__GetModuleHandleA@4  10016160     kernel32:KERNEL32.dll
 0002:00000164       __imp__ExitProcess@4       10016164     kernel32:KERNEL32.dll
 0002:00000168       __imp__TlsGetValue@4       10016168     kernel32:KERNEL32.dll
 0002:0000016c       __imp__TlsAlloc@0          1001616c     kernel32:KERNEL32.dll
 0002:00000170       __imp__TlsSetValue@8       10016170     kernel32:KERNEL32.dll
 0002:00000174       __imp__TlsFree@4           10016174     kernel32:KERNEL32.dll
 0002:00000178       __imp__InterlockedIncrement@4 10016178     kernel32:KERNEL32.dll
 0002:0000017c       __imp__InterlockedDecrement@4 1001617c     kernel32:KERNEL32.dll
 0002:00000180       __imp__SetHandleCount@4    10016180     kernel32:KERNEL32.dll
 0002:00000184       __imp__LoadLibraryW@4      10016184     kernel32:KERNEL32.dll
 0002:00000188       __imp__GetStartupInfoA@4   10016188     kernel32:KERNEL32.dll
 0002:0000018c       __imp__GetModuleFileNameA@12 1001618c     kernel32:KERNEL32.dll
 0002:00000190       __imp__FreeEnvironmentStringsA@4 10016190     kernel32:KERNEL32.dll
 0002:00000194       __imp__GetEnvironmentStrings@0 10016194     kernel32:KERNEL32.dll
 0002:00000198       __imp__FreeEnvironmentStringsW@4 10016198     kernel32:KERNEL32.dll
 0002:0000019c       __imp__GetEnvironmentStringsW@0 1001619c     kernel32:KERNEL32.dll
 0002:000001a0       __imp__QueryPerformanceCounter@4 100161a0     kernel32:KERNEL32.dll
 0002:000001a4       __imp__GetSystemTimeAsFileTime@4 100161a4     kernel32:KERNEL32.dll
 0002:000001a8       __imp__OutputDebugStringA@4 100161a8     kernel32:KERNEL32.dll
 0002:000001ac       __imp__LoadLibraryExA@12   100161ac     kernel32:KERNEL32.dll
 0002:000001b0       __imp__GetCPInfo@8         100161b0     kernel32:KERNEL32.dll
 0002:000001b4       __imp__GetACP@0            100161b4     kernel32:KERNEL32.dll
 0002:000001b8       __imp__GetOEMCP@0          100161b8     kernel32:KERNEL32.dll
 0002:000001bc       __imp__TerminateProcess@8  100161bc     kernel32:KERNEL32.dll
 0002:000001c0       __imp__UnhandledExceptionFilter@4 100161c0     kernel32:KERNEL32.dll
 0002:000001c4       __imp__SetUnhandledExceptionFilter@4 100161c4     kernel32:KERNEL32.dll
 0002:000001c8       __imp__GetLocaleInfoA@16   100161c8     kernel32:KERNEL32.dll
 0002:000001cc       __imp__GetStringTypeA@20   100161cc     kernel32:KERNEL32.dll
 0002:000001d0       __imp__GetStringTypeW@16   100161d0     kernel32:KERNEL32.dll
 0002:000001d4       __imp__LCMapStringA@24     100161d4     kernel32:KERNEL32.dll
 0002:000001d8       __imp__LCMapStringW@24     100161d8     kernel32:KERNEL32.dll
 0002:000001dc       __imp__WriteFile@20        100161dc     kernel32:KERNEL32.dll
 0002:000001e0       __imp__TransactNamedPipe@28 100161e0     kernel32:KERNEL32.dll
 0002:000001e4       __imp__ReadFile@20         100161e4     kernel32:KERNEL32.dll
 0002:000001e8       __imp__CreateFileW@28      100161e8     kernel32:KERNEL32.dll
 0002:000001ec       __imp__WaitForSingleObject@8 100161ec     kernel32:KERNEL32.dll
 0002:000001f0       __imp__WaitNamedPipeW@8    100161f0     kernel32:KERNEL32.dll
 0002:000001f4       __imp__Sleep@4             100161f4     kernel32:KERNEL32.dll
 0002:000001f8       __imp__SetNamedPipeHandleState@16 100161f8     kernel32:KERNEL32.dll
 0002:000001fc       __imp__GetModuleFileNameW@12 100161fc     kernel32:KERNEL32.dll
 0002:00000200       __imp__OpenFileMappingW@12 10016200     kernel32:KERNEL32.dll
 0002:00000204       __imp__MapViewOfFile@20    10016204     kernel32:KERNEL32.dll
 0002:00000208       __imp__UnmapViewOfFile@4   10016208     kernel32:KERNEL32.dll
 0002:0000020c       __imp__CloseHandle@4       1001620c     kernel32:KERNEL32.dll
 0002:00000210       __imp__SetLastError@4      10016210     kernel32:KERNEL32.dll
 0002:00000214       __imp__GetCurrentThreadId@0 10016214     kernel32:KERNEL32.dll
 0002:00000218       __imp__GetCurrentProcessId@0 10016218     kernel32:KERNEL32.dll
 0002:0000021c       __imp__GetTickCount@0      1001621c     kernel32:KERNEL32.dll
 0002:00000220       __imp__GetLastError@0      10016220     kernel32:KERNEL32.dll
 0002:00000224       __imp__IsDebuggerPresent@0 10016224     kernel32:KERNEL32.dll
 0002:00000228       __imp__lstrcmpiW@8         10016228     kernel32:KERNEL32.dll
 0002:0000022c       __imp__lstrcmpW@8          1001622c     kernel32:KERNEL32.dll
 0002:00000230       __imp__GetModuleHandleW@4  10016230     kernel32:KERNEL32.dll
 0002:00000234       __imp__GetProcAddress@8    10016234     kernel32:KERNEL32.dll
 0002:00000238       __imp__lstrcpynW@12        10016238     kernel32:KERNEL32.dll
 0002:0000023c       __imp__SetEnvironmentVariableW@8 1001623c     kernel32:KERNEL32.dll
 0002:00000240       __imp__lstrlenW@4          10016240     kernel32:KERNEL32.dll
 0002:00000244       __imp__Process32NextW@8    10016244     kernel32:KERNEL32.dll
 0002:00000248       __imp__GetFileType@4       10016248     kernel32:KERNEL32.dll
 0002:0000024c       \177KERNEL32_NULL_THUNK_DATA 1001624c     kernel32:KERNEL32.dll
 0002:00000250       __imp__SHGetFileInfoW@20   10016250     shell32:SHELL32.dll
 0002:00000254       \177SHELL32_NULL_THUNK_DATA 10016254     shell32:SHELL32.dll
 0002:00000258       __imp__RegisterWindowMessageW@4 10016258     user32:USER32.dll
 0002:0000025c       __imp__ReleaseDC@8         1001625c     user32:USER32.dll
 0002:00000260       __imp__GetDC@4             10016260     user32:USER32.dll
 0002:00000264       __imp__DestroyIcon@4       10016264     user32:USER32.dll
 0002:00000268       __imp__DrawIconEx@36       10016268     user32:USER32.dll
 0002:0000026c       __imp__GetIconInfo@8       1001626c     user32:USER32.dll
 0002:00000270       __imp__LoadIconW@8         10016270     user32:USER32.dll
 0002:00000274       __imp__wsprintfA           10016274     user32:USER32.dll
 0002:00000278       __imp__ShowWindow@8        10016278     user32:USER32.dll
 0002:0000027c       __imp__DispatchMessageW@4  1001627c     user32:USER32.dll
 0002:00000280       __imp__LoadCursorW@8       10016280     user32:USER32.dll
 0002:00000284       __imp__RegisterClassW@4    10016284     user32:USER32.dll
 0002:00000288       __imp__CreateWindowExW@48  10016288     user32:USER32.dll
 0002:0000028c       __imp__SetWindowLongW@12   1001628c     user32:USER32.dll
 0002:00000290       __imp__DefWindowProcW@16   10016290     user32:USER32.dll
 0002:00000294       __imp__DestroyWindow@4     10016294     user32:USER32.dll
 0002:00000298       __imp__PostThreadMessageW@16 10016298     user32:USER32.dll
 0002:0000029c       __imp__GetMessageW@16      1001629c     user32:USER32.dll
 0002:000002a0       __imp__EndPaint@8          100162a0     user32:USER32.dll
 0002:000002a4       __imp__InvalidateRect@12   100162a4     user32:USER32.dll
 0002:000002a8       __imp__DrawTextW@20        100162a8     user32:USER32.dll
 0002:000002ac       __imp__FillRect@12         100162ac     user32:USER32.dll
 0002:000002b0       __imp__ShowWindowAsync@8   100162b0     user32:USER32.dll
 0002:000002b4       __imp__PostMessageW@16     100162b4     user32:USER32.dll
 0002:000002b8       __imp__GetWindowThreadProcessId@8 100162b8     user32:USER32.dll
 0002:000002bc       __imp__MessageBoxW@16      100162bc     user32:USER32.dll
 0002:000002c0       __imp__IsWindowVisible@4   100162c0     user32:USER32.dll
 0002:000002c4       __imp__GetClientRect@8     100162c4     user32:USER32.dll
 0002:000002c8       __imp__MapWindowPoints@16  100162c8     user32:USER32.dll
 0002:000002cc       __imp__ChildWindowFromPointEx@16 100162cc     user32:USER32.dll
 0002:000002d0       __imp__WindowFromPoint@8   100162d0     user32:USER32.dll
 0002:000002d4       __imp__IntersectRect@12    100162d4     user32:USER32.dll
 0002:000002d8       __imp__wsprintfW           100162d8     user32:USER32.dll
 0002:000002dc       __imp__GetKeyState@4       100162dc     user32:USER32.dll
 0002:000002e0       __imp__GetClassNameW@12    100162e0     user32:USER32.dll
 0002:000002e4       __imp__GetWindowLongW@8    100162e4     user32:USER32.dll
 0002:000002e8       __imp__IsWindow@4          100162e8     user32:USER32.dll
 0002:000002ec       __imp__MapVirtualKeyW@8    100162ec     user32:USER32.dll
 0002:000002f0       __imp__BeginPaint@8        100162f0     user32:USER32.dll
 0002:000002f4       __imp__UnregisterClassW@8  100162f4     user32:USER32.dll
 0002:000002f8       \177USER32_NULL_THUNK_DATA 100162f8     user32:USER32.dll
 0002:000002fc       __imp__GetFileVersionInfoW@16 100162fc     version:VERSION.dll
 0002:00000300       __imp__VerQueryValueW@16   10016300     version:VERSION.dll
 0002:00000304       __imp__GetFileVersionInfoSizeW@8 10016304     version:VERSION.dll
 0002:00000308       \177VERSION_NULL_THUNK_DATA 10016308     version:VERSION.dll
 0002:0000030c       __imp__CoInitialize@4      1001630c     ole32:ole32.dll
 0002:00000310       __imp__CoUninitialize@0    10016310     ole32:ole32.dll
 0002:00000314       \177ole32_NULL_THUNK_DATA  10016314     ole32:ole32.dll
 0002:00000318       ___xc_a                    10016318     libcmt:crt0init.obj
 0002:0000031c       ___xc_z                    1001631c     libcmt:crt0init.obj
 0002:00000320       ___xi_a                    10016320     libcmt:crt0init.obj
 0002:0000032c       ___xi_z                    1001632c     libcmt:crt0init.obj
 0002:00000330       ___xp_a                    10016330     libcmt:crt0init.obj
 0002:00000334       ___xp_z                    10016334     libcmt:crt0init.obj
 0002:00000338       ___xt_a                    10016338     libcmt:crt0init.obj
 0002:0000033c       ___xt_z                    1001633c     libcmt:crt0init.obj
 0002:00000340       ??_C@_19IJOJOJIB@?$AAP?$AAA?$AAT?$AAH?$AA?$AA@ 10016340     CmdArg.obj
 0002:00000350       ??_C@_1EHK@JMHPNAMN@?$AAA?$AAC?$AAT?$AAI?$AAV?$AAA?$AAT?$AAE?$AA?$AA?$AAA?$AAL?$AAI?$AAA?$AAS?$AA?$AA?$AAA?$AAS?$AAS?$AAO?$AAC?$AA?$AA?$AAA?$AAT?$AAT?$AAR?$AAI?$AAB?$AA?$AA?$AAB?$AAE?$AAE?$AAP@ 10016350     CmdLine.obj
 0002:000007cc       ??_C@_1BK@MGMFAEKH@?$AAk?$AAe?$AAr?$AAn?$AAe?$AAl?$AA3?$AA2?$AA?4?$AAd?$AAl?$AAl?$AA?$AA@ 100167cc     CmdLine.obj
 0002:000007e8       ??_C@_11LOCGONAA@?$AA?$AA@ 100167e8     CmdLine.obj
 0002:000007ec       ??_C@_13FPGAJAPJ@?$AA?2?$AA?$AA@ 100167ec     CmdLine.obj
 0002:000007f0       ??_C@_19DOGDICKI@?$AA?4?$AAe?$AAx?$AAe?$AA?$AA@ 100167f0     CmdLine.obj
 0002:000007fc       ??_C@_1BA@LEPJIIOK@?$AAU?$AAn?$AAk?$AAn?$AAo?$AAw?$AAn?$AA?$AA@ 100167fc     ConEmuCheck.obj
 0002:00000810       ??_C@_1EM@INHGIPLC@?$AA?$CF?$AAs?$AA?4?$AA?$CF?$AAu?$AA?3?$AA?5?$AAC?$AAr?$AAe?$AAa?$AAt?$AAe?$AAF?$AAi?$AAl?$AAe?$AA?$CI?$AA?$CF?$AAs?$AA?$CJ?$AA?5?$AAf?$AAa?$AAi?$AAl?$AAe?$AAd?$AA?0?$AA?5?$AAc?$AAo@ 10016810     ConEmuCheck.obj
 0002:0000085c       ??_C@_1DC@MJLCOFMA@?$AA?2?$AA?2?$AA?$CF?$AAs?$AA?2?$AAp?$AAi?$AAp?$AAe?$AA?2?$AAC?$AAo?$AAn?$AAE?$AAm?$AAu?$AAG?$AAu?$AAi?$AA?4?$AA?$CF?$AA0?$AA8?$AAX?$AA?$AA@ 1001685c     ConEmuCheck.obj
 0002:00000890       ??_C@_13JOFGPIOO@?$AA?4?$AA?$AA@ 10016890     ConEmuCheck.obj
 0002:00000898       ??_C@_1FO@BGAPBIGG@?$AAC?$AAa?$AAn?$AA?8?$AAt?$AA?5?$AAm?$AAa?$AAp?$AA?5?$AAc?$AAo?$AAn?$AAs?$AAo?$AAl?$AAe?$AA?5?$AAi?$AAn?$AAf?$AAo?$AA?5?$AA?$CI?$AA?$CF?$AAs?$AA?$CJ?$AA?4?$AA?5?$AAE?$AAr?$AAr@ 10016898     ConEmuCheck.obj
 0002:000008f8       ??_C@_19EOHDNDII@?$AAR?$AAe?$AAa?$AAd?$AA?$AA@ 100168f8     ConEmuCheck.obj
 0002:00000904       ??_C@_1BE@HADLJAO@?$AAR?$AAe?$AAa?$AAd?$AAW?$AAr?$AAi?$AAt?$AAe?$AA?$AA@ 10016904     ConEmuCheck.obj
 0002:00000918       ??_C@_1GM@LGOLGABE@?$AAC?$AAa?$AAn?$AA?8?$AAt?$AA?5?$AA?$CF?$AAs?$AA?5?$AAc?$AAo?$AAn?$AAs?$AAo?$AAl?$AAe?$AA?5?$AAd?$AAa?$AAt?$AAa?$AA?5?$AAf?$AAi?$AAl?$AAe?$AA?5?$AAm?$AAa?$AAp?$AAp?$AAi@ 10016918     ConEmuCheck.obj
 0002:00000984       ??_C@_19BDAJEHDN@?$AAo?$AAp?$AAe?$AAn?$AA?$AA@ 10016984     ConEmuCheck.obj
 0002:00000990       ??_C@_1O@KBENBEFG@?$AAc?$AAr?$AAe?$AAa?$AAt?$AAe?$AA?$AA@ 10016990     ConEmuCheck.obj
 0002:000009a0       ??_C@_1GK@OGACKIKJ@?$AAI?$AAn?$AAt?$AAe?$AAr?$AAn?$AAa?$AAl?$AA?5?$AAe?$AAr?$AAr?$AAo?$AAr?$AA?4?$AA?5?$AAM?$AAa?$AAp?$AAp?$AAi?$AAn?$AAg?$AA?5?$AAf?$AAi?$AAl?$AAe?$AA?5?$AAn?$AAa?$AAm@ 100169a0     ConEmuCheck.obj
 0002:00000a0c       ??_C@_0BF@NLPJFAHE@ProcessSynchroEventW?$AA@ 10016a0c     ConEmuTh.obj
 0002:00000a24       ??_C@_08BCACMCCB@ExitFARW?$AA@ 10016a24     ConEmuTh.obj
 0002:00000a30       ??_C@_1BO@KCLMEFLE@?$AAR?$AAi?$AAg?$AAh?$AAt?$AAP?$AAa?$AAn?$AAe?$AAl?$AAV?$AAi?$AAe?$AAw?$AA?$AA@ 10016a30     ConEmuTh.obj
 0002:00000a50       ??_C@_1BM@HEIDIPPL@?$AAL?$AAe?$AAf?$AAt?$AAP?$AAa?$AAn?$AAe?$AAl?$AAV?$AAi?$AAe?$AAw?$AA?$AA@ 10016a50     ConEmuTh.obj
 0002:00000a6c       ??_C@_1CA@GGFPMHLH@?$AA?6?$AAE?$AAr?$AAr?$AAC?$AAo?$AAd?$AAe?$AA?$DN?$AA0?$AAx?$AA?$CF?$AA0?$AA8?$AAX?$AA?$AA@ 10016a6c     ConEmuTh.obj
 0002:00000a90       ??_C@_1EG@IINOBDEG@?$AAI?$AAn?$AAv?$AAa?$AAl?$AAi?$AAd?$AA?5?$AAa?$AAs?$AAM?$AAo?$AAd?$AAu?$AAl?$AAe?$AAP?$AAa?$AAt?$AAh?$AA?5?$AAw?$AAa?$AAs?$AA?5?$AAs?$AAp?$AAe?$AAc?$AAi?$AAf?$AAi@ 10016a90     ConEmuTh.obj
 0002:00000ad8       ??_C@_1GC@CPPHDKJK@?$AAL?$AAo?$AAa?$AAd?$AAA?$AAp?$AAp?$AAV?$AAe?$AAr?$AAs?$AAi?$AAo?$AAn?$AA?4?$AAG?$AAe?$AAt?$AAF?$AAi?$AAl?$AAe?$AAV?$AAe?$AAr?$AAs?$AAi?$AAo?$AAn?$AAI?$AAn?$AAf@ 10016ad8     ConEmuTh.obj
 0002:00000b40       ??_C@_1GC@BINFLBDC@?$AAL?$AAo?$AAa?$AAd?$AAA?$AAp?$AAp?$AAV?$AAe?$AAr?$AAs?$AAi?$AAo?$AAn?$AA?5?$AAf?$AAa?$AAi?$AAl?$AAe?$AAd?$AA?$CB?$AA?5?$AAC?$AAa?$AAn?$AA?8?$AAt?$AA?5?$AAa?$AAl?$AAl@ 10016b40     ConEmuTh.obj
 0002:00000ba8       ??_C@_1FK@HILEEFML@?$AAL?$AAo?$AAa?$AAd?$AAA?$AAp?$AAp?$AAV?$AAe?$AAr?$AAs?$AAi?$AAo?$AAn?$AA?4?$AAG?$AAe?$AAt?$AAF?$AAi?$AAl?$AAe?$AAV?$AAe?$AAr?$AAs?$AAi?$AAo?$AAn?$AAI?$AAn?$AAf@ 10016ba8     ConEmuTh.obj
 0002:00000c08       ??_C@_1FG@DPPGENBC@?$AAL?$AAo?$AAa?$AAd?$AAA?$AAp?$AAp?$AAV?$AAe?$AAr?$AAs?$AAi?$AAo?$AAn?$AA?4?$AAV?$AAe?$AAr?$AAQ?$AAu?$AAe?$AAr?$AAy?$AAV?$AAa?$AAl?$AAu?$AAe?$AA?$CI?$AA?$CC?$AA?2?$AA?$CC@ 10016c08     ConEmuTh.obj
 0002:00000c60       ??_C@_1FG@LNADFPCE@?$AAL?$AAo?$AAa?$AAd?$AAF?$AAa?$AAr?$AAV?$AAe?$AAr?$AAs?$AAi?$AAo?$AAn?$AA?4?$AAG?$AAe?$AAt?$AAM?$AAo?$AAd?$AAu?$AAl?$AAe?$AAF?$AAi?$AAl?$AAe?$AAN?$AAa?$AAm?$AAe@ 10016c60     ConEmuTh.obj
 0002:00000cb8       ??_C@_1DC@FOGHAECG@?$AAF?$AAa?$AAr?$AAM?$AAu?$AAl?$AAt?$AAi?$AAV?$AAi?$AAe?$AAw?$AAC?$AAo?$AAn?$AAt?$AAr?$AAo?$AAl?$AAC?$AAl?$AAa?$AAs?$AAs?$AA?$AA@ 10016cb8     ConEmuTh.obj
 0002:00000cec       ??_C@_1DG@DBEAEOKG@?$AAF?$AAa?$AAr?$AAP?$AAi?$AAc?$AAt?$AAu?$AAr?$AAe?$AAV?$AAi?$AAe?$AAw?$AAC?$AAo?$AAn?$AAt?$AAr?$AAo?$AAl?$AAC?$AAl?$AAa?$AAs?$AAs?$AA?$AA@ 10016cec     ConEmuTh.obj
 0002:00000d24       ??_C@_1BI@GILFJGEK@?$AAB?$AAu?$AAt?$AAt?$AAo?$AAn?$AAC?$AAo?$AAl?$AAo?$AAr?$AA?$AA@ 10016d24     ConEmuTh.obj
 0002:00000d3c       ??_C@_1BK@NFAPLMGI@?$AAS?$AAe?$AAp?$AAa?$AAr?$AAa?$AAt?$AAe?$AAT?$AAa?$AAb?$AAs?$AA?$AA@ 10016d3c     ConEmuTh.obj
 0002:00000d58       ??_C@_1CG@HOMCPCN@?$AA?2?$AAP?$AAl?$AAu?$AAg?$AAi?$AAn?$AAs?$AA?2?$AAP?$AAa?$AAn?$AAe?$AAl?$AAT?$AAa?$AAb?$AAs?$AA?$AA@ 10016d58     ConEmuTh.obj
 0002:00000d80       ??_C@_1BM@OLHABKH@?$AAF?$AAa?$AAr?$AAT?$AAh?$AAu?$AAm?$AAb?$AAn?$AAa?$AAi?$AAl?$AAs?$AA?$AA@ 10016d80     ConEmuTh.obj
 0002:00000d9c       ??_C@_1O@EMLLFJNI@?$AAA?$AAc?$AAt?$AAi?$AAv?$AAe?$AA?$AA@ 10016d9c     ConEmuTh.obj
 0002:00000dac       ??_C@_0N@IGDGKHAB@ConEmuTh?4cpp?$AA@ 10016dac     ConEmuTh.obj
 0002:00000dbc       ??_C@_1DM@JLCDNDHD@?$AAC?$AAo?$AAn?$AAE?$AAm?$AAu?$AAP?$AAa?$AAn?$AAe?$AAl?$AAV?$AAi?$AAe?$AAw?$AAD?$AAl?$AAg?$AAs?$AAM?$AAa?$AAp?$AAp?$AAi?$AAn?$AAg?$AA?4?$AA?$CF?$AAu?$AA?$AA@ 10016dbc     ConEmuTh.obj
 0002:00000df8       ??_C@_1DM@OLPDHEPA@?$AAF?$AAa?$AAi?$AAl?$AAe?$AAd?$AA?5?$AAt?$AAo?$AA?5?$AAg?$AAe?$AAt?$AA?5?$AAC?$AAo?$AAn?$AAE?$AAm?$AAu?$AA?5?$AAp?$AAa?$AAl?$AAe?$AAt?$AAt?$AAe?$AA?$CB?$AA?$AA@ 10016df8     ConEmuTh.obj
 0002:00000e34       ??_C@_1BC@DJOGOIHN@?$AAC?$AAo?$AAn?$AAE?$AAm?$AAu?$AAT?$AAh?$AA?$AA@ 10016e34     ConEmuTh.obj
 0002:00000e48       ??_C@_1DA@BMIFHIMF@?$AAC?$AAo?$AAn?$AAE?$AAm?$AAu?$AAV?$AAi?$AAe?$AAw?$AAS?$AAe?$AAt?$AAM?$AAa?$AAp?$AAp?$AAi?$AAn?$AAg?$AA?4?$AA?$CF?$AAu?$AA?$AA@ 10016e48     ConEmuTh.obj
 0002:00000e78       ??_C@_0M@FMNOKGGE@GetFarHWND2?$AA@ 10016e78     ConEmuTh.obj
 0002:00000e84       ??_C@_0BC@MKJHPCEO@RegisterPanelView?$AA@ 10016e84     ConEmuTh.obj
 0002:00000e98       ??_C@_1BG@NBIHKCLP@?$AAC?$AAo?$AAn?$AAE?$AAm?$AAu?$AA?4?$AAd?$AAl?$AAl?$AA?$AA@ 10016e98     ConEmuTh.obj
 0002:00000eb0       ??_C@_17JLFEDMMI@?$AA?$DP?$AA?$DP?$AA?$DP?$AA?$AA@ 10016eb0     ConEmuTh1900.obj
 0002:00000eb8       ??_C@_1BC@IALIJCAM@?$AAS?$AAo?$AAr?$AAt?$AAM?$AAo?$AAd?$AAe?$AA?$AA@ 10016eb8     ConEmuTh1900.obj
 0002:00000ecc       ??_C@_1BG@MHMKAABO@?$AAS?$AAt?$AAa?$AAt?$AAu?$AAs?$AAL?$AAi?$AAn?$AAe?$AA?$AA@ 10016ecc     ConEmuTh1900.obj
 0002:00000ee4       ??_C@_1BK@MBFACEDG@?$AAC?$AAo?$AAl?$AAu?$AAm?$AAn?$AAT?$AAi?$AAt?$AAl?$AAe?$AAs?$AA?$AA@ 10016ee4     ConEmuTh1900.obj
 0002:00000f00       ??_C@_1O@PDEOIOBG@?$AAK?$AAe?$AAy?$AAB?$AAa?$AAr?$AA?$AA@ 10016f00     ConEmuTh1900.obj
 0002:00000f10       ??_C@_1BI@EKLHEFDO@?$AAS?$AAh?$AAo?$AAw?$AAM?$AAe?$AAn?$AAu?$AAB?$AAa?$AAr?$AA?$AA@ 10016f10     ConEmuTh1900.obj
 0002:00000f28       ??_C@_1DE@DJEAMLPH@?$AAC?$AAo?$AAn?$AAE?$AAm?$AAu?$AA?4?$AAM?$AAa?$AAx?$AAi?$AAm?$AAu?$AAs?$AA5?$AA?$EA?$AAg?$AAm?$AAa?$AAi?$AAl?$AA?4?$AAc?$AAo?$AAm?$AA?$AA@ 10016f28     ConEmuTh2800.obj
 0002:00000f60       ??_C@_1EM@OOFEGLCO@?$AAT?$AAh?$AAu?$AAm?$AAb?$AAn?$AAa?$AAi?$AAl?$AAs?$AA?5?$AAa?$AAn?$AAd?$AA?5?$AAT?$AAi?$AAl?$AAe?$AAs?$AA?5?$AAi?$AAn?$AA?5?$AAC?$AAo?$AAn?$AAE?$AAm?$AAu?$AA?5?$AAw@ 10016f60     ConEmuTh2800.obj
 0002:00000fac       ??_C@_1CG@DMGPLFKD@?$AAC?$AAo?$AAn?$AAE?$AAm?$AAu?$AA?5?$AAP?$AAa?$AAn?$AAe?$AAl?$AA?5?$AAV?$AAi?$AAe?$AAw?$AAs?$AA?$AA@ 10016fac     ConEmuTh2800.obj
 0002:00000fd8       ??_C@_1HI@BNDPAPFP@?$AA?$CF?$AAs?$AA?5?$AA?$CF?$AAs?$AA?$CI?$AA?$CC?$AAb?$AAd?$AA4?$AA5?$AA4?$AAd?$AA4?$AA8?$AA?9?$AA4?$AA4?$AA8?$AAe?$AA?9?$AA4?$AA6?$AAc?$AAc?$AA?9?$AA9?$AA0?$AA9?$AAd?$AA?9?$AAb@ 10016fd8     ConEmuTh2800.obj
 0002:00001050       ??_C@_1BG@LBJCGLOJ@?$AAS?$AAe?$AAt?$AAC?$AAu?$AAr?$AAI?$AAt?$AAe?$AAm?$AA?$AA@ 10017050     ConEmuTh2800.obj
 0002:00001068       ??_C@_1BG@PKDGNNAF@?$AAc?$AAa?$AAl?$AAl?$AAp?$AAl?$AAu?$AAg?$AAi?$AAn?$AA?$AA@ 10017068     ConEmuTh2800.obj
 0002:00001080       ??_C@_1CM@IICFOBPI@?$AA$?$AAi?$AAf?$AA?5?$AA?$CI?$AAS?$AAe?$AAa?$AAr?$AAc?$AAh?$AA?$CJ?$AA?5?$AAE?$AAs?$AAc?$AA?5?$AA$?$AAe?$AAn?$AAd?$AA?$AA@ 10017080     ConEmuTh2800.obj
 0002:000010ac       ??_C@_1CA@GIGEMLLA@?$AAP?$AAl?$AAu?$AAg?$AAi?$AAn?$AA?4?$AAS?$AAy?$AAn?$AAc?$AAC?$AAa?$AAl?$AAl?$AA?$AA@ 100170ac     ConEmuTh2800.obj
 0002:000010d0       ??_C@_1EI@PNMHLKGC@?$AAi?$AAf?$AA?5?$AAA?$AAr?$AAe?$AAa?$AA?4?$AAS?$AAe?$AAa?$AAr?$AAc?$AAh?$AA?5?$AAt?$AAh?$AAe?$AAn?$AA?5?$AAK?$AAe?$AAy?$AAs?$AA?$CI?$AA?$CC?$AAE?$AAs?$AAc?$AA?$CC?$AA?$CJ?$AA?5@ 100170d0     ConEmuTh2800.obj
 0002:00001118       ??_C@_1BE@LFJLOEAN@?$AAC?$AAo?$AAn?$AAE?$AAm?$AAu?$AAT?$AAh?$AA?2?$AA?$AA@ 10017118     ConEmuTh995.obj
 0002:0000114c       ??_C@_1DI@DLGGKEIH@?$AA$?$AAI?$AAf?$AA?5?$AA?$CI?$AA?$CF?$AAc?$AAP?$AAa?$AAn?$AAe?$AAl?$AA?4?$AAL?$AAe?$AAf?$AAt?$AA?$CJ?$AA?5?$AAT?$AAa?$AAb?$AA?5?$AA$?$AAE?$AAn?$AAd?$AA?$AA@ 1001714c     Display.obj
 0002:00001188       ??_C@_1EK@NOCLDABL@?$AAi?$AAf?$AA?5?$AA?$CF?$AAc?$AAP?$AAa?$AAn?$AAe?$AAl?$AA?4?$AAL?$AAe?$AAf?$AAt?$AA?5?$AAt?$AAh?$AAe?$AAn?$AA?5?$AAK?$AAe?$AAy?$AAs?$AA?$CI?$AA?$CC?$AAT?$AAa?$AAb?$AA?$CC?$AA?$CJ@ 10017188     Display.obj
 0002:000011d4       ??_C@_1M@KOMOBEPM@?$AA?$CF?$AAi?$AA?5?$AA?$CF?$AAc?$AA?$AA@ 100171d4     Display.obj
 0002:000011e0       ??_C@_1BG@NLGHAGA@?$AA?$CF?$AAi?$AA?0?$AA?$CF?$AA0?$AA3?$AAi?$AA?5?$AA?$CF?$AAc?$AA?$AA@ 100171e0     Display.obj
 0002:000011f8       ??_C@_1O@NLGMKEDN@?$AAB?$AAK?$AAM?$AAG?$AAT?$AAP?$AA?$AA@ 100171f8     Display.obj
 0002:00001208       ??_C@_1CO@LEOKLKOD@?$AA?$CF?$AA0?$AA2?$AAi?$AA?4?$AA?$CF?$AA0?$AA2?$AAi?$AA?4?$AA?$CF?$AA0?$AA2?$AAi?$AA?5?$AA?$CF?$AAi?$AA?3?$AA?$CF?$AA0?$AA2?$AAi?$AA?$AA@ 10017208     Display.obj
 0002:00001238       ??_C@_1CM@MJKKOLFD@?$AAC?$AAo?$AAn?$AAE?$AAm?$AAu?$AA?4?$AA?$CF?$AAs?$AAP?$AAa?$AAn?$AAe?$AAl?$AAV?$AAi?$AAe?$AAw?$AA?4?$AA?$CF?$AAi?$AA?$AA@ 10017238     Display.obj
 0002:00001264       ??_C@_1M@KDEMMBOH@?$AAR?$AAi?$AAg?$AAh?$AAt?$AA?$AA@ 10017264     Display.obj
 0002:00001270       ??_C@_19DKAIAFPE@?$AAL?$AAe?$AAf?$AAt?$AA?$AA@ 10017270     Display.obj
 0002:0000127c       ??_C@_0BG@FGMCOIHO@Thumbs?3?3DisplayThread?$AA@ 1001727c     Display.obj
 0002:00001294       ??_C@_1CI@GNBJKMME@?$AAC?$AAo?$AAn?$AAE?$AAm?$AAu?$AAT?$AAh?$AA?3?$AA?3?$AAM?$AAa?$AAp?$AAC?$AAo?$AAo?$AAr?$AAd?$AAs?$AA?$AA@ 10017294     Display.obj
 0002:000012bc       ??_C@_1CG@OILEFJJN@?$AAC?$AAo?$AAn?$AAE?$AAm?$AAu?$AAT?$AAh?$AA?3?$AA?3?$AAS?$AAe?$AAt?$AAt?$AAi?$AAn?$AAg?$AAs?$AA?$AA@ 100172bc     Display.obj
 0002:000012e4       ??_C@_1BO@IPKBELC@?$AAC?$AAo?$AAn?$AAE?$AAm?$AAu?$AAT?$AAh?$AA?3?$AA?3?$AAF?$AAa?$AAd?$AAe?$AA?$AA@ 100172e4     Display.obj
 0002:00001304       ??_C@_0L@DOHHADLD@CET_Cancel?$AA@ 10017304     ImgCache.obj
 0002:00001310       ??_C@_08PFMFDMEL@CET_Free?$AA@ 10017310     ImgCache.obj
 0002:0000131c       ??_C@_08DBEDCDF@CET_Load?$AA@ 1001731c     ImgCache.obj
 0002:00001328       ??_C@_08CBCDAPII@CET_Done?$AA@ 10017328     ImgCache.obj
 0002:00001334       ??_C@_08DHJJJJMJ@CET_Init?$AA@ 10017334     ImgCache.obj
 0002:00001340       ??_C@_1M@NHGOODCJ@?$AA?$CK?$AA?4?$AAt?$AA3?$AA2?$AA?$AA@ 10017340     ImgCache.obj
 0002:0000134c       ??_C@_1BO@EOFABIPH@?$AAC?$AAo?$AAn?$AAE?$AAm?$AAu?$AAT?$AAh?$AA?4?$AAc?$AAa?$AAc?$AAh?$AAe?$AA?$AA@ 1001734c     ImgCache.obj
 0002:0000136c       ??_C@_15DDHGOCBH@?$AA?4?$AA?4?$AA?$AA@ 1001736c     ImgCache.obj
 0002:00001374       ??_C@_19DDLLJDOO@?$AAF?$AAi?$AAl?$AAe?$AA?$AA@ 10017374     ImgCache.obj
 0002:00001380       ??_C@_0N@DDFPJHDO@_GetFileData?$AA@ 10017380     ImgCache.obj
 0002:00001390       ??_C@_1BE@DFPCIADA@?$AAP?$AAB?$AAF?$AAa?$AAr?$AA?4?$AAd?$AAl?$AAl?$AA?$AA@ 10017390     ImgCache.obj
 0002:000013a4       ??_C@_19EBFDIIDI@?$AA?4?$AAw?$AAm?$AAf?$AA?$AA@ 100173a4     ImgCache.obj
 0002:000013b0       ??_C@_19HFLOJEOK@?$AA?4?$AAp?$AAn?$AAg?$AA?$AA@ 100173b0     ImgCache.obj
 0002:000013bc       ??_C@_19GPGAIFNL@?$AA?4?$AAi?$AAc?$AAo?$AA?$AA@ 100173bc     ImgCache.obj
 0002:000013c8       ??_C@_19KGHJPLAF@?$AA?4?$AAg?$AAi?$AAf?$AA?$AA@ 100173c8     ImgCache.obj
 0002:000013d4       ??_C@_19HKLPDE@?$AA?4?$AAb?$AAm?$AAp?$AA?$AA@ 100173d4     ImgCache.obj
 0002:000013e0       ??_7?$CQueueProcessor@PAUIMAGE_CACHE_INFO@@@@6B@ 100173e0     ImgCache.obj
 0002:00001414       ??_C@_0DL@DGFCHJEK@t?3?2vcproject?2maximus5?2conemu?2src@ 10017414     ImgCache.obj
 0002:00001450       ??_7CImgLoader@@6B@        10017450     ImgCache.obj
 0002:0000148c       ??_C@_0BJ@KDNBOADC@Thumbs?3?3ProcessingThread?$AA@ 1001748c     ImgCache.obj
 0002:000014a8       ??_C@_0BK@DNNLOFO@SetSecurityDescriptorDacl?$AA@ 100174a8     MSecurity.obj
 0002:000014c4       ??_C@_0BN@FNLANPJJ@InitializeSecurityDescriptor?$AA@ 100174c4     MSecurity.obj
 0002:000014e4       ??_C@_0O@GKCEJBAA@InitializeAcl?$AA@ 100174e4     MSecurity.obj
 0002:000014f4       ??_C@_0N@HBKDHKNL@GetLengthSid?$AA@ 100174f4     MSecurity.obj
 0002:00001504       ??_C@_0BJ@ECIKFEOL@AllocateAndInitializeSid?$AA@ 10017504     MSecurity.obj
 0002:00001520       ??_C@_0BD@EIGAJLOG@AddAccessDeniedAce?$AA@ 10017520     MSecurity.obj
 0002:00001534       ??_C@_0BE@IPKPLIM@AddAccessAllowedAce?$AA@ 10017534     MSecurity.obj
 0002:00001548       ??_C@_1BK@BIGILECK@?$AAA?$AAd?$AAv?$AAa?$AAp?$AAi?$AA3?$AA2?$AA?4?$AAd?$AAl?$AAl?$AA?$AA@ 10017548     MSecurity.obj
 0002:00001564       ??_C@_1BO@HJHEFHMO@?$AAK?$AAe?$AAr?$AAn?$AAe?$AAl?$AAB?$AAa?$AAs?$AAe?$AA?4?$AAd?$AAl?$AAl?$AA?$AA@ 10017564     MSecurity.obj
 0002:00001584       ??_C@_15LKGMKBFA@?$AA0?$AA0?$AA?$AA@ 10017584     MStrSafe.obj
 0002:0000158c       ??_C@_1BC@LMIJMNIA@?$AA0?$AA0?$AA0?$AA0?$AA0?$AA0?$AA0?$AA0?$AA?$AA@ 1001758c     MStrSafe.obj
 0002:000015a0       ??_C@_1CA@DHOHMJCG@?$AAU?$AAn?$AAi?$AAc?$AAo?$AAd?$AAe?$AA?5?$AAC?$AAh?$AAa?$AAr?$AAM?$AAa?$AAp?$AA?$AA@ 100175a0     RgnDetect.obj
 0002:000015c0       ??_C@_13PJJBFPED@?$AA?$DL?$AA?$AA@ 100175c0     WFiles.obj
 0002:000015c8       ??_C@_1GK@PPEHOOAL@?$AAS?$AAO?$AAF?$AAT?$AAW?$AAA?$AAR?$AAE?$AA?2?$AAM?$AAi?$AAc?$AAr?$AAo?$AAs?$AAo?$AAf?$AAt?$AA?2?$AAW?$AAi?$AAn?$AAd?$AAo?$AAw?$AAs?$AA?2?$AAC?$AAu?$AAr?$AAr?$AAe@ 100175c8     WFiles.obj
 0002:00001634       ??_C@_0P@LKABJJMO@IsWow64Process?$AA@ 10017634     WObjects.obj
 0002:00001644       ??_C@_1BI@MPDCNJBA@?$AAt?$AAl?$AAn?$AAt?$AAs?$AAv?$AAr?$AA?4?$AAe?$AAx?$AAe?$AA?$AA@ 10017644     WObjects.obj
 0002:0000165c       ??_C@_1BK@HHKNEJDC@?$AAt?$AAl?$AAn?$AAt?$AAs?$AAe?$AAs?$AAs?$AA?4?$AAe?$AAx?$AAe?$AA?$AA@ 1001765c     WObjects.obj
 0002:00001678       ??_C@_05LCABBMOG@?$CFs?3?$CFi?$AA@ 10017678     WThreads.obj
 0002:00001680       __pDefaultRawDllMain       10017680     libcmt:dllcrt0.obj
 0002:00001684       ??_C@_0P@MIGLKIOC@CorExitProcess?$AA@ 10017684     libcmt:crt0dat.obj
 0002:00001694       ??_C@_0M@MBOPBNBK@mscoree?4dll?$AA@ 10017694     libcmt:crt0dat.obj
 0002:000016a0       ??_C@_0O@NLDKAIKN@EncodePointer?$AA@ 100176a0     libcmt:tidtable.obj
 0002:000016b0       ??_C@_1BK@DBDEIDLH@?$AAK?$AAE?$AAR?$AAN?$AAE?$AAL?$AA3?$AA2?$AA?4?$AAD?$AAL?$AAL?$AA?$AA@ 100176b0     libcmt:tidtable.obj
 0002:000016cc       ??_C@_1BO@DACJGIGO@?$AAK?$AAE?$AAR?$AAN?$AAE?$AAL?$AAB?$AAA?$AAS?$AAE?$AA?4?$AAD?$AAL?$AAL?$AA?$AA@ 100176cc     libcmt:tidtable.obj
 0002:000016ec       ??_C@_0O@KBPMFGHI@DecodePointer?$AA@ 100176ec     libcmt:tidtable.obj
 0002:000016fc       ??_C@_07PEJMOBNF@FlsFree?$AA@ 100176fc     libcmt:tidtable.obj
 0002:00001704       ??_C@_0M@JCPCPOEF@FlsSetValue?$AA@ 10017704     libcmt:tidtable.obj
 0002:00001710       ??_C@_0M@GDNOONDI@FlsGetValue?$AA@ 10017710     libcmt:tidtable.obj
 0002:0000171c       ??_C@_08KNHFBNJ@FlsAlloc?$AA@ 1001771c     libcmt:tidtable.obj
 0002:00001728       ??_C@_0P@GGKDKEEG@runtime?5error?5?$AA@ 10017728     libcmt:crt0msg.obj
 0002:00001738       ??_C@_02PCIJFNDE@?$AN?6?$AA@ 10017738     libcmt:crt0msg.obj
 0002:0000173c       ??_C@_0O@MJNIPGOH@TLOSS?5error?$AN?6?$AA@ 1001773c     libcmt:crt0msg.obj
 0002:0000174c       ??_C@_0N@BONNPDHF@SING?5error?$AN?6?$AA@ 1001774c     libcmt:crt0msg.obj
 0002:0000175c       ??_C@_0P@MBDAJNE@DOMAIN?5error?$AN?6?$AA@ 1001775c     libcmt:crt0msg.obj
 0002:00001770       ??_C@_0JL@DFDOOABL@R6034?$AN?6An?5application?5has?5made?5a@ 10017770     libcmt:crt0msg.obj
 0002:00001810       ??_C@_0PH@EPAFIJ@R6033?$AN?6?9?5Attempt?5to?5use?5MSIL?5cod@ 10017810     libcmt:crt0msg.obj
 0002:00001908       ??_C@_0DD@BKEEABMM@R6032?$AN?6?9?5not?5enough?5space?5for?5lo@ 10017908     libcmt:crt0msg.obj
 0002:00001940       ??_C@_0GD@OFKILIED@R6031?$AN?6?9?5Attempt?5to?5initialize?5t@ 10017940     libcmt:crt0msg.obj
[...]
 0002:00002954       ??_C@_03JIHJHPIE@Jan?$AA@  10018954     libcmt:_strftime.obj
 0002:00002958       ??_C@_08INBOOONO@Saturday?$AA@ 10018958     libcmt:_strftime.obj
 0002:00002964       ??_C@_06JECMNKMI@Friday?$AA@ 10018964     libcmt:_strftime.obj
 0002:0000296c       ??_C@_08HACCIKIA@Thursday?$AA@ 1001896c     libcmt:_strftime.obj
 0002:00002978       ??_C@_09DLIGFAKA@Wednesday?$AA@ 10018978     libcmt:_strftime.obj
 0002:00002984       ??_C@_07BAAGCFCM@Tuesday?$AA@ 10018984     libcmt:_strftime.obj
 0002:0000298c       ??_C@_06JLEDEDGH@Monday?$AA@ 1001898c     libcmt:_strftime.obj
 0002:00002994       ??_C@_06OOPIFAJ@Sunday?$AA@ 10018994     libcmt:_strftime.obj
 0002:0000299c       ??_C@_03FEFJNEK@Sat?$AA@   1001899c     libcmt:_strftime.obj
 0002:000029a0       ??_C@_03IDIOELNC@Fri?$AA@  100189a0     libcmt:_strftime.obj
 0002:000029a4       ??_C@_03IOFIKPDN@Thu?$AA@  100189a4     libcmt:_strftime.obj
 0002:000029a8       ??_C@_03MHOMLAJA@Wed?$AA@  100189a8     libcmt:_strftime.obj
 0002:000029ac       ??_C@_03NAGEINEP@Tue?$AA@  100189ac     libcmt:_strftime.obj
 0002:000029b0       ??_C@_03PDAGKDH@Mon?$AA@   100189b0     libcmt:_strftime.obj
 0002:000029b4       ??_C@_03KOEHGMDN@Sun?$AA@  100189b4     libcmt:_strftime.obj
 0002:000029b8       ??_C@_13NOLLCAOD@?$AA?$AA?$AA?$AA@ 100189b8     libcmt:_a_str.obj
 0002:000029bc       ___dnames                  100189bc     libcmt:timeset.obj
 0002:000029d4       ___mnames                  100189d4     libcmt:timeset.obj
 0002:000029fc       ??_C@_0BI@BKLFFAPO@SetThreadStackGuarantee?$AA@ 100189fc     libcmt:resetstk.obj
 0002:00002d8c       __IMPORT_DESCRIPTOR_VERSION 10018d8c     version:VERSION.dll
 0002:00002da0       __IMPORT_DESCRIPTOR_KERNEL32 10018da0     kernel32:KERNEL32.dll
 0002:00002db4       __IMPORT_DESCRIPTOR_USER32 10018db4     user32:USER32.dll
 0002:00002dc8       __IMPORT_DESCRIPTOR_GDI32  10018dc8     gdi32:GDI32.dll
 0002:00002ddc       __IMPORT_DESCRIPTOR_ADVAPI32 10018ddc     advapi32:ADVAPI32.dll
 0002:00002df0       __IMPORT_DESCRIPTOR_SHELL32 10018df0     shell32:SHELL32.dll
 0002:00002e04       __IMPORT_DESCRIPTOR_ole32  10018e04     ole32:ole32.dll
 0002:00002e18       __NULL_IMPORT_DESCRIPTOR   10018e18     version:VERSION.dll
 0003:00000000       ?gsInternalCommands@@3PB_WB 1001b000     CmdLine.obj
 0003:00000004       ?gbPreloadByDefault@@3HA   1001b004     ConEmuTh.obj
 0003:00000008       ?gcrCurColors@@3PAKA       1001b008     ConEmuTh.obj
 0003:0000000c       ?Far3Func@@3PAUExportFunc@@A 1001b00c     ConEmuTh.obj
 0003:00000030       ?StdPalette@?1??GetStdPalette@Far3Color@@SIPBKXZ@4PAKA 1001b030     ConEmuTh1900.obj
 0003:00000070       ?guid_ConEmuTh@@3U_GUID@@A 1001b070     ConEmuTh2800.obj
 0003:00000080       ?guid_ConEmuThPluginMenu@@3U_GUID@@A 1001b080     ConEmuTh2800.obj
 0003:00000090       ?g_TerminatedThreadIdx@@3JA 1001b090     WThreads.obj
 0003:000000a0       __NLG_Destination          1001b0a0     libcmt:exsup.obj
 0003:000000b0       __XcptActTab               1001b0b0     libcmt:winxfltr.obj
 0003:00000128       __First_FPE_Indx           1001b128     libcmt:winxfltr.obj
 0003:0000012c       __Num_FPE                  1001b12c     libcmt:winxfltr.obj
 0003:00000130       __XcptActTabSize           1001b130     libcmt:winxfltr.obj
 0003:00000134       __XcptActTabCount          1001b134     libcmt:winxfltr.obj
 0003:00000138       __aexit_rtn                1001b138     libcmt:crt0dat.obj
 0003:0000013c       ___getvalueindex           1001b13c     libcmt:tidtable.obj
 0003:00000140       ___flsindex                1001b140     libcmt:tidtable.obj
 0003:00000144       ___badioinfo               1001b144     libcmt:ioinit.obj
 0003:00000168       __amblksiz                 1001b168     libcmt:heapinit.obj
 0003:0000016c       ___security_cookie         1001b16c     libcmt:gs_cookie.obj
 0003:00000170       ___security_cookie_complement 1001b170     libcmt:gs_cookie.obj
 0003:000004c0       __cfltcvt_tab              1001b4c0     libcmt:cmiscdat.obj
 0003:000004f0       ___clocalestr              1001b4f0     libcmt:nlsdata2.obj
 0003:000004f8       ___initiallocinfo          1001b4f8     libcmt:nlsdata2.obj
 0003:000005d0       ___ptlocinfo               1001b5d0     libcmt:nlsdata2.obj
 0003:000005d4       ___lc_clike                1001b5d4     libcmt:nlsdata2.obj
 0003:000005d8       ___initiallocalestructinfo 1001b5d8     libcmt:nlsdata2.obj
 0003:000005e0       ___initialmbcinfo          1001b5e0     libcmt:mbctype.obj
 0003:00000800       __mbctype                  1001b800     libcmt:mbctype.obj
 0003:00000908       __mbcasemap                1001b908     libcmt:mbctype.obj
 0003:00000a08       ___ptmbcinfo               1001ba08     libcmt:mbctype.obj
 0003:00000b00       ___abort_behavior          1001bb00     libcmt:abort.obj
 0003:00000b04       __pctype                   1001bb04     libcmt:ctype.obj
 0003:00000b08       __pwctype                  1001bb08     libcmt:ctype.obj
 0003:00000b10       ___lc_time_c               1001bb10     libcmt:_strftime.obj
 0003:00000c74       ___lc_time_curr            1001bc74     libcmt:_strftime.obj
 0003:00000c78       ___lconv_static_decimal    1001bc78     libcmt:lconv.obj
 0003:00000c7c       ___lconv_static_W_decimal  1001bc7c     libcmt:lconv.obj
 0003:00000c80       ___lconv_c                 1001bc80     libcmt:lconv.obj
 0003:00000cd0       ___lconv                   1001bcd0     libcmt:lconv.obj
 0003:00000cd4       ___globallocalestatus      1001bcd4     libcmt:glstatus.obj
 0003:00000cd8       ___mb_cur_max              1001bcd8     libcmt:nlsdata1.obj
 0003:00000cdc       ___decimal_point           1001bcdc     libcmt:nlsdata1.obj
 0003:00000ce0       ___decimal_point_length    1001bce0     libcmt:nlsdata1.obj
 0003:00000cf0       __timezone                 1001bcf0     libcmt:timeset.obj
 0003:00000cf4       __daylight                 1001bcf4     libcmt:timeset.obj
 0003:00000cf8       __dstbias                  1001bcf8     libcmt:timeset.obj
 0003:00000d80       __tzname                   1001bd80     libcmt:timeset.obj
 0003:00000da0       __lpdays                   1001bda0     libcmt:days.obj
 0003:00000dd4       __days                     1001bdd4     libcmt:days.obj
 0003:00000e20       ?gbInCommonShutdown@@3HA   1001be20     Common.obj
 0003:00000e24       ?OnShutdownConsole@@3P6GXXZA 1001be24     Common.obj
 0003:00000e28       ?gpLocalSecurity@@3PAU_SECURITY_ATTRIBUTES@@A 1001be28     ConEmuCheck.obj
 0003:00000e2c       ?gfGetRealConsoleWindow@@3P6GPAUHWND__@@XZA 1001be2c     ConEmuCheck.obj
 0003:00000e30       ?ghWorkingModule@@3_KA     1001be30     ConEmuCheck.obj
 0003:00000e78       ?gsHardLink@@3PA_WA        1001be78     ConEmuTh.obj
 0003:00000ef8       ?gsJunction@@3PA_WA        1001bef8     ConEmuTh.obj
 0003:00000f78       ?gsSymLink@@3PA_WA         1001bf78     ConEmuTh.obj
 0003:00000ff8       ?gsTitleThumbs@@3PA_WA     1001bff8     ConEmuTh.obj
 0003:00001078       ?gsTitleTiles@@3PA_WA      1001c078     ConEmuTh.obj
 0003:000010f8       ?gsFolder@@3PA_WA          1001c0f8     ConEmuTh.obj
 0003:00001178       ?gdwModes@@3PAKA           1001c178     ConEmuTh.obj
 0003:00001180       ?gThSet@@3UPanelViewSetMapping@@A 1001c180     ConEmuTh.obj
 0003:00001398       ?ghConEmuRoot@@3PAUHWND__@@A 1001c398     ConEmuTh.obj
 0003:0000139c       ?ghConEmuWnd@@3PAUHWND__@@A 1001c39c     ConEmuTh.obj
 0003:000013a0       ?ghPluginModule@@3PAUHINSTANCE__@@A 1001c3a0     ConEmuTh.obj
 0003:000013a4       ?TerminalMode@@3HA         1001c3a4     ConEmuTh.obj
 0003:000013a8       ?gnSelfPID@@3KA            1001c3a8     ConEmuTh.obj
 0003:000013ac       ?gnMainThreadId@@3KA       1001c3ac     ConEmuTh.obj
 0003:000013b0       ?gnMainThreadIdInitial@@3KA 1001c3b0     ConEmuTh.obj
 0003:000013b4       ?ghDisplayThread@@3PAXA    1001c3b4     ConEmuTh.obj
 0003:000013b8       ?gnDisplayThreadId@@3KA    1001c3b8     ConEmuTh.obj
 0003:000013bc       ?gFarVersion@@3UFarVersion@@A 1001c3bc     ConEmuTh.obj
 0003:000013c8       ?gfRegisterPanelView@@3P6GHPAUPanelViewInit@@@ZA 1001c3c8     ConEmuTh.obj
 0003:000013cc       ?gfGetFarHWND2@@3P6GPAUHWND__@@H@ZA 1001c3cc     ConEmuTh.obj
 0003:000013d0       ?pviLeft@@3UCeFullPanelInfo@@A 1001c3d0     ConEmuTh.obj
 0003:00001638       ?pviRight@@3UCeFullPanelInfo@@A 1001c638     ConEmuTh.obj
 0003:000018a0       ?gpRgnDetect@@3PAVCRgnDetect@@A 1001c8a0     ConEmuTh.obj
 0003:000018a4       ?gpImgCache@@3PAVCImgCache@@A 1001c8a4     ConEmuTh.obj
 0003:000018a8       ?gFarInfo@@3UCEFAR_INFO_MAPPING@@A 1001c8a8     ConEmuTh.obj
 0003:00021be0       ?gThPal@@3UCESERVER_PALETTE@@A 1003cbe0     ConEmuTh.obj
 0003:00021c60       ?gbFadeColors@@3_NA        1003cc60     ConEmuTh.obj
 0003:00021c61       ?gbFarPanelsReady@@3_NA    1003cc61     ConEmuTh.obj
 0003:00021c62       ?gbConsoleChangesSyncho@@3_NA 1003cc62     ConEmuTh.obj
 0003:00021c63       ?gbSynchoRedrawPanelRequested@@3_NA 1003cc63     ConEmuTh.obj
 0003:00021c64       ?gnRgnDetectFlags@@3KA     1003cc64     ConEmuTh.obj
 0003:00021c68       ?gFarPanelSettings@@3UCEFarPanelSettings@@A 1003cc68     ConEmuTh.obj
 0003:00021c6c       ?gFarInterfaceSettings@@3UCEFarInterfaceSettings@@A 1003cc6c     ConEmuTh.obj
 0003:00021c70       ?gnWaitForKeySeqTick@@3KA  1003cc70     ConEmuTh.obj
 0003:00021c74       ?wScanCodeUp@@3GA          1003cc74     ConEmuTh.obj
 0003:00021c78       ?wScanCodeDown@@3GA        1003cc78     ConEmuTh.obj
 0003:00021c7c       ?gnConsoleChanges@@3KA     1003cc7c     ConEmuTh.obj
 0003:00021c80       ?gpLastSynchroArg@@3PAUConEmuThSynchroArg@@A 1003cc80     ConEmuTh.obj
 0003:00021c84       ?gpDbgDlg@@3PAV?$MFileMapping@Utag_DetectedDialog@@@@A 1003cc84     ConEmuTh.obj
 0003:00021c88       ?gbInfoW_OK@@3HA           1003cc88     ConEmuTh.obj
 0003:00021c90       ?InfoW1900@@3PAUPluginStartupInfo@@A 1003cc90     ConEmuTh1900.obj
 0003:00021c94       ?FSFW1900@@3PAUFarStandardFunctions@@A 1003cc94     ConEmuTh1900.obj
 0003:00021c98       ?LastIndex@?1??Color2FgIndex@Far3Color@@SIXKAAGPBK@Z@4HA 1003cc98     ConEmuTh1900.obj
 0003:00021c9c       ?LastColor@?1??Color2FgIndex@Far3Color@@SIXKAAGPBK@Z@4KA 1003cc9c     ConEmuTh1900.obj
 0003:00021ca0       ?LastIndex@?1??Color2BgIndex@Far3Color@@SIXKHAAGPBK@Z@4HA 1003cca0     ConEmuTh1900.obj
 0003:00021ca4       ?LastColor@?1??Color2BgIndex@Far3Color@@SIXKHAAGPBK@Z@4KA 1003cca4     ConEmuTh1900.obj
 0003:00021eb0       ?InfoW2800@@3PAUPluginStartupInfo@@A 1003ceb0     ConEmuTh2800.obj
 0003:00021eb4       ?FSFW2800@@3PAUFarStandardFunctions@@A 1003ceb4     ConEmuTh2800.obj
 0003:000220c0       ?InfoW995@@3PAUPluginStartupInfo@@A 1003d0c0     ConEmuTh995.obj
 0003:000220c4       ?FSFW995@@3PAUFarStandardFunctions@@A 1003d0c4     ConEmuTh995.obj
 0003:000222d0       ?InfoA@@3PAUPluginStartupInfo@@A 1003d2d0     ConEmuThA.obj
 0003:000222d4       ?FSFA@@3PAUFarStandardFunctions@@A 1003d2d4     ConEmuThA.obj
 0003:000223e4       ?ghCreateEvent@@3PAXA      1003d3e4     Display.obj
 0003:000223e8       ?gnCreateViewError@@3HA    1003d3e8     Display.obj
 0003:000223ec       ?gnWin32Error@@3KA         1003d3ec     Display.obj
 0003:000223f0       ?gbCancelAll@@3HA          1003d3f0     Display.obj
 0003:000223f4       ?gnConEmuFadeMsg@@3IA      1003d3f4     Display.obj
 0003:000223f8       ?gnConEmuSettingsMsg@@3IA  1003d3f8     Display.obj
 0003:000223fc       ?gnMapCoordMsg@@3IA        1003d3fc     Display.obj
 0003:00022400       ?hkFunc@@3UHkFunc@@A       1003d400     HkFunc.obj
 0003:00022420       ?ghUpIcon@@3PAUHICON__@@A  1003d420     ImgCache.obj
 0003:00022424       ?AssertMsgBox@@3P6IHPB_WI0PAUHWND__@@_N@ZA 1003d424     MAssert.obj
 0003:00022428       ?ghHeap@@3PAXA             1003d428     Memory.obj
 0003:0002242c       ?gNullDesc@@3PAVMNullDesc@@A 1003d42c     MSecurity.obj
 0003:00022434       ?gfnSearchAppPaths@@3P6I_NPB_WAAUCmdArg@@_NPAU1@@ZA 1003d434     WObjects.obj
 0003:00029c40       ?g_ThreadsIdx@@3JA         10044c40     WThreads.obj
 0003:00029c4c       __aenvptr                  10044c4c     libcmt:dllcrt0.obj
 0003:00029c50       __wenvptr                  10044c50     libcmt:dllcrt0.obj
 0003:00029c54       ___error_mode              10044c54     libcmt:dllcrt0.obj
 0003:00029c58       ___app_type                10044c58     libcmt:dllcrt0.obj
 0003:00029ce8       __umaskval                 10044ce8     libcmt:crt0dat.obj
 0003:00029cec       __osplatform               10044cec     libcmt:crt0dat.obj
 0003:00029cf0       __osver                    10044cf0     libcmt:crt0dat.obj
 0003:00029cf4       __winver                   10044cf4     libcmt:crt0dat.obj
 0003:00029cf8       __winmajor                 10044cf8     libcmt:crt0dat.obj
 0003:00029cfc       __winminor                 10044cfc     libcmt:crt0dat.obj
 0003:00029d00       ___argc                    10044d00     libcmt:crt0dat.obj
 0003:00029d04       ___argv                    10044d04     libcmt:crt0dat.obj
 0003:00029d08       ___wargv                   10044d08     libcmt:crt0dat.obj
 0003:00029d0c       __environ                  10044d0c     libcmt:crt0dat.obj
 0003:00029d10       ___initenv                 10044d10     libcmt:crt0dat.obj
 0003:00029d14       __wenviron                 10044d14     libcmt:crt0dat.obj
 0003:00029d18       ___winitenv                10044d18     libcmt:crt0dat.obj
 0003:00029d1c       __pgmptr                   10044d1c     libcmt:crt0dat.obj
 0003:00029d20       __wpgmptr                  10044d20     libcmt:crt0dat.obj
 0003:00029d24       __exitflag                 10044d24     libcmt:crt0dat.obj
 0003:00029d28       __C_Termination_Done       10044d28     libcmt:crt0dat.obj
 0003:00029d2c       __C_Exit_Done              10044d2c     libcmt:crt0dat.obj
 0003:00029d30       _gpFlsAlloc                10044d30     libcmt:tidtable.obj
 0003:00029d34       _gpFlsGetValue             10044d34     libcmt:tidtable.obj
 0003:00029d38       _gpFlsSetValue             10044d38     libcmt:tidtable.obj
 0003:00029d3c       _gpFlsFree                 10044d3c     libcmt:tidtable.obj
 0003:00029e4c       __crtheap                  10044e4c     libcmt:heapinit.obj
 0003:0002a2b8       ?__pInconsistency@@3P6AXXZA 100452b8     libcmt:hooks.obj
 0003:0002a2d8       ?_pnhHeap@@3P6AHI@ZA       100452d8     libcmt:handler.obj
 0003:0002a2dc       ___locale_changed          100452dc     libcmt:setlocal.obj
 0003:0002a2e0       ___lc_handle               100452e0     libcmt:nlsdata2.obj
 0003:0002a2f8       ___lc_codepage             100452f8     libcmt:nlsdata2.obj
 0003:0002a2fc       ___lc_collate_cp           100452fc     libcmt:nlsdata2.obj
 0003:0002a304       ___mbulinfo                10045304     libcmt:mbctype.obj
 0003:0002a310       ___mbcodepage              10045310     libcmt:mbctype.obj
 0003:0002a314       ___ismbcodepage            10045314     libcmt:mbctype.obj
 0003:0002a318       ___mblcid                  10045318     libcmt:mbctype.obj
 0003:0002a31c       __maxwait                  1004531c     libcmt:crtheap.obj
 0003:0002a320       ___sbh_pHeaderDefer        10045320     libcmt:sbheap.obj
 0003:0002a324       __newmode                  10045324     libcmt:_newmode.obj
 0003:0002a658       ___lconv_static_null       10045658     libcmt:lconv.obj
 0003:0002a65c       ___lconv_static_W_null     1004565c     libcmt:lconv.obj
 0003:0002a720       ___sbh_cntHeaderList       10045720     <common>
 0003:0002a724       ___sbh_pHeaderList         10045724     <common>
 0003:0002a728       ___sbh_threshold           10045728     <common>
 0003:0002a72c       ___sbh_pHeaderScan         1004572c     <common>
 0003:0002a730       ___sbh_sizeHeaderList      10045730     <common>
 0003:0002a734       ___sbh_indGroupDefer       10045734     <common>
 0003:0002a738       ___active_heap             10045738     <common>
 0003:0002a73c       __nhandle                  1004573c     <common>
 0003:0002a740       ___pioinfo                 10045740     <common>
 0003:0002a840       ___env_initialized         10045840     <common>
 0003:0002a844       ___onexitend               10045844     <common>
 0003:0002a848       ___onexitbegin             10045848     <common>
 0003:0002a84c       ___mbctype_initialized     1004584c     <common>
 0003:0002a850       __FPinit                   10045850     <common>
 0003:0002a854       ___initenv_end             10045854     <common>
 0003:0002a858       ___dyn_tls_init_callback   10045858     <common>
 0003:0002a85c       __pDestructExceptionObject 1004585c     <common>
 0003:0002a860       ___sse2_available          10045860     <common>
 0003:0002a864       __acmdln                   10045864     <common>
 0003:0002a868       __pRawDllMain              10045868     <common>

 entry point at        0001:0000f226

 Static symbols

 0001:000002fe       ?StringCopyWorkerW@@YGJPA_WIPAIPB_WI@Z 100012fe f   ConEmuCheck.obj
 0001:000002fe       ?StringCopyWorkerW@@YGJPA_WIPAIPB_WI@Z 100012fe f   ConEmuCheck.obj
 0001:000007fe       ?StringLengthWorkerW@@YGJPB_WIPAI@Z 100017fe f   ConEmuTh.obj
 0001:000008d6       ?ChangeExports@@YI_NPBUExportFunc@@PAUHINSTANCE__@@@Z 100018d6 f   ConEmuTh.obj
 0001:00001260       ?LoadModuleVersion@@YI_NPB_WAAUtagVS_FIXEDFILEINFO@@PA_WI@Z 10002260 f   ConEmuTh.obj
 0001:000013f4       ?LoadFarVersion@@YI_NPB_WAAUFarVersion@@AAY0CAA@_W@Z 100023f4 f   ConEmuTh.obj
 0001:00001460       ?LoadFarVersion@@YI_NAAUFarVersion@@AAY0CAA@_W@Z 10002460 f   ConEmuTh.obj
 0001:0000337f       ?GetFarSetting@@YIHPAXIPB_W@Z 1000437f f   ConEmuTh1900.obj
 0001:000033c5       ?LoadFarSettingsW1900@@YIXPAUCEFarInterfaceSettings@@PAUCEFarPanelSettings@@@Z 100043c5 f   ConEmuTh1900.obj
 0001:000042e9       ?GetFarSetting@@YIHPAXIPB_W@Z 100052e9 f   ConEmuTh2800.obj
 0001:00004332       ?LoadFarSettingsW2800@@YIXPAUCEFarInterfaceSettings@@PAUCEFarPanelSettings@@@Z 10005332 f   ConEmuTh2800.obj
 0001:000051ff       ?LoadFarSettingsW995@@YIXPAUCEFarInterfaceSettings@@PAUCEFarPanelSettings@@@Z 100061ff f   ConEmuTh995.obj
 0001:00005a4c       ?LoadFarSettingsA@@YIXPAUCEFarInterfaceSettings@@PAUCEFarPanelSettings@@@Z 10006a4c f   ConEmuThA.obj
 0001:0000efdb       ___DllMainCRTStartup@12    1000ffdb f   libcmt:dllcrt0.obj
 0001:0000f23c       _has_osfxsr_set            1001023c f   libcmt:cpu_disp.obj
 0001:0000f354       __unwind_handler           10010354 f   libcmt:exsup.obj
 0001:0000f470       _ValidateScopeTableHandlers 10010470 f   libcmt:eh3valid.obj
 0001:0000fa88       __initterm                 10010a88 f   libcmt:crt0dat.obj
 0001:0000fbaa       _doexit                    10010baa f   libcmt:crt0dat.obj
 0001:0001089c       _parse_cmdline             1001189c f   libcmt:stdargv.obj
 0001:00011662       _siglookup                 10012662 f   libcmt:winsig.obj
 0001:00011874       ___crtInitCritSecNoSpinCount@8 10012874 f   libcmt:initcrit.obj
 0001:00011c19       __updatetlocinfoEx_nolock  10012c19 f   libcmt:setlocal.obj
 0001:00011cd2       ?CPtoLCID@@YAHH@Z          10012cd2 f   libcmt:mbctype.obj
 0001:00011d01       ?setSBCS@@YAXPAUthreadmbcinfostruct@@@Z 10012d01 f   libcmt:mbctype.obj
 0001:00011d65       ?setSBUpLow@@YAXPAUthreadmbcinfostruct@@@Z 10012d65 f   libcmt:mbctype.obj
 0001:00012044       ?getSystemCP@@YAHH@Z       10013044 f   libcmt:mbctype.obj
 0001:00012d14       ?x_ismbbtype_l@@YAHPAUlocaleinfo_struct@@IHH@Z 10013d14 f   libcmt:ismbbyte.obj
 0001:00013378       __unwind_handler4          10014378 f   libcmt:exsup4.obj
 0001:00013d16       ?__crtGetStringTypeA_stat@@YAHPAUlocaleinfo_struct@@KPBDHPAGHHH@Z 10014d16 f   libcmt:_a_str.obj
 0001:00013f12       ?__crtLCMapStringA_stat@@YAHPAUlocaleinfo_struct@@KKPBDHPADHHH@Z 10014f12 f   libcmt:_a_map.obj
 0001:0001440c       _fastcopy_I                1001540c f   libcmt:p4_memcpy.obj
 0001:00014a4b       ?strtoxlX@@YAKPAUlocaleinfo_struct@@PBDPAPBDHHH@Z 10015a4b f   libcmt:_strtol.obj
