 pe

 Timestamp is 564922f7 (Mon Nov 16 03:27:35 2015)

 Preferred load address is 10000000

 Start         Length     Name                   Class
 0001:00000000 00000078H .idata$5                CODE
 0001:00000080 000001caH .rdata                  CODE
 0001:0000024c 0000005eH .rdata$debug            CODE
 0001:000002b0 00001c3aH .text                   CODE
 0001:00001eec 00000028H .idata$2                CODE
 0001:00001f14 00000014H .idata$3                CODE
 0001:00001f28 00000078H .idata$4                CODE
 0001:00001fa0 000001a8H .idata$6                CODE
 0001:00002150 00000090H .edata                  CODE
 0002:00000000 00000004H .data                   DATA
 0002:00000008 00007814H .bss                    DATA
 0003:00000000 00000058H .rsrc$01                DATA
 0003:00000060 000002b8H .rsrc$02                DATA

  Address         Publics by Value              Rva+Base       Lib:Object

 0000:00000000       ___safe_se_handler_count   00000000     <absolute>
 0000:00000000       ___safe_se_handler_table   00000000     <absolute>
 0001:00000000       __imp__HeapFree@12         10001000     kernel32:KERNEL32.dll
 0001:00000004       __imp__GetProcessHeap@0    10001004     kernel32:KERNEL32.dll
 0001:00000008       __imp__lstrcatW@8          10001008     kernel32:KERNEL32.dll
 0001:0000000c       __imp__lstrcpyW@8          1000100c     kernel32:KERNEL32.dll
 0001:00000010       __imp__lstrlenW@4          10001010     kernel32:KERNEL32.dll
 0001:00000014       __imp__lstrcmpiW@8         10001014     kernel32:KERNEL32.dll
 0001:00000018       __imp__lstrcmpW@8          10001018     kernel32:KERNEL32.dll
 0001:0000001c       __imp__lstrcmpA@8          1000101c     kernel32:KERNEL32.dll
 0001:00000020       __imp__MultiByteToWideChar@24 10001020     kernel32:KERNEL32.dll
 0001:00000024       __imp__lstrcmpiA@8         10001024     kernel32:KERNEL32.dll
 0001:00000028       __imp__lstrcpynW@12        10001028     kernel32:KERNEL32.dll
 0001:0000002c       __imp__HeapAlloc@12        1000102c     kernel32:KERNEL32.dll
 0001:00000030       __imp__HeapCreate@12       10001030     kernel32:KERNEL32.dll
 0001:00000034       __imp__HeapDestroy@4       10001034     kernel32:KERNEL32.dll
 0001:00000038       __imp__HeapReAlloc@16      10001038     kernel32:KERNEL32.dll
 0001:0000003c       __imp__HeapValidate@12     1000103c     kernel32:KERNEL32.dll
 0001:00000040       __imp__lstrcpyA@8          10001040     kernel32:KERNEL32.dll
 0001:00000044       __imp__lstrlenA@4          10001044     kernel32:KERNEL32.dll
 0001:00000048       __imp__lstrcpynA@12        10001048     kernel32:KERNEL32.dll
 0001:0000004c       __imp__GetTickCount@0      1000104c     kernel32:KERNEL32.dll
 0001:00000050       __imp__GetCurrentThreadId@0 10001050     kernel32:KERNEL32.dll
 0001:00000054       __imp__SetLastError@4      10001054     kernel32:KERNEL32.dll
 0001:00000058       __imp__ResumeThread@4      10001058     kernel32:KERNEL32.dll
 0001:0000005c       __imp__GetLastError@0      1000105c     kernel32:KERNEL32.dll
 0001:00000060       __imp__CreateThread@24     10001060     kernel32:KERNEL32.dll
 0001:00000064       __imp__TerminateThread@8   10001064     kernel32:KERNEL32.dll
 0001:00000068       \177KERNEL32_NULL_THUNK_DATA 10001068     kernel32:KERNEL32.dll
 0001:0000006c       __imp__wsprintfA           1000106c     user32:USER32.dll
 0001:00000070       __imp__wsprintfW           10001070     user32:USER32.dll
 0001:00000074       \177USER32_NULL_THUNK_DATA 10001074     user32:USER32.dll
 0001:0000009c       ??_C@_13DIBMAFH@?$AA?$CJ?$AA?$AA@ 1000109c     pe.obj
 0001:000000a0       ??_C@_1BO@IJOOPNFP@?$AA?$CF?$AAi?$AA?0?$AA?5?$AA?$CF?$AAi?$AA?0?$AA?5?$AA?$CF?$AAi?$AA?0?$AA?5?$AA?$CF?$AAi?$AA?$AA@ 100010a0     pe.obj
 0001:000000c0       ??_C@_1M@NEPJOGKK@?$AA?$CF?$AAi?$AA?4?$AA?$CF?$AAi?$AA?$AA@ 100010c0     pe.obj
 0001:000000cc       ??_C@_1BC@JDEOJIFO@?$AA?$CF?$AAi?$AA?4?$AA?$CF?$AAi?$AA?4?$AA?$CF?$AAi?$AA?$AA@ 100010cc     pe.obj
 0001:000000e0       ??_C@_1BI@KONPHAJJ@?$AA?$CF?$AAi?$AA?4?$AA?$CF?$AAi?$AA?4?$AA?$CF?$AAi?$AA?4?$AA?$CF?$AAi?$AA?$AA@ 100010e0     pe.obj
 0001:000000f8       ??_C@_1BO@OKEPMKJE@?$AAP?$AAr?$AAo?$AAd?$AAu?$AAc?$AAt?$AAV?$AAe?$AAr?$AAs?$AAi?$AAo?$AAn?$AA?$AA@ 100010f8     pe.obj
 0001:00000118       ??_C@_1BI@HCCAONKE@?$AAF?$AAi?$AAl?$AAe?$AAV?$AAe?$AAr?$AAs?$AAi?$AAo?$AAn?$AA?$AA@ 10001118     pe.obj
 0001:00000130       ??_C@_0P@PLANDJKO@ProductVersion?$AA@ 10001130     pe.obj
 0001:00000140       ??_C@_0M@OBEGHOED@FileVersion?$AA@ 10001140     pe.obj
 0001:0000014c       ??_C@_1BI@LJHFMFCG@?$AAV?$AAa?$AAr?$AAF?$AAi?$AAl?$AAe?$AAI?$AAn?$AAf?$AAo?$AA?$AA@ 1000114c     pe.obj
 0001:00000164       ??_C@_1BO@PBBNDBNF@?$AAS?$AAt?$AAr?$AAi?$AAn?$AAg?$AAF?$AAi?$AAl?$AAe?$AAI?$AAn?$AAf?$AAo?$AA?$AA@ 10001164     pe.obj
 0001:00000184       ??_C@_0P@EMOHHAPL@StringFileInfo?$AA@ 10001184     pe.obj
 0001:00000194       ??_C@_0BA@PIFPCFJM@OpenFilePluginW?$AA@ 10001194     pe.obj
 0001:000001a4       ??_C@_0M@DMAKBKI@OpenPluginW?$AA@ 100011a4     pe.obj
 0001:000001b0       ??_C@_0P@LBJHCIBL@GetGlobalInfoW?$AA@ 100011b0     pe.obj
 0001:000001c0       ??_C@_0BA@IDLLFCLM@SetStartupInfoW?$AA@ 100011c0     pe.obj
 0001:000001d0       ??_C@_0P@JNNILPEA@SetStartupInfo?$AA@ 100011d0     pe.obj
 0001:000001e0       ??_C@_19BHIGINDB@?$AA?4?$AAd?$AAl?$AAl?$AA?$AA@ 100011e0     pe.obj
 0001:000001ec       ??_C@_13OHNMPHJM@?$AA?$FN?$AA?$AA@ 100011ec     pe.obj
 0001:000001f0       ??_C@_15FFJNNDMJ@?$AA?5?$AA?$FL?$AA?$AA@ 100011f0     pe.obj
 0001:000001f8       ??_C@_1M@FNNDEIFD@?$AA?4?$AAN?$AAe?$AAt?$AA?5?$AA?$AA@ 100011f8     pe.obj
 0001:00000204       ??_C@_19KIFLGLIH@?$AAU?$AAp?$AAx?$AA?5?$AA?$AA@ 10001204     pe.obj
 0001:00000210       ??_C@_13HOIJIPNN@?$AA?5?$AA?$AA@ 10001210     pe.obj
 0001:00000214       ??_C@_13DMCFHHKM@?$AA3?$AA?$AA@ 10001214     pe.obj
 0001:00000218       ??_C@_13IEJJBAMJ@?$AA2?$AA?$AA@ 10001218     pe.obj
 0001:0000021c       ??_C@_13FLOCNAAB@?$AA?$CG?$AA?$AA@ 1000121c     pe.obj
 0001:00000220       ??_C@_13JGCMLPCH@?$AA1?$AA?$AA@ 10001220     pe.obj
 0001:00000224       ??_C@_17HHLBFPBE@?$AAF?$AAa?$AAr?$AA?$AA@ 10001224     pe.obj
 0001:0000022c       ??_C@_17HIBPHNJA@?$AA3?$AA2?$AA?5?$AA?$AA@ 1000122c     pe.obj
 0001:00000234       ??_C@_17KBKLDIPL@?$AA1?$AA6?$AA?5?$AA?$AA@ 10001234     pe.obj
 0001:0000023c       ??_C@_17OGKGJAOJ@?$AA6?$AA4?$AA?5?$AA?$AA@ 1000123c     pe.obj
 0001:00000244       ??_C@_05LCABBMOG@?$CFs?3?$CFi?$AA@ 10001244     WThreads.obj
 0001:000002b0       ?wcschr@@YAPA_WPA_W_W@Z    100012b0 f i pe.obj
 0001:000002b5       ?Close@PEData@@QAEXXZ      100012b5 f i pe.obj
 0001:000002c6       ?Max@@YIIII@Z              100012c6 f   pe.obj
 0001:000002cf       ?ValidateMemory@@YI_NPAUPEData@@PBXI@Z 100012cf f   pe.obj
 0001:0000031f       ?ParseVersionInfoFixed@@YIXPAUPEData@@PAUtagVS_FIXEDFILEINFO@@@Z 1000131f f   pe.obj
 0001:0000048d       ?ParseVersionInfoVariableString@@YIXPAUPEData@@PAXAAKPAG@Z 1000148d f   pe.obj
 0001:00000618       ?ParseVersionInfoVariableStringA@@YIXPAUPEData@@PAXAAKPAD@Z 10001618 f   pe.obj
 0001:000007c4       ?ParseVersionInfoVariableVar@@YIXPAUPEData@@PAXAAKPAG@Z 100017c4 f   pe.obj
 0001:0000084a       ?ParseVersionInfoVariable@@YIXPAUPEData@@PAXAAKPAG@Z 1000184a f   pe.obj
 0001:000008c1       ?ParseVersionInfoVariableA@@YIXPAUPEData@@PAXAAKPAD@Z 100018c1 f   pe.obj
 0001:00000901       ?ParseVersionInfo@@YIXPAUPEData@@AAPAXAAK@Z 10001901 f   pe.obj
 0001:000009dd       ?ParseVersionInfoA@@YIXPAUPEData@@AAPAXAAK@Z 100019dd f   pe.obj
 0001:00000ab5       ?CreateResource@@YIXPAUPEData@@KPAXKKK@Z 10001ab5 f   pe.obj
 0001:00000b5c       ?DumpSectionTable@@YIXPAUPEData@@PAU_IMAGE_SECTION_HEADER@@IH@Z 10001b5c f   pe.obj
 0001:00000b9f       ?CET_Init@@YGHPAU0@@Z      10001b9f f   pe.obj
 0001:00000bc9       ?CET_Done@@YGXPAUCET_Init@@@Z 10001bc9 f   pe.obj
 0001:00000bd1       ?CET_Free@@YGXPAUCET_LoadInfo@@@Z 10001bd1 f   pe.obj
 0001:00000c12       ?CET_Cancel@@YGXPAX@Z      10001c12 f   pe.obj
 0001:00000c15       ??$DumpCOR20Header@U_IMAGE_NT_HEADERS64@@@@YIXPAUPEData@@PAEPAU_IMAGE_NT_HEADERS64@@@Z 10001c15 f i pe.obj
 0001:00000c2c       ??$DumpCOR20Header@U_IMAGE_NT_HEADERS@@@@YIXPAUPEData@@PAEPAU_IMAGE_NT_HEADERS@@@Z 10001c2c f i pe.obj
 0001:00000c43       ??$DumpCertificates@U_IMAGE_NT_HEADERS64@@@@YIXPAUPEData@@PAEPAU_IMAGE_NT_HEADERS64@@@Z 10001c43 f i pe.obj
 0001:00000c72       ??$DumpCertificates@U_IMAGE_NT_HEADERS@@@@YIXPAUPEData@@PAEPAU_IMAGE_NT_HEADERS@@@Z 10001c72 f i pe.obj
 0001:00000ca1       ??$GetEnclosingSectionHeader@U_IMAGE_NT_HEADERS64@@@@YIPAU_IMAGE_SECTION_HEADER@@KPAU_IMAGE_NT_HEADERS64@@@Z 10001ca1 f i pe.obj
 0001:00000cdb       ??$GetEnclosingSectionHeader@U_IMAGE_NT_HEADERS@@@@YIPAU_IMAGE_SECTION_HEADER@@KPAU_IMAGE_NT_HEADERS@@@Z 10001cdb f i pe.obj
 0001:00000d15       ?DumpNEResourceTable@@YIXPAUPEData@@PAU_IMAGE_DOS_HEADER@@PAE@Z 10001d15 f   pe.obj
 0001:00000dd3       ?DumpExeFileNE@@YI_NPAUPEData@@PAU_IMAGE_DOS_HEADER@@PAU_IMAGE_OS2_HEADER@@@Z 10001dd3 f   pe.obj
 0001:00000e07       ??$GetPtrFromRVA@U_IMAGE_NT_HEADERS64@@@@YIPAXKPAU_IMAGE_NT_HEADERS64@@PAE@Z 10001e07 f i pe.obj
 0001:00000e34       ??$GetPtrFromRVA@U_IMAGE_NT_HEADERS@@@@YIPAXKPAU_IMAGE_NT_HEADERS@@PAE@Z 10001e34 f i pe.obj
 0001:00000e61       ??$DumpExportsSection@U_IMAGE_NT_HEADERS64@@@@YIXPAUPEData@@PAEPAU_IMAGE_NT_HEADERS64@@@Z 10001e61 f i pe.obj
 0001:00001046       ??$DumpExportsSection@U_IMAGE_NT_HEADERS@@@@YIXPAUPEData@@PAEPAU_IMAGE_NT_HEADERS@@@Z 10002046 f i pe.obj
 0001:00001228       ?DumpResourceEntry@@YIXPAUPEData@@KPAU_IMAGE_RESOURCE_DIRECTORY_ENTRY@@PAEKKK@Z 10002228 f   pe.obj
 0001:000012be       ?DumpResourceDirectory@@YIXPAUPEData@@PAU_IMAGE_RESOURCE_DIRECTORY@@PAEKKKK@Z 100022be f   pe.obj
 0001:0000138c       ??$DumpResourceSection@U_IMAGE_NT_HEADERS64@@@@YIXPAUPEData@@PAEPAU_IMAGE_NT_HEADERS64@@@Z 1000238c f i pe.obj
 0001:000013c4       ??$DumpResourceSection@U_IMAGE_NT_HEADERS@@@@YIXPAUPEData@@PAEPAU_IMAGE_NT_HEADERS@@@Z 100023c4 f i pe.obj
 0001:000013fc       ?DumpResources@@YIXPAUPEData@@PAEPAU_IMAGE_NT_HEADERS@@@Z 100023fc f   pe.obj
 0001:00001433       ?DumpExeFilePE@@YI_NPAUPEData@@PAU_IMAGE_DOS_HEADER@@PAU_IMAGE_NT_HEADERS@@@Z 10002433 f   pe.obj
 0001:000014d3       ?DumpExeFile@@YI_NPAUPEData@@PAU_IMAGE_DOS_HEADER@@@Z 100024d3 f   pe.obj
 0001:0000151e       ?DumpFile@@YI_NPAUPEData@@PAE_J2@Z 1000251e f   pe.obj
 0001:00001574       ?CET_Load@@YGHPAUCET_LoadInfo@@@Z 10002574 f   pe.obj
 0001:000017df       ?HeapInitialize@@YI_NXZ    100027df f   Memory.obj
 0001:00001805       ?HeapDeinitialize@@YIXXZ   10002805 f   Memory.obj
 0001:0000181d       ?xf_malloc@@YAPAXI@Z       1000281d f   Memory.obj
 0001:00001830       ?xf_calloc@@YAPAXII@Z      10002830 f   Memory.obj
 0001:00001849       ?xf_realloc@@YAPAXPAXI@Z   10002849 f   Memory.obj
 0001:0000186e       ?xf_free@@YAXPAX@Z         1000286e f   Memory.obj
 0001:0000188c       ?xf_validate@@YA_NPAX@Z    1000288c f   Memory.obj
 0001:000018a5       ??2@YAPAXI@Z               100028a5 f   Memory.obj
 0001:000018aa       ??_U@YAPAXI@Z              100028aa f   Memory.obj
 0001:000018af       ??3@YAXPAX@Z               100028af f   Memory.obj
 0001:000018b4       ??_V@YAXPAX@Z              100028b4 f   Memory.obj
 0001:000018b9       ?lstrdup@@YIPADPBD@Z       100028b9 f   Memory.obj
 0001:000018f2       ?lstrdup@@YIPA_WPB_WI@Z    100028f2 f   Memory.obj
 0001:00001932       ?lstrdupW@@YIPA_WPBDI@Z    10002932 f   Memory.obj
 0001:0000197a       ?lstrmerge@@YIPA_WPB_W0000@Z 1000297a f   Memory.obj
 0001:00001a0d       ?lstrmerge@@YI_NPAPA_WPB_W111@Z 10002a0d f   Memory.obj
 0001:00001a44       ??0ConEmuThreadStartArg@@QAE@P6GKPAX@Z0K@Z 10002a44 f i WThreads.obj
 0001:00001a65       ?apiThreadHelper@@YGKPAX@Z 10002a65 f   WThreads.obj
 0001:00001bb3       ?apiCreateThread@@YIPAXP6GKPAX@Z0PAKPBDH@Z 10002bb3 f   WThreads.obj
 0001:00001ca2       ?apiTerminateThreadEx@@YIHPAXKPBDH@Z 10002ca2 f   WThreads.obj
 0001:00001d60       _wcschr                    10002d60 f   libCRT:strchr.obj
 0001:00001d90       _wcsrchr                   10002d90 f   libCRT:strrchr.obj
 0001:00001dc0       _memset                    10002dc0 f   libCRT:memset.obj
 0001:00001e00       _strchr                    10002e00 f   libCRT:strchr.obj
 0001:00001e20       _strrchr                   10002e20 f   libCRT:strrchr.obj
 0001:00001e42       _HeapFree@12               10002e42 f   kernel32:KERNEL32.dll
 0001:00001e48       _GetProcessHeap@0          10002e48 f   kernel32:KERNEL32.dll
 0001:00001e4e       _lstrcatW@8                10002e4e f   kernel32:KERNEL32.dll
 0001:00001e54       _lstrcpyW@8                10002e54 f   kernel32:KERNEL32.dll
 0001:00001e5a       _lstrlenW@4                10002e5a f   kernel32:KERNEL32.dll
 0001:00001e60       _lstrcmpiW@8               10002e60 f   kernel32:KERNEL32.dll
 0001:00001e66       _lstrcmpW@8                10002e66 f   kernel32:KERNEL32.dll
 0001:00001e6c       _lstrcmpA@8                10002e6c f   kernel32:KERNEL32.dll
 0001:00001e72       _MultiByteToWideChar@24    10002e72 f   kernel32:KERNEL32.dll
 0001:00001e78       _lstrcmpiA@8               10002e78 f   kernel32:KERNEL32.dll
 0001:00001e7e       _lstrcpynW@12              10002e7e f   kernel32:KERNEL32.dll
 0001:00001e84       _HeapAlloc@12              10002e84 f   kernel32:KERNEL32.dll
 0001:00001e8a       _HeapCreate@12             10002e8a f   kernel32:KERNEL32.dll
 0001:00001e90       _HeapDestroy@4             10002e90 f   kernel32:KERNEL32.dll
 0001:00001e96       _HeapReAlloc@16            10002e96 f   kernel32:KERNEL32.dll
 0001:00001e9c       _HeapValidate@12           10002e9c f   kernel32:KERNEL32.dll
 0001:00001ea2       _lstrcpyA@8                10002ea2 f   kernel32:KERNEL32.dll
 0001:00001ea8       _lstrlenA@4                10002ea8 f   kernel32:KERNEL32.dll
 0001:00001eae       _lstrcpynA@12              10002eae f   kernel32:KERNEL32.dll
 0001:00001eb4       _GetTickCount@0            10002eb4 f   kernel32:KERNEL32.dll
 0001:00001eba       _GetCurrentThreadId@0      10002eba f   kernel32:KERNEL32.dll
 0001:00001ec0       _SetLastError@4            10002ec0 f   kernel32:KERNEL32.dll
 0001:00001ec6       _ResumeThread@4            10002ec6 f   kernel32:KERNEL32.dll
 0001:00001ecc       _GetLastError@0            10002ecc f   kernel32:KERNEL32.dll
 0001:00001ed2       _CreateThread@24           10002ed2 f   kernel32:KERNEL32.dll
 0001:00001ed8       _TerminateThread@8         10002ed8 f   kernel32:KERNEL32.dll
 0001:00001ede       _wsprintfW                 10002ede f   user32:USER32.dll
 0001:00001ee4       _wsprintfA                 10002ee4 f   user32:USER32.dll
 0001:00001eec       __IMPORT_DESCRIPTOR_KERNEL32 10002eec     kernel32:KERNEL32.dll
 0001:00001f00       __IMPORT_DESCRIPTOR_USER32 10002f00     user32:USER32.dll
 0001:00001f14       __NULL_IMPORT_DESCRIPTOR   10002f14     kernel32:KERNEL32.dll
 0002:00000000       ?g_TerminatedThreadIdx@@3JA 10004000     WThreads.obj
 0002:00000008       ?ghModule@@3PAUHINSTANCE__@@A 10004008     pe.obj
 0002:0000000c       ?AssertMsgBox@@3P6IHPB_WI0PAUHWND__@@_N@ZA 1000400c     MAssert.obj
 0002:00000010       ?ghHeap@@3PAXA             10004010     Memory.obj
 0002:00007818       ?g_ThreadsIdx@@3JA         1000b818     WThreads.obj

 entry point at        0000:00000000

 Static symbols

