 ConEmuLn

 Timestamp is 52ae39d0 (Mon Dec 16 03:22:56 2013)

 Preferred load address is 10000000

 Start         Length     Name                   Class
 0001:00000000 0000338cH .text                   CODE
 0002:00000000 00000094H .idata$5                DATA
 0002:00000098 000003b1H .rdata                  DATA
 0002:0000044c 00000064H .idata$2                DATA
 0002:000004b0 00000014H .idata$3                DATA
 0002:000004c4 00000094H .idata$4                DATA
 0002:00000558 00000226H .idata$6                DATA
 0002:00000780 0000018bH .edata                  DATA
 0003:00000000 000000ccH .data                   DATA
 0003:000000d0 0000076cH .bss                    DATA
 0004:00000000 00000058H .rsrc$01                DATA
 0004:00000060 00000298H .rsrc$02                DATA

  Address         Publics by Value              Rva+Base       Lib:Object

 0000:00000000       ___safe_se_handler_table   00000000     <absolute>
 0000:00000000       ___safe_se_handler_count   00000000     <absolute>
 0001:00000000       __chkstk                   10001000 f   chkstk.obj
 0001:00000000       __alloca_probe             10001000     chkstk.obj
 0001:000001c8       _GetMinFarVersionW@0       100011c8 f   ConEmuLn.obj
 0001:000001ce       ?GetPluginInfoWcmn@@YGXPAX@Z 100011ce f   ConEmuLn.obj
 0001:00000328       ?LoadFarVersion@@YIHXZ     10001328 f   ConEmuLn.obj
 0001:00000375       ?PaintConEmuBackground@@YGHPAUPaintBackgroundArg@@@Z 10001375 f   ConEmuLn.obj
 0001:000005a2       ?SettingsLoad@@YIXXZ       100015a2 f   ConEmuLn.obj
 0001:000005e4       ?SettingsLoadReg@@YIXPB_W@Z 100015e4 f   ConEmuLn.obj
 0001:000006a6       ?SettingsSave@@YIXXZ       100016a6 f   ConEmuLn.obj
 0001:000006de       ?SettingsSaveReg@@YIXPB_W@Z 100016de f   ConEmuLn.obj
 0001:00000760       ?StartPlugin@@YIXH@Z       10001760 f   ConEmuLn.obj
 0001:00000842       ?ExitPlugin@@YIXXZ         10001842 f   ConEmuLn.obj
 0001:00000883       _ExitFARW@0                10001883 f   ConEmuLn.obj
 0001:000008aa       ?ExitFARW3@@YGXPAX@Z       100018aa f   ConEmuLn.obj
 0001:000008d8       ?GetMsgW@@YIPB_WH@Z        100018d8 f   ConEmuLn.obj
 0001:00000911       _ConfigureW@4              10001911 f   ConEmuLn.obj
 0001:00000953       ?ConfigureW3@@YGHPAX@Z     10001953 f   ConEmuLn.obj
 0001:00000993       ?OpenPluginWcmn@@YIPAXHH@Z 10001993 f   ConEmuLn.obj
 0001:000009bf       ?OpenW@@YGPAXPBX@Z         100019bf f   ConEmuLn.obj
 0001:000009e4       _DllMain@12                100019e4 f   ConEmuLn.obj
 0001:00000a35       __DllMainCRTStartup@12     10001a35 f   ConEmuLn.obj
 0001:00000a4c       _SetStartupInfoW@4         10001a4c f   ConEmuLn.obj
 0001:00000aa2       ?OnConEmuLoaded@@YGXPAUConEmuLoadedArg@@@Z 10001aa2 f   ConEmuLn.obj
 0001:00000ace       ?GetPluginInfoW995@@YIXPAX@Z 10001ace f   ConEmuLn995.obj
 0001:00000b16       ?SetStartupInfoW995@@YIXPAX@Z 10001b16 f   ConEmuLn995.obj
 0001:00000c5b       _OpenPluginW@8             10001c5b f   ConEmuLn995.obj
 0001:00000c79       ?ExitFARW995@@YIXXZ        10001c79 f   ConEmuLn995.obj
 0001:00000cbf       ?GetMsgW995@@YIPB_WH@Z     10001cbf f   ConEmuLn995.obj
 0001:00001279       ?ConfigureW995@@YIHH@Z     10002279 f   ConEmuLn995.obj
 0001:0000128a       ?SettingsLoadW995@@YIXXZ   1000228a f   ConEmuLn995.obj
 0001:00001295       ?SettingsSaveW995@@YIXXZ   10002295 f   ConEmuLn995.obj
 0001:000012a0       ?GetPluginInfoW1900@@YIXPAX@Z 100022a0 f   ConEmuLn1900.obj
 0001:000012f0       ?SetStartupInfoW1900@@YIXPAX@Z 100022f0 f   ConEmuLn1900.obj
 0001:000013de       ?OpenW2800@@YGPAXPBX@Z     100023de f   ConEmuLn2800.obj
 0001:000013de       ?OpenW1900@@YGPAXPBX@Z     100023de f   ConEmuLn1900.obj
 0001:000013fd       ?ExitFARW1900@@YIXXZ       100023fd f   ConEmuLn1900.obj
 0001:0000142c       ?GetMsgW1900@@YIPB_WH@Z    1000242c f   ConEmuLn1900.obj
 0001:00001a51       ?ConfigureW1900@@YIHH@Z    10002a51 f   ConEmuLn1900.obj
 0001:00001a62       ?SettingsLoadW1900@@YIXXZ  10002a62 f   ConEmuLn1900.obj
 0001:00001b53       ?SettingsSaveW1900@@YIXXZ  10002b53 f   ConEmuLn1900.obj
 0001:00001c1c       _GetGlobalInfoW@4          10002c1c f   ConEmuLn2800.obj
 0001:00001caf       ?GetPluginInfoW2800@@YIXPAX@Z 10002caf f   ConEmuLn2800.obj
 0001:00001cff       ?SetStartupInfoW2800@@YIXPAX@Z 10002cff f   ConEmuLn2800.obj
 0001:00001ded       ?ExitFARW2800@@YIXXZ       10002ded f   ConEmuLn2800.obj
 0001:00001e1c       ?GetMsgW2800@@YIPB_WH@Z    10002e1c f   ConEmuLn2800.obj
 0001:00002466       ?ConfigureW2800@@YIHH@Z    10003466 f   ConEmuLn2800.obj
 0001:00002477       ?SettingsLoadW2800@@YIXXZ  10003477 f   ConEmuLn2800.obj
 0001:00002557       ?SettingsSaveW2800@@YIXXZ  10003557 f   ConEmuLn2800.obj
 0001:00002616       _GetMinFarVersion@0        10003616 f   ConEmuLnA.obj
 0001:00002645       _SetStartupInfo@4          10003645 f   ConEmuLnA.obj
 0001:000027b7       _GetPluginInfo@4           100037b7 f   ConEmuLnA.obj
 0001:00002817       _ExitFAR@0                 10003817 f   ConEmuLnA.obj
 0001:00002ebc       _Configure@4               10003ebc f   ConEmuLnA.obj
 0001:00002ed1       _OpenPlugin@8              10003ed1 f   ConEmuLnA.obj
 0001:00002ee7       ?SettingsLoadA@@YIXXZ      10003ee7 f   ConEmuLnA.obj
 0001:00002ef2       ?SettingsSaveA@@YIXXZ      10003ef2 f   ConEmuLnA.obj
 0001:00002efd       ?HeapInitialize@@YI_NXZ    10003efd f   Memory.obj
 0001:00002f23       ?HeapDeinitialize@@YIXXZ   10003f23 f   Memory.obj
 0001:00002f3b       ?xf_calloc@@YAPAXII@Z      10003f3b f   Memory.obj
 0001:00002f54       ?xf_free@@YAXPAX@Z         10003f54 f   Memory.obj
 0001:00002f80       _memmove                   10003f80 f   libCRT:memmove.obj
 0001:00003180       _wcstoul                   10004180 f   libCRT:strtol.obj
 0001:000031a0       _memset                    100041a0 f   libCRT:memset.obj
 0001:00003360       _strtoul                   10004360 f   libCRT:strtol.obj
 0001:0000337a       _VerQueryValueW@16         1000437a f   version:VERSION.dll
 0001:00003380       _GetFileVersionInfoW@16    10004380 f   version:VERSION.dll
 0001:00003386       _GetFileVersionInfoSizeW@8 10004386 f   version:VERSION.dll
 0002:00000000       __imp__RegQueryValueExW@24 10005000     advapi32:ADVAPI32.dll
 0002:00000004       __imp__RegOpenKeyExW@20    10005004     advapi32:ADVAPI32.dll
 0002:00000008       __imp__RegSetValueExW@24   10005008     advapi32:ADVAPI32.dll
 0002:0000000c       __imp__RegCreateKeyExW@36  1000500c     advapi32:ADVAPI32.dll
 0002:00000010       __imp__RegCloseKey@4       10005010     advapi32:ADVAPI32.dll
 0002:00000014       \177ADVAPI32_NULL_THUNK_DATA 10005014     advapi32:ADVAPI32.dll
 0002:00000018       __imp__DeleteObject@4      10005018     gdi32:GDI32.dll
 0002:0000001c       __imp__CreatePen@12        1000501c     gdi32:GDI32.dll
 0002:00000020       __imp__SelectObject@8      10005020     gdi32:GDI32.dll
 0002:00000024       __imp__MoveToEx@16         10005024     gdi32:GDI32.dll
 0002:00000028       __imp__LineTo@12           10005028     gdi32:GDI32.dll
 0002:0000002c       __imp__CreateSolidBrush@4  1000502c     gdi32:GDI32.dll
 0002:00000030       \177GDI32_NULL_THUNK_DATA  10005030     gdi32:GDI32.dll
 0002:00000034       __imp__HeapAlloc@12        10005034     kernel32:KERNEL32.dll
 0002:00000038       __imp__VirtualProtect@16   10005038     kernel32:KERNEL32.dll
 0002:0000003c       __imp__HeapDestroy@4       1000503c     kernel32:KERNEL32.dll
 0002:00000040       __imp__GetModuleFileNameW@12 10005040     kernel32:KERNEL32.dll
 0002:00000044       __imp__lstrcpyW@8          10005044     kernel32:KERNEL32.dll
 0002:00000048       __imp__GetLastError@0      10005048     kernel32:KERNEL32.dll
 0002:0000004c       __imp__lstrcatW@8          1000504c     kernel32:KERNEL32.dll
 0002:00000050       __imp__HeapCreate@12       10005050     kernel32:KERNEL32.dll
 0002:00000054       __imp__lstrcpyA@8          10005054     kernel32:KERNEL32.dll
 0002:00000058       __imp__lstrcpynA@12        10005058     kernel32:KERNEL32.dll
 0002:0000005c       __imp__lstrlenA@4          1000505c     kernel32:KERNEL32.dll
 0002:00000060       __imp__MultiByteToWideChar@24 10005060     kernel32:KERNEL32.dll
 0002:00000064       __imp__lstrcpynW@12        10005064     kernel32:KERNEL32.dll
 0002:00000068       __imp__HeapFree@12         10005068     kernel32:KERNEL32.dll
 0002:0000006c       __imp__lstrlenW@4          1000506c     kernel32:KERNEL32.dll
 0002:00000070       \177KERNEL32_NULL_THUNK_DATA 10005070     kernel32:KERNEL32.dll
 0002:00000074       __imp__FillRect@12         10005074     user32:USER32.dll
 0002:00000078       __imp__wsprintfW           10005078     user32:USER32.dll
 0002:0000007c       __imp__wsprintfA           1000507c     user32:USER32.dll
 0002:00000080       \177USER32_NULL_THUNK_DATA 10005080     user32:USER32.dll
 0002:00000084       __imp__GetFileVersionInfoW@16 10005084     version:VERSION.dll
 0002:00000088       __imp__GetFileVersionInfoSizeW@8 10005088     version:VERSION.dll
 0002:0000008c       __imp__VerQueryValueW@16   1000508c     version:VERSION.dll
 0002:00000090       \177VERSION_NULL_THUNK_DATA 10005090     version:VERSION.dll
 0002:00000098       ??_C@_0L@DJCGGOCO@ConfigureW?$AA@ 10005098     ConEmuLn.obj
 0002:000000a4       ??_C@_08BCACMCCB@ExitFARW?$AA@ 100050a4     ConEmuLn.obj
 0002:000000b0       ??_C@_1CA@GLKFLGCI@?$AAH?$AAi?$AAl?$AAi?$AAg?$AAh?$AAt?$AAP?$AAl?$AAu?$AAg?$AAB?$AAa?$AAc?$AAk?$AA?$AA@ 100050b0     ConEmuLn.obj
 0002:000000d0       ??_C@_1BO@FGCOGFB@?$AAH?$AAi?$AAl?$AAi?$AAg?$AAh?$AAt?$AAP?$AAl?$AAu?$AAg?$AAi?$AAn?$AAs?$AA?$AA@ 100050d0     ConEmuLn.obj
 0002:000000f0       ??_C@_1BI@PPOFOFEE@?$AAH?$AAi?$AAl?$AAi?$AAg?$AAh?$AAt?$AAT?$AAy?$AAp?$AAe?$AA?$AA@ 100050f0     ConEmuLn.obj
 0002:00000108       ??_C@_1BG@FMPDIDHG@?$AAL?$AAi?$AAn?$AAe?$AAs?$AAC?$AAo?$AAl?$AAo?$AAr?$AA?$AA@ 10005108     ConEmuLn.obj
 0002:00000120       ??_C@_1BM@GCLEPEKO@?$AAP?$AAl?$AAu?$AAg?$AAi?$AAn?$AAE?$AAn?$AAa?$AAb?$AAl?$AAe?$AAd?$AA?$AA@ 10005120     ConEmuLn.obj
 0002:0000013c       ??_C@_1CA@GGFPMHLH@?$AA?6?$AAE?$AAr?$AAr?$AAC?$AAo?$AAd?$AAe?$AA?$DN?$AA0?$AAx?$AA?$CF?$AA0?$AA8?$AAX?$AA?$AA@ 1000513c     ConEmuLn.obj
 0002:00000160       ??_C@_1FG@LNADFPCE@?$AAL?$AAo?$AAa?$AAd?$AAF?$AAa?$AAr?$AAV?$AAe?$AAr?$AAs?$AAi?$AAo?$AAn?$AA?4?$AAG?$AAe?$AAt?$AAM?$AAo?$AAd?$AAu?$AAl?$AAe?$AAF?$AAi?$AAl?$AAe?$AAN?$AAa?$AAm?$AAe@ 10005160     ConEmuLn.obj
 0002:000001b8       ??_C@_1GC@COKOAMPP@?$AAL?$AAo?$AAa?$AAd?$AAF?$AAa?$AAr?$AAV?$AAe?$AAr?$AAs?$AAi?$AAo?$AAn?$AA?4?$AAG?$AAe?$AAt?$AAF?$AAi?$AAl?$AAe?$AAV?$AAe?$AAr?$AAs?$AAi?$AAo?$AAn?$AAI?$AAn?$AAf@ 100051b8     ConEmuLn.obj
 0002:00000220       ??_C@_1GC@BJIMIHFH@?$AAL?$AAo?$AAa?$AAd?$AAF?$AAa?$AAr?$AAV?$AAe?$AAr?$AAs?$AAi?$AAo?$AAn?$AA?5?$AAf?$AAa?$AAi?$AAl?$AAe?$AAd?$AA?$CB?$AA?5?$AAC?$AAa?$AAn?$AA?8?$AAt?$AA?5?$AAa?$AAl?$AAl@ 10005220     ConEmuLn.obj
 0002:00000288       ??_C@_1FK@EOBKNMNM@?$AAL?$AAo?$AAa?$AAd?$AAF?$AAa?$AAr?$AAV?$AAe?$AAr?$AAs?$AAi?$AAo?$AAn?$AA?4?$AAG?$AAe?$AAt?$AAF?$AAi?$AAl?$AAe?$AAV?$AAe?$AAr?$AAs?$AAi?$AAo?$AAn?$AAI?$AAn?$AAf@ 10005288     ConEmuLn.obj
 0002:000002e8       ??_C@_1FG@LALGGOEO@?$AAL?$AAo?$AAa?$AAd?$AAF?$AAa?$AAr?$AAV?$AAe?$AAr?$AAs?$AAi?$AAo?$AAn?$AA?4?$AAV?$AAe?$AAr?$AAQ?$AAu?$AAe?$AAr?$AAy?$AAV?$AAa?$AAl?$AAu?$AAe?$AA?$CI?$AA?$CC?$AA?2?$AA?$CC@ 100052e8     ConEmuLn.obj
 0002:00000340       ??_C@_13FPGAJAPJ@?$AA?2?$AA?$AA@ 10005340     ConEmuLn.obj
 0002:00000344       ??_C@_11LOCGONAA@?$AA?$AA@ 10005344     ConEmuLn.obj
 0002:00000348       ??_C@_1BE@MMJMCNIO@?$AAC?$AAo?$AAn?$AAE?$AAm?$AAu?$AAL?$AAn?$AA?2?$AA?$AA@ 10005348     ConEmuLn995.obj
 0002:0000035c       ??_C@_19OMFGMPJN@?$AA?$CF?$AA0?$AA6?$AAX?$AA?$AA@ 1000535c     ConEmuLn995.obj
 0002:00000368       ??_C@_1BC@KLDFICIN@?$AA0?$AAx?$AAX?$AAX?$AAX?$AAX?$AAX?$AAX?$AA?$AA@ 10005368     ConEmuLn995.obj
 0002:0000037c       ??_C@_1DE@DJEAMLPH@?$AAC?$AAo?$AAn?$AAE?$AAm?$AAu?$AA?4?$AAM?$AAa?$AAx?$AAi?$AAm?$AAu?$AAs?$AA5?$AA?$EA?$AAg?$AAm?$AAa?$AAi?$AAl?$AA?4?$AAc?$AAo?$AAm?$AA?$AA@ 1000537c     ConEmuLn2800.obj
 0002:000003b0       ??_C@_1GC@KMIACAL@?$AAP?$AAa?$AAi?$AAn?$AAt?$AA?5?$AAu?$AAn?$AAd?$AAe?$AAr?$AAl?$AAi?$AAn?$AAe?$AAd?$AA?5?$AAb?$AAa?$AAc?$AAk?$AAg?$AAr?$AAo?$AAu?$AAn?$AAd?$AA?5?$AAi?$AAn?$AA?5?$AAt@ 100053b0     ConEmuLn2800.obj
 0002:00000414       ??_C@_1CE@PCHJHFGJ@?$AAC?$AAo?$AAn?$AAE?$AAm?$AAu?$AA?5?$AAU?$AAn?$AAd?$AAe?$AAr?$AAl?$AAi?$AAn?$AAe?$AAs?$AA?$AA@ 10005414     ConEmuLn2800.obj
 0002:00000438       ??_C@_04JCFDBOEJ@?$CF06X?$AA@ 10005438     ConEmuLnA.obj
 0002:00000440       ??_C@_08KOICIHPP@0xXXXXXX?$AA@ 10005440     ConEmuLnA.obj
 0002:0000044c       __IMPORT_DESCRIPTOR_KERNEL32 1000544c     kernel32:KERNEL32.dll
 0002:00000460       __IMPORT_DESCRIPTOR_USER32 10005460     user32:USER32.dll
 0002:00000474       __IMPORT_DESCRIPTOR_GDI32  10005474     gdi32:GDI32.dll
 0002:00000488       __IMPORT_DESCRIPTOR_ADVAPI32 10005488     advapi32:ADVAPI32.dll
 0002:0000049c       __IMPORT_DESCRIPTOR_VERSION 1000549c     version:VERSION.dll
 0002:000004b0       __NULL_IMPORT_DESCRIPTOR   100054b0     kernel32:KERNEL32.dll
 0003:00000000       ?gcrLinesColor@@3KA        10006000     ConEmuLn.obj
 0003:00000004       ?gcrHilightPlugBack@@3KA   10006004     ConEmuLn.obj
 0003:00000008       ?gSettings@@3PAUConEmuLnSettings@@A 10006008     ConEmuLn.obj
 0003:00000068       ?Far3Func@@3PAUExportFunc@@A 10006068     ConEmuLn.obj
 0003:0000008c       ?guid_ConEmuLn@@3U_GUID@@A 1000608c     ConEmuLn2800.obj
 0003:0000009c       ?guid_ConEmuLnCfgDlg@@3U_GUID@@A 1000609c     ConEmuLn2800.obj
 0003:000000ac       ?guid_ConEmuLnPluginMenu@@3U_GUID@@A 100060ac     ConEmuLn2800.obj
 0003:000000bc       ?guid_ConEmuLnPluginConfig@@3U_GUID@@A 100060bc     ConEmuLn2800.obj
 0003:000000d0       ?ghPluginModule@@3PAUHINSTANCE__@@A 100060d0     ConEmuLn.obj
 0003:000000d4       ?gFarVersion@@3UFarVersion@@A 100060d4     ConEmuLn.obj
 0003:000000e0       ?gbInStartPlugin@@3_NA     100060e0     ConEmuLn.obj
 0003:000000e1       ?gbSetStartupInfoOk@@3_NA  100060e1     ConEmuLn.obj
 0003:000000e4       ?gbBackgroundEnabled@@3HA  100060e4     ConEmuLn.obj
 0003:000000e8       ?giHilightType@@3HA        100060e8     ConEmuLn.obj
 0003:000000ec       ?gbHilightPlugins@@3HA     100060ec     ConEmuLn.obj
 0003:000000f0       ?gbInfoW_OK@@3HA           100060f0     ConEmuLn.obj
 0003:000000f8       ?InfoW995@@3PAUPluginStartupInfo@@A 100060f8     ConEmuLn995.obj
 0003:000000fc       ?FSFW995@@3PAUFarStandardFunctions@@A 100060fc     ConEmuLn995.obj
 0003:00000308       ?InfoW1900@@3PAUPluginStartupInfo@@A 10006308     ConEmuLn1900.obj
 0003:0000030c       ?FSFW1900@@3PAUFarStandardFunctions@@A 1000630c     ConEmuLn1900.obj
 0003:00000518       ?InfoW2800@@3PAUPluginStartupInfo@@A 10006518     ConEmuLn2800.obj
 0003:0000051c       ?FSFW2800@@3PAUFarStandardFunctions@@A 1000651c     ConEmuLn2800.obj
 0003:00000728       ?InfoA@@3PAUPluginStartupInfo@@A 10006728     ConEmuLnA.obj
 0003:0000072c       ?FSFA@@3PAUFarStandardFunctions@@A 1000672c     ConEmuLnA.obj
 0003:00000838       ?ghHeap@@3PAXA             10006838     Memory.obj

 entry point at        0001:00000a35

 Static symbols

 0001:0000002b       ?LoadFarVersion@@YI_NAAUFarVersion@@AAY0CAA@_W@Z 1000102b f   ConEmuLn.obj
 0001:000001fb       ?ChangeExports@@YI_NPBUExportFunc@@PAUHINSTANCE__@@@Z 100011fb f   ConEmuLn.obj
 0001:00000cdc       ?ConfigDlgProc@@YGJPAXHHJ@Z 10001cdc f   ConEmuLn995.obj
 0001:00000d8d       ?ConfigureProc@@YIHH@Z     10001d8d f   ConEmuLn995.obj
 0001:0000144b       ?ConfigDlgProc@@YGHPAXHH0@Z 1000244b f   ConEmuLn1900.obj
 0001:000014fc       ?ConfigureProc@@YIHH@Z     100024fc f   ConEmuLn1900.obj
 0001:00001e3b       ?ConfigDlgProc@@YGHPAXHH0@Z 10002e3b f   ConEmuLn2800.obj
 0001:00001eec       ?ConfigureProc@@YIHH@Z     10002eec f   ConEmuLn2800.obj
 0001:00002862       ?GetMsg@@YIPADH@Z          10003862 f   ConEmuLnA.obj
 0001:0000287a       ?ConfigDlgProc@@YGJPAXHHJ@Z 1000387a f   ConEmuLnA.obj
 0001:0000292f       ?ConfigureProc@@YIHH@Z     1000392f f   ConEmuLnA.obj
 0001:00002fe0       ?strtoxl@@YAKPB_WPAPA_WHH@Z 10003fe0 f   libCRT:strtol.obj
 0001:000031e0       ?strtoxl@@YAKPBDPAPADHH@Z  100041e0 f   libCRT:strtol.obj
